<?xml version="1.0" encoding="ISO-8859-1" ?>
<link_info>
   <banner>TI ARM Linker PC v20.2.7.LTS</banner>
   <copyright>Copyright (c) 1996-2018 Texas Instruments Incorporated</copyright>
   <link_time>0x67d324de</link_time>
   <link_errors>0x0</link_errors>
   <output_file>Lab 7.out</output_file>
   <entry_point>
      <name>_c_int00_noargs</name>
      <address>0x2e25</address>
   </entry_point>
   <input_file_list>
      <input_file id="fl-2">
         <path>.\</path>
         <kind>object</kind>
         <file>Timer.obj</file>
         <name>Timer.obj</name>
      </input_file>
      <input_file id="fl-3">
         <path>.\</path>
         <kind>object</kind>
         <file>button.obj</file>
         <name>button.obj</name>
      </input_file>
      <input_file id="fl-4">
         <path>.\</path>
         <kind>object</kind>
         <file>lab6-interrupt_template.obj</file>
         <name>lab6-interrupt_template.obj</name>
      </input_file>
      <input_file id="fl-5">
         <path>.\</path>
         <kind>object</kind>
         <file>lab6_template.obj</file>
         <name>lab6_template.obj</name>
      </input_file>
      <input_file id="fl-6">
         <path>.\</path>
         <kind>object</kind>
         <file>lab7.obj</file>
         <name>lab7.obj</name>
      </input_file>
      <input_file id="fl-7">
         <path>.\</path>
         <kind>object</kind>
         <file>lcd.obj</file>
         <name>lcd.obj</name>
      </input_file>
      <input_file id="fl-8">
         <path>.\</path>
         <kind>object</kind>
         <file>movement.obj</file>
         <name>movement.obj</name>
      </input_file>
      <input_file id="fl-9">
         <path>.\</path>
         <kind>object</kind>
         <file>open_interface.obj</file>
         <name>open_interface.obj</name>
      </input_file>
      <input_file id="fl-a">
         <path>.\</path>
         <kind>object</kind>
         <file>scan_functions.obj</file>
         <name>scan_functions.obj</name>
      </input_file>
      <input_file id="fl-b">
         <path>.\</path>
         <kind>object</kind>
         <file>tm4c123gh6pm_startup_ccs.obj</file>
         <name>tm4c123gh6pm_startup_ccs.obj</name>
      </input_file>
      <input_file id="fl-c">
         <path>.\</path>
         <kind>object</kind>
         <file>uart-interrupt.obj</file>
         <name>uart-interrupt.obj</name>
      </input_file>
      <input_file id="fl-d">
         <path>.\</path>
         <kind>object</kind>
         <file>uart.obj</file>
         <name>uart.obj</name>
      </input_file>
      <input_file id="fl-14">
         <kind>object</kind>
         <file>&lt;internal&gt;</file>
         <name>&lt;internal&gt;</name>
      </input_file>
      <input_file id="fl-15">
         <path>..\</path>
         <kind>archive</kind>
         <file>libcybotScan.lib</file>
         <name>cyBot_Scan.obj</name>
      </input_file>
      <input_file id="fl-16">
         <path>..\</path>
         <kind>archive</kind>
         <file>libcybotScan.lib</file>
         <name>ir.obj</name>
      </input_file>
      <input_file id="fl-17">
         <path>..\</path>
         <kind>archive</kind>
         <file>libcybotScan.lib</file>
         <name>ping.obj</name>
      </input_file>
      <input_file id="fl-18">
         <path>..\</path>
         <kind>archive</kind>
         <file>libcybotScan.lib</file>
         <name>servo.obj</name>
      </input_file>
      <input_file id="fl-19">
         <path>..\</path>
         <kind>archive</kind>
         <file>libcybotUART.lib</file>
         <name>uart.obj</name>
      </input_file>
      <input_file id="fl-cf">
         <path>C:\ti\ccs1271\ccs\tools\compiler\ti-cgt-arm_20.2.7.LTS\lib\</path>
         <kind>archive</kind>
         <file>rtsv7M4_T_le_v4SPD16_eabi.lib</file>
         <name>sprintf.c.obj</name>
      </input_file>
      <input_file id="fl-d0">
         <path>C:\ti\ccs1271\ccs\tools\compiler\ti-cgt-arm_20.2.7.LTS\lib\</path>
         <kind>archive</kind>
         <file>rtsv7M4_T_le_v4SPD16_eabi.lib</file>
         <name>vsnprintf.c.obj</name>
      </input_file>
      <input_file id="fl-d1">
         <path>C:\ti\ccs1271\ccs\tools\compiler\ti-cgt-arm_20.2.7.LTS\lib\</path>
         <kind>archive</kind>
         <file>rtsv7M4_T_le_v4SPD16_eabi.lib</file>
         <name>fd_add_t2.asm.obj</name>
      </input_file>
      <input_file id="fl-d2">
         <path>C:\ti\ccs1271\ccs\tools\compiler\ti-cgt-arm_20.2.7.LTS\lib\</path>
         <kind>archive</kind>
         <file>rtsv7M4_T_le_v4SPD16_eabi.lib</file>
         <name>fd_cmp_t2.asm.obj</name>
      </input_file>
      <input_file id="fl-d3">
         <path>C:\ti\ccs1271\ccs\tools\compiler\ti-cgt-arm_20.2.7.LTS\lib\</path>
         <kind>archive</kind>
         <file>rtsv7M4_T_le_v4SPD16_eabi.lib</file>
         <name>fd_div_t2.asm.obj</name>
      </input_file>
      <input_file id="fl-d4">
         <path>C:\ti\ccs1271\ccs\tools\compiler\ti-cgt-arm_20.2.7.LTS\lib\</path>
         <kind>archive</kind>
         <file>rtsv7M4_T_le_v4SPD16_eabi.lib</file>
         <name>fd_mul_t2.asm.obj</name>
      </input_file>
      <input_file id="fl-d5">
         <path>C:\ti\ccs1271\ccs\tools\compiler\ti-cgt-arm_20.2.7.LTS\lib\</path>
         <kind>archive</kind>
         <file>rtsv7M4_T_le_v4SPD16_eabi.lib</file>
         <name>fd_tos_t2.asm.obj</name>
      </input_file>
      <input_file id="fl-d6">
         <path>C:\ti\ccs1271\ccs\tools\compiler\ti-cgt-arm_20.2.7.LTS\lib\</path>
         <kind>archive</kind>
         <file>rtsv7M4_T_le_v4SPD16_eabi.lib</file>
         <name>fs_tod_t2.asm.obj</name>
      </input_file>
      <input_file id="fl-d7">
         <path>C:\ti\ccs1271\ccs\tools\compiler\ti-cgt-arm_20.2.7.LTS\lib\</path>
         <kind>archive</kind>
         <file>rtsv7M4_T_le_v4SPD16_eabi.lib</file>
         <name>i_tofd_t2.asm.obj</name>
      </input_file>
      <input_file id="fl-d8">
         <path>C:\ti\ccs1271\ccs\tools\compiler\ti-cgt-arm_20.2.7.LTS\lib\</path>
         <kind>archive</kind>
         <file>rtsv7M4_T_le_v4SPD16_eabi.lib</file>
         <name>memcpy_t2.asm.obj</name>
      </input_file>
      <input_file id="fl-d9">
         <path>C:\ti\ccs1271\ccs\tools\compiler\ti-cgt-arm_20.2.7.LTS\lib\</path>
         <kind>archive</kind>
         <file>rtsv7M4_T_le_v4SPD16_eabi.lib</file>
         <name>memset_t2.asm.obj</name>
      </input_file>
      <input_file id="fl-da">
         <path>C:\ti\ccs1271\ccs\tools\compiler\ti-cgt-arm_20.2.7.LTS\lib\</path>
         <kind>archive</kind>
         <file>rtsv7M4_T_le_v4SPD16_eabi.lib</file>
         <name>copy_zero_init.c.obj</name>
      </input_file>
      <input_file id="fl-db">
         <path>C:\ti\ccs1271\ccs\tools\compiler\ti-cgt-arm_20.2.7.LTS\lib\</path>
         <kind>archive</kind>
         <file>rtsv7M4_T_le_v4SPD16_eabi.lib</file>
         <name>copy_decompress_none.c.obj</name>
      </input_file>
      <input_file id="fl-dc">
         <path>C:\ti\ccs1271\ccs\tools\compiler\ti-cgt-arm_20.2.7.LTS\lib\</path>
         <kind>archive</kind>
         <file>rtsv7M4_T_le_v4SPD16_eabi.lib</file>
         <name>copy_decompress_lzss.c.obj</name>
      </input_file>
      <input_file id="fl-dd">
         <path>C:\ti\ccs1271\ccs\tools\compiler\ti-cgt-arm_20.2.7.LTS\lib\</path>
         <kind>archive</kind>
         <file>rtsv7M4_T_le_v4SPD16_eabi.lib</file>
         <name>memory.c.obj</name>
      </input_file>
      <input_file id="fl-de">
         <path>C:\ti\ccs1271\ccs\tools\compiler\ti-cgt-arm_20.2.7.LTS\lib\</path>
         <kind>archive</kind>
         <file>rtsv7M4_T_le_v4SPD16_eabi.lib</file>
         <name>strcmp.c.obj</name>
      </input_file>
      <input_file id="fl-df">
         <path>C:\ti\ccs1271\ccs\tools\compiler\ti-cgt-arm_20.2.7.LTS\lib\</path>
         <kind>archive</kind>
         <file>rtsv7M4_T_le_v4SPD16_eabi.lib</file>
         <name>strcpy.c.obj</name>
      </input_file>
      <input_file id="fl-e0">
         <path>C:\ti\ccs1271\ccs\tools\compiler\ti-cgt-arm_20.2.7.LTS\lib\</path>
         <kind>archive</kind>
         <file>rtsv7M4_T_le_v4SPD16_eabi.lib</file>
         <name>boot_cortex_m.c.obj</name>
      </input_file>
      <input_file id="fl-e1">
         <path>C:\ti\ccs1271\ccs\tools\compiler\ti-cgt-arm_20.2.7.LTS\lib\</path>
         <kind>archive</kind>
         <file>rtsv7M4_T_le_v4SPD16_eabi.lib</file>
         <name>_printfi.c.obj</name>
      </input_file>
      <input_file id="fl-e2">
         <path>C:\ti\ccs1271\ccs\tools\compiler\ti-cgt-arm_20.2.7.LTS\lib\</path>
         <kind>archive</kind>
         <file>rtsv7M4_T_le_v4SPD16_eabi.lib</file>
         <name>fd_toi_t2.asm.obj</name>
      </input_file>
      <input_file id="fl-e3">
         <path>C:\ti\ccs1271\ccs\tools\compiler\ti-cgt-arm_20.2.7.LTS\lib\</path>
         <kind>archive</kind>
         <file>rtsv7M4_T_le_v4SPD16_eabi.lib</file>
         <name>ull_div_t2.asm.obj</name>
      </input_file>
      <input_file id="fl-e4">
         <path>C:\ti\ccs1271\ccs\tools\compiler\ti-cgt-arm_20.2.7.LTS\lib\</path>
         <kind>archive</kind>
         <file>rtsv7M4_T_le_v4SPD16_eabi.lib</file>
         <name>autoinit.c.obj</name>
      </input_file>
      <input_file id="fl-e5">
         <path>C:\ti\ccs1271\ccs\tools\compiler\ti-cgt-arm_20.2.7.LTS\lib\</path>
         <kind>archive</kind>
         <file>rtsv7M4_T_le_v4SPD16_eabi.lib</file>
         <name>pre_init.c.obj</name>
      </input_file>
      <input_file id="fl-e6">
         <path>C:\ti\ccs1271\ccs\tools\compiler\ti-cgt-arm_20.2.7.LTS\lib\</path>
         <kind>archive</kind>
         <file>rtsv7M4_T_le_v4SPD16_eabi.lib</file>
         <name>cpy_tbl.c.obj</name>
      </input_file>
      <input_file id="fl-e7">
         <path>C:\ti\ccs1271\ccs\tools\compiler\ti-cgt-arm_20.2.7.LTS\lib\</path>
         <kind>archive</kind>
         <file>rtsv7M4_T_le_v4SPD16_eabi.lib</file>
         <name>exit.c.obj</name>
      </input_file>
      <input_file id="fl-e8">
         <path>C:\ti\ccs1271\ccs\tools\compiler\ti-cgt-arm_20.2.7.LTS\lib\</path>
         <kind>archive</kind>
         <file>rtsv7M4_T_le_v4SPD16_eabi.lib</file>
         <name>_lock.c.obj</name>
      </input_file>
      <input_file id="fl-e9">
         <path>C:\ti\ccs1271\ccs\tools\compiler\ti-cgt-arm_20.2.7.LTS\lib\</path>
         <kind>archive</kind>
         <file>rtsv7M4_T_le_v4SPD16_eabi.lib</file>
         <name>_ltoa.c.obj</name>
      </input_file>
      <input_file id="fl-ea">
         <path>C:\ti\ccs1271\ccs\tools\compiler\ti-cgt-arm_20.2.7.LTS\lib\</path>
         <kind>archive</kind>
         <file>rtsv7M4_T_le_v4SPD16_eabi.lib</file>
         <name>args_main.c.obj</name>
      </input_file>
      <input_file id="fl-eb">
         <path>C:\ti\ccs1271\ccs\tools\compiler\ti-cgt-arm_20.2.7.LTS\lib\</path>
         <kind>archive</kind>
         <file>rtsv7M4_T_le_v4SPD16_eabi.lib</file>
         <name>atoi.c.obj</name>
      </input_file>
      <input_file id="fl-ec">
         <path>C:\ti\ccs1271\ccs\tools\compiler\ti-cgt-arm_20.2.7.LTS\lib\</path>
         <kind>archive</kind>
         <file>rtsv7M4_T_le_v4SPD16_eabi.lib</file>
         <name>ctype.c.obj</name>
      </input_file>
      <input_file id="fl-ed">
         <path>C:\ti\ccs1271\ccs\tools\compiler\ti-cgt-arm_20.2.7.LTS\lib\</path>
         <kind>archive</kind>
         <file>rtsv7M4_T_le_v4SPD16_eabi.lib</file>
         <name>memccpy.c.obj</name>
      </input_file>
      <input_file id="fl-ee">
         <path>C:\ti\ccs1271\ccs\tools\compiler\ti-cgt-arm_20.2.7.LTS\lib\</path>
         <kind>archive</kind>
         <file>rtsv7M4_T_le_v4SPD16_eabi.lib</file>
         <name>strchr.c.obj</name>
      </input_file>
      <input_file id="fl-ef">
         <path>C:\ti\ccs1271\ccs\tools\compiler\ti-cgt-arm_20.2.7.LTS\lib\</path>
         <kind>archive</kind>
         <file>rtsv7M4_T_le_v4SPD16_eabi.lib</file>
         <name>strlen.c.obj</name>
      </input_file>
      <input_file id="fl-f0">
         <path>C:\ti\ccs1271\ccs\tools\compiler\ti-cgt-arm_20.2.7.LTS\lib\</path>
         <kind>archive</kind>
         <file>rtsv7M4_T_le_v4SPD16_eabi.lib</file>
         <name>errno.c.obj</name>
      </input_file>
      <input_file id="fl-f1">
         <path>C:\ti\ccs1271\ccs\tools\compiler\ti-cgt-arm_20.2.7.LTS\lib\</path>
         <kind>archive</kind>
         <file>rtsv7M4_T_le_v4SPD16_eabi.lib</file>
         <name>wcslen.c.obj</name>
      </input_file>
      <input_file id="fl-f2">
         <path>C:\ti\ccs1271\ccs\tools\compiler\ti-cgt-arm_20.2.7.LTS\lib\</path>
         <kind>archive</kind>
         <file>rtsv7M4_T_le_v4SPD16_eabi.lib</file>
         <name>s_frexp.c.obj</name>
      </input_file>
      <input_file id="fl-f3">
         <path>C:\ti\ccs1271\ccs\tools\compiler\ti-cgt-arm_20.2.7.LTS\lib\</path>
         <kind>archive</kind>
         <file>rtsv7M4_T_le_v4SPD16_eabi.lib</file>
         <name>s_scalbn.c.obj</name>
      </input_file>
      <input_file id="fl-f4">
         <path>C:\ti\ccs1271\ccs\tools\compiler\ti-cgt-arm_20.2.7.LTS\lib\</path>
         <kind>archive</kind>
         <file>rtsv7M4_T_le_v4SPD16_eabi.lib</file>
         <name>div0.asm.obj</name>
      </input_file>
      <input_file id="fl-f5">
         <path>C:\ti\ccs1271\ccs\tools\compiler\ti-cgt-arm_20.2.7.LTS\lib\</path>
         <kind>archive</kind>
         <file>rtsv7M4_T_le_v4SPD16_eabi.lib</file>
         <name>s_copysign.c.obj</name>
      </input_file>
      <input_file id="fl-f6">
         <path>C:\ti\TivaWare_C_Series-2.2.0.295\driverlib\ccs\Debug\</path>
         <kind>archive</kind>
         <file>driverlib.lib</file>
         <name>interrupt.obj</name>
      </input_file>
      <input_file id="fl-f7">
         <path>C:\ti\TivaWare_C_Series-2.2.0.295\driverlib\ccs\Debug\</path>
         <kind>archive</kind>
         <file>driverlib.lib</file>
         <name>cpu.obj</name>
      </input_file>
   </input_file_list>
   <object_component_list>
      <object_component id="oc-12">
         <name>.intvecs</name>
         <load_address>0x0</load_address>
         <run_address>0x0</run_address>
         <size>0x26c</size>
         <input_file_ref idref="fl-b"/>
      </object_component>
      <object_component id="oc-1de">
         <name>.text:__TI_printfi</name>
         <load_address>0x26c</load_address>
         <run_address>0x26c</run_address>
         <size>0xa4e</size>
         <input_file_ref idref="fl-e1"/>
      </object_component>
      <object_component id="oc-332">
         <name>.text</name>
         <load_address>0xcba</load_address>
         <run_address>0xcba</run_address>
         <size>0x2</size>
         <input_file_ref idref="fl-f4"/>
      </object_component>
      <object_component id="oc-dd">
         <name>.text</name>
         <load_address>0xcbc</load_address>
         <run_address>0xcbc</run_address>
         <size>0x328</size>
         <input_file_ref idref="fl-7"/>
      </object_component>
      <object_component id="oc-271">
         <name>.text:_pconv_a</name>
         <load_address>0xfe4</load_address>
         <run_address>0xfe4</run_address>
         <size>0x270</size>
         <input_file_ref idref="fl-e1"/>
      </object_component>
      <object_component id="oc-e9">
         <name>.text</name>
         <load_address>0x1254</load_address>
         <run_address>0x1254</run_address>
         <size>0x260</size>
         <input_file_ref idref="fl-15"/>
      </object_component>
      <object_component id="oc-d7">
         <name>.text</name>
         <load_address>0x14b4</load_address>
         <run_address>0x14b4</run_address>
         <size>0x248</size>
         <input_file_ref idref="fl-2"/>
      </object_component>
      <object_component id="oc-e3">
         <name>.text</name>
         <load_address>0x16fc</load_address>
         <run_address>0x16fc</run_address>
         <size>0x1f8</size>
         <input_file_ref idref="fl-c"/>
      </object_component>
      <object_component id="oc-17c">
         <name>.text</name>
         <load_address>0x18f4</load_address>
         <run_address>0x18f4</run_address>
         <size>0x1ec</size>
         <input_file_ref idref="fl-17"/>
      </object_component>
      <object_component id="oc-25f">
         <name>.text:_pconv_g</name>
         <load_address>0x1ae0</load_address>
         <run_address>0x1ae0</run_address>
         <size>0x1d0</size>
         <input_file_ref idref="fl-e1"/>
      </object_component>
      <object_component id="oc-2de">
         <name>.text</name>
         <load_address>0x1cb0</load_address>
         <run_address>0x1cb0</run_address>
         <size>0x1b6</size>
         <input_file_ref idref="fl-d1"/>
      </object_component>
      <object_component id="oc-176">
         <name>.text</name>
         <load_address>0x1e68</load_address>
         <run_address>0x1e68</run_address>
         <size>0x158</size>
         <input_file_ref idref="fl-18"/>
      </object_component>
      <object_component id="oc-26b">
         <name>.text:_pconv_e</name>
         <load_address>0x1fc0</load_address>
         <run_address>0x1fc0</run_address>
         <size>0x13c</size>
         <input_file_ref idref="fl-e1"/>
      </object_component>
      <object_component id="oc-2c4">
         <name>.text</name>
         <load_address>0x20fc</load_address>
         <run_address>0x20fc</run_address>
         <size>0x136</size>
         <input_file_ref idref="fl-d3"/>
      </object_component>
      <object_component id="oc-2f0">
         <name>.text:fcvt</name>
         <load_address>0x2234</load_address>
         <run_address>0x2234</run_address>
         <size>0x124</size>
         <input_file_ref idref="fl-e1"/>
      </object_component>
      <object_component id="oc-182">
         <name>.text</name>
         <load_address>0x2358</load_address>
         <run_address>0x2358</run_address>
         <size>0x118</size>
         <input_file_ref idref="fl-16"/>
      </object_component>
      <object_component id="oc-304">
         <name>.text:scalbn</name>
         <load_address>0x2470</load_address>
         <run_address>0x2470</run_address>
         <size>0x110</size>
         <input_file_ref idref="fl-f3"/>
      </object_component>
      <object_component id="oc-2bf">
         <name>.text</name>
         <load_address>0x2580</load_address>
         <run_address>0x2580</run_address>
         <size>0xfc</size>
         <input_file_ref idref="fl-d4"/>
      </object_component>
      <object_component id="oc-254">
         <name>.text:_ltostr</name>
         <load_address>0x267c</load_address>
         <run_address>0x267c</run_address>
         <size>0xb1</size>
         <input_file_ref idref="fl-e1"/>
      </object_component>
      <object_component id="oc-3e">
         <name>.text</name>
         <load_address>0x272e</load_address>
         <run_address>0x272e</run_address>
         <size>0x9c</size>
         <input_file_ref idref="fl-d8"/>
      </object_component>
      <object_component id="oc-2b8">
         <name>.text</name>
         <load_address>0x27ca</load_address>
         <run_address>0x27ca</run_address>
         <size>0x96</size>
         <input_file_ref idref="fl-e3"/>
      </object_component>
      <object_component id="oc-25a">
         <name>.text:__aeabi_cdcmple</name>
         <load_address>0x2860</load_address>
         <run_address>0x2860</run_address>
         <size>0x86</size>
         <input_file_ref idref="fl-d2"/>
      </object_component>
      <object_component id="oc-2c9">
         <name>.text:__aeabi_cdrcmple</name>
         <load_address>0x28e6</load_address>
         <run_address>0x28e6</run_address>
         <size>0x86</size>
         <input_file_ref idref="fl-d2"/>
      </object_component>
      <object_component id="oc-a2">
         <name>.text</name>
         <load_address>0x296c</load_address>
         <run_address>0x296c</run_address>
         <size>0x7c</size>
         <input_file_ref idref="fl-6"/>
      </object_component>
      <object_component id="oc-96">
         <name>.text</name>
         <load_address>0x29e8</load_address>
         <run_address>0x29e8</run_address>
         <size>0x7a</size>
         <input_file_ref idref="fl-d9"/>
      </object_component>
      <object_component id="oc-2e9">
         <name>.text:_mcpy</name>
         <load_address>0x2a62</load_address>
         <run_address>0x2a62</run_address>
         <size>0x6e</size>
         <input_file_ref idref="fl-e1"/>
      </object_component>
      <object_component id="oc-15">
         <name>.text:decompress:lzss:__TI_decompress_lzss</name>
         <load_address>0x2ad0</load_address>
         <run_address>0x2ad0</run_address>
         <size>0x68</size>
         <input_file_ref idref="fl-dc"/>
      </object_component>
      <object_component id="oc-2fe">
         <name>.text:frexp</name>
         <load_address>0x2b38</load_address>
         <run_address>0x2b38</run_address>
         <size>0x64</size>
         <input_file_ref idref="fl-f2"/>
      </object_component>
      <object_component id="oc-265">
         <name>.text:_pconv_f</name>
         <load_address>0x2b9c</load_address>
         <run_address>0x2b9c</run_address>
         <size>0x56</size>
         <input_file_ref idref="fl-e1"/>
      </object_component>
      <object_component id="oc-2d3">
         <name>.text:__TI_ltoa</name>
         <load_address>0x2bf2</load_address>
         <run_address>0x2bf2</run_address>
         <size>0x54</size>
         <input_file_ref idref="fl-e9"/>
      </object_component>
      <object_component id="oc-2e3">
         <name>.text:_ecpy</name>
         <load_address>0x2c46</load_address>
         <run_address>0x2c46</run_address>
         <size>0x52</size>
         <input_file_ref idref="fl-e1"/>
      </object_component>
      <object_component id="oc-24e">
         <name>.text:atoi</name>
         <load_address>0x2c98</load_address>
         <run_address>0x2c98</run_address>
         <size>0x4c</size>
         <input_file_ref idref="fl-eb"/>
      </object_component>
      <object_component id="oc-2ce">
         <name>.text</name>
         <load_address>0x2ce4</load_address>
         <run_address>0x2ce4</run_address>
         <size>0x48</size>
         <input_file_ref idref="fl-e2"/>
      </object_component>
      <object_component id="oc-107">
         <name>.text:__TI_auto_init_nobinit_nopinit:__TI_auto_init_nobinit_nopinit</name>
         <load_address>0x2d2c</load_address>
         <run_address>0x2d2c</run_address>
         <size>0x44</size>
         <input_file_ref idref="fl-e4"/>
      </object_component>
      <object_component id="oc-14d">
         <name>.text:vsnprintf</name>
         <load_address>0x2d70</load_address>
         <run_address>0x2d70</run_address>
         <size>0x40</size>
         <input_file_ref idref="fl-d0"/>
      </object_component>
      <object_component id="oc-2f6">
         <name>.text:_fcpy</name>
         <load_address>0x2db0</load_address>
         <run_address>0x2db0</run_address>
         <size>0x3e</size>
         <input_file_ref idref="fl-e1"/>
      </object_component>
      <object_component id="oc-13b">
         <name>.text:IntRegister</name>
         <load_address>0x2df0</load_address>
         <run_address>0x2df0</run_address>
         <size>0x34</size>
         <input_file_ref idref="fl-f6"/>
      </object_component>
      <object_component id="oc-5c">
         <name>.text:_c_int00_noargs:_c_int00_noargs</name>
         <load_address>0x2e24</load_address>
         <run_address>0x2e24</run_address>
         <size>0x34</size>
         <input_file_ref idref="fl-e0"/>
      </object_component>
      <object_component id="oc-1e4">
         <name>.text:_outs</name>
         <load_address>0x2e58</load_address>
         <run_address>0x2e58</run_address>
         <size>0x30</size>
         <input_file_ref idref="fl-d0"/>
      </object_component>
      <object_component id="oc-2d9">
         <name>.text</name>
         <load_address>0x2e88</load_address>
         <run_address>0x2e88</run_address>
         <size>0x2e</size>
         <input_file_ref idref="fl-d7"/>
      </object_component>
      <object_component id="oc-4a">
         <name>.text:decompress:ZI:__TI_zero_init_nomemset:__TI_zero_init_nomemset</name>
         <load_address>0x2eb6</load_address>
         <run_address>0x2eb6</run_address>
         <size>0x1c</size>
         <input_file_ref idref="fl-da"/>
      </object_component>
      <object_component id="oc-277">
         <name>.text:memccpy</name>
         <load_address>0x2ed2</load_address>
         <run_address>0x2ed2</run_address>
         <size>0x1c</size>
         <input_file_ref idref="fl-ed"/>
      </object_component>
      <object_component id="oc-34b">
         <name>.text:copysign</name>
         <load_address>0x2eee</load_address>
         <run_address>0x2eee</run_address>
         <size>0x1a</size>
         <input_file_ref idref="fl-f5"/>
      </object_component>
      <object_component id="oc-1ea">
         <name>.text:_outc</name>
         <load_address>0x2f08</load_address>
         <run_address>0x2f08</run_address>
         <size>0x18</size>
         <input_file_ref idref="fl-d0"/>
      </object_component>
      <object_component id="oc-153">
         <name>.text:strcmp</name>
         <load_address>0x2f20</load_address>
         <run_address>0x2f20</run_address>
         <size>0x18</size>
         <input_file_ref idref="fl-de"/>
      </object_component>
      <object_component id="oc-30a">
         <name>.text:strchr</name>
         <load_address>0x2f38</load_address>
         <run_address>0x2f38</run_address>
         <size>0x16</size>
         <input_file_ref idref="fl-ee"/>
      </object_component>
      <object_component id="oc-159">
         <name>.text:strcpy</name>
         <load_address>0x2f4e</load_address>
         <run_address>0x2f4e</run_address>
         <size>0x14</size>
         <input_file_ref idref="fl-df"/>
      </object_component>
      <object_component id="oc-248">
         <name>.text:strlen</name>
         <load_address>0x2f62</load_address>
         <run_address>0x2f62</run_address>
         <size>0x14</size>
         <input_file_ref idref="fl-ef"/>
      </object_component>
      <object_component id="oc-27d">
         <name>.text:wcslen</name>
         <load_address>0x2f76</load_address>
         <run_address>0x2f76</run_address>
         <size>0x12</size>
         <input_file_ref idref="fl-f1"/>
      </object_component>
      <object_component id="oc-169">
         <name>.text:IntMasterEnable</name>
         <load_address>0x2f88</load_address>
         <run_address>0x2f88</run_address>
         <size>0x10</size>
         <input_file_ref idref="fl-f6"/>
      </object_component>
      <object_component id="oc-146">
         <name>.text:lcd_clear</name>
         <load_address>0x2f98</load_address>
         <run_address>0x2f98</run_address>
         <size>0x10</size>
         <input_file_ref idref="fl-7"/>
      </object_component>
      <object_component id="oc-1b">
         <name>.text:decompress:none:__TI_decompress_none</name>
         <load_address>0x2fa8</load_address>
         <run_address>0x2fa8</run_address>
         <size>0xe</size>
         <input_file_ref idref="fl-db"/>
      </object_component>
      <object_component id="oc-202">
         <name>.text:CPUcpsie</name>
         <load_address>0x2fb6</load_address>
         <run_address>0x2fb6</run_address>
         <size>0xc</size>
         <input_file_ref idref="fl-f7"/>
      </object_component>
      <object_component id="oc-2a">
         <name>.text</name>
         <load_address>0x2fc2</load_address>
         <run_address>0x2fc2</run_address>
         <size>0xc</size>
         <input_file_ref idref="fl-b"/>
      </object_component>
      <object_component id="oc-283">
         <name>.text:__aeabi_errno_addr</name>
         <load_address>0x2fd0</load_address>
         <run_address>0x2fd0</run_address>
         <size>0x8</size>
         <input_file_ref idref="fl-f0"/>
      </object_component>
      <object_component id="oc-9c">
         <name>.text:_system_pre_init</name>
         <load_address>0x2fd8</load_address>
         <run_address>0x2fd8</run_address>
         <size>0x4</size>
         <input_file_ref idref="fl-e5"/>
      </object_component>
      <object_component id="oc-fb">
         <name>.text:abort:abort</name>
         <load_address>0x2fdc</load_address>
         <run_address>0x2fdc</run_address>
         <size>0x4</size>
         <input_file_ref idref="fl-e7"/>
      </object_component>
      <object_component id="oc-2b3">
         <name>.const:.string:_ctypes_</name>
         <load_address>0x2fe0</load_address>
         <run_address>0x2fe0</run_address>
         <size>0x101</size>
         <input_file_ref idref="fl-ec"/>
      </object_component>
      <object_component id="oc-15f">
         <name>.const:.string:lineAddress$1</name>
         <load_address>0x30e1</load_address>
         <run_address>0x30e1</run_address>
         <size>0x4</size>
         <input_file_ref idref="fl-7"/>
      </object_component>
      <object_component id="oc-160">
         <name>.const:.string:lineAddresses$2</name>
         <load_address>0x30e5</load_address>
         <run_address>0x30e5</run_address>
         <size>0x4</size>
         <input_file_ref idref="fl-7"/>
      </object_component>
      <object_component id="oc-3a1">
         <name>__TI_handler_table</name>
         <load_address>0x30f0</load_address>
         <run_address>0x30f0</run_address>
         <size>0xc</size>
      </object_component>
      <object_component id="oc-3a4">
         <name>.cinit..data.load</name>
         <load_address>0x30fc</load_address>
         <run_address>0x30fc</run_address>
         <size>0xb</size>
      </object_component>
      <object_component id="oc-3a5">
         <name>.cinit..bss.load</name>
         <load_address>0x3108</load_address>
         <run_address>0x3108</run_address>
         <size>0x8</size>
      </object_component>
      <object_component id="oc-3a3">
         <name>.cinit..vtable.load</name>
         <load_address>0x3110</load_address>
         <run_address>0x3110</run_address>
         <size>0x8</size>
      </object_component>
      <object_component id="oc-3a2">
         <name>__TI_cinit_table</name>
         <load_address>0x3118</load_address>
         <run_address>0x3118</run_address>
         <size>0x18</size>
      </object_component>
      <object_component id="oc-1d2">
         <name>.vtable</name>
         <uninitialized>true</uninitialized>
         <run_address>0x20000000</run_address>
         <size>0x26c</size>
         <input_file_ref idref="fl-f6"/>
      </object_component>
      <object_component id="oc-141">
         <name>.data</name>
         <load_address>0x200022f8</load_address>
         <run_address>0x200022f8</run_address>
         <size>0x1</size>
         <input_file_ref idref="fl-2"/>
      </object_component>
      <object_component id="oc-f7">
         <name>.data</name>
         <load_address>0x200022e4</load_address>
         <run_address>0x200022e4</run_address>
         <size>0xc</size>
         <input_file_ref idref="fl-c"/>
      </object_component>
      <object_component id="oc-188">
         <name>.data</name>
         <load_address>0x200022f0</load_address>
         <run_address>0x200022f0</run_address>
         <size>0x4</size>
         <input_file_ref idref="fl-15"/>
      </object_component>
      <object_component id="oc-31a">
         <name>.data</name>
         <load_address>0x200022f4</load_address>
         <run_address>0x200022f4</run_address>
         <size>0x4</size>
         <input_file_ref idref="fl-f0"/>
      </object_component>
      <object_component id="oc-161">
         <name>.bss:lastbuffer$3</name>
         <uninitialized>true</uninitialized>
         <run_address>0x20002270</run_address>
         <size>0x54</size>
         <input_file_ref idref="fl-7"/>
      </object_component>
      <object_component id="oc-144">
         <name>.common:_timeout_ticks</name>
         <uninitialized>true</uninitialized>
         <run_address>0x200022c4</run_address>
         <size>0x4</size>
      </object_component>
      <object_component id="oc-ef">
         <name>.common:right_calibration_value</name>
         <uninitialized>true</uninitialized>
         <run_address>0x200022d8</run_address>
         <size>0x4</size>
      </object_component>
      <object_component id="oc-f6">
         <name>.common:left_calibration_value</name>
         <uninitialized>true</uninitialized>
         <run_address>0x200022d0</run_address>
         <size>0x4</size>
      </object_component>
      <object_component id="oc-213">
         <name>.common:isr_int_value</name>
         <uninitialized>true</uninitialized>
         <run_address>0x200022cc</run_address>
         <size>0x4</size>
      </object_component>
      <object_component id="oc-20f">
         <name>.common:risingEdge</name>
         <uninitialized>true</uninitialized>
         <run_address>0x200022dc</run_address>
         <size>0x4</size>
      </object_component>
      <object_component id="oc-210">
         <name>.common:fallingEdge</name>
         <uninitialized>true</uninitialized>
         <run_address>0x200022c8</run_address>
         <size>0x4</size>
      </object_component>
      <object_component id="oc-211">
         <name>.common:pulseLength</name>
         <uninitialized>true</uninitialized>
         <run_address>0x200022d4</run_address>
         <size>0x4</size>
      </object_component>
      <object_component id="oc-20c">
         <name>.common:isRisingEdge</name>
         <uninitialized>true</uninitialized>
         <run_address>0x200022e0</run_address>
         <size>0x1</size>
      </object_component>
      <object_component id="oc-24">
         <name>.sysmem</name>
         <uninitialized>true</uninitialized>
         <run_address>0x20001270</run_address>
         <size>0x10</size>
         <input_file_ref idref="fl-dd"/>
      </object_component>
      <object_component id="oc-3a8">
         <name>.sysmem</name>
         <uninitialized>true</uninitialized>
         <run_address>0x20001270</run_address>
         <size>0x0</size>
      </object_component>
      <object_component id="oc-27">
         <name>.stack</name>
         <uninitialized>true</uninitialized>
         <run_address>0x20000270</run_address>
         <size>0x4</size>
         <input_file_ref idref="fl-e0"/>
      </object_component>
      <object_component id="oc-3a7">
         <name>.stack</name>
         <uninitialized>true</uninitialized>
         <run_address>0x20000270</run_address>
         <size>0x0</size>
      </object_component>
      <object_component id="oc-c5">
         <name>.debug_info</name>
         <load_address>0x0</load_address>
         <run_address>0x0</run_address>
         <size>0x2b2</size>
         <input_file_ref idref="fl-2"/>
      </object_component>
      <object_component id="oc-142">
         <name>.debug_info</name>
         <load_address>0x2b2</load_address>
         <run_address>0x2b2</run_address>
         <size>0xc0</size>
         <input_file_ref idref="fl-2"/>
      </object_component>
      <object_component id="oc-db">
         <name>.debug_info</name>
         <load_address>0x372</load_address>
         <run_address>0x372</run_address>
         <size>0x508</size>
         <input_file_ref idref="fl-2"/>
      </object_component>
      <object_component id="oc-77">
         <name>.debug_info</name>
         <load_address>0x87a</load_address>
         <run_address>0x87a</run_address>
         <size>0x26b</size>
         <input_file_ref idref="fl-2"/>
      </object_component>
      <object_component id="oc-39">
         <name>.debug_info</name>
         <load_address>0xae5</load_address>
         <run_address>0xae5</run_address>
         <size>0x84</size>
         <input_file_ref idref="fl-2"/>
      </object_component>
      <object_component id="oc-c0">
         <name>.debug_info</name>
         <load_address>0xb69</load_address>
         <run_address>0xb69</run_address>
         <size>0x2a4</size>
         <input_file_ref idref="fl-2"/>
      </object_component>
      <object_component id="oc-7c">
         <name>.debug_info</name>
         <load_address>0xe0d</load_address>
         <run_address>0xe0d</run_address>
         <size>0xbb</size>
         <input_file_ref idref="fl-2"/>
      </object_component>
      <object_component id="oc-f0">
         <name>.debug_info</name>
         <load_address>0xec8</load_address>
         <run_address>0xec8</run_address>
         <size>0x3a7</size>
         <input_file_ref idref="fl-6"/>
      </object_component>
      <object_component id="oc-a3">
         <name>.debug_info</name>
         <load_address>0x126f</load_address>
         <run_address>0x126f</run_address>
         <size>0x171</size>
         <input_file_ref idref="fl-6"/>
      </object_component>
      <object_component id="oc-19f">
         <name>.debug_info</name>
         <load_address>0x13e0</load_address>
         <run_address>0x13e0</run_address>
         <size>0x9d</size>
         <input_file_ref idref="fl-6"/>
      </object_component>
      <object_component id="oc-1a9">
         <name>.debug_info</name>
         <load_address>0x147d</load_address>
         <run_address>0x147d</run_address>
         <size>0xcc</size>
         <input_file_ref idref="fl-6"/>
      </object_component>
      <object_component id="oc-164">
         <name>.debug_info</name>
         <load_address>0x1549</load_address>
         <run_address>0x1549</run_address>
         <size>0x2c</size>
         <input_file_ref idref="fl-6"/>
      </object_component>
      <object_component id="oc-193">
         <name>.debug_info</name>
         <load_address>0x1575</load_address>
         <run_address>0x1575</run_address>
         <size>0x35</size>
         <input_file_ref idref="fl-6"/>
      </object_component>
      <object_component id="oc-163">
         <name>.debug_info</name>
         <load_address>0x15aa</load_address>
         <run_address>0x15aa</run_address>
         <size>0x380</size>
         <input_file_ref idref="fl-7"/>
      </object_component>
      <object_component id="oc-148">
         <name>.debug_info</name>
         <load_address>0x192a</load_address>
         <run_address>0x192a</run_address>
         <size>0x115</size>
         <input_file_ref idref="fl-7"/>
      </object_component>
      <object_component id="oc-df">
         <name>.debug_info</name>
         <load_address>0x1a3f</load_address>
         <run_address>0x1a3f</run_address>
         <size>0x8a1</size>
         <input_file_ref idref="fl-7"/>
      </object_component>
      <object_component id="oc-19a">
         <name>.debug_info</name>
         <load_address>0x22e0</load_address>
         <run_address>0x22e0</run_address>
         <size>0x5aa</size>
         <input_file_ref idref="fl-8"/>
      </object_component>
      <object_component id="oc-170">
         <name>.debug_info</name>
         <load_address>0x288a</load_address>
         <run_address>0x288a</run_address>
         <size>0x8b</size>
         <input_file_ref idref="fl-9"/>
      </object_component>
      <object_component id="oc-f2">
         <name>.debug_info</name>
         <load_address>0x2915</load_address>
         <run_address>0x2915</run_address>
         <size>0x5ba</size>
         <input_file_ref idref="fl-a"/>
      </object_component>
      <object_component id="oc-1a4">
         <name>.debug_info</name>
         <load_address>0x2ecf</load_address>
         <run_address>0x2ecf</run_address>
         <size>0x72</size>
         <input_file_ref idref="fl-a"/>
      </object_component>
      <object_component id="oc-32">
         <name>.debug_info</name>
         <load_address>0x2f41</load_address>
         <run_address>0x2f41</run_address>
         <size>0x29c</size>
         <input_file_ref idref="fl-b"/>
      </object_component>
      <object_component id="oc-13">
         <name>.debug_info</name>
         <load_address>0x31dd</load_address>
         <run_address>0x31dd</run_address>
         <size>0xdb</size>
         <input_file_ref idref="fl-b"/>
      </object_component>
      <object_component id="oc-2d">
         <name>.debug_info</name>
         <load_address>0x32b8</load_address>
         <run_address>0x32b8</run_address>
         <size>0x257</size>
         <input_file_ref idref="fl-b"/>
      </object_component>
      <object_component id="oc-175">
         <name>.debug_info</name>
         <load_address>0x350f</load_address>
         <run_address>0x350f</run_address>
         <size>0x2fa</size>
         <input_file_ref idref="fl-c"/>
      </object_component>
      <object_component id="oc-f8">
         <name>.debug_info</name>
         <load_address>0x3809</load_address>
         <run_address>0x3809</run_address>
         <size>0x144</size>
         <input_file_ref idref="fl-c"/>
      </object_component>
      <object_component id="oc-e4">
         <name>.debug_info</name>
         <load_address>0x394d</load_address>
         <run_address>0x394d</run_address>
         <size>0x3aa</size>
         <input_file_ref idref="fl-c"/>
      </object_component>
      <object_component id="oc-f4">
         <name>.debug_info</name>
         <load_address>0x3cf7</load_address>
         <run_address>0x3cf7</run_address>
         <size>0x485</size>
         <input_file_ref idref="fl-15"/>
      </object_component>
      <object_component id="oc-189">
         <name>.debug_info</name>
         <load_address>0x417c</load_address>
         <run_address>0x417c</run_address>
         <size>0x114</size>
         <input_file_ref idref="fl-15"/>
      </object_component>
      <object_component id="oc-ea">
         <name>.debug_info</name>
         <load_address>0x4290</load_address>
         <run_address>0x4290</run_address>
         <size>0x4ce</size>
         <input_file_ref idref="fl-15"/>
      </object_component>
      <object_component id="oc-18c">
         <name>.debug_info</name>
         <load_address>0x475e</load_address>
         <run_address>0x475e</run_address>
         <size>0x9d</size>
         <input_file_ref idref="fl-15"/>
      </object_component>
      <object_component id="oc-214">
         <name>.debug_info</name>
         <load_address>0x47fb</load_address>
         <run_address>0x47fb</run_address>
         <size>0x2b7</size>
         <input_file_ref idref="fl-16"/>
      </object_component>
      <object_component id="oc-183">
         <name>.debug_info</name>
         <load_address>0x4ab2</load_address>
         <run_address>0x4ab2</run_address>
         <size>0x266</size>
         <input_file_ref idref="fl-16"/>
      </object_component>
      <object_component id="oc-20d">
         <name>.debug_info</name>
         <load_address>0x4d18</load_address>
         <run_address>0x4d18</run_address>
         <size>0x3ba</size>
         <input_file_ref idref="fl-17"/>
      </object_component>
      <object_component id="oc-17e">
         <name>.debug_info</name>
         <load_address>0x50d2</load_address>
         <run_address>0x50d2</run_address>
         <size>0x270</size>
         <input_file_ref idref="fl-17"/>
      </object_component>
      <object_component id="oc-177">
         <name>.debug_info</name>
         <load_address>0x5342</load_address>
         <run_address>0x5342</run_address>
         <size>0x296</size>
         <input_file_ref idref="fl-18"/>
      </object_component>
      <object_component id="oc-1f2">
         <name>.debug_info</name>
         <load_address>0x55d8</load_address>
         <run_address>0x55d8</run_address>
         <size>0x2c</size>
         <input_file_ref idref="fl-cf"/>
      </object_component>
      <object_component id="oc-1f1">
         <name>.debug_info</name>
         <load_address>0x5604</load_address>
         <run_address>0x5604</run_address>
         <size>0x340</size>
         <input_file_ref idref="fl-d0"/>
      </object_component>
      <object_component id="oc-150">
         <name>.debug_info</name>
         <load_address>0x5944</load_address>
         <run_address>0x5944</run_address>
         <size>0x208</size>
         <input_file_ref idref="fl-d0"/>
      </object_component>
      <object_component id="oc-1e7">
         <name>.debug_info</name>
         <load_address>0x5b4c</load_address>
         <run_address>0x5b4c</run_address>
         <size>0x1c6</size>
         <input_file_ref idref="fl-d0"/>
      </object_component>
      <object_component id="oc-1eb">
         <name>.debug_info</name>
         <load_address>0x5d12</load_address>
         <run_address>0x5d12</run_address>
         <size>0x179</size>
         <input_file_ref idref="fl-d0"/>
      </object_component>
      <object_component id="oc-1f7">
         <name>.debug_info</name>
         <load_address>0x5e8b</load_address>
         <run_address>0x5e8b</run_address>
         <size>0x69</size>
         <input_file_ref idref="fl-d0"/>
      </object_component>
      <object_component id="oc-2e0">
         <name>.debug_info</name>
         <load_address>0x5ef4</load_address>
         <run_address>0x5ef4</run_address>
         <size>0x14c</size>
         <input_file_ref idref="fl-d1"/>
      </object_component>
      <object_component id="oc-25d">
         <name>.debug_info</name>
         <load_address>0x6040</load_address>
         <run_address>0x6040</run_address>
         <size>0x128</size>
         <input_file_ref idref="fl-d2"/>
      </object_component>
      <object_component id="oc-2ca">
         <name>.debug_info</name>
         <load_address>0x6168</load_address>
         <run_address>0x6168</run_address>
         <size>0x12a</size>
         <input_file_ref idref="fl-d2"/>
      </object_component>
      <object_component id="oc-2c5">
         <name>.debug_info</name>
         <load_address>0x6292</load_address>
         <run_address>0x6292</run_address>
         <size>0x13a</size>
         <input_file_ref idref="fl-d3"/>
      </object_component>
      <object_component id="oc-2c2">
         <name>.debug_info</name>
         <load_address>0x63cc</load_address>
         <run_address>0x63cc</run_address>
         <size>0x13a</size>
         <input_file_ref idref="fl-d4"/>
      </object_component>
      <object_component id="oc-2da">
         <name>.debug_info</name>
         <load_address>0x6506</load_address>
         <run_address>0x6506</run_address>
         <size>0x12c</size>
         <input_file_ref idref="fl-d7"/>
      </object_component>
      <object_component id="oc-3f">
         <name>.debug_info</name>
         <load_address>0x6632</load_address>
         <run_address>0x6632</run_address>
         <size>0x119</size>
         <input_file_ref idref="fl-d8"/>
      </object_component>
      <object_component id="oc-97">
         <name>.debug_info</name>
         <load_address>0x674b</load_address>
         <run_address>0x674b</run_address>
         <size>0x147</size>
         <input_file_ref idref="fl-d9"/>
      </object_component>
      <object_component id="oc-95">
         <name>.debug_info</name>
         <load_address>0x6892</load_address>
         <run_address>0x6892</run_address>
         <size>0x2d4</size>
         <input_file_ref idref="fl-da"/>
      </object_component>
      <object_component id="oc-4d">
         <name>.debug_info</name>
         <load_address>0x6b66</load_address>
         <run_address>0x6b66</run_address>
         <size>0x1d2</size>
         <input_file_ref idref="fl-da"/>
      </object_component>
      <object_component id="oc-90">
         <name>.debug_info</name>
         <load_address>0x6d38</load_address>
         <run_address>0x6d38</run_address>
         <size>0x46</size>
         <input_file_ref idref="fl-da"/>
      </object_component>
      <object_component id="oc-ce">
         <name>.debug_info</name>
         <load_address>0x6d7e</load_address>
         <run_address>0x6d7e</run_address>
         <size>0x2c</size>
         <input_file_ref idref="fl-da"/>
      </object_component>
      <object_component id="oc-49">
         <name>.debug_info</name>
         <load_address>0x6daa</load_address>
         <run_address>0x6daa</run_address>
         <size>0x2a8</size>
         <input_file_ref idref="fl-db"/>
      </object_component>
      <object_component id="oc-1f">
         <name>.debug_info</name>
         <load_address>0x7052</load_address>
         <run_address>0x7052</run_address>
         <size>0x1ea</size>
         <input_file_ref idref="fl-db"/>
      </object_component>
      <object_component id="oc-44">
         <name>.debug_info</name>
         <load_address>0x723c</load_address>
         <run_address>0x723c</run_address>
         <size>0x46</size>
         <input_file_ref idref="fl-db"/>
      </object_component>
      <object_component id="oc-88">
         <name>.debug_info</name>
         <load_address>0x7282</load_address>
         <run_address>0x7282</run_address>
         <size>0x2c</size>
         <input_file_ref idref="fl-db"/>
      </object_component>
      <object_component id="oc-86">
         <name>.debug_info</name>
         <load_address>0x72ae</load_address>
         <run_address>0x72ae</run_address>
         <size>0x29e</size>
         <input_file_ref idref="fl-dc"/>
      </object_component>
      <object_component id="oc-16">
         <name>.debug_info</name>
         <load_address>0x754c</load_address>
         <run_address>0x754c</run_address>
         <size>0x250</size>
         <input_file_ref idref="fl-dc"/>
      </object_component>
      <object_component id="oc-34">
         <name>.debug_info</name>
         <load_address>0x779c</load_address>
         <run_address>0x779c</run_address>
         <size>0x60</size>
         <input_file_ref idref="fl-dc"/>
      </object_component>
      <object_component id="oc-c7">
         <name>.debug_info</name>
         <load_address>0x77fc</load_address>
         <run_address>0x77fc</run_address>
         <size>0x46</size>
         <input_file_ref idref="fl-dc"/>
      </object_component>
      <object_component id="oc-81">
         <name>.debug_info</name>
         <load_address>0x7842</load_address>
         <run_address>0x7842</run_address>
         <size>0x39</size>
         <input_file_ref idref="fl-dc"/>
      </object_component>
      <object_component id="oc-70">
         <name>.debug_info</name>
         <load_address>0x787b</load_address>
         <run_address>0x787b</run_address>
         <size>0x3b2</size>
         <input_file_ref idref="fl-dd"/>
      </object_component>
      <object_component id="oc-25">
         <name>.debug_info</name>
         <load_address>0x7c2d</load_address>
         <run_address>0x7c2d</run_address>
         <size>0x10c</size>
         <input_file_ref idref="fl-dd"/>
      </object_component>
      <object_component id="oc-bb">
         <name>.debug_info</name>
         <load_address>0x7d39</load_address>
         <run_address>0x7d39</run_address>
         <size>0xb2</size>
         <input_file_ref idref="fl-dd"/>
      </object_component>
      <object_component id="oc-b6">
         <name>.debug_info</name>
         <load_address>0x7deb</load_address>
         <run_address>0x7deb</run_address>
         <size>0x2c</size>
         <input_file_ref idref="fl-dd"/>
      </object_component>
      <object_component id="oc-1fd">
         <name>.debug_info</name>
         <load_address>0x7e17</load_address>
         <run_address>0x7e17</run_address>
         <size>0x28a</size>
         <input_file_ref idref="fl-de"/>
      </object_component>
      <object_component id="oc-155">
         <name>.debug_info</name>
         <load_address>0x80a1</load_address>
         <run_address>0x80a1</run_address>
         <size>0x273</size>
         <input_file_ref idref="fl-de"/>
      </object_component>
      <object_component id="oc-1ff">
         <name>.debug_info</name>
         <load_address>0x8314</load_address>
         <run_address>0x8314</run_address>
         <size>0x2a4</size>
         <input_file_ref idref="fl-df"/>
      </object_component>
      <object_component id="oc-15d">
         <name>.debug_info</name>
         <load_address>0x85b8</load_address>
         <run_address>0x85b8</run_address>
         <size>0x24d</size>
         <input_file_ref idref="fl-df"/>
      </object_component>
      <object_component id="oc-28">
         <name>.debug_info</name>
         <load_address>0x8805</load_address>
         <run_address>0x8805</run_address>
         <size>0x10b</size>
         <input_file_ref idref="fl-e0"/>
      </object_component>
      <object_component id="oc-5d">
         <name>.debug_info</name>
         <load_address>0x8910</load_address>
         <run_address>0x8910</run_address>
         <size>0x1a9</size>
         <input_file_ref idref="fl-e0"/>
      </object_component>
      <object_component id="oc-28a">
         <name>.debug_info</name>
         <load_address>0x8ab9</load_address>
         <run_address>0x8ab9</run_address>
         <size>0x590</size>
         <input_file_ref idref="fl-e1"/>
      </object_component>
      <object_component id="oc-255">
         <name>.debug_info</name>
         <load_address>0x9049</load_address>
         <run_address>0x9049</run_address>
         <size>0x21e</size>
         <input_file_ref idref="fl-e1"/>
      </object_component>
      <object_component id="oc-2e4">
         <name>.debug_info</name>
         <load_address>0x9267</load_address>
         <run_address>0x9267</run_address>
         <size>0x1b3</size>
         <input_file_ref idref="fl-e1"/>
      </object_component>
      <object_component id="oc-2ea">
         <name>.debug_info</name>
         <load_address>0x941a</load_address>
         <run_address>0x941a</run_address>
         <size>0x21b</size>
         <input_file_ref idref="fl-e1"/>
      </object_component>
      <object_component id="oc-260">
         <name>.debug_info</name>
         <load_address>0x9635</load_address>
         <run_address>0x9635</run_address>
         <size>0x3c0</size>
         <input_file_ref idref="fl-e1"/>
      </object_component>
      <object_component id="oc-2f1">
         <name>.debug_info</name>
         <load_address>0x99f5</load_address>
         <run_address>0x99f5</run_address>
         <size>0x30a</size>
         <input_file_ref idref="fl-e1"/>
      </object_component>
      <object_component id="oc-2f7">
         <name>.debug_info</name>
         <load_address>0x9cff</load_address>
         <run_address>0x9cff</run_address>
         <size>0x215</size>
         <input_file_ref idref="fl-e1"/>
      </object_component>
      <object_component id="oc-266">
         <name>.debug_info</name>
         <load_address>0x9f14</load_address>
         <run_address>0x9f14</run_address>
         <size>0x215</size>
         <input_file_ref idref="fl-e1"/>
      </object_component>
      <object_component id="oc-26c">
         <name>.debug_info</name>
         <load_address>0xa129</load_address>
         <run_address>0xa129</run_address>
         <size>0x304</size>
         <input_file_ref idref="fl-e1"/>
      </object_component>
      <object_component id="oc-272">
         <name>.debug_info</name>
         <load_address>0xa42d</load_address>
         <run_address>0xa42d</run_address>
         <size>0x4b5</size>
         <input_file_ref idref="fl-e1"/>
      </object_component>
      <object_component id="oc-1df">
         <name>.debug_info</name>
         <load_address>0xa8e2</load_address>
         <run_address>0xa8e2</run_address>
         <size>0x5f4</size>
         <input_file_ref idref="fl-e1"/>
      </object_component>
      <object_component id="oc-28b">
         <name>.debug_info</name>
         <load_address>0xaed6</load_address>
         <run_address>0xaed6</run_address>
         <size>0x86</size>
         <input_file_ref idref="fl-e1"/>
      </object_component>
      <object_component id="oc-321">
         <name>.debug_info</name>
         <load_address>0xaf5c</load_address>
         <run_address>0xaf5c</run_address>
         <size>0x39</size>
         <input_file_ref idref="fl-e1"/>
      </object_component>
      <object_component id="oc-362">
         <name>.debug_info</name>
         <load_address>0xaf95</load_address>
         <run_address>0xaf95</run_address>
         <size>0xb6</size>
         <input_file_ref idref="fl-e1"/>
      </object_component>
      <object_component id="oc-326">
         <name>.debug_info</name>
         <load_address>0xb04b</load_address>
         <run_address>0xb04b</run_address>
         <size>0x46</size>
         <input_file_ref idref="fl-e1"/>
      </object_component>
      <object_component id="oc-290">
         <name>.debug_info</name>
         <load_address>0xb091</load_address>
         <run_address>0xb091</run_address>
         <size>0x46</size>
         <input_file_ref idref="fl-e1"/>
      </object_component>
      <object_component id="oc-2cf">
         <name>.debug_info</name>
         <load_address>0xb0d7</load_address>
         <run_address>0xb0d7</run_address>
         <size>0x12e</size>
         <input_file_ref idref="fl-e2"/>
      </object_component>
      <object_component id="oc-2b9">
         <name>.debug_info</name>
         <load_address>0xb205</load_address>
         <run_address>0xb205</run_address>
         <size>0x134</size>
         <input_file_ref idref="fl-e3"/>
      </object_component>
      <object_component id="oc-1bd">
         <name>.debug_info</name>
         <load_address>0xb339</load_address>
         <run_address>0xb339</run_address>
         <size>0x4b3</size>
         <input_file_ref idref="fl-e4"/>
      </object_component>
      <object_component id="oc-108">
         <name>.debug_info</name>
         <load_address>0xb7ec</load_address>
         <run_address>0xb7ec</run_address>
         <size>0x1a6</size>
         <input_file_ref idref="fl-e4"/>
      </object_component>
      <object_component id="oc-229">
         <name>.debug_info</name>
         <load_address>0xb992</load_address>
         <run_address>0xb992</run_address>
         <size>0x39</size>
         <input_file_ref idref="fl-e4"/>
      </object_component>
      <object_component id="oc-2a5">
         <name>.debug_info</name>
         <load_address>0xb9cb</load_address>
         <run_address>0xb9cb</run_address>
         <size>0x39</size>
         <input_file_ref idref="fl-e4"/>
      </object_component>
      <object_component id="oc-22e">
         <name>.debug_info</name>
         <load_address>0xba04</load_address>
         <run_address>0xba04</run_address>
         <size>0x39</size>
         <input_file_ref idref="fl-e4"/>
      </object_component>
      <object_component id="oc-233">
         <name>.debug_info</name>
         <load_address>0xba3d</load_address>
         <run_address>0xba3d</run_address>
         <size>0xcd</size>
         <input_file_ref idref="fl-e4"/>
      </object_component>
      <object_component id="oc-a0">
         <name>.debug_info</name>
         <load_address>0xbb0a</load_address>
         <run_address>0xbb0a</run_address>
         <size>0x153</size>
         <input_file_ref idref="fl-e5"/>
      </object_component>
      <object_component id="oc-ff">
         <name>.debug_info</name>
         <load_address>0xbc5d</load_address>
         <run_address>0xbc5d</run_address>
         <size>0x122</size>
         <input_file_ref idref="fl-e7"/>
      </object_component>
      <object_component id="oc-33d">
         <name>.debug_info</name>
         <load_address>0xbd7f</load_address>
         <run_address>0xbd7f</run_address>
         <size>0x29c</size>
         <input_file_ref idref="fl-e9"/>
      </object_component>
      <object_component id="oc-2d4">
         <name>.debug_info</name>
         <load_address>0xc01b</load_address>
         <run_address>0xc01b</run_address>
         <size>0x1da</size>
         <input_file_ref idref="fl-e9"/>
      </object_component>
      <object_component id="oc-2b7">
         <name>.debug_info</name>
         <load_address>0xc1f5</load_address>
         <run_address>0xc1f5</run_address>
         <size>0x2b9</size>
         <input_file_ref idref="fl-eb"/>
      </object_component>
      <object_component id="oc-251">
         <name>.debug_info</name>
         <load_address>0xc4ae</load_address>
         <run_address>0xc4ae</run_address>
         <size>0x17c</size>
         <input_file_ref idref="fl-eb"/>
      </object_component>
      <object_component id="oc-32f">
         <name>.debug_info</name>
         <load_address>0xc62a</load_address>
         <run_address>0xc62a</run_address>
         <size>0xf9</size>
         <input_file_ref idref="fl-ec"/>
      </object_component>
      <object_component id="oc-2b4">
         <name>.debug_info</name>
         <load_address>0xc723</load_address>
         <run_address>0xc723</run_address>
         <size>0x105</size>
         <input_file_ref idref="fl-ec"/>
      </object_component>
      <object_component id="oc-312">
         <name>.debug_info</name>
         <load_address>0xc828</load_address>
         <run_address>0xc828</run_address>
         <size>0x2a7</size>
         <input_file_ref idref="fl-ed"/>
      </object_component>
      <object_component id="oc-278">
         <name>.debug_info</name>
         <load_address>0xcacf</load_address>
         <run_address>0xcacf</run_address>
         <size>0x1b8</size>
         <input_file_ref idref="fl-ed"/>
      </object_component>
      <object_component id="oc-354">
         <name>.debug_info</name>
         <load_address>0xcc87</load_address>
         <run_address>0xcc87</run_address>
         <size>0x29a</size>
         <input_file_ref idref="fl-ee"/>
      </object_component>
      <object_component id="oc-30b">
         <name>.debug_info</name>
         <load_address>0xcf21</load_address>
         <run_address>0xcf21</run_address>
         <size>0x262</size>
         <input_file_ref idref="fl-ee"/>
      </object_component>
      <object_component id="oc-2b2">
         <name>.debug_info</name>
         <load_address>0xd183</load_address>
         <run_address>0xd183</run_address>
         <size>0x28f</size>
         <input_file_ref idref="fl-ef"/>
      </object_component>
      <object_component id="oc-249">
         <name>.debug_info</name>
         <load_address>0xd412</load_address>
         <run_address>0xd412</run_address>
         <size>0x245</size>
         <input_file_ref idref="fl-ef"/>
      </object_component>
      <object_component id="oc-31e">
         <name>.debug_info</name>
         <load_address>0xd657</load_address>
         <run_address>0xd657</run_address>
         <size>0x289</size>
         <input_file_ref idref="fl-f0"/>
      </object_component>
      <object_component id="oc-31b">
         <name>.debug_info</name>
         <load_address>0xd8e0</load_address>
         <run_address>0xd8e0</run_address>
         <size>0x10e</size>
         <input_file_ref idref="fl-f0"/>
      </object_component>
      <object_component id="oc-285">
         <name>.debug_info</name>
         <load_address>0xd9ee</load_address>
         <run_address>0xd9ee</run_address>
         <size>0x14e</size>
         <input_file_ref idref="fl-f0"/>
      </object_component>
      <object_component id="oc-319">
         <name>.debug_info</name>
         <load_address>0xdb3c</load_address>
         <run_address>0xdb3c</run_address>
         <size>0x28f</size>
         <input_file_ref idref="fl-f1"/>
      </object_component>
      <object_component id="oc-27e">
         <name>.debug_info</name>
         <load_address>0xddcb</load_address>
         <run_address>0xddcb</run_address>
         <size>0x15a</size>
         <input_file_ref idref="fl-f1"/>
      </object_component>
      <object_component id="oc-357">
         <name>.debug_info</name>
         <load_address>0xdf25</load_address>
         <run_address>0xdf25</run_address>
         <size>0x46</size>
         <input_file_ref idref="fl-f1"/>
      </object_component>
      <object_component id="oc-314">
         <name>.debug_info</name>
         <load_address>0xdf6b</load_address>
         <run_address>0xdf6b</run_address>
         <size>0x39</size>
         <input_file_ref idref="fl-f1"/>
      </object_component>
      <object_component id="oc-345">
         <name>.debug_info</name>
         <load_address>0xdfa4</load_address>
         <run_address>0xdfa4</run_address>
         <size>0x295</size>
         <input_file_ref idref="fl-f2"/>
      </object_component>
      <object_component id="oc-300">
         <name>.debug_info</name>
         <load_address>0xe239</load_address>
         <run_address>0xe239</run_address>
         <size>0x195</size>
         <input_file_ref idref="fl-f2"/>
      </object_component>
      <object_component id="oc-36e">
         <name>.debug_info</name>
         <load_address>0xe3ce</load_address>
         <run_address>0xe3ce</run_address>
         <size>0x39</size>
         <input_file_ref idref="fl-f2"/>
      </object_component>
      <object_component id="oc-346">
         <name>.debug_info</name>
         <load_address>0xe407</load_address>
         <run_address>0xe407</run_address>
         <size>0x2c</size>
         <input_file_ref idref="fl-f2"/>
      </object_component>
      <object_component id="oc-352">
         <name>.debug_info</name>
         <load_address>0xe433</load_address>
         <run_address>0xe433</run_address>
         <size>0x2f8</size>
         <input_file_ref idref="fl-f3"/>
      </object_component>
      <object_component id="oc-305">
         <name>.debug_info</name>
         <load_address>0xe72b</load_address>
         <run_address>0xe72b</run_address>
         <size>0x225</size>
         <input_file_ref idref="fl-f3"/>
      </object_component>
      <object_component id="oc-333">
         <name>.debug_info</name>
         <load_address>0xe950</load_address>
         <run_address>0xe950</run_address>
         <size>0x115</size>
         <input_file_ref idref="fl-f4"/>
      </object_component>
      <object_component id="oc-34c">
         <name>.debug_info</name>
         <load_address>0xea65</load_address>
         <run_address>0xea65</run_address>
         <size>0x161</size>
         <input_file_ref idref="fl-f5"/>
      </object_component>
      <object_component id="oc-1db">
         <name>.debug_info</name>
         <load_address>0xebc6</load_address>
         <run_address>0xebc6</run_address>
         <size>0x3b7</size>
         <input_file_ref idref="fl-f6"/>
      </object_component>
      <object_component id="oc-1d3">
         <name>.debug_info</name>
         <load_address>0xef7d</load_address>
         <run_address>0xef7d</run_address>
         <size>0x160</size>
         <input_file_ref idref="fl-f6"/>
      </object_component>
      <object_component id="oc-13c">
         <name>.debug_info</name>
         <load_address>0xf0dd</load_address>
         <run_address>0xf0dd</run_address>
         <size>0x2ca</size>
         <input_file_ref idref="fl-f6"/>
      </object_component>
      <object_component id="oc-16b">
         <name>.debug_info</name>
         <load_address>0xf3a7</load_address>
         <run_address>0xf3a7</run_address>
         <size>0x247</size>
         <input_file_ref idref="fl-f6"/>
      </object_component>
      <object_component id="oc-243">
         <name>.debug_info</name>
         <load_address>0xf5ee</load_address>
         <run_address>0xf5ee</run_address>
         <size>0x26b</size>
         <input_file_ref idref="fl-f6"/>
      </object_component>
      <object_component id="oc-23c">
         <name>.debug_info</name>
         <load_address>0xf859</load_address>
         <run_address>0xf859</run_address>
         <size>0x297</size>
         <input_file_ref idref="fl-f6"/>
      </object_component>
      <object_component id="oc-1d6">
         <name>.debug_info</name>
         <load_address>0xfaf0</load_address>
         <run_address>0xfaf0</run_address>
         <size>0xbb</size>
         <input_file_ref idref="fl-f6"/>
      </object_component>
      <object_component id="oc-204">
         <name>.debug_info</name>
         <load_address>0xfbab</load_address>
         <run_address>0xfbab</run_address>
         <size>0x21b</size>
         <input_file_ref idref="fl-f7"/>
      </object_component>
      <object_component id="oc-3a9">
         <name>.debug_info</name>
         <load_address>0xfdc6</load_address>
         <run_address>0xfdc6</run_address>
         <size>0x8e</size>
      </object_component>
      <object_component id="oc-13a">
         <name>.debug_line</name>
         <load_address>0x0</load_address>
         <run_address>0x0</run_address>
         <size>0x69</size>
         <input_file_ref idref="fl-2"/>
      </object_component>
      <object_component id="oc-1dd">
         <name>.debug_line</name>
         <load_address>0x69</load_address>
         <run_address>0x69</run_address>
         <size>0x2e</size>
         <input_file_ref idref="fl-2"/>
      </object_component>
      <object_component id="oc-d9">
         <name>.debug_line</name>
         <load_address>0x97</load_address>
         <run_address>0x97</run_address>
         <size>0x179</size>
         <input_file_ref idref="fl-2"/>
      </object_component>
      <object_component id="oc-7a">
         <name>.debug_line</name>
         <load_address>0x210</load_address>
         <run_address>0x210</run_address>
         <size>0x6f</size>
         <input_file_ref idref="fl-2"/>
      </object_component>
      <object_component id="oc-3c">
         <name>.debug_line</name>
         <load_address>0x27f</load_address>
         <run_address>0x27f</run_address>
         <size>0x20</size>
         <input_file_ref idref="fl-2"/>
      </object_component>
      <object_component id="oc-c3">
         <name>.debug_line</name>
         <load_address>0x29f</load_address>
         <run_address>0x29f</run_address>
         <size>0x73</size>
         <input_file_ref idref="fl-2"/>
      </object_component>
      <object_component id="oc-7f">
         <name>.debug_line</name>
         <load_address>0x312</load_address>
         <run_address>0x312</run_address>
         <size>0x70</size>
         <input_file_ref idref="fl-2"/>
      </object_component>
      <object_component id="oc-192">
         <name>.debug_line</name>
         <load_address>0x382</load_address>
         <run_address>0x382</run_address>
         <size>0x64</size>
         <input_file_ref idref="fl-6"/>
      </object_component>
      <object_component id="oc-a6">
         <name>.debug_line</name>
         <load_address>0x3e6</load_address>
         <run_address>0x3e6</run_address>
         <size>0x68</size>
         <input_file_ref idref="fl-6"/>
      </object_component>
      <object_component id="oc-1a2">
         <name>.debug_line</name>
         <load_address>0x44e</load_address>
         <run_address>0x44e</run_address>
         <size>0x33</size>
         <input_file_ref idref="fl-6"/>
      </object_component>
      <object_component id="oc-1ac">
         <name>.debug_line</name>
         <load_address>0x481</load_address>
         <run_address>0x481</run_address>
         <size>0x6a</size>
         <input_file_ref idref="fl-6"/>
      </object_component>
      <object_component id="oc-167">
         <name>.debug_line</name>
         <load_address>0x4eb</load_address>
         <run_address>0x4eb</run_address>
         <size>0x6b</size>
         <input_file_ref idref="fl-6"/>
      </object_component>
      <object_component id="oc-196">
         <name>.debug_line</name>
         <load_address>0x556</load_address>
         <run_address>0x556</run_address>
         <size>0x74</size>
         <input_file_ref idref="fl-6"/>
      </object_component>
      <object_component id="oc-201">
         <name>.debug_line</name>
         <load_address>0x5ca</load_address>
         <run_address>0x5ca</run_address>
         <size>0xc3</size>
         <input_file_ref idref="fl-7"/>
      </object_component>
      <object_component id="oc-147">
         <name>.debug_line</name>
         <load_address>0x68d</load_address>
         <run_address>0x68d</run_address>
         <size>0x45</size>
         <input_file_ref idref="fl-7"/>
      </object_component>
      <object_component id="oc-de">
         <name>.debug_line</name>
         <load_address>0x6d2</load_address>
         <run_address>0x6d2</run_address>
         <size>0x19b</size>
         <input_file_ref idref="fl-7"/>
      </object_component>
      <object_component id="oc-19d">
         <name>.debug_line</name>
         <load_address>0x86d</load_address>
         <run_address>0x86d</run_address>
         <size>0x37</size>
         <input_file_ref idref="fl-8"/>
      </object_component>
      <object_component id="oc-173">
         <name>.debug_line</name>
         <load_address>0x8a4</load_address>
         <run_address>0x8a4</run_address>
         <size>0x20</size>
         <input_file_ref idref="fl-9"/>
      </object_component>
      <object_component id="oc-199">
         <name>.debug_line</name>
         <load_address>0x8c4</load_address>
         <run_address>0x8c4</run_address>
         <size>0x11a</size>
         <input_file_ref idref="fl-a"/>
      </object_component>
      <object_component id="oc-1a7">
         <name>.debug_line</name>
         <load_address>0x9de</load_address>
         <run_address>0x9de</run_address>
         <size>0x37</size>
         <input_file_ref idref="fl-a"/>
      </object_component>
      <object_component id="oc-76">
         <name>.debug_line</name>
         <load_address>0xa15</load_address>
         <run_address>0xa15</run_address>
         <size>0x41</size>
         <input_file_ref idref="fl-b"/>
      </object_component>
      <object_component id="oc-31">
         <name>.debug_line</name>
         <load_address>0xa56</load_address>
         <run_address>0xa56</run_address>
         <size>0x41</size>
         <input_file_ref idref="fl-b"/>
      </object_component>
      <object_component id="oc-2c">
         <name>.debug_line</name>
         <load_address>0xa97</load_address>
         <run_address>0xa97</run_address>
         <size>0xa1</size>
         <input_file_ref idref="fl-b"/>
      </object_component>
      <object_component id="oc-20a">
         <name>.debug_line</name>
         <load_address>0xb38</load_address>
         <run_address>0xb38</run_address>
         <size>0x69</size>
         <input_file_ref idref="fl-c"/>
      </object_component>
      <object_component id="oc-1b1">
         <name>.debug_line</name>
         <load_address>0xba1</load_address>
         <run_address>0xba1</run_address>
         <size>0x37</size>
         <input_file_ref idref="fl-c"/>
      </object_component>
      <object_component id="oc-e8">
         <name>.debug_line</name>
         <load_address>0xbd8</load_address>
         <run_address>0xbd8</run_address>
         <size>0x10b</size>
         <input_file_ref idref="fl-c"/>
      </object_component>
      <object_component id="oc-1af">
         <name>.debug_line</name>
         <load_address>0xce3</load_address>
         <run_address>0xce3</run_address>
         <size>0x73</size>
         <input_file_ref idref="fl-15"/>
      </object_component>
      <object_component id="oc-218">
         <name>.debug_line</name>
         <load_address>0xd56</load_address>
         <run_address>0xd56</run_address>
         <size>0x33</size>
         <input_file_ref idref="fl-15"/>
      </object_component>
      <object_component id="oc-ee">
         <name>.debug_line</name>
         <load_address>0xd89</load_address>
         <run_address>0xd89</run_address>
         <size>0x120</size>
         <input_file_ref idref="fl-15"/>
      </object_component>
      <object_component id="oc-18f">
         <name>.debug_line</name>
         <load_address>0xea9</load_address>
         <run_address>0xea9</run_address>
         <size>0x33</size>
         <input_file_ref idref="fl-15"/>
      </object_component>
      <object_component id="oc-2a1">
         <name>.debug_line</name>
         <load_address>0xedc</load_address>
         <run_address>0xedc</run_address>
         <size>0x2b</size>
         <input_file_ref idref="fl-16"/>
      </object_component>
      <object_component id="oc-186">
         <name>.debug_line</name>
         <load_address>0xf07</load_address>
         <run_address>0xf07</run_address>
         <size>0xc5</size>
         <input_file_ref idref="fl-16"/>
      </object_component>
      <object_component id="oc-29f">
         <name>.debug_line</name>
         <load_address>0xfcc</load_address>
         <run_address>0xfcc</run_address>
         <size>0x76</size>
         <input_file_ref idref="fl-17"/>
      </object_component>
      <object_component id="oc-17d">
         <name>.debug_line</name>
         <load_address>0x1042</load_address>
         <run_address>0x1042</run_address>
         <size>0xb9</size>
         <input_file_ref idref="fl-17"/>
      </object_component>
      <object_component id="oc-17a">
         <name>.debug_line</name>
         <load_address>0x10fb</load_address>
         <run_address>0x10fb</run_address>
         <size>0xb4</size>
         <input_file_ref idref="fl-18"/>
      </object_component>
      <object_component id="oc-1f5">
         <name>.debug_line</name>
         <load_address>0x11af</load_address>
         <run_address>0x11af</run_address>
         <size>0x91</size>
         <input_file_ref idref="fl-cf"/>
      </object_component>
      <object_component id="oc-298">
         <name>.debug_line</name>
         <load_address>0x1240</load_address>
         <run_address>0x1240</run_address>
         <size>0x2f</size>
         <input_file_ref idref="fl-d0"/>
      </object_component>
      <object_component id="oc-152">
[...]
         <name>__TI_CINIT_Limit</name>
         <value>0x3130</value>
      </symbol>
      <symbol id="sm-6">
         <name>__TI_Handler_Table_Base</name>
         <value>0x30f0</value>
      </symbol>
      <symbol id="sm-7">
         <name>__TI_Handler_Table_Limit</name>
         <value>0x30fc</value>
      </symbol>
      <symbol id="sm-8">
         <name>binit</name>
         <value>0xffffffff</value>
      </symbol>
      <symbol id="sm-9">
         <name>__binit__</name>
         <value>0xffffffff</value>
      </symbol>
      <symbol id="sm-a">
         <name>__STACK_SIZE</name>
         <value>0x1000</value>
      </symbol>
      <symbol id="sm-b">
         <name>__STACK_END</name>
         <value>0x20001270</value>
      </symbol>
      <symbol id="sm-c">
         <name>__SYSMEM_SIZE</name>
         <value>0x1000</value>
      </symbol>
      <symbol id="sm-d">
         <name>__c_args__</name>
         <value>0xffffffff</value>
      </symbol>
      <symbol id="sm-e">
         <name>__TI_pprof_out_hndl</name>
         <value>0xffffffff</value>
      </symbol>
      <symbol id="sm-f">
         <name>__TI_prof_data_start</name>
         <value>0xffffffff</value>
      </symbol>
      <symbol id="sm-10">
         <name>__TI_prof_data_size</name>
         <value>0xffffffff</value>
      </symbol>
      <symbol id="sm-76">
         <name>_timeout_ticks</name>
         <value>0x200022c4</value>
      </symbol>
      <symbol id="sm-77">
         <name>timer_pause</name>
         <value>0x1557</value>
         <object_component_ref idref="oc-d7"/>
      </symbol>
      <symbol id="sm-78">
         <name>timer_resume</name>
         <value>0x1569</value>
         <object_component_ref idref="oc-d7"/>
      </symbol>
      <symbol id="sm-79">
         <name>timer_getMillis</name>
         <value>0x157b</value>
         <object_component_ref idref="oc-d7"/>
      </symbol>
      <symbol id="sm-7a">
         <name>_running</name>
         <value>0x200022f8</value>
         <object_component_ref idref="oc-141"/>
      </symbol>
      <symbol id="sm-7b">
         <name>timer_init</name>
         <value>0x14b5</value>
         <object_component_ref idref="oc-d7"/>
      </symbol>
      <symbol id="sm-7c">
         <name>timer_stop</name>
         <value>0x152d</value>
         <object_component_ref idref="oc-d7"/>
      </symbol>
      <symbol id="sm-7d">
         <name>timer_getMicros</name>
         <value>0x15d3</value>
         <object_component_ref idref="oc-d7"/>
      </symbol>
      <symbol id="sm-7e">
         <name>timer_waitMillis</name>
         <value>0x165f</value>
         <object_component_ref idref="oc-d7"/>
      </symbol>
      <symbol id="sm-7f">
         <name>timer_waitMicros</name>
         <value>0x162d</value>
         <object_component_ref idref="oc-d7"/>
      </symbol>
      <symbol id="sm-ae">
         <name>right_calibration_value</name>
         <value>0x200022d8</value>
      </symbol>
      <symbol id="sm-af">
         <name>left_calibration_value</name>
         <value>0x200022d0</value>
      </symbol>
      <symbol id="sm-b0">
         <name>main</name>
         <value>0x296d</value>
         <object_component_ref idref="oc-a2"/>
      </symbol>
      <symbol id="sm-ed">
         <name>lcd_sendCommand</name>
         <value>0xe0f</value>
         <object_component_ref idref="oc-dd"/>
      </symbol>
      <symbol id="sm-ee">
         <name>lcd_sendNibble</name>
         <value>0xe4d</value>
         <object_component_ref idref="oc-dd"/>
      </symbol>
      <symbol id="sm-ef">
         <name>lcd_clear</name>
         <value>0x2f99</value>
         <object_component_ref idref="oc-146"/>
      </symbol>
      <symbol id="sm-f0">
         <name>lcd_printf</name>
         <value>0xef7</value>
         <object_component_ref idref="oc-dd"/>
      </symbol>
      <symbol id="sm-f1">
         <name>lcd_setCursorPos</name>
         <value>0xeb9</value>
         <object_component_ref idref="oc-dd"/>
      </symbol>
      <symbol id="sm-f2">
         <name>lcd_init</name>
         <value>0xcf9</value>
         <object_component_ref idref="oc-dd"/>
      </symbol>
      <symbol id="sm-f3">
         <name>lcd_puts</name>
         <value>0xdf1</value>
         <object_component_ref idref="oc-dd"/>
      </symbol>
      <symbol id="sm-f4">
         <name>lcd_putc</name>
         <value>0xdb9</value>
         <object_component_ref idref="oc-dd"/>
      </symbol>
      <symbol id="sm-f5">
         <name>lcd_reverseNibble</name>
         <value>0xcbd</value>
         <object_component_ref idref="oc-dd"/>
      </symbol>
      <symbol id="sm-f6">
         <name>lcd_gotoLine</name>
         <value>0xe91</value>
         <object_component_ref idref="oc-dd"/>
      </symbol>
      <symbol id="sm-128">
         <name>ResetISR</name>
         <value>0x2fc3</value>
         <object_component_ref idref="oc-2a"/>
      </symbol>
      <symbol id="sm-129">
         <name>g_pfnVectors</name>
         <value>0x0</value>
         <object_component_ref idref="oc-12"/>
      </symbol>
      <symbol id="sm-168">
         <name>UART1_Handler</name>
         <value>0x182f</value>
         <object_component_ref idref="oc-e3"/>
      </symbol>
      <symbol id="sm-169">
         <name>stop_command</name>
         <value>0x200022e5</value>
         <object_component_ref idref="oc-f7"/>
      </symbol>
      <symbol id="sm-16a">
         <name>uart_sendChar</name>
         <value>0x17db</value>
         <object_component_ref idref="oc-e3"/>
      </symbol>
      <symbol id="sm-16b">
         <name>stop_flag</name>
         <value>0x200022ec</value>
         <object_component_ref idref="oc-f7"/>
      </symbol>
      <symbol id="sm-16c">
         <name>uart_interrupt_init</name>
         <value>0x16fd</value>
         <object_component_ref idref="oc-e3"/>
      </symbol>
      <symbol id="sm-16d">
         <name>start_flag</name>
         <value>0x200022e8</value>
         <object_component_ref idref="oc-f7"/>
      </symbol>
      <symbol id="sm-16e">
         <name>start_command</name>
         <value>0x200022e4</value>
         <object_component_ref idref="oc-f7"/>
      </symbol>
      <symbol id="sm-16f">
         <name>uart_receive</name>
         <value>0x17f7</value>
         <object_component_ref idref="oc-e3"/>
      </symbol>
      <symbol id="sm-170">
         <name>uart_sendStr</name>
         <value>0x180b</value>
         <object_component_ref idref="oc-e3"/>
      </symbol>
      <symbol id="sm-1ad">
         <name>cyBOT_SERVO_cal</name>
         <value>0x132d</value>
         <object_component_ref idref="oc-e9"/>
      </symbol>
      <symbol id="sm-1ae">
         <name>cyBOT_Scan</name>
         <value>0x12bb</value>
         <object_component_ref idref="oc-e9"/>
      </symbol>
      <symbol id="sm-1af">
         <name>cyBOT_scan_features</name>
         <value>0x200022f0</value>
         <object_component_ref idref="oc-188"/>
      </symbol>
      <symbol id="sm-1b0">
         <name>cyBOT_scan_version</name>
         <value>0x1255</value>
         <object_component_ref idref="oc-e9"/>
      </symbol>
      <symbol id="sm-1b1">
         <name>cyBOT_init_Scan</name>
         <value>0x1263</value>
         <object_component_ref idref="oc-e9"/>
      </symbol>
      <symbol id="sm-1d8">
         <name>isr_int_value</name>
         <value>0x200022cc</value>
      </symbol>
      <symbol id="sm-1d9">
         <name>ir_enableInterrupt</name>
         <value>0x2407</value>
         <object_component_ref idref="oc-182"/>
      </symbol>
      <symbol id="sm-1da">
         <name>ir_getDistance</name>
         <value>0x23e9</value>
         <object_component_ref idref="oc-182"/>
      </symbol>
      <symbol id="sm-1db">
         <name>ir_init</name>
         <value>0x2359</value>
         <object_component_ref idref="oc-182"/>
      </symbol>
      <symbol id="sm-1dc">
         <name>ADC0SS0_Handler</name>
         <value>0x23f1</value>
         <object_component_ref idref="oc-182"/>
      </symbol>
      <symbol id="sm-1dd">
         <name>ir_getValue</name>
         <value>0x23c1</value>
         <object_component_ref idref="oc-182"/>
      </symbol>
      <symbol id="sm-20c">
         <name>risingEdge</name>
         <value>0x200022dc</value>
      </symbol>
      <symbol id="sm-20d">
         <name>fallingEdge</name>
         <value>0x200022c8</value>
      </symbol>
      <symbol id="sm-20e">
         <name>pulseLength</name>
         <value>0x200022d4</value>
      </symbol>
      <symbol id="sm-20f">
         <name>isRisingEdge</name>
         <value>0x200022e0</value>
      </symbol>
      <symbol id="sm-210">
         <name>TIMER3B_Handler</name>
         <value>0x19e5</value>
         <object_component_ref idref="oc-17c"/>
      </symbol>
      <symbol id="sm-211">
         <name>ping_init</name>
         <value>0x18f5</value>
         <object_component_ref idref="oc-17c"/>
      </symbol>
      <symbol id="sm-212">
         <name>ping_getDistance</name>
         <value>0x1a37</value>
         <object_component_ref idref="oc-17c"/>
      </symbol>
      <symbol id="sm-213">
         <name>ping_trigger</name>
         <value>0x197b</value>
         <object_component_ref idref="oc-17c"/>
      </symbol>
      <symbol id="sm-235">
         <name>servo_move</name>
         <value>0x1ef9</value>
         <object_component_ref idref="oc-176"/>
      </symbol>
      <symbol id="sm-236">
         <name>servo_init</name>
         <value>0x1e69</value>
         <object_component_ref idref="oc-176"/>
      </symbol>
      <symbol id="sm-237">
         <name>servo_stop</name>
         <value>0x1eed</value>
         <object_component_ref idref="oc-176"/>
      </symbol>
      <symbol id="sm-238">
         <name>servo_setPWM</name>
         <value>0x1f59</value>
         <object_component_ref idref="oc-176"/>
      </symbol>
      <symbol id="sm-269">
         <name>vsnprintf</name>
         <value>0x2d71</value>
         <object_component_ref idref="oc-14d"/>
      </symbol>
      <symbol id="sm-280">
         <name>__aeabi_dsub</name>
         <value>0x1cb1</value>
         <object_component_ref idref="oc-2de"/>
      </symbol>
      <symbol id="sm-281">
         <name>__aeabi_dadd</name>
         <value>0x1cbb</value>
         <object_component_ref idref="oc-2de"/>
      </symbol>
      <symbol id="sm-2a3">
         <name>__aeabi_cdcmpeq</name>
         <value>0x2861</value>
         <object_component_ref idref="oc-25a"/>
      </symbol>
      <symbol id="sm-2a4">
         <name>__aeabi_cdcmple</name>
         <value>0x2861</value>
         <object_component_ref idref="oc-25a"/>
      </symbol>
      <symbol id="sm-2a5">
         <name>__aeabi_cdrcmple</name>
         <value>0x28e7</value>
         <object_component_ref idref="oc-2c9"/>
      </symbol>
      <symbol id="sm-2b9">
         <name>__aeabi_ddiv</name>
         <value>0x20fd</value>
         <object_component_ref idref="oc-2c4"/>
      </symbol>
      <symbol id="sm-2c4">
         <name>__aeabi_dmul</name>
         <value>0x2581</value>
         <object_component_ref idref="oc-2bf"/>
      </symbol>
      <symbol id="sm-2d0">
         <name>__aeabi_i2d</name>
         <value>0x2e89</value>
         <object_component_ref idref="oc-2d9"/>
      </symbol>
      <symbol id="sm-2eb">
         <name>memcpy</name>
         <value>0x272f</value>
         <object_component_ref idref="oc-3e"/>
      </symbol>
      <symbol id="sm-2ec">
         <name>__aeabi_memcpy</name>
         <value>0x272f</value>
         <object_component_ref idref="oc-3e"/>
      </symbol>
      <symbol id="sm-2ed">
         <name>__aeabi_memcpy8</name>
         <value>0x272f</value>
         <object_component_ref idref="oc-3e"/>
      </symbol>
      <symbol id="sm-2ee">
         <name>__aeabi_memcpy4</name>
         <value>0x272f</value>
         <object_component_ref idref="oc-3e"/>
      </symbol>
      <symbol id="sm-2fd">
         <name>__aeabi_memset</name>
         <value>0x29eb</value>
         <object_component_ref idref="oc-96"/>
      </symbol>
      <symbol id="sm-2fe">
         <name>memset</name>
         <value>0x29f1</value>
         <object_component_ref idref="oc-96"/>
      </symbol>
      <symbol id="sm-2ff">
         <name>__aeabi_memset8</name>
         <value>0x29eb</value>
         <object_component_ref idref="oc-96"/>
      </symbol>
      <symbol id="sm-300">
         <name>__aeabi_memset4</name>
         <value>0x29eb</value>
         <object_component_ref idref="oc-96"/>
      </symbol>
      <symbol id="sm-301">
         <name>__aeabi_memclr8</name>
         <value>0x29e9</value>
         <object_component_ref idref="oc-96"/>
      </symbol>
      <symbol id="sm-302">
         <name>__aeabi_memclr4</name>
         <value>0x29e9</value>
         <object_component_ref idref="oc-96"/>
      </symbol>
      <symbol id="sm-303">
         <name>__aeabi_memclr</name>
         <value>0x29e9</value>
         <object_component_ref idref="oc-96"/>
      </symbol>
      <symbol id="sm-31c">
         <name>__TI_zero_init_nomemset</name>
         <value>0x2eb7</value>
         <object_component_ref idref="oc-4a"/>
      </symbol>
      <symbol id="sm-333">
         <name>__TI_decompress_none</name>
         <value>0x2fa9</value>
         <object_component_ref idref="oc-1b"/>
      </symbol>
      <symbol id="sm-356">
         <name>__TI_decompress_lzss</name>
         <value>0x2ad1</value>
         <object_component_ref idref="oc-15"/>
      </symbol>
      <symbol id="sm-36b">
         <name>_sys_memory</name>
         <value>0x20001270</value>
         <object_component_ref idref="oc-24"/>
      </symbol>
      <symbol id="sm-37a">
         <name>strcmp</name>
         <value>0x2f21</value>
         <object_component_ref idref="oc-153"/>
      </symbol>
      <symbol id="sm-388">
         <name>strcpy</name>
         <value>0x2f4f</value>
         <object_component_ref idref="oc-159"/>
      </symbol>
      <symbol id="sm-39b">
         <name>__stack</name>
         <value>0x20000270</value>
         <object_component_ref idref="oc-27"/>
      </symbol>
      <symbol id="sm-39c">
         <name>_c_int00_noargs</name>
         <value>0x2e25</value>
         <object_component_ref idref="oc-5c"/>
      </symbol>
      <symbol id="sm-501">
         <name>__TI_printfi</name>
         <value>0x26d</value>
         <object_component_ref idref="oc-1de"/>
      </symbol>
      <symbol id="sm-50b">
         <name>__aeabi_d2iz</name>
         <value>0x2ce5</value>
         <object_component_ref idref="oc-2ce"/>
      </symbol>
      <symbol id="sm-518">
         <name>__aeabi_uldivmod</name>
         <value>0x27cb</value>
         <object_component_ref idref="oc-2b8"/>
      </symbol>
      <symbol id="sm-540">
         <name>__TI_auto_init_nobinit_nopinit</name>
         <value>0x2d2d</value>
         <object_component_ref idref="oc-107"/>
      </symbol>
      <symbol id="sm-54a">
         <name>_system_pre_init</name>
         <value>0x2fd9</value>
         <object_component_ref idref="oc-9c"/>
      </symbol>
      <symbol id="sm-556">
         <name>C$$EXIT</name>
         <value>0x2fdd</value>
         <object_component_ref idref="oc-fb"/>
      </symbol>
      <symbol id="sm-557">
         <name>abort</name>
         <value>0x2fdd</value>
         <object_component_ref idref="oc-fb"/>
      </symbol>
      <symbol id="sm-567">
         <name>__TI_ltoa</name>
         <value>0x2bf3</value>
         <object_component_ref idref="oc-2d3"/>
      </symbol>
      <symbol id="sm-57e">
         <name>atoi</name>
         <value>0x2c99</value>
         <object_component_ref idref="oc-24e"/>
      </symbol>
      <symbol id="sm-589">
         <name>_ctypes_</name>
         <value>0x2fe0</value>
         <object_component_ref idref="oc-2b3"/>
      </symbol>
      <symbol id="sm-599">
         <name>memccpy</name>
         <value>0x2ed3</value>
         <object_component_ref idref="oc-277"/>
      </symbol>
      <symbol id="sm-5a9">
         <name>strchr</name>
         <value>0x2f39</value>
         <object_component_ref idref="oc-30a"/>
      </symbol>
      <symbol id="sm-5b7">
         <name>strlen</name>
         <value>0x2f63</value>
         <object_component_ref idref="oc-248"/>
      </symbol>
      <symbol id="sm-5cd">
         <name>__aeabi_errno_addr</name>
         <value>0x2fd1</value>
         <object_component_ref idref="oc-283"/>
      </symbol>
      <symbol id="sm-5ce">
         <name>errno</name>
         <value>0x200022f4</value>
         <object_component_ref idref="oc-31a"/>
      </symbol>
      <symbol id="sm-5e7">
         <name>wcslen</name>
         <value>0x2f77</value>
         <object_component_ref idref="oc-27d"/>
      </symbol>
      <symbol id="sm-607">
         <name>frexpl</name>
         <value>0x2b39</value>
         <object_component_ref idref="oc-2fe"/>
      </symbol>
      <symbol id="sm-608">
         <name>frexp</name>
         <value>0x2b39</value>
         <object_component_ref idref="oc-2fe"/>
      </symbol>
      <symbol id="sm-625">
         <name>scalbn</name>
         <value>0x2471</value>
         <object_component_ref idref="oc-304"/>
      </symbol>
      <symbol id="sm-626">
         <name>scalbnl</name>
         <value>0x2471</value>
         <object_component_ref idref="oc-304"/>
      </symbol>
      <symbol id="sm-627">
         <name>ldexpl</name>
         <value>0x2471</value>
         <object_component_ref idref="oc-304"/>
      </symbol>
      <symbol id="sm-628">
         <name>ldexp</name>
         <value>0x2471</value>
         <object_component_ref idref="oc-304"/>
      </symbol>
      <symbol id="sm-632">
         <name>__aeabi_idiv0</name>
         <value>0xcbb</value>
         <object_component_ref idref="oc-332"/>
      </symbol>
      <symbol id="sm-633">
         <name>__aeabi_ldiv0</name>
         <value>0xcbb</value>
         <object_component_ref idref="oc-332"/>
      </symbol>
      <symbol id="sm-63d">
         <name>copysign</name>
         <value>0x2eef</value>
         <object_component_ref idref="oc-34b"/>
      </symbol>
      <symbol id="sm-63e">
         <name>copysignl</name>
         <value>0x2eef</value>
         <object_component_ref idref="oc-34b"/>
      </symbol>
      <symbol id="sm-66d">
         <name>IntRegister</name>
         <value>0x2df1</value>
         <object_component_ref idref="oc-13b"/>
      </symbol>
      <symbol id="sm-66e">
         <name>g_pfnRAMVectors</name>
         <value>0x20000000</value>
         <object_component_ref idref="oc-1d2"/>
      </symbol>
      <symbol id="sm-66f">
         <name>IntMasterEnable</name>
         <value>0x2f89</value>
         <object_component_ref idref="oc-169"/>
      </symbol>
      <symbol id="sm-679">
         <name>CPUcpsie</name>
         <value>0x2fb7</value>
         <object_component_ref idref="oc-202"/>
      </symbol>
      <symbol id="sm-67a">
         <name>__TI_static_base__</name>
         <value>0x0</value>
      </symbol>
      <symbol id="sm-67d">
         <name>__mpu_init</name>
         <value>0x0</value>
      </symbol>
      <symbol id="sm-67e">
         <name>_system_post_cinit</name>
         <value>0x0</value>
      </symbol>
   </symbol_table>
   <title>Link successful</title>
</link_info>
