******************************************************************************
                  TI ARM Linker PC v20.2.7                     
******************************************************************************
>> Linked Mon Mar 24 16:58:31 2025

OUTPUT FILE NAME:   <Lab 7.out>
ENTRY POINT SYMBOL: "_c_int00_noargs"  address: 0000645d


MEMORY CONFIGURATION

         name            origin    length      used     unused   attr    fill
----------------------  --------  ---------  --------  --------  ----  --------
  FLASH                 00000000   00040000  0000699b  00039665  R  X
  SRAM                  20000000   00008000  0000054a  00007ab6  RW X


SEGMENT ALLOCATION MAP

run origin  load origin   length   init length attrs members
----------  ----------- ---------- ----------- ----- -------
00000000    00000000    000069a0   000069a0    r-x
  00000000    00000000    0000026c   0000026c    r-- .intvecs
  0000026c    0000026c    00006434   00006434    r-x .text
  000066a0    000066a0    000002a3   000002a3    r-- .const
  00006948    00006948    00000058   00000058    r-- .cinit
20000000    20000000    00000558   00000000    rw-
  20000000    20000000    0000026c   00000000    rw- .vtable
  20000270    20000270    00000200   00000000    rw- .stack
  20000470    20000470    00000089   00000000    rw- .bss
  200004fc    200004fc    00000045   00000000    rw- .data
  20000548    20000548    00000010   00000000    rw- .sysmem


SECTION ALLOCATION MAP

 output                                  attributes/
section   page    origin      length       input sections
--------  ----  ----------  ----------   ----------------
.intvecs   0    00000000    0000026c     
                  00000000    0000026c     tm4c123gh6pm_startup_ccs.obj (.intvecs)

.text      0    0000026c    00006434     
                  0000026c    00000c20     open_interface.obj (.text)
                  00000e8c    00000a4e     rtsv7M4_T_le_v4SPD16_eabi.lib : _printfi.c.obj (.text:__TI_printfi)
                  000018da    00000002                                   : _lock.c.obj (.text:_nop)
                  000018dc    000009d0                                   : e_pow.c.obj (.text:pow)
                  000022ac    0000089c     lab7_tejal.obj (.text)
                  00002b48    00000738     rtsv7M4_T_le_v4SPD16_eabi.lib : k_rem_pio2.c.obj (.text:__kernel_rem_pio2)
                  00003280    000005e0                                   : s_sin.c.obj (.text:sin)
                  00003860    00000328     lcd.obj (.text)
                  00003b88    00000270     rtsv7M4_T_le_v4SPD16_eabi.lib : _printfi.c.obj (.text:_pconv_a)
                  00003df8    00000268     movement.obj (.text)
                  00004060    00000260     libcybotScan.lib : cyBot_Scan.obj (.text)
                  000042c0    00000248     Timer.obj (.text)
                  00004508    000001f8     uart-interrupt.obj (.text)
                  00004700    000001ec     libcybotScan.lib : ping.obj (.text)
                  000048ec    000001d0     rtsv7M4_T_le_v4SPD16_eabi.lib : _printfi.c.obj (.text:_pconv_g)
                  00004abc    000001b6                                   : fd_add_t2.asm.obj (.text)
                  00004c72    00000002                                   : div0.asm.obj (.text)
                  00004c74    00000174                                   : k_sin.c.obj (.text:__kernel_sin)
                  00004de8    00000170                                   : k_cos.c.obj (.text:__kernel_cos)
                  00004f58    00000158     libcybotScan.lib : servo.obj (.text)
                  000050b0    00000158     rtsv7M4_T_le_v4SPD16_eabi.lib : e_sqrt.c.obj (.text:sqrt)
                  00005208    0000013c                                   : _printfi.c.obj (.text:_pconv_e)
                  00005344    00000136                                   : fd_div_t2.asm.obj (.text)
                  0000547a    00000002     --HOLE-- [fill = 0]
                  0000547c    00000124                                   : _printfi.c.obj (.text:fcvt)
                  000055a0    00000118     libcybotScan.lib : ir.obj (.text)
                  000056b8    00000110     rtsv7M4_T_le_v4SPD16_eabi.lib : s_scalbn.c.obj (.text:scalbn)
                  000057c8    00000100                                   : memory.c.obj (.text:aligned_alloc)
                  000058c8    000000fc                                   : fd_mul_t2.asm.obj (.text)
                  000059c4    000000f8                                   : s_floor.c.obj (.text:floor)
                  00005abc    000000e4                                   : memory.c.obj (.text:free)
                  00005ba0    000000b1                                   : _printfi.c.obj (.text:_ltostr)
                  00005c51    00000001     --HOLE-- [fill = 0]
                  00005c52    0000009c                                   : memcpy_t2.asm.obj (.text)
                  00005cee    00000096                                   : ull_div_t2.asm.obj (.text)
                  00005d84    00000086                                   : fd_cmp_t2.asm.obj (.text:__aeabi_cdcmple)
                  00005e0a    00000086                                   : fd_cmp_t2.asm.obj (.text:__aeabi_cdrcmple)
                  00005e90    0000007a                                   : memset_t2.asm.obj (.text)
                  00005f0a    00000002     --HOLE-- [fill = 0]
                  00005f0c    00000070                                   : memory.c.obj (.text:split)
                  00005f7c    0000006e                                   : _printfi.c.obj (.text:_mcpy)
                  00005fea    0000006e                                   : fd_tos_t2.asm.obj (.text)
                  00006058    00000068                                   : copy_decompress_lzss.c.obj (.text:decompress:lzss:__TI_decompress_lzss)
                  000060c0    00000064                                   : s_frexp.c.obj (.text:frexp)
                  00006124    00000056                                   : _printfi.c.obj (.text:_pconv_f)
                  0000617a    00000054                                   : _ltoa.c.obj (.text:__TI_ltoa)
                  000061ce    00000052                                   : _printfi.c.obj (.text:_ecpy)
                  00006220    0000004c                                   : atoi.c.obj (.text:atoi)
                  0000626c    00000048                                   : fd_toi_t2.asm.obj (.text)
                  000062b4    00000044                                   : autoinit.c.obj (.text:__TI_auto_init_nobinit_nopinit:__TI_auto_init_nobinit_nopinit)
                  000062f8    00000040                                   : sprintf.c.obj (.text:sprintf)
                  00006338    00000040                                   : vsnprintf.c.obj (.text:vsnprintf)
                  00006378    0000003e                                   : _printfi.c.obj (.text:_fcpy)
                  000063b6    00000002     --HOLE-- [fill = 0]
                  000063b8    00000038                                   : memory.c.obj (.text:calloc)
                  000063f0    00000038                                   : fs_tod_t2.asm.obj (.text)
                  00006428    00000034     driverlib.lib : interrupt.obj (.text:IntRegister)
                  0000645c    00000034     rtsv7M4_T_le_v4SPD16_eabi.lib : boot_cortex_m.c.obj (.text:_c_int00_noargs:_c_int00_noargs)
                  00006490    00000030                                   : vsnprintf.c.obj (.text:_outs)
                  000064c0    0000002e                                   : i_tofd_t2.asm.obj (.text)
                  000064ee    00000002     --HOLE-- [fill = 0]
                  000064f0    00000028                                   : memory.c.obj (.text:free_list_insert)
                  00006518    0000001c                                   : copy_zero_init.c.obj (.text:decompress:ZI:__TI_zero_init_nomemset:__TI_zero_init_nomemset)
                  00006534    0000001c                                   : memory.c.obj (.text:free_list_remove)
                  00006550    0000001c                                   : memccpy.c.obj (.text:memccpy)
                  0000656c    0000001a                                   : s_copysign.c.obj (.text:copysign)
                  00006586    00000018                                   : vsnprintf.c.obj (.text:_outc)
                  0000659e    00000018                                   : sprintf.c.obj (.text:_outs)
                  000065b6    00000018     open_interface.obj (.text:oi_parseInt)
                  000065ce    00000018     rtsv7M4_T_le_v4SPD16_eabi.lib : strcmp.c.obj (.text:strcmp)
                  000065e6    00000016                                   : strchr.c.obj (.text:strchr)
                  000065fc    00000014                                   : strcpy.c.obj (.text:strcpy)
                  00006610    00000014                                   : strlen.c.obj (.text:strlen)
                  00006624    00000012                                   : wcslen.c.obj (.text:wcslen)
                  00006636    00000010     driverlib.lib : interrupt.obj (.text:IntMasterEnable)
                  00006646    00000010     lcd.obj (.text:lcd_clear)
                  00006656    0000000e     rtsv7M4_T_le_v4SPD16_eabi.lib : copy_decompress_none.c.obj (.text:decompress:none:__TI_decompress_none)
                  00006664    0000000c     driverlib.lib : cpu.obj (.text:CPUcpsie)
                  00006670    0000000c     tm4c123gh6pm_startup_ccs.obj (.text)
                  0000667c    0000000a     rtsv7M4_T_le_v4SPD16_eabi.lib : sprintf.c.obj (.text:_outc)
                  00006686    00000002     --HOLE-- [fill = 0]
                  00006688    00000008                                   : errno.c.obj (.text:__aeabi_errno_addr)
                  00006690    00000008                                   : memory.c.obj (.text:malloc)
                  00006698    00000004                                   : pre_init.c.obj (.text:_system_pre_init)
                  0000669c    00000004                                   : exit.c.obj (.text:abort:abort)

.const     0    000066a0    000002a3     
                  000066a0    00000158     rtsv7M4_T_le_v4SPD16_eabi.lib : k_rem_pio2.c.obj (.const:$O1$$)
                  000067f8    00000101                                   : ctype.c.obj (.const:.string:_ctypes_)
                  000068f9    00000004     lcd.obj (.const:.string:lineAddress$1)
                  000068fd    00000003     --HOLE-- [fill = 0]
                  00006900    00000030     rtsv7M4_T_le_v4SPD16_eabi.lib : e_pow.c.obj (.const:$O1$$)
                  00006930    0000000f     open_interface.obj (.const:.string:$P$T0$3)
                  0000693f    00000004     lcd.obj (.const:.string:lineAddresses$2)

.cinit     0    00006948    00000058     
                  00006948    0000001f     (.cinit..data.load) [load image, compression = lzss]
                  00006967    00000001     --HOLE-- [fill = 0]
                  00006968    0000000c     (__TI_handler_table)
                  00006974    00000004     --HOLE-- [fill = 0]
                  00006978    00000008     (.cinit..bss.load) [load image, compression = zero_init]
                  00006980    00000008     (.cinit..vtable.load) [load image, compression = zero_init]
                  00006988    00000018     (__TI_cinit_table)

.init_array 
*          0    00000000    00000000     UNINITIALIZED

.vtable    0    20000000    0000026c     UNINITIALIZED
                  20000000    0000026c     driverlib.lib : interrupt.obj (.vtable)

.stack     0    20000270    00000200     UNINITIALIZED
                  20000270    00000004     rtsv7M4_T_le_v4SPD16_eabi.lib : boot_cortex_m.c.obj (.stack)
                  20000274    000001fc     --HOLE--

.bss       0    20000470    00000089     UNINITIALIZED
                  20000470    00000054     lcd.obj (.bss:lastbuffer$3)
                  200004c4    00000018     open_interface.obj (.bss:firmware$2)
                  200004dc    00000004     (.common:_timeout_ticks)
                  200004e0    00000004     (.common:fallingEdge)
                  200004e4    00000004     (.common:isr_int_value)
                  200004e8    00000004     (.common:left_calibration_value)
                  200004ec    00000004     (.common:pulseLength)
                  200004f0    00000004     (.common:right_calibration_value)
                  200004f4    00000004     (.common:risingEdge)
                  200004f8    00000001     (.common:isRisingEdge)

.data      0    200004fc    00000045     UNINITIALIZED
                  200004fc    00000020     open_interface.obj (.data)
                  2000051c    0000000c     uart-interrupt.obj (.data)
                  20000528    00000008     rtsv7M4_T_le_v4SPD16_eabi.lib : _lock.c.obj (.data:$O1$$)
                  20000530    00000008                                   : memory.c.obj (.data:$O1$$)
                  20000538    00000004     libcybotScan.lib : cyBot_Scan.obj (.data)
                  2000053c    00000004     rtsv7M4_T_le_v4SPD16_eabi.lib : errno.c.obj (.data)
                  20000540    00000001     Timer.obj (.data)

.sysmem    0    20000548    00000010     UNINITIALIZED
                  20000548    00000010     rtsv7M4_T_le_v4SPD16_eabi.lib : memory.c.obj (.sysmem)

__llvm_prf_cnts 
*          0    20000000    00000000     UNINITIALIZED

MODULE SUMMARY

       Module                         code    ro data   rw data
       ------                         ----    -------   -------
    .\
       open_interface.obj             3128    15        56     
       lab7_tejal.obj                 2204    0         8      
       lcd.obj                        824     8         84     
       tm4c123gh6pm_startup_ccs.obj   12      620       0      
       movement.obj                   616     0         0      
       Timer.obj                      584     0         5      
       uart-interrupt.obj             504     0         12     
    +--+------------------------------+-------+---------+---------+
       Total:                         7872    643       165    
                                                               
    ../libcybotScan.lib
       cyBot_Scan.obj                 608     0         4      
       ping.obj                       492     0         13     
       servo.obj                      344     0         0      
       ir.obj                         280     0         4      
    +--+------------------------------+-------+---------+---------+
       Total:                         1724    0         21     
                                                               
    C:/ti/TivaWare_C_Series-2.2.0.295/driverlib/ccs/Debug/driverlib.lib
       interrupt.obj                  68      0         620    
       cpu.obj                        12      0         0      
    +--+------------------------------+-------+---------+---------+
       Total:                         80      0         620    
                                                               
    C:\ti\ccs1271\ccs\tools\compiler\ti-cgt-arm_20.2.7.LTS\lib\rtsv7M4_T_le_v4SPD16_eabi.lib
       _printfi.c.obj                 4851    0         0      
       e_pow.c.obj                    2512    48        0      
       k_rem_pio2.c.obj               1848    344       0      
       s_sin.c.obj                    1504    0         0      
       memory.c.obj                   728     0         8      
       fd_add_t2.asm.obj              438     0         0      
       k_sin.c.obj                    372     0         0      
       k_cos.c.obj                    368     0         0      
       e_sqrt.c.obj                   344     0         0      
       fd_div_t2.asm.obj              310     0         0      
       s_scalbn.c.obj                 272     0         0      
       fd_cmp_t2.asm.obj              268     0         0      
       ctype.c.obj                    0       257       0      
       fd_mul_t2.asm.obj              252     0         0      
       s_floor.c.obj                  248     0         0      
       memcpy_t2.asm.obj              156     0         0      
       ull_div_t2.asm.obj             150     0         0      
       vsnprintf.c.obj                136     0         0      
       memset_t2.asm.obj              122     0         0      
       fd_tos_t2.asm.obj              110     0         0      
       copy_decompress_lzss.c.obj     104     0         0      
       s_frexp.c.obj                  100     0         0      
       sprintf.c.obj                  98      0         0      
       _ltoa.c.obj                    84      0         0      
       atoi.c.obj                     76      0         0      
       fd_toi_t2.asm.obj              72      0         0      
       autoinit.c.obj                 68      0         0      
       fs_tod_t2.asm.obj              56      0         0      
       boot_cortex_m.c.obj            52      0         0      
       i_tofd_t2.asm.obj              46      0         0      
       copy_zero_init.c.obj           28      0         0      
       memccpy.c.obj                  28      0         0      
       s_copysign.c.obj               26      0         0      
       strcmp.c.obj                   24      0         0      
       strchr.c.obj                   22      0         0      
       strcpy.c.obj                   20      0         0      
       strlen.c.obj                   20      0         0      
       wcslen.c.obj                   18      0         0      
       copy_decompress_none.c.obj     14      0         0      
       errno.c.obj                    8       0         4      
       _lock.c.obj                    2       0         8      
       exit.c.obj                     4       0         0      
       pre_init.c.obj                 4       0         0      
       div0.asm.obj                   2       0         0      
    +--+------------------------------+-------+---------+---------+
       Total:                         15965   649       20     
                                                               
       Heap:                          0       0         16     
       Stack:                         0       0         512    
       Linker Generated:              0       83        0      
    +--+------------------------------+-------+---------+---------+
       Grand Total:                   25641   1375      1354   


LINKER GENERATED COPY TABLES

__TI_cinit_table @ 00006988 records: 3, size/record: 8, table size: 24
	.data: load addr=00006948, load size=0000001f bytes, run addr=200004fc, run size=00000045 bytes, compression=lzss
	.bss: load addr=00006978, load size=00000008 bytes, run addr=20000470, run size=00000089 bytes, compression=zero_init
	.vtable: load addr=00006980, load size=00000008 bytes, run addr=20000000, run size=0000026c bytes, compression=zero_init


LINKER GENERATED HANDLER TABLE

__TI_handler_table @ 00006968 records: 3, size/record: 4, table size: 12
	index: 0, handler: __TI_zero_init
	index: 1, handler: __TI_decompress_lzss
	index: 2, handler: __TI_decompress_none


GLOBAL SYMBOLS: SORTED ALPHABETICALLY BY Name 

address   name                          
-------   ----                          
00005639  ADC0SS0_Handler               
0000669d  C$$EXIT                       
00006665  CPUcpsie                      
00000bc3  GPIOF_Handler                 
00006637  IntMasterEnable               
00006429  IntRegister                   
00006671  ResetISR                      
000047f1  TIMER3B_Handler               
0000463b  UART1_Handler                 
20000470  __STACK_END                   
00000200  __STACK_SIZE                  
20000470  __STACK_TOP                   
00000010  __SYSMEM_SIZE                 
00006988  __TI_CINIT_Base               
000069a0  __TI_CINIT_Limit              
00006968  __TI_Handler_Table_Base       
00006974  __TI_Handler_Table_Limit      
000062b5  __TI_auto_init_nobinit_nopinit
00006059  __TI_decompress_lzss          
00006657  __TI_decompress_none          
0000617b  __TI_ltoa                     
ffffffff  __TI_pprof_out_hndl           
00000e8d  __TI_printfi                  
ffffffff  __TI_prof_data_size           
ffffffff  __TI_prof_data_start          
00000000  __TI_static_base__            
00006519  __TI_zero_init_nomemset       
00005d85  __aeabi_cdcmpeq               
00005d85  __aeabi_cdcmple               
00005e0b  __aeabi_cdrcmple              
00005feb  __aeabi_d2f                   
0000626d  __aeabi_d2iz                  
00004ac7  __aeabi_dadd                  
00005345  __aeabi_ddiv                  
000058c9  __aeabi_dmul                  
00004abd  __aeabi_dsub                  
00006689  __aeabi_errno_addr            
000063f1  __aeabi_f2d                   
000064c1  __aeabi_i2d                   
00004c73  __aeabi_idiv0                 
00004c73  __aeabi_ldiv0                 
00005e91  __aeabi_memclr                
00005e91  __aeabi_memclr4               
00005e91  __aeabi_memclr8               
00005c53  __aeabi_memcpy                
00005c53  __aeabi_memcpy4               
00005c53  __aeabi_memcpy8               
00005e93  __aeabi_memset                
00005e93  __aeabi_memset4               
00005e93  __aeabi_memset8               
00005cef  __aeabi_uldivmod              
ffffffff  __binit__                     
ffffffff  __c_args__                    
00004de9  __kernel_cos                  
00002b49  __kernel_rem_pio2             
00004c75  __kernel_sin                  
UNDEFED   __mpu_init                    
20000270  __stack                       
20000000  __start___llvm_prf_cnts       
20000000  __stop___llvm_prf_cnts        
0000645d  _c_int00_noargs               
000067f8  _ctypes_                      
20000528  _lock                         
000018db  _nop                          
20000540  _running                      
20000548  _sys_memory                   
UNDEFED   _system_post_cinit            
00006699  _system_pre_init              
200004dc  _timeout_ticks                
2000052c  _unlock                       
0000669d  abort                         
000057c9  aligned_alloc                 
00006221  atoi                          
00002973  avgIR                         
ffffffff  binit                         
000063b9  calloc                        
0000656d  copysign                      
0000656d  copysignl                     
00004139  cyBOT_SERVO_cal               
000040c7  cyBOT_Scan                    
0000406f  cyBOT_init_Scan               
20000538  cyBOT_scan_features           
00004061  cyBOT_scan_version            
0000400d  encounter_obstacle_left       
00003fdb  encounter_obstacle_right      
2000053c  errno                         
200004e0  fallingEdge                   
000059c5  floor                         
000059c5  floorl                        
00005abd  free                          
000060c1  frexp                         
000060c1  frexpl                        
20000000  g_pfnRAMVectors               
00000000  g_pfnVectors                  
000029ad  getDistAtAngle                
00002a57  goToObject                    
0000097f  go_charge                     
0000564f  ir_enableInterrupt            
00005631  ir_getDistance                
00005609  ir_getValue                   
000055a1  ir_init                       
200004f8  isRisingEdge                  
200004e4  isr_int_value                 
00006647  lcd_clear                     
00003a35  lcd_gotoLine                  
0000389d  lcd_init                      
00003a9b  lcd_printf                    
0000395d  lcd_putc                      
00003995  lcd_puts                      
00003861  lcd_reverseNibble             
000039b3  lcd_sendCommand               
000039f1  lcd_sendNibble                
00003a5d  lcd_setCursorPos              
000056b9  ldexp                         
000056b9  ldexpl                        
200004e8  left_calibration_value        
000022ad  main                          
00006691  malloc                        
00002909  max                           
000057c9  memalign                      
00006551  memccpy                       
00005c53  memcpy                        
00005e99  memset                        
000028dd  min                           
200004fc  motor_cal_factor_L            
20000500  motor_cal_factor_R            
00003ea7  move_backward                 
00003df9  move_forward                  
0000026d  oi_alloc                      
00000aa9  oi_checkFirmware              
000002c7  oi_close                      
00000279  oi_free                       
00000ded  oi_getMotorCalibrationLeft    
00000e01  oi_getMotorCalibrationRight   
000002b1  oi_init                       
00000289  oi_init_noupdate              
00000915  oi_loadSong                   
000065b7  oi_parseInt                   
0000032b  oi_parsePacket                
0000096b  oi_play_song                  
0000084b  oi_setLeds                    
00000db1  oi_setMotorCalibration        
0000088f  oi_setWheels                  
00000b51  oi_shutoff_init               
0000098d  oi_uartInit                   
00000a31  oi_uartReceive                
00000a77  oi_uartSendBuff               
00000a15  oi_uartSendChar               
00000a59  oi_uartSendStr                
000002d9  oi_update                     
00004843  ping_getDistance              
00004701  ping_init                     
00004787  ping_trigger                  
000018dd  pow                           
000018dd  powl                          
000028b5  printStringToPutty            
200004ec  pulseLength                   
00002947  rawToCm                       
200004f0  right_calibration_value       
200004f4  risingEdge                    
000056b9  scalbn                        
000056b9  scalbnl                       
00004f59  servo_init                    
00004fe9  servo_move                    
00005049  servo_setPWM                  
00004fdd  servo_stop                    
00003281  sin                           
00003281  sinl                          
000062f9  sprintf                       
000050b1  sqrt                          
000050b1  sqrtl                         
2000051c  start_command                 
20000520  start_flag                    
2000051d  stop_command                  
20000524  stop_flag                     
000065e7  strchr                        
000065cf  strcmp                        
000065fd  strcpy                        
00006611  strlen                        
000043df  timer_getMicros               
00004387  timer_getMillis               
000042c1  timer_init                    
00004363  timer_pause                   
00004375  timer_resume                  
00004339  timer_stop                    
00004439  timer_waitMicros              
0000446b  timer_waitMillis              
00003f07  turn_cclockwise               
00003f6d  turn_clockwise                
00004509  uart_interrupt_init           
00004603  uart_receive                  
000045e7  uart_sendChar                 
00004617  uart_sendStr                  
00006339  vsnprintf                     
00006625  wcslen                        


GLOBAL SYMBOLS: SORTED BY Symbol Address 

address   name                          
-------   ----                          
00000000  __TI_static_base__            
00000000  g_pfnVectors                  
00000010  __SYSMEM_SIZE                 
00000200  __STACK_SIZE                  
0000026d  oi_alloc                      
00000279  oi_free                       
00000289  oi_init_noupdate              
000002b1  oi_init                       
000002c7  oi_close                      
000002d9  oi_update                     
0000032b  oi_parsePacket                
0000084b  oi_setLeds                    
0000088f  oi_setWheels                  
00000915  oi_loadSong                   
0000096b  oi_play_song                  
0000097f  go_charge                     
0000098d  oi_uartInit                   
00000a15  oi_uartSendChar               
00000a31  oi_uartReceive                
00000a59  oi_uartSendStr                
00000a77  oi_uartSendBuff               
00000aa9  oi_checkFirmware              
00000b51  oi_shutoff_init               
00000bc3  GPIOF_Handler                 
00000db1  oi_setMotorCalibration        
00000ded  oi_getMotorCalibrationLeft    
00000e01  oi_getMotorCalibrationRight   
00000e8d  __TI_printfi                  
000018db  _nop                          
000018dd  pow                           
000018dd  powl                          
000022ad  main                          
000028b5  printStringToPutty            
000028dd  min                           
00002909  max                           
00002947  rawToCm                       
00002973  avgIR                         
000029ad  getDistAtAngle                
00002a57  goToObject                    
00002b49  __kernel_rem_pio2             
00003281  sin                           
00003281  sinl                          
00003861  lcd_reverseNibble             
0000389d  lcd_init                      
0000395d  lcd_putc                      
00003995  lcd_puts                      
000039b3  lcd_sendCommand               
000039f1  lcd_sendNibble                
00003a35  lcd_gotoLine                  
00003a5d  lcd_setCursorPos              
00003a9b  lcd_printf                    
00003df9  move_forward                  
00003ea7  move_backward                 
00003f07  turn_cclockwise               
00003f6d  turn_clockwise                
00003fdb  encounter_obstacle_right      
0000400d  encounter_obstacle_left       
00004061  cyBOT_scan_version            
0000406f  cyBOT_init_Scan               
000040c7  cyBOT_Scan                    
00004139  cyBOT_SERVO_cal               
000042c1  timer_init                    
00004339  timer_stop                    
00004363  timer_pause                   
00004375  timer_resume                  
00004387  timer_getMillis               
000043df  timer_getMicros               
00004439  timer_waitMicros              
0000446b  timer_waitMillis              
00004509  uart_interrupt_init           
000045e7  uart_sendChar                 
00004603  uart_receive                  
00004617  uart_sendStr                  
0000463b  UART1_Handler                 
00004701  ping_init                     
00004787  ping_trigger                  
000047f1  TIMER3B_Handler               
00004843  ping_getDistance              
00004abd  __aeabi_dsub                  
00004ac7  __aeabi_dadd                  
00004c73  __aeabi_idiv0                 
00004c73  __aeabi_ldiv0                 
00004c75  __kernel_sin                  
00004de9  __kernel_cos                  
00004f59  servo_init                    
00004fdd  servo_stop                    
00004fe9  servo_move                    
00005049  servo_setPWM                  
000050b1  sqrt                          
000050b1  sqrtl                         
00005345  __aeabi_ddiv                  
000055a1  ir_init                       
00005609  ir_getValue                   
00005631  ir_getDistance                
00005639  ADC0SS0_Handler               
0000564f  ir_enableInterrupt            
000056b9  ldexp                         
000056b9  ldexpl                        
000056b9  scalbn                        
000056b9  scalbnl                       
000057c9  aligned_alloc                 
000057c9  memalign                      
000058c9  __aeabi_dmul                  
000059c5  floor                         
000059c5  floorl                        
00005abd  free                          
00005c53  __aeabi_memcpy                
00005c53  __aeabi_memcpy4               
00005c53  __aeabi_memcpy8               
00005c53  memcpy                        
00005cef  __aeabi_uldivmod              
00005d85  __aeabi_cdcmpeq               
00005d85  __aeabi_cdcmple               
00005e0b  __aeabi_cdrcmple              
00005e91  __aeabi_memclr                
00005e91  __aeabi_memclr4               
00005e91  __aeabi_memclr8               
00005e93  __aeabi_memset                
00005e93  __aeabi_memset4               
00005e93  __aeabi_memset8               
00005e99  memset                        
00005feb  __aeabi_d2f                   
00006059  __TI_decompress_lzss          
000060c1  frexp                         
000060c1  frexpl                        
0000617b  __TI_ltoa                     
00006221  atoi                          
0000626d  __aeabi_d2iz                  
000062b5  __TI_auto_init_nobinit_nopinit
000062f9  sprintf                       
00006339  vsnprintf                     
000063b9  calloc                        
000063f1  __aeabi_f2d                   
00006429  IntRegister                   
0000645d  _c_int00_noargs               
000064c1  __aeabi_i2d                   
00006519  __TI_zero_init_nomemset       
00006551  memccpy                       
0000656d  copysign                      
0000656d  copysignl                     
000065b7  oi_parseInt                   
000065cf  strcmp                        
000065e7  strchr                        
000065fd  strcpy                        
00006611  strlen                        
00006625  wcslen                        
00006637  IntMasterEnable               
00006647  lcd_clear                     
00006657  __TI_decompress_none          
00006665  CPUcpsie                      
00006671  ResetISR                      
00006689  __aeabi_errno_addr            
00006691  malloc                        
00006699  _system_pre_init              
0000669d  C$$EXIT                       
0000669d  abort                         
000067f8  _ctypes_                      
00006968  __TI_Handler_Table_Base       
00006974  __TI_Handler_Table_Limit      
00006988  __TI_CINIT_Base               
000069a0  __TI_CINIT_Limit              
20000000  __start___llvm_prf_cnts       
20000000  __stop___llvm_prf_cnts        
20000000  g_pfnRAMVectors               
20000270  __stack                       
20000470  __STACK_END                   
20000470  __STACK_TOP                   
200004dc  _timeout_ticks                
200004e0  fallingEdge                   
200004e4  isr_int_value                 
200004e8  left_calibration_value        
200004ec  pulseLength                   
200004f0  right_calibration_value       
200004f4  risingEdge                    
200004f8  isRisingEdge                  
200004fc  motor_cal_factor_L            
20000500  motor_cal_factor_R            
2000051c  start_command                 
2000051d  stop_command                  
20000520  start_flag                    
20000524  stop_flag                     
20000528  _lock                         
2000052c  _unlock                       
20000538  cyBOT_scan_features           
2000053c  errno                         
20000540  _running                      
20000548  _sys_memory                   
ffffffff  __TI_pprof_out_hndl           
ffffffff  __TI_prof_data_size           
ffffffff  __TI_prof_data_start          
ffffffff  __binit__                     
ffffffff  __c_args__                    
ffffffff  binit                         
UNDEFED   __mpu_init                    
UNDEFED   _system_post_cinit            

[195 symbols]
