******************************************************************************
                  TI ARM Linker PC v20.2.7                     
******************************************************************************
>> Linked Sat Mar 29 19:58:40 2025

OUTPUT FILE NAME:   <Lab 7.out>
ENTRY POINT SYMBOL: "_c_int00_noargs"  address: 00006c21


MEMORY CONFIGURATION

         name            origin    length      used     unused   attr    fill
----------------------  --------  ---------  --------  --------  ----  --------
  FLASH                 00000000   00040000  000071f7  00038e09  R  X
  SRAM                  20000000   00008000  0000233a  00005cc6  RW X


SEGMENT ALLOCATION MAP

run origin  load origin   length   init length attrs members
----------  ----------- ---------- ----------- ----- -------
00000000    00000000    00007200   00007200    r-x
  00000000    00000000    0000026c   0000026c    r-- .intvecs
  0000026c    0000026c    00006bf8   00006bf8    r-x .text
  00006e68    00006e68    0000033b   0000033b    r-- .const
  000071a8    000071a8    00000058   00000058    r-- .cinit
20000000    20000000    00002341   00000000    rw-
  20000000    20000000    0000026c   00000000    rw- .vtable
  20000270    20000270    00001000   00000000    rw- .stack
  20001270    20001270    00001000   00000000    rw- .sysmem
  20002270    20002270    00000089   00000000    rw- .bss
  200022fc    200022fc    00000045   00000000    rw- .data


SECTION ALLOCATION MAP

 output                                  attributes/
section   page    origin      length       input sections
--------  ----  ----------  ----------   ----------------
.intvecs   0    00000000    0000026c     
                  00000000    0000026c     tm4c123gh6pm_startup_ccs.obj (.intvecs)

.text      0    0000026c    00006bf8     
                  0000026c    00000c20     open_interface.obj (.text)
                  00000e8c    00000a4e     rtsv7M4_T_le_v4SPD16_eabi.lib : _printfi.c.obj (.text:__TI_printfi)
                  000018da    00000002                                   : _lock.c.obj (.text:_nop)
                  000018dc    000009d0                                   : e_pow.c.obj (.text:pow)
                  000022ac    00000848     lab7_tejal.obj (.text)
                  00002af4    00000738     rtsv7M4_T_le_v4SPD16_eabi.lib : k_rem_pio2.c.obj (.text:__kernel_rem_pio2)
                  0000322c    000005e0                                   : s_sin.c.obj (.text:sin)
                  0000380c    000005b0     movement.obj (.text)
                  00003dbc    00000328     lcd.obj (.text)
                  000040e4    000002ec     rtsv7M4_T_le_v4SPD16_eabi.lib : s_atan.c.obj (.text:atan)
                  000043d0    00000270                                   : _printfi.c.obj (.text:_pconv_a)
                  00004640    00000260     libcybotScan.lib : cyBot_Scan.obj (.text)
                  000048a0    00000248     Timer.obj (.text)
                  00004ae8    000001f8     uart-interrupt.obj (.text)
                  00004ce0    000001ec     libcybotScan.lib : ping.obj (.text)
                  00004ecc    000001e4     rtsv7M4_T_le_v4SPD16_eabi.lib : e_atan2.c.obj (.text:atan2)
                  000050b0    000001d0                                   : _printfi.c.obj (.text:_pconv_g)
                  00005280    000001b6                                   : fd_add_t2.asm.obj (.text)
                  00005436    00000002                                   : div0.asm.obj (.text)
                  00005438    00000174                                   : k_sin.c.obj (.text:__kernel_sin)
                  000055ac    00000170                                   : k_cos.c.obj (.text:__kernel_cos)
                  0000571c    00000158     libcybotScan.lib : servo.obj (.text)
                  00005874    00000158     rtsv7M4_T_le_v4SPD16_eabi.lib : e_sqrt.c.obj (.text:sqrt)
                  000059cc    0000013c                                   : _printfi.c.obj (.text:_pconv_e)
                  00005b08    00000136                                   : fd_div_t2.asm.obj (.text)
                  00005c3e    00000002     --HOLE-- [fill = 0]
                  00005c40    00000124                                   : _printfi.c.obj (.text:fcvt)
                  00005d64    00000118     libcybotScan.lib : ir.obj (.text)
                  00005e7c    00000110     rtsv7M4_T_le_v4SPD16_eabi.lib : s_scalbn.c.obj (.text:scalbn)
                  00005f8c    00000100                                   : memory.c.obj (.text:aligned_alloc)
                  0000608c    000000fc                                   : fd_mul_t2.asm.obj (.text)
                  00006188    000000f8                                   : s_floor.c.obj (.text:floor)
                  00006280    000000e4                                   : memory.c.obj (.text:free)
                  00006364    000000b1                                   : _printfi.c.obj (.text:_ltostr)
                  00006415    00000001     --HOLE-- [fill = 0]
                  00006416    0000009c                                   : memcpy_t2.asm.obj (.text)
                  000064b2    00000096                                   : ull_div_t2.asm.obj (.text)
                  00006548    00000086                                   : fd_cmp_t2.asm.obj (.text:__aeabi_cdcmple)
                  000065ce    00000086                                   : fd_cmp_t2.asm.obj (.text:__aeabi_cdrcmple)
                  00006654    0000007a                                   : memset_t2.asm.obj (.text)
                  000066ce    00000002     --HOLE-- [fill = 0]
                  000066d0    00000070                                   : memory.c.obj (.text:split)
                  00006740    0000006e                                   : _printfi.c.obj (.text:_mcpy)
                  000067ae    0000006e                                   : fd_tos_t2.asm.obj (.text)
                  0000681c    00000068                                   : copy_decompress_lzss.c.obj (.text:decompress:lzss:__TI_decompress_lzss)
                  00006884    00000064                                   : s_frexp.c.obj (.text:frexp)
                  000068e8    00000056                                   : _printfi.c.obj (.text:_pconv_f)
                  0000693e    00000054                                   : _ltoa.c.obj (.text:__TI_ltoa)
                  00006992    00000052                                   : _printfi.c.obj (.text:_ecpy)
                  000069e4    0000004c                                   : atoi.c.obj (.text:atoi)
                  00006a30    00000048                                   : fd_toi_t2.asm.obj (.text)
                  00006a78    00000044                                   : autoinit.c.obj (.text:__TI_auto_init_nobinit_nopinit:__TI_auto_init_nobinit_nopinit)
                  00006abc    00000040                                   : sprintf.c.obj (.text:sprintf)
                  00006afc    00000040                                   : vsnprintf.c.obj (.text:vsnprintf)
                  00006b3c    0000003e                                   : _printfi.c.obj (.text:_fcpy)
                  00006b7a    00000002     --HOLE-- [fill = 0]
                  00006b7c    00000038                                   : memory.c.obj (.text:calloc)
                  00006bb4    00000038                                   : fs_tod_t2.asm.obj (.text)
                  00006bec    00000034     driverlib.lib : interrupt.obj (.text:IntRegister)
                  00006c20    00000034     rtsv7M4_T_le_v4SPD16_eabi.lib : boot_cortex_m.c.obj (.text:_c_int00_noargs:_c_int00_noargs)
                  00006c54    00000030                                   : vsnprintf.c.obj (.text:_outs)
                  00006c84    0000002e                                   : i_tofd_t2.asm.obj (.text)
                  00006cb2    00000002     --HOLE-- [fill = 0]
                  00006cb4    00000028                                   : memory.c.obj (.text:free_list_insert)
                  00006cdc    0000001c                                   : copy_zero_init.c.obj (.text:decompress:ZI:__TI_zero_init_nomemset:__TI_zero_init_nomemset)
                  00006cf8    0000001c                                   : memory.c.obj (.text:free_list_remove)
                  00006d14    0000001c                                   : memccpy.c.obj (.text:memccpy)
                  00006d30    0000001a                                   : s_copysign.c.obj (.text:copysign)
                  00006d4a    00000018                                   : vsnprintf.c.obj (.text:_outc)
                  00006d62    00000018                                   : sprintf.c.obj (.text:_outs)
                  00006d7a    00000018     open_interface.obj (.text:oi_parseInt)
                  00006d92    00000018     rtsv7M4_T_le_v4SPD16_eabi.lib : strcmp.c.obj (.text:strcmp)
                  00006daa    00000016                                   : strchr.c.obj (.text:strchr)
                  00006dc0    00000014                                   : strcpy.c.obj (.text:strcpy)
                  00006dd4    00000014                                   : strlen.c.obj (.text:strlen)
                  00006de8    00000012                                   : wcslen.c.obj (.text:wcslen)
                  00006dfa    00000010     driverlib.lib : interrupt.obj (.text:IntMasterEnable)
                  00006e0a    00000010     lcd.obj (.text:lcd_clear)
                  00006e1a    0000000e     rtsv7M4_T_le_v4SPD16_eabi.lib : copy_decompress_none.c.obj (.text:decompress:none:__TI_decompress_none)
                  00006e28    0000000c     driverlib.lib : cpu.obj (.text:CPUcpsie)
                  00006e34    0000000c     tm4c123gh6pm_startup_ccs.obj (.text)
                  00006e40    0000000a     rtsv7M4_T_le_v4SPD16_eabi.lib : sprintf.c.obj (.text:_outc)
                  00006e4a    00000002     --HOLE-- [fill = 0]
                  00006e4c    00000008                                   : errno.c.obj (.text:__aeabi_errno_addr)
                  00006e54    00000008                                   : memory.c.obj (.text:malloc)
                  00006e5c    00000004                                   : pre_init.c.obj (.text:_system_pre_init)
                  00006e60    00000004                                   : exit.c.obj (.text:abort:abort)

.const     0    00006e68    0000033b     
                  00006e68    00000158     rtsv7M4_T_le_v4SPD16_eabi.lib : k_rem_pio2.c.obj (.const:$O1$$)
                  00006fc0    00000101                                   : ctype.c.obj (.const:.string:_ctypes_)
                  000070c1    00000004     lcd.obj (.const:.string:lineAddress$1)
                  000070c5    00000003     --HOLE-- [fill = 0]
                  000070c8    00000098     rtsv7M4_T_le_v4SPD16_eabi.lib : s_atan.c.obj (.const:$O1$$)
                  00007160    00000030                                   : e_pow.c.obj (.const:$O1$$)
                  00007190    0000000f     open_interface.obj (.const:.string:$P$T0$3)
                  0000719f    00000004     lcd.obj (.const:.string:lineAddresses$2)

.cinit     0    000071a8    00000058     
                  000071a8    0000001f     (.cinit..data.load) [load image, compression = lzss]
                  000071c7    00000001     --HOLE-- [fill = 0]
                  000071c8    0000000c     (__TI_handler_table)
                  000071d4    00000004     --HOLE-- [fill = 0]
                  000071d8    00000008     (.cinit..bss.load) [load image, compression = zero_init]
                  000071e0    00000008     (.cinit..vtable.load) [load image, compression = zero_init]
                  000071e8    00000018     (__TI_cinit_table)

.init_array 
*          0    00000000    00000000     UNINITIALIZED

.vtable    0    20000000    0000026c     UNINITIALIZED
                  20000000    0000026c     driverlib.lib : interrupt.obj (.vtable)

.stack     0    20000270    00001000     UNINITIALIZED
                  20000270    00000004     rtsv7M4_T_le_v4SPD16_eabi.lib : boot_cortex_m.c.obj (.stack)
                  20000274    00000ffc     --HOLE--

.sysmem    0    20001270    00001000     UNINITIALIZED
                  20001270    00000010     rtsv7M4_T_le_v4SPD16_eabi.lib : memory.c.obj (.sysmem)
                  20001280    00000ff0     --HOLE--

.bss       0    20002270    00000089     UNINITIALIZED
                  20002270    00000054     lcd.obj (.bss:lastbuffer$3)
                  200022c4    00000018     open_interface.obj (.bss:firmware$2)
                  200022dc    00000004     (.common:_timeout_ticks)
                  200022e0    00000004     (.common:fallingEdge)
                  200022e4    00000004     (.common:isr_int_value)
                  200022e8    00000004     (.common:left_calibration_value)
                  200022ec    00000004     (.common:pulseLength)
                  200022f0    00000004     (.common:right_calibration_value)
                  200022f4    00000004     (.common:risingEdge)
                  200022f8    00000001     (.common:isRisingEdge)

.data      0    200022fc    00000045     UNINITIALIZED
                  200022fc    00000020     open_interface.obj (.data)
                  2000231c    0000000c     uart-interrupt.obj (.data)
                  20002328    00000008     rtsv7M4_T_le_v4SPD16_eabi.lib : _lock.c.obj (.data:$O1$$)
                  20002330    00000008                                   : memory.c.obj (.data:$O1$$)
                  20002338    00000004     libcybotScan.lib : cyBot_Scan.obj (.data)
                  2000233c    00000004     rtsv7M4_T_le_v4SPD16_eabi.lib : errno.c.obj (.data)
                  20002340    00000001     Timer.obj (.data)

__llvm_prf_cnts 
*          0    20000000    00000000     UNINITIALIZED

MODULE SUMMARY

       Module                         code    ro data   rw data
       ------                         ----    -------   -------
    .\
       open_interface.obj             3128    15        56     
       lab7_tejal.obj                 2120    0         8      
       movement.obj                   1456    0         0      
       lcd.obj                        824     8         84     
       tm4c123gh6pm_startup_ccs.obj   12      620       0      
       Timer.obj                      584     0         5      
       uart-interrupt.obj             504     0         12     
    +--+------------------------------+-------+---------+---------+
       Total:                         8628    643       165    
                                                               
    ../libcybotScan.lib
       cyBot_Scan.obj                 608     0         4      
       ping.obj                       492     0         13     
       servo.obj                      344     0         0      
       ir.obj                         280     0         4      
    +--+------------------------------+-------+---------+---------+
       Total:                         1724    0         21     
                                                               
    C:/ti/TivaWare_C_Series-2.2.0.295/driverlib/ccs/Debug/driverlib.lib
       interrupt.obj                  68      0         620    
       cpu.obj                        12      0         0      
    +--+------------------------------+-------+---------+---------+
       Total:                         80      0         620    
                                                               
    C:\ti\ccs1271\ccs\tools\compiler\ti-cgt-arm_20.2.7.LTS\lib\rtsv7M4_T_le_v4SPD16_eabi.lib
       _printfi.c.obj                 4851    0         0      
       e_pow.c.obj                    2512    48        0      
       k_rem_pio2.c.obj               1848    344       0      
       s_sin.c.obj                    1504    0         0      
       s_atan.c.obj                   748     152       0      
       memory.c.obj                   728     0         8      
       e_atan2.c.obj                  484     0         0      
       fd_add_t2.asm.obj              438     0         0      
       k_sin.c.obj                    372     0         0      
       k_cos.c.obj                    368     0         0      
       e_sqrt.c.obj                   344     0         0      
       fd_div_t2.asm.obj              310     0         0      
       s_scalbn.c.obj                 272     0         0      
       fd_cmp_t2.asm.obj              268     0         0      
       ctype.c.obj                    0       257       0      
       fd_mul_t2.asm.obj              252     0         0      
       s_floor.c.obj                  248     0         0      
       memcpy_t2.asm.obj              156     0         0      
       ull_div_t2.asm.obj             150     0         0      
       vsnprintf.c.obj                136     0         0      
       memset_t2.asm.obj              122     0         0      
       fd_tos_t2.asm.obj              110     0         0      
       copy_decompress_lzss.c.obj     104     0         0      
       s_frexp.c.obj                  100     0         0      
       sprintf.c.obj                  98      0         0      
       _ltoa.c.obj                    84      0         0      
       atoi.c.obj                     76      0         0      
       fd_toi_t2.asm.obj              72      0         0      
       autoinit.c.obj                 68      0         0      
       fs_tod_t2.asm.obj              56      0         0      
       boot_cortex_m.c.obj            52      0         0      
       i_tofd_t2.asm.obj              46      0         0      
       copy_zero_init.c.obj           28      0         0      
       memccpy.c.obj                  28      0         0      
       s_copysign.c.obj               26      0         0      
       strcmp.c.obj                   24      0         0      
       strchr.c.obj                   22      0         0      
       strcpy.c.obj                   20      0         0      
       strlen.c.obj                   20      0         0      
       wcslen.c.obj                   18      0         0      
       copy_decompress_none.c.obj     14      0         0      
       errno.c.obj                    8       0         4      
       _lock.c.obj                    2       0         8      
       exit.c.obj                     4       0         0      
       pre_init.c.obj                 4       0         0      
       div0.asm.obj                   2       0         0      
    +--+------------------------------+-------+---------+---------+
       Total:                         17197   801       20     
                                                               
       Heap:                          0       0         4096   
       Stack:                         0       0         4096   
       Linker Generated:              0       83        0      
    +--+------------------------------+-------+---------+---------+
       Grand Total:                   27629   1527      9018   


LINKER GENERATED COPY TABLES

__TI_cinit_table @ 000071e8 records: 3, size/record: 8, table size: 24
	.data: load addr=000071a8, load size=0000001f bytes, run addr=200022fc, run size=00000045 bytes, compression=lzss
	.bss: load addr=000071d8, load size=00000008 bytes, run addr=20002270, run size=00000089 bytes, compression=zero_init
	.vtable: load addr=000071e0, load size=00000008 bytes, run addr=20000000, run size=0000026c bytes, compression=zero_init


LINKER GENERATED HANDLER TABLE

__TI_handler_table @ 000071c8 records: 3, size/record: 4, table size: 12
	index: 0, handler: __TI_zero_init
	index: 1, handler: __TI_decompress_lzss
	index: 2, handler: __TI_decompress_none


GLOBAL SYMBOLS: SORTED ALPHABETICALLY BY Name 

address   name                          
-------   ----                          
00005dfd  ADC0SS0_Handler               
00006e61  C$$EXIT                       
00006e29  CPUcpsie                      
00000bc3  GPIOF_Handler                 
00006dfb  IntMasterEnable               
00006bed  IntRegister                   
00006e35  ResetISR                      
00004dd1  TIMER3B_Handler               
00004c1b  UART1_Handler                 
20001270  __STACK_END                   
00001000  __STACK_SIZE                  
20000470  __STACK_TOP                   
00001000  __SYSMEM_SIZE                 
000071e8  __TI_CINIT_Base               
00007200  __TI_CINIT_Limit              
000071c8  __TI_Handler_Table_Base       
000071d4  __TI_Handler_Table_Limit      
00006a79  __TI_auto_init_nobinit_nopinit
0000681d  __TI_decompress_lzss          
00006e1b  __TI_decompress_none          
0000693f  __TI_ltoa                     
ffffffff  __TI_pprof_out_hndl           
00000e8d  __TI_printfi                  
ffffffff  __TI_prof_data_size           
ffffffff  __TI_prof_data_start          
00000000  __TI_static_base__            
00006cdd  __TI_zero_init_nomemset       
00006549  __aeabi_cdcmpeq               
00006549  __aeabi_cdcmple               
000065cf  __aeabi_cdrcmple              
000067af  __aeabi_d2f                   
00006a31  __aeabi_d2iz                  
0000528b  __aeabi_dadd                  
00005b09  __aeabi_ddiv                  
0000608d  __aeabi_dmul                  
00005281  __aeabi_dsub                  
00006e4d  __aeabi_errno_addr            
00006bb5  __aeabi_f2d                   
00006c85  __aeabi_i2d                   
00005437  __aeabi_idiv0                 
00005437  __aeabi_ldiv0                 
00006655  __aeabi_memclr                
00006655  __aeabi_memclr4               
00006655  __aeabi_memclr8               
00006417  __aeabi_memcpy                
00006417  __aeabi_memcpy4               
00006417  __aeabi_memcpy8               
00006657  __aeabi_memset                
00006657  __aeabi_memset4               
00006657  __aeabi_memset8               
000064b3  __aeabi_uldivmod              
ffffffff  __binit__                     
ffffffff  __c_args__                    
000055ad  __kernel_cos                  
00002af5  __kernel_rem_pio2             
00005439  __kernel_sin                  
UNDEFED   __mpu_init                    
20000270  __stack                       
20000000  __start___llvm_prf_cnts       
20000000  __stop___llvm_prf_cnts        
00006c21  _c_int00_noargs               
00006fc0  _ctypes_                      
20002328  _lock                         
000018db  _nop                          
20002340  _running                      
20001270  _sys_memory                   
UNDEFED   _system_post_cinit            
00006e5d  _system_pre_init              
200022dc  _timeout_ticks                
2000232c  _unlock                       
00006e61  abort                         
00005f8d  aligned_alloc                 
000040e5  atan                          
00004ecd  atan2                         
00004ecd  atan2l                        
000040e5  atanl                         
000069e5  atoi                          
0000293b  avgIR                         
ffffffff  binit                         
00006b7d  calloc                        
00006d31  copysign                      
00006d31  copysignl                     
00004719  cyBOT_SERVO_cal               
000046a7  cyBOT_Scan                    
0000464f  cyBOT_init_Scan               
20002338  cyBOT_scan_features           
00004641  cyBOT_scan_version            
00003d4b  encounter_obstacle_left       
00003d07  encounter_obstacle_right      
2000233c  errno                         
200022e0  fallingEdge                   
00006189  floor                         
00006189  floorl                        
00006281  free                          
00006885  frexp                         
00006885  frexpl                        
20000000  g_pfnRAMVectors               
00000000  g_pfnVectors                  
00002975  getDistAtAngle                
00002a39  goToObject                    
0000097f  go_charge                     
00005e13  ir_enableInterrupt            
00005df5  ir_getDistance                
00005dcd  ir_getValue                   
00005d65  ir_init                       
200022f8  isRisingEdge                  
200022e4  isr_int_value                 
00006e0b  lcd_clear                     
00003f91  lcd_gotoLine                  
00003df9  lcd_init                      
00003ff7  lcd_printf                    
00003eb9  lcd_putc                      
00003ef1  lcd_puts                      
00003dbd  lcd_reverseNibble             
00003f0f  lcd_sendCommand               
00003f4d  lcd_sendNibble                
00003fb9  lcd_setCursorPos              
00005e7d  ldexp                         
00005e7d  ldexpl                        
200022e8  left_calibration_value        
000022ad  main                          
00006e55  malloc                        
000028d1  max                           
00005f8d  memalign                      
00006d15  memccpy                       
00006417  memcpy                        
0000665d  memset                        
000028a5  min                           
200022fc  motor_cal_factor_L            
20002300  motor_cal_factor_R            
00003b8d  move_backward                 
0000380d  move_forward                  
0000026d  oi_alloc                      
00000aa9  oi_checkFirmware              
000002c7  oi_close                      
00000279  oi_free                       
00000ded  oi_getMotorCalibrationLeft    
00000e01  oi_getMotorCalibrationRight   
000002b1  oi_init                       
00000289  oi_init_noupdate              
00000915  oi_loadSong                   
00006d7b  oi_parseInt                   
0000032b  oi_parsePacket                
0000096b  oi_play_song                  
0000084b  oi_setLeds                    
00000db1  oi_setMotorCalibration        
0000088f  oi_setWheels                  
00000b51  oi_shutoff_init               
0000098d  oi_uartInit                   
00000a31  oi_uartReceive                
00000a77  oi_uartSendBuff               
00000a15  oi_uartSendChar               
00000a59  oi_uartSendStr                
000002d9  oi_update                     
00004e23  ping_getDistance              
00004ce1  ping_init                     
00004d67  ping_trigger                  
000018dd  pow                           
000018dd  powl                          
00002899  printStringToPutty            
200022ec  pulseLength                   
000028fd  rawToCm                       
200022f0  right_calibration_value       
200022f4  risingEdge                    
00005e7d  scalbn                        
00005e7d  scalbnl                       
0000571d  servo_init                    
000057ad  servo_move                    
0000580d  servo_setPWM                  
000057a1  servo_stop                    
0000322d  sin                           
0000322d  sinl                          
00006abd  sprintf                       
00005875  sqrt                          
00005875  sqrtl                         
2000231c  start_command                 
20002320  start_flag                    
2000231d  stop_command                  
20002324  stop_flag                     
00006dab  strchr                        
00006d93  strcmp                        
00006dc1  strcpy                        
00006dd5  strlen                        
000049bf  timer_getMicros               
00004967  timer_getMillis               
000048a1  timer_init                    
00004943  timer_pause                   
00004955  timer_resume                  
00004919  timer_stop                    
00004a19  timer_waitMicros              
00004a4b  timer_waitMillis              
00003c09  turn_cclockwise               
00003c79  turn_clockwise                
00004ae9  uart_interrupt_init           
00004be3  uart_receive                  
00004bc7  uart_sendChar                 
00004bf7  uart_sendStr                  
00006afd  vsnprintf                     
00006de9  wcslen                        


GLOBAL SYMBOLS: SORTED BY Symbol Address 

address   name                          
-------   ----                          
00000000  __TI_static_base__            
00000000  g_pfnVectors                  
0000026d  oi_alloc                      
00000279  oi_free                       
00000289  oi_init_noupdate              
000002b1  oi_init                       
000002c7  oi_close                      
000002d9  oi_update                     
0000032b  oi_parsePacket                
0000084b  oi_setLeds                    
0000088f  oi_setWheels                  
00000915  oi_loadSong                   
0000096b  oi_play_song                  
0000097f  go_charge                     
0000098d  oi_uartInit                   
00000a15  oi_uartSendChar               
00000a31  oi_uartReceive                
00000a59  oi_uartSendStr                
00000a77  oi_uartSendBuff               
00000aa9  oi_checkFirmware              
00000b51  oi_shutoff_init               
00000bc3  GPIOF_Handler                 
00000db1  oi_setMotorCalibration        
00000ded  oi_getMotorCalibrationLeft    
00000e01  oi_getMotorCalibrationRight   
00000e8d  __TI_printfi                  
00001000  __STACK_SIZE                  
00001000  __SYSMEM_SIZE                 
000018db  _nop                          
000018dd  pow                           
000018dd  powl                          
000022ad  main                          
00002899  printStringToPutty            
000028a5  min                           
000028d1  max                           
000028fd  rawToCm                       
0000293b  avgIR                         
00002975  getDistAtAngle                
00002a39  goToObject                    
00002af5  __kernel_rem_pio2             
0000322d  sin                           
0000322d  sinl                          
0000380d  move_forward                  
00003b8d  move_backward                 
00003c09  turn_cclockwise               
00003c79  turn_clockwise                
00003d07  encounter_obstacle_right      
00003d4b  encounter_obstacle_left       
00003dbd  lcd_reverseNibble             
00003df9  lcd_init                      
00003eb9  lcd_putc                      
00003ef1  lcd_puts                      
00003f0f  lcd_sendCommand               
00003f4d  lcd_sendNibble                
00003f91  lcd_gotoLine                  
00003fb9  lcd_setCursorPos              
00003ff7  lcd_printf                    
000040e5  atan                          
000040e5  atanl                         
00004641  cyBOT_scan_version            
0000464f  cyBOT_init_Scan               
000046a7  cyBOT_Scan                    
00004719  cyBOT_SERVO_cal               
000048a1  timer_init                    
00004919  timer_stop                    
00004943  timer_pause                   
00004955  timer_resume                  
00004967  timer_getMillis               
000049bf  timer_getMicros               
00004a19  timer_waitMicros              
00004a4b  timer_waitMillis              
00004ae9  uart_interrupt_init           
00004bc7  uart_sendChar                 
00004be3  uart_receive                  
00004bf7  uart_sendStr                  
00004c1b  UART1_Handler                 
00004ce1  ping_init                     
00004d67  ping_trigger                  
00004dd1  TIMER3B_Handler               
00004e23  ping_getDistance              
00004ecd  atan2                         
00004ecd  atan2l                        
00005281  __aeabi_dsub                  
0000528b  __aeabi_dadd                  
00005437  __aeabi_idiv0                 
00005437  __aeabi_ldiv0                 
00005439  __kernel_sin                  
000055ad  __kernel_cos                  
0000571d  servo_init                    
000057a1  servo_stop                    
000057ad  servo_move                    
0000580d  servo_setPWM                  
00005875  sqrt                          
00005875  sqrtl                         
00005b09  __aeabi_ddiv                  
00005d65  ir_init                       
00005dcd  ir_getValue                   
00005df5  ir_getDistance                
00005dfd  ADC0SS0_Handler               
00005e13  ir_enableInterrupt            
00005e7d  ldexp                         
00005e7d  ldexpl                        
00005e7d  scalbn                        
00005e7d  scalbnl                       
00005f8d  aligned_alloc                 
00005f8d  memalign                      
0000608d  __aeabi_dmul                  
00006189  floor                         
00006189  floorl                        
00006281  free                          
00006417  __aeabi_memcpy                
00006417  __aeabi_memcpy4               
00006417  __aeabi_memcpy8               
00006417  memcpy                        
000064b3  __aeabi_uldivmod              
00006549  __aeabi_cdcmpeq               
00006549  __aeabi_cdcmple               
000065cf  __aeabi_cdrcmple              
00006655  __aeabi_memclr                
00006655  __aeabi_memclr4               
00006655  __aeabi_memclr8               
00006657  __aeabi_memset                
00006657  __aeabi_memset4               
00006657  __aeabi_memset8               
0000665d  memset                        
000067af  __aeabi_d2f                   
0000681d  __TI_decompress_lzss          
00006885  frexp                         
00006885  frexpl                        
0000693f  __TI_ltoa                     
000069e5  atoi                          
00006a31  __aeabi_d2iz                  
00006a79  __TI_auto_init_nobinit_nopinit
00006abd  sprintf                       
00006afd  vsnprintf                     
00006b7d  calloc                        
00006bb5  __aeabi_f2d                   
00006bed  IntRegister                   
00006c21  _c_int00_noargs               
00006c85  __aeabi_i2d                   
00006cdd  __TI_zero_init_nomemset       
00006d15  memccpy                       
00006d31  copysign                      
00006d31  copysignl                     
00006d7b  oi_parseInt                   
00006d93  strcmp                        
00006dab  strchr                        
00006dc1  strcpy                        
00006dd5  strlen                        
00006de9  wcslen                        
00006dfb  IntMasterEnable               
00006e0b  lcd_clear                     
00006e1b  __TI_decompress_none          
00006e29  CPUcpsie                      
00006e35  ResetISR                      
00006e4d  __aeabi_errno_addr            
00006e55  malloc                        
00006e5d  _system_pre_init              
00006e61  C$$EXIT                       
00006e61  abort                         
00006fc0  _ctypes_                      
000071c8  __TI_Handler_Table_Base       
000071d4  __TI_Handler_Table_Limit      
000071e8  __TI_CINIT_Base               
00007200  __TI_CINIT_Limit              
20000000  __start___llvm_prf_cnts       
20000000  __stop___llvm_prf_cnts        
20000000  g_pfnRAMVectors               
20000270  __stack                       
20000470  __STACK_TOP                   
20001270  __STACK_END                   
20001270  _sys_memory                   
200022dc  _timeout_ticks                
200022e0  fallingEdge                   
200022e4  isr_int_value                 
200022e8  left_calibration_value        
200022ec  pulseLength                   
200022f0  right_calibration_value       
200022f4  risingEdge                    
200022f8  isRisingEdge                  
200022fc  motor_cal_factor_L            
20002300  motor_cal_factor_R            
2000231c  start_command                 
2000231d  stop_command                  
20002320  start_flag                    
20002324  stop_flag                     
20002328  _lock                         
2000232c  _unlock                       
20002338  cyBOT_scan_features           
2000233c  errno                         
20002340  _running                      
ffffffff  __TI_pprof_out_hndl           
ffffffff  __TI_prof_data_size           
ffffffff  __TI_prof_data_start          
ffffffff  __binit__                     
ffffffff  __c_args__                    
ffffffff  binit                         
UNDEFED   __mpu_init                    
UNDEFED   _system_post_cinit            

[199 symbols]
