******************************************************************************
                  TI ARM Linker PC v20.2.7                     
******************************************************************************
>> Linked Thu Mar 27 19:41:59 2025

OUTPUT FILE NAME:   <Lab 7.out>
ENTRY POINT SYMBOL: "_c_int00_noargs"  address: 00007759


MEMORY CONFIGURATION

         name            origin    length      used     unused   attr    fill
----------------------  --------  ---------  --------  --------  ----  --------
  FLASH                 00000000   00040000  00007d2f  000382d1  R  X
  SRAM                  20000000   00008000  0000233a  00005cc6  RW X


SEGMENT ALLOCATION MAP

run origin  load origin   length   init length attrs members
----------  ----------- ---------- ----------- ----- -------
00000000    00000000    00007d38   00007d38    r-x
  00000000    00000000    0000026c   0000026c    r-- .intvecs
  0000026c    0000026c    00007730   00007730    r-x .text
  000079a0    000079a0    0000033b   0000033b    r-- .const
  00007ce0    00007ce0    00000058   00000058    r-- .cinit
20000000    20000000    00002341   00000000    rw-
  20000000    20000000    0000026c   00000000    rw- .vtable
  20000270    20000270    00001000   00000000    rw- .stack
  20001270    20001270    00001000   00000000    rw- .sysmem
  20002270    20002270    00000089   00000000    rw- .bss
  200022fc    200022fc    00000045   00000000    rw- .data


SECTION ALLOCATION MAP

 output                                  attributes/
section   page    origin      length       input sections
--------  ----  ----------  ----------   ----------------
.intvecs   0    00000000    0000026c     
                  00000000    0000026c     tm4c123gh6pm_startup_ccs.obj (.intvecs)

.text      0    0000026c    00007730     
                  0000026c    00000c20     open_interface.obj (.text)
                  00000e8c    00000acc     movement.obj (.text)
                  00001958    00000a4e     rtsv7M4_T_le_v4SPD16_eabi.lib : _printfi.c.obj (.text:__TI_printfi)
                  000023a6    00000002                                   : _lock.c.obj (.text:_nop)
                  000023a8    000009d0                                   : e_pow.c.obj (.text:pow)
                  00002d78    00000888     lab7_tejal.obj (.text)
                  00003600    00000738     rtsv7M4_T_le_v4SPD16_eabi.lib : k_rem_pio2.c.obj (.text:__kernel_rem_pio2)
                  00003d38    000005e0                                   : s_sin.c.obj (.text:sin)
                  00004318    000005dc                                   : s_cos.c.obj (.text:cos)
                  000048f4    00000328     lcd.obj (.text)
                  00004c1c    000002ec     rtsv7M4_T_le_v4SPD16_eabi.lib : s_atan.c.obj (.text:atan)
                  00004f08    00000270                                   : _printfi.c.obj (.text:_pconv_a)
                  00005178    00000260     libcybotScan.lib : cyBot_Scan.obj (.text)
                  000053d8    00000248     Timer.obj (.text)
                  00005620    000001f8     uart-interrupt.obj (.text)
                  00005818    000001ec     libcybotScan.lib : ping.obj (.text)
                  00005a04    000001e4     rtsv7M4_T_le_v4SPD16_eabi.lib : e_atan2.c.obj (.text:atan2)
                  00005be8    000001d0                                   : _printfi.c.obj (.text:_pconv_g)
                  00005db8    000001b6                                   : fd_add_t2.asm.obj (.text)
                  00005f6e    00000002                                   : div0.asm.obj (.text)
                  00005f70    00000174                                   : k_sin.c.obj (.text:__kernel_sin)
                  000060e4    00000170                                   : k_cos.c.obj (.text:__kernel_cos)
                  00006254    00000158     libcybotScan.lib : servo.obj (.text)
                  000063ac    00000158     rtsv7M4_T_le_v4SPD16_eabi.lib : e_sqrt.c.obj (.text:sqrt)
                  00006504    0000013c                                   : _printfi.c.obj (.text:_pconv_e)
                  00006640    00000136                                   : fd_div_t2.asm.obj (.text)
                  00006776    00000002     --HOLE-- [fill = 0]
                  00006778    00000124                                   : _printfi.c.obj (.text:fcvt)
                  0000689c    00000118     libcybotScan.lib : ir.obj (.text)
                  000069b4    00000110     rtsv7M4_T_le_v4SPD16_eabi.lib : s_scalbn.c.obj (.text:scalbn)
                  00006ac4    00000100                                   : memory.c.obj (.text:aligned_alloc)
                  00006bc4    000000fc                                   : fd_mul_t2.asm.obj (.text)
                  00006cc0    000000f8                                   : s_floor.c.obj (.text:floor)
                  00006db8    000000e4                                   : memory.c.obj (.text:free)
                  00006e9c    000000b1                                   : _printfi.c.obj (.text:_ltostr)
                  00006f4d    00000001     --HOLE-- [fill = 0]
                  00006f4e    0000009c                                   : memcpy_t2.asm.obj (.text)
                  00006fea    00000096                                   : ull_div_t2.asm.obj (.text)
                  00007080    00000086                                   : fd_cmp_t2.asm.obj (.text:__aeabi_cdcmple)
                  00007106    00000086                                   : fd_cmp_t2.asm.obj (.text:__aeabi_cdrcmple)
                  0000718c    0000007a                                   : memset_t2.asm.obj (.text)
                  00007206    00000002     --HOLE-- [fill = 0]
                  00007208    00000070                                   : memory.c.obj (.text:split)
                  00007278    0000006e                                   : _printfi.c.obj (.text:_mcpy)
                  000072e6    0000006e                                   : fd_tos_t2.asm.obj (.text)
                  00007354    00000068                                   : copy_decompress_lzss.c.obj (.text:decompress:lzss:__TI_decompress_lzss)
                  000073bc    00000064                                   : s_frexp.c.obj (.text:frexp)
                  00007420    00000056                                   : _printfi.c.obj (.text:_pconv_f)
                  00007476    00000054                                   : _ltoa.c.obj (.text:__TI_ltoa)
                  000074ca    00000052                                   : _printfi.c.obj (.text:_ecpy)
                  0000751c    0000004c                                   : atoi.c.obj (.text:atoi)
                  00007568    00000048                                   : fd_toi_t2.asm.obj (.text)
                  000075b0    00000044                                   : autoinit.c.obj (.text:__TI_auto_init_nobinit_nopinit:__TI_auto_init_nobinit_nopinit)
                  000075f4    00000040                                   : sprintf.c.obj (.text:sprintf)
                  00007634    00000040                                   : vsnprintf.c.obj (.text:vsnprintf)
                  00007674    0000003e                                   : _printfi.c.obj (.text:_fcpy)
                  000076b2    00000002     --HOLE-- [fill = 0]
                  000076b4    00000038                                   : memory.c.obj (.text:calloc)
                  000076ec    00000038                                   : fs_tod_t2.asm.obj (.text)
                  00007724    00000034     driverlib.lib : interrupt.obj (.text:IntRegister)
                  00007758    00000034     rtsv7M4_T_le_v4SPD16_eabi.lib : boot_cortex_m.c.obj (.text:_c_int00_noargs:_c_int00_noargs)
                  0000778c    00000030                                   : vsnprintf.c.obj (.text:_outs)
                  000077bc    0000002e                                   : i_tofd_t2.asm.obj (.text)
                  000077ea    00000002     --HOLE-- [fill = 0]
                  000077ec    00000028                                   : memory.c.obj (.text:free_list_insert)
                  00007814    0000001c                                   : copy_zero_init.c.obj (.text:decompress:ZI:__TI_zero_init_nomemset:__TI_zero_init_nomemset)
                  00007830    0000001c                                   : memory.c.obj (.text:free_list_remove)
                  0000784c    0000001c                                   : memccpy.c.obj (.text:memccpy)
                  00007868    0000001a                                   : s_copysign.c.obj (.text:copysign)
                  00007882    00000018                                   : vsnprintf.c.obj (.text:_outc)
                  0000789a    00000018                                   : sprintf.c.obj (.text:_outs)
                  000078b2    00000018     open_interface.obj (.text:oi_parseInt)
                  000078ca    00000018     rtsv7M4_T_le_v4SPD16_eabi.lib : strcmp.c.obj (.text:strcmp)
                  000078e2    00000016                                   : strchr.c.obj (.text:strchr)
                  000078f8    00000014                                   : strcpy.c.obj (.text:strcpy)
                  0000790c    00000014                                   : strlen.c.obj (.text:strlen)
                  00007920    00000012                                   : wcslen.c.obj (.text:wcslen)
                  00007932    00000010     driverlib.lib : interrupt.obj (.text:IntMasterEnable)
                  00007942    00000010     lcd.obj (.text:lcd_clear)
                  00007952    0000000e     rtsv7M4_T_le_v4SPD16_eabi.lib : copy_decompress_none.c.obj (.text:decompress:none:__TI_decompress_none)
                  00007960    0000000c     driverlib.lib : cpu.obj (.text:CPUcpsie)
                  0000796c    0000000c     tm4c123gh6pm_startup_ccs.obj (.text)
                  00007978    0000000a     rtsv7M4_T_le_v4SPD16_eabi.lib : sprintf.c.obj (.text:_outc)
                  00007982    00000002     --HOLE-- [fill = 0]
                  00007984    00000008                                   : errno.c.obj (.text:__aeabi_errno_addr)
                  0000798c    00000008                                   : memory.c.obj (.text:malloc)
                  00007994    00000004                                   : pre_init.c.obj (.text:_system_pre_init)
                  00007998    00000004                                   : exit.c.obj (.text:abort:abort)

.const     0    000079a0    0000033b     
                  000079a0    00000158     rtsv7M4_T_le_v4SPD16_eabi.lib : k_rem_pio2.c.obj (.const:$O1$$)
                  00007af8    00000101                                   : ctype.c.obj (.const:.string:_ctypes_)
                  00007bf9    00000004     lcd.obj (.const:.string:lineAddress$1)
                  00007bfd    00000003     --HOLE-- [fill = 0]
                  00007c00    00000098     rtsv7M4_T_le_v4SPD16_eabi.lib : s_atan.c.obj (.const:$O1$$)
                  00007c98    00000030                                   : e_pow.c.obj (.const:$O1$$)
                  00007cc8    0000000f     open_interface.obj (.const:.string:$P$T0$3)
                  00007cd7    00000004     lcd.obj (.const:.string:lineAddresses$2)

.cinit     0    00007ce0    00000058     
                  00007ce0    0000001f     (.cinit..data.load) [load image, compression = lzss]
                  00007cff    00000001     --HOLE-- [fill = 0]
                  00007d00    0000000c     (__TI_handler_table)
                  00007d0c    00000004     --HOLE-- [fill = 0]
                  00007d10    00000008     (.cinit..bss.load) [load image, compression = zero_init]
                  00007d18    00000008     (.cinit..vtable.load) [load image, compression = zero_init]
                  00007d20    00000018     (__TI_cinit_table)

.init_array 
*          0    00000000    00000000     UNINITIALIZED

.vtable    0    20000000    0000026c     UNINITIALIZED
                  20000000    0000026c     driverlib.lib : interrupt.obj (.vtable)

.stack     0    20000270    00001000     UNINITIALIZED
                  20000270    00000004     rtsv7M4_T_le_v4SPD16_eabi.lib : boot_cortex_m.c.obj (.stack)
                  20000274    00000ffc     --HOLE--

.sysmem    0    20001270    00001000     UNINITIALIZED
                  20001270    00000010     rtsv7M4_T_le_v4SPD16_eabi.lib : memory.c.obj (.sysmem)
                  20001280    00000ff0     --HOLE--

.bss       0    20002270    00000089     UNINITIALIZED
                  20002270    00000054     lcd.obj (.bss:lastbuffer$3)
                  200022c4    00000018     open_interface.obj (.bss:firmware$2)
                  200022dc    00000004     (.common:_timeout_ticks)
                  200022e0    00000004     (.common:fallingEdge)
                  200022e4    00000004     (.common:isr_int_value)
                  200022e8    00000004     (.common:left_calibration_value)
                  200022ec    00000004     (.common:pulseLength)
                  200022f0    00000004     (.common:right_calibration_value)
                  200022f4    00000004     (.common:risingEdge)
                  200022f8    00000001     (.common:isRisingEdge)

.data      0    200022fc    00000045     UNINITIALIZED
                  200022fc    00000020     open_interface.obj (.data)
                  2000231c    0000000c     uart-interrupt.obj (.data)
                  20002328    00000008     rtsv7M4_T_le_v4SPD16_eabi.lib : _lock.c.obj (.data:$O1$$)
                  20002330    00000008                                   : memory.c.obj (.data:$O1$$)
                  20002338    00000004     libcybotScan.lib : cyBot_Scan.obj (.data)
                  2000233c    00000004     rtsv7M4_T_le_v4SPD16_eabi.lib : errno.c.obj (.data)
                  20002340    00000001     Timer.obj (.data)

__llvm_prf_cnts 
*          0    20000000    00000000     UNINITIALIZED

MODULE SUMMARY

       Module                         code    ro data   rw data
       ------                         ----    -------   -------
    .\
       open_interface.obj             3128    15        56     
       movement.obj                   2764    0         0      
       lab7_tejal.obj                 2184    0         8      
       lcd.obj                        824     8         84     
       tm4c123gh6pm_startup_ccs.obj   12      620       0      
       Timer.obj                      584     0         5      
       uart-interrupt.obj             504     0         12     
    +--+------------------------------+-------+---------+---------+
       Total:                         10000   643       165    
                                                               
    ../libcybotScan.lib
       cyBot_Scan.obj                 608     0         4      
       ping.obj                       492     0         13     
       servo.obj                      344     0         0      
       ir.obj                         280     0         4      
    +--+------------------------------+-------+---------+---------+
       Total:                         1724    0         21     
                                                               
    C:/ti/TivaWare_C_Series-2.2.0.295/driverlib/ccs/Debug/driverlib.lib
       interrupt.obj                  68      0         620    
       cpu.obj                        12      0         0      
    +--+------------------------------+-------+---------+---------+
       Total:                         80      0         620    
                                                               
    C:\ti\ccs1271\ccs\tools\compiler\ti-cgt-arm_20.2.7.LTS\lib\rtsv7M4_T_le_v4SPD16_eabi.lib
       _printfi.c.obj                 4851    0         0      
       e_pow.c.obj                    2512    48        0      
       k_rem_pio2.c.obj               1848    344       0      
       s_sin.c.obj                    1504    0         0      
       s_cos.c.obj                    1500    0         0      
       s_atan.c.obj                   748     152       0      
       memory.c.obj                   728     0         8      
       e_atan2.c.obj                  484     0         0      
       fd_add_t2.asm.obj              438     0         0      
       k_sin.c.obj                    372     0         0      
       k_cos.c.obj                    368     0         0      
       e_sqrt.c.obj                   344     0         0      
       fd_div_t2.asm.obj              310     0         0      
       s_scalbn.c.obj                 272     0         0      
       fd_cmp_t2.asm.obj              268     0         0      
       ctype.c.obj                    0       257       0      
       fd_mul_t2.asm.obj              252     0         0      
       s_floor.c.obj                  248     0         0      
       memcpy_t2.asm.obj              156     0         0      
       ull_div_t2.asm.obj             150     0         0      
       vsnprintf.c.obj                136     0         0      
       memset_t2.asm.obj              122     0         0      
       fd_tos_t2.asm.obj              110     0         0      
       copy_decompress_lzss.c.obj     104     0         0      
       s_frexp.c.obj                  100     0         0      
       sprintf.c.obj                  98      0         0      
       _ltoa.c.obj                    84      0         0      
       atoi.c.obj                     76      0         0      
       fd_toi_t2.asm.obj              72      0         0      
       autoinit.c.obj                 68      0         0      
       fs_tod_t2.asm.obj              56      0         0      
       boot_cortex_m.c.obj            52      0         0      
       i_tofd_t2.asm.obj              46      0         0      
       copy_zero_init.c.obj           28      0         0      
       memccpy.c.obj                  28      0         0      
       s_copysign.c.obj               26      0         0      
       strcmp.c.obj                   24      0         0      
       strchr.c.obj                   22      0         0      
       strcpy.c.obj                   20      0         0      
       strlen.c.obj                   20      0         0      
       wcslen.c.obj                   18      0         0      
       copy_decompress_none.c.obj     14      0         0      
       errno.c.obj                    8       0         4      
       _lock.c.obj                    2       0         8      
       exit.c.obj                     4       0         0      
       pre_init.c.obj                 4       0         0      
       div0.asm.obj                   2       0         0      
    +--+------------------------------+-------+---------+---------+
       Total:                         18697   801       20     
                                                               
       Heap:                          0       0         4096   
       Stack:                         0       0         4096   
       Linker Generated:              0       83        0      
    +--+------------------------------+-------+---------+---------+
       Grand Total:                   30501   1527      9018   


LINKER GENERATED COPY TABLES

__TI_cinit_table @ 00007d20 records: 3, size/record: 8, table size: 24
	.data: load addr=00007ce0, load size=0000001f bytes, run addr=200022fc, run size=00000045 bytes, compression=lzss
	.bss: load addr=00007d10, load size=00000008 bytes, run addr=20002270, run size=00000089 bytes, compression=zero_init
	.vtable: load addr=00007d18, load size=00000008 bytes, run addr=20000000, run size=0000026c bytes, compression=zero_init


LINKER GENERATED HANDLER TABLE

__TI_handler_table @ 00007d00 records: 3, size/record: 4, table size: 12
	index: 0, handler: __TI_zero_init
	index: 1, handler: __TI_decompress_lzss
	index: 2, handler: __TI_decompress_none


GLOBAL SYMBOLS: SORTED ALPHABETICALLY BY Name 

address   name                          
-------   ----                          
00006935  ADC0SS0_Handler               
00007999  C$$EXIT                       
00007961  CPUcpsie                      
00000bc3  GPIOF_Handler                 
00007933  IntMasterEnable               
00007725  IntRegister                   
0000796d  ResetISR                      
00005909  TIMER3B_Handler               
00005753  UART1_Handler                 
20001270  __STACK_END                   
00001000  __STACK_SIZE                  
20000470  __STACK_TOP                   
00001000  __SYSMEM_SIZE                 
00007d20  __TI_CINIT_Base               
00007d38  __TI_CINIT_Limit              
00007d00  __TI_Handler_Table_Base       
00007d0c  __TI_Handler_Table_Limit      
000075b1  __TI_auto_init_nobinit_nopinit
00007355  __TI_decompress_lzss          
00007953  __TI_decompress_none          
00007477  __TI_ltoa                     
ffffffff  __TI_pprof_out_hndl           
00001959  __TI_printfi                  
ffffffff  __TI_prof_data_size           
ffffffff  __TI_prof_data_start          
00000000  __TI_static_base__            
00007815  __TI_zero_init_nomemset       
00007081  __aeabi_cdcmpeq               
00007081  __aeabi_cdcmple               
00007107  __aeabi_cdrcmple              
000072e7  __aeabi_d2f                   
00007569  __aeabi_d2iz                  
00005dc3  __aeabi_dadd                  
00006641  __aeabi_ddiv                  
00006bc5  __aeabi_dmul                  
00005db9  __aeabi_dsub                  
00007985  __aeabi_errno_addr            
000076ed  __aeabi_f2d                   
000077bd  __aeabi_i2d                   
00005f6f  __aeabi_idiv0                 
00005f6f  __aeabi_ldiv0                 
0000718d  __aeabi_memclr                
0000718d  __aeabi_memclr4               
0000718d  __aeabi_memclr8               
00006f4f  __aeabi_memcpy                
00006f4f  __aeabi_memcpy4               
00006f4f  __aeabi_memcpy8               
0000718f  __aeabi_memset                
0000718f  __aeabi_memset4               
0000718f  __aeabi_memset8               
00006feb  __aeabi_uldivmod              
ffffffff  __binit__                     
ffffffff  __c_args__                    
000060e5  __kernel_cos                  
00003601  __kernel_rem_pio2             
00005f71  __kernel_sin                  
UNDEFED   __mpu_init                    
20000270  __stack                       
20000000  __start___llvm_prf_cnts       
20000000  __stop___llvm_prf_cnts        
00007759  _c_int00_noargs               
00007af8  _ctypes_                      
20002328  _lock                         
000023a7  _nop                          
20002340  _running                      
20001270  _sys_memory                   
UNDEFED   _system_post_cinit            
00007995  _system_pre_init              
200022dc  _timeout_ticks                
2000232c  _unlock                       
00007999  abort                         
00006ac5  aligned_alloc                 
00004c1d  atan                          
00005a05  atan2                         
00005a05  atan2l                        
00004c1d  atanl                         
0000751d  atoi                          
00000f45  autoMoveForward               
00003407  avgIR                         
ffffffff  binit                         
000076b5  calloc                        
00007869  copysign                      
00007869  copysignl                     
00004319  cos                           
00004319  cosl                          
00005251  cyBOT_SERVO_cal               
000051df  cyBOT_Scan                    
00005187  cyBOT_init_Scan               
20002338  cyBOT_scan_features           
00005179  cyBOT_scan_version            
000018dd  encounter_obstacle_left       
00001899  encounter_obstacle_right      
2000233c  errno                         
200022e0  fallingEdge                   
00006cc1  floor                         
00006cc1  floorl                        
00006db9  free                          
000073bd  frexp                         
000073bd  frexpl                        
20000000  g_pfnRAMVectors               
00000000  g_pfnVectors                  
00003441  getDistAtAngle                
0000351b  goToObject                    
0000097f  go_charge                     
0000694b  ir_enableInterrupt            
0000692d  ir_getDistance                
00006905  ir_getValue                   
0000689d  ir_init                       
200022f8  isRisingEdge                  
200022e4  isr_int_value                 
00007943  lcd_clear                     
00004ac9  lcd_gotoLine                  
00004931  lcd_init                      
00004b2f  lcd_printf                    
000049f1  lcd_putc                      
00004a29  lcd_puts                      
000048f5  lcd_reverseNibble             
00004a47  lcd_sendCommand               
00004a85  lcd_sendNibble                
00004af1  lcd_setCursorPos              
000069b5  ldexp                         
000069b5  ldexpl                        
200022e8  left_calibration_value        
00002d79  main                          
0000798d  malloc                        
0000339d  max                           
00006ac5  memalign                      
0000784d  memccpy                       
00006f4f  memcpy                        
00007195  memset                        
00003371  min                           
200022fc  motor_cal_factor_L            
20002300  motor_cal_factor_R            
00001755  move_backward                 
00000e8d  move_forward                  
0000026d  oi_alloc                      
00000aa9  oi_checkFirmware              
000002c7  oi_close                      
00000279  oi_free                       
00000ded  oi_getMotorCalibrationLeft    
00000e01  oi_getMotorCalibrationRight   
000002b1  oi_init                       
00000289  oi_init_noupdate              
00000915  oi_loadSong                   
000078b3  oi_parseInt                   
0000032b  oi_parsePacket                
0000096b  oi_play_song                  
0000084b  oi_setLeds                    
00000db1  oi_setMotorCalibration        
0000088f  oi_setWheels                  
00000b51  oi_shutoff_init               
0000098d  oi_uartInit                   
00000a31  oi_uartReceive                
00000a77  oi_uartSendBuff               
00000a15  oi_uartSendChar               
00000a59  oi_uartSendStr                
000002d9  oi_update                     
0000595b  ping_getDistance              
00005819  ping_init                     
0000589f  ping_trigger                  
000023a9  pow                           
000023a9  powl                          
00003365  printStringToPutty            
200022ec  pulseLength                   
000033c9  rawToCm                       
200022f0  right_calibration_value       
200022f4  risingEdge                    
000069b5  scalbn                        
000069b5  scalbnl                       
00006255  servo_init                    
000062e5  servo_move                    
00006345  servo_setPWM                  
000062d9  servo_stop                    
00003d39  sin                           
00003d39  sinl                          
000075f5  sprintf                       
000063ad  sqrt                          
000063ad  sqrtl                         
2000231c  start_command                 
20002320  start_flag                    
2000231d  stop_command                  
20002324  stop_flag                     
000078e3  strchr                        
000078cb  strcmp                        
000078f9  strcpy                        
0000790d  strlen                        
000054f7  timer_getMicros               
0000549f  timer_getMillis               
000053d9  timer_init                    
0000547b  timer_pause                   
0000548d  timer_resume                  
00005451  timer_stop                    
00005551  timer_waitMicros              
00005583  timer_waitMillis              
000017bd  turn_cclockwise               
00001823  turn_clockwise                
00005621  uart_interrupt_init           
0000571b  uart_receive                  
000056ff  uart_sendChar                 
0000572f  uart_sendStr                  
00007635  vsnprintf                     
00007921  wcslen                        


GLOBAL SYMBOLS: SORTED BY Symbol Address 

address   name                          
-------   ----                          
00000000  __TI_static_base__            
00000000  g_pfnVectors                  
0000026d  oi_alloc                      
00000279  oi_free                       
00000289  oi_init_noupdate              
000002b1  oi_init                       
000002c7  oi_close                      
000002d9  oi_update                     
0000032b  oi_parsePacket                
0000084b  oi_setLeds                    
0000088f  oi_setWheels                  
00000915  oi_loadSong                   
0000096b  oi_play_song                  
0000097f  go_charge                     
0000098d  oi_uartInit                   
00000a15  oi_uartSendChar               
00000a31  oi_uartReceive                
00000a59  oi_uartSendStr                
00000a77  oi_uartSendBuff               
00000aa9  oi_checkFirmware              
00000b51  oi_shutoff_init               
00000bc3  GPIOF_Handler                 
00000db1  oi_setMotorCalibration        
00000ded  oi_getMotorCalibrationLeft    
00000e01  oi_getMotorCalibrationRight   
00000e8d  move_forward                  
00000f45  autoMoveForward               
00001000  __STACK_SIZE                  
00001000  __SYSMEM_SIZE                 
00001755  move_backward                 
000017bd  turn_cclockwise               
00001823  turn_clockwise                
00001899  encounter_obstacle_right      
000018dd  encounter_obstacle_left       
00001959  __TI_printfi                  
000023a7  _nop                          
000023a9  pow                           
000023a9  powl                          
00002d79  main                          
00003365  printStringToPutty            
00003371  min                           
0000339d  max                           
000033c9  rawToCm                       
00003407  avgIR                         
00003441  getDistAtAngle                
0000351b  goToObject                    
00003601  __kernel_rem_pio2             
00003d39  sin                           
00003d39  sinl                          
00004319  cos                           
00004319  cosl                          
000048f5  lcd_reverseNibble             
00004931  lcd_init                      
000049f1  lcd_putc                      
00004a29  lcd_puts                      
00004a47  lcd_sendCommand               
00004a85  lcd_sendNibble                
00004ac9  lcd_gotoLine                  
00004af1  lcd_setCursorPos              
00004b2f  lcd_printf                    
00004c1d  atan                          
00004c1d  atanl                         
00005179  cyBOT_scan_version            
00005187  cyBOT_init_Scan               
000051df  cyBOT_Scan                    
00005251  cyBOT_SERVO_cal               
000053d9  timer_init                    
00005451  timer_stop                    
0000547b  timer_pause                   
0000548d  timer_resume                  
0000549f  timer_getMillis               
000054f7  timer_getMicros               
00005551  timer_waitMicros              
00005583  timer_waitMillis              
00005621  uart_interrupt_init           
000056ff  uart_sendChar                 
0000571b  uart_receive                  
0000572f  uart_sendStr                  
00005753  UART1_Handler                 
00005819  ping_init                     
0000589f  ping_trigger                  
00005909  TIMER3B_Handler               
0000595b  ping_getDistance              
00005a05  atan2                         
00005a05  atan2l                        
00005db9  __aeabi_dsub                  
00005dc3  __aeabi_dadd                  
00005f6f  __aeabi_idiv0                 
00005f6f  __aeabi_ldiv0                 
00005f71  __kernel_sin                  
000060e5  __kernel_cos                  
00006255  servo_init                    
000062d9  servo_stop                    
000062e5  servo_move                    
00006345  servo_setPWM                  
000063ad  sqrt                          
000063ad  sqrtl                         
00006641  __aeabi_ddiv                  
0000689d  ir_init                       
00006905  ir_getValue                   
0000692d  ir_getDistance                
00006935  ADC0SS0_Handler               
0000694b  ir_enableInterrupt            
000069b5  ldexp                         
000069b5  ldexpl                        
000069b5  scalbn                        
000069b5  scalbnl                       
00006ac5  aligned_alloc                 
00006ac5  memalign                      
00006bc5  __aeabi_dmul                  
00006cc1  floor                         
00006cc1  floorl                        
00006db9  free                          
00006f4f  __aeabi_memcpy                
00006f4f  __aeabi_memcpy4               
00006f4f  __aeabi_memcpy8               
00006f4f  memcpy                        
00006feb  __aeabi_uldivmod              
00007081  __aeabi_cdcmpeq               
00007081  __aeabi_cdcmple               
00007107  __aeabi_cdrcmple              
0000718d  __aeabi_memclr                
0000718d  __aeabi_memclr4               
0000718d  __aeabi_memclr8               
0000718f  __aeabi_memset                
0000718f  __aeabi_memset4               
0000718f  __aeabi_memset8               
00007195  memset                        
000072e7  __aeabi_d2f                   
00007355  __TI_decompress_lzss          
000073bd  frexp                         
000073bd  frexpl                        
00007477  __TI_ltoa                     
0000751d  atoi                          
00007569  __aeabi_d2iz                  
000075b1  __TI_auto_init_nobinit_nopinit
000075f5  sprintf                       
00007635  vsnprintf                     
000076b5  calloc                        
000076ed  __aeabi_f2d                   
00007725  IntRegister                   
00007759  _c_int00_noargs               
000077bd  __aeabi_i2d                   
00007815  __TI_zero_init_nomemset       
0000784d  memccpy                       
00007869  copysign                      
00007869  copysignl                     
000078b3  oi_parseInt                   
000078cb  strcmp                        
000078e3  strchr                        
000078f9  strcpy                        
0000790d  strlen                        
00007921  wcslen                        
00007933  IntMasterEnable               
00007943  lcd_clear                     
00007953  __TI_decompress_none          
00007961  CPUcpsie                      
0000796d  ResetISR                      
00007985  __aeabi_errno_addr            
0000798d  malloc                        
00007995  _system_pre_init              
00007999  C$$EXIT                       
00007999  abort                         
00007af8  _ctypes_                      
00007d00  __TI_Handler_Table_Base       
00007d0c  __TI_Handler_Table_Limit      
00007d20  __TI_CINIT_Base               
00007d38  __TI_CINIT_Limit              
20000000  __start___llvm_prf_cnts       
20000000  __stop___llvm_prf_cnts        
20000000  g_pfnRAMVectors               
20000270  __stack                       
20000470  __STACK_TOP                   
20001270  __STACK_END                   
20001270  _sys_memory                   
200022dc  _timeout_ticks                
200022e0  fallingEdge                   
200022e4  isr_int_value                 
200022e8  left_calibration_value        
200022ec  pulseLength                   
200022f0  right_calibration_value       
200022f4  risingEdge                    
200022f8  isRisingEdge                  
200022fc  motor_cal_factor_L            
20002300  motor_cal_factor_R            
2000231c  start_command                 
2000231d  stop_command                  
20002320  start_flag                    
20002324  stop_flag                     
20002328  _lock                         
2000232c  _unlock                       
20002338  cyBOT_scan_features           
2000233c  errno                         
20002340  _running                      
ffffffff  __TI_pprof_out_hndl           
ffffffff  __TI_prof_data_size           
ffffffff  __TI_prof_data_start          
ffffffff  __binit__                     
ffffffff  __c_args__                    
ffffffff  binit                         
UNDEFED   __mpu_init                    
UNDEFED   _system_post_cinit            

[202 symbols]
