******************************************************************************
                  TI ARM Linker PC v20.2.7                     
******************************************************************************
>> Linked Thu Apr 10 16:27:56 2025

OUTPUT FILE NAME:   <Lab 10.out>
ENTRY POINT SYMBOL: "_c_int00_noargs"  address: 00002815


MEMORY CONFIGURATION

         name            origin    length      used     unused   attr    fill
----------------------  --------  ---------  --------  --------  ----  --------
  FLASH                 00000000   00040000  00002b39  0003d4c7  R  X
  SRAM                  20000000   00008000  000022d5  00005d2b  RW X


SEGMENT ALLOCATION MAP

run origin  load origin   length   init length attrs members
----------  ----------- ---------- ----------- ----- -------
00000000    00000000    00002b40   00002b40    r-x
  00000000    00000000    0000026c   0000026c    r-- .intvecs
  0000026c    0000026c    00002784   00002784    r-x .text
  000029f0    000029f0    00000109   00000109    r-- .const
  00002b00    00002b00    00000040   00000040    r-- .cinit
20000000    20000000    000022d9   00000000    rw-
  20000000    20000000    0000026c   00000000    rw- .vtable
  20000270    20000270    00001000   00000000    rw- .stack
  20001270    20001270    00001000   00000000    rw- .sysmem
  20002270    20002270    00000058   00000000    rw- .bss
  200022c8    200022c8    00000011   00000000    rw- .data


SECTION ALLOCATION MAP

 output                                  attributes/
section   page    origin      length       input sections
--------  ----  ----------  ----------   ----------------
.intvecs   0    00000000    0000026c     
                  00000000    0000026c     tm4c123gh6pm_startup_ccs.obj (.intvecs)

.text      0    0000026c    00002784     
                  0000026c    00000a4e     rtsv7M4_T_le_v4SPD16_eabi.lib : _printfi.c.obj (.text:__TI_printfi)
                  00000cba    00000002                                   : div0.asm.obj (.text)
                  00000cbc    00000328     lcd.obj (.text)
                  00000fe4    00000270     rtsv7M4_T_le_v4SPD16_eabi.lib : _printfi.c.obj (.text:_pconv_a)
                  00001254    00000248     Timer.obj (.text)
                  0000149c    000001f8     uart-interrupt.obj (.text)
                  00001694    000001d0     rtsv7M4_T_le_v4SPD16_eabi.lib : _printfi.c.obj (.text:_pconv_g)
                  00001864    000001b6                                   : fd_add_t2.asm.obj (.text)
                  00001a1a    00000002     --HOLE-- [fill = 0]
                  00001a1c    0000013c                                   : _printfi.c.obj (.text:_pconv_e)
                  00001b58    00000136                                   : fd_div_t2.asm.obj (.text)
                  00001c8e    00000002     --HOLE-- [fill = 0]
                  00001c90    00000128     servo.obj (.text)
                  00001db8    00000124     rtsv7M4_T_le_v4SPD16_eabi.lib : _printfi.c.obj (.text:fcvt)
                  00001edc    00000110                                   : s_scalbn.c.obj (.text:scalbn)
                  00001fec    000000fc                                   : fd_mul_t2.asm.obj (.text)
                  000020e8    000000b1                                   : _printfi.c.obj (.text:_ltostr)
                  00002199    00000001     --HOLE-- [fill = 0]
                  0000219a    0000009c                                   : memcpy_t2.asm.obj (.text)
                  00002236    00000096                                   : ull_div_t2.asm.obj (.text)
                  000022cc    00000086                                   : fd_cmp_t2.asm.obj (.text:__aeabi_cdcmple)
                  00002352    00000086                                   : fd_cmp_t2.asm.obj (.text:__aeabi_cdrcmple)
                  000023d8    0000007a                                   : memset_t2.asm.obj (.text)
                  00002452    0000006e                                   : _printfi.c.obj (.text:_mcpy)
                  000024c0    00000068                                   : copy_decompress_lzss.c.obj (.text:decompress:lzss:__TI_decompress_lzss)
                  00002528    00000064                                   : s_frexp.c.obj (.text:frexp)
                  0000258c    00000056                                   : _printfi.c.obj (.text:_pconv_f)
                  000025e2    00000054                                   : _ltoa.c.obj (.text:__TI_ltoa)
                  00002636    00000052                                   : _printfi.c.obj (.text:_ecpy)
                  00002688    0000004c                                   : atoi.c.obj (.text:atoi)
                  000026d4    00000048                                   : fd_toi_t2.asm.obj (.text)
                  0000271c    00000044                                   : autoinit.c.obj (.text:__TI_auto_init_nobinit_nopinit:__TI_auto_init_nobinit_nopinit)
                  00002760    00000040                                   : vsnprintf.c.obj (.text:vsnprintf)
                  000027a0    0000003e                                   : _printfi.c.obj (.text:_fcpy)
                  000027de    00000002     --HOLE-- [fill = 0]
                  000027e0    00000034     driverlib.lib : interrupt.obj (.text:IntRegister)
                  00002814    00000034     rtsv7M4_T_le_v4SPD16_eabi.lib : boot_cortex_m.c.obj (.text:_c_int00_noargs:_c_int00_noargs)
                  00002848    00000030                                   : vsnprintf.c.obj (.text:_outs)
                  00002878    0000002e                                   : i_tofd_t2.asm.obj (.text)
                  000028a6    00000020     lab10.obj (.text)
                  000028c6    0000001c     rtsv7M4_T_le_v4SPD16_eabi.lib : copy_zero_init.c.obj (.text:decompress:ZI:__TI_zero_init_nomemset:__TI_zero_init_nomemset)
                  000028e2    0000001c                                   : memccpy.c.obj (.text:memccpy)
                  000028fe    0000001a                                   : s_copysign.c.obj (.text:copysign)
                  00002918    00000018                                   : vsnprintf.c.obj (.text:_outc)
                  00002930    00000018                                   : strcmp.c.obj (.text:strcmp)
                  00002948    00000016                                   : strchr.c.obj (.text:strchr)
                  0000295e    00000014                                   : strcpy.c.obj (.text:strcpy)
                  00002972    00000014                                   : strlen.c.obj (.text:strlen)
                  00002986    00000012                                   : wcslen.c.obj (.text:wcslen)
                  00002998    00000010     driverlib.lib : interrupt.obj (.text:IntMasterEnable)
                  000029a8    00000010     lcd.obj (.text:lcd_clear)
                  000029b8    0000000e     rtsv7M4_T_le_v4SPD16_eabi.lib : copy_decompress_none.c.obj (.text:decompress:none:__TI_decompress_none)
                  000029c6    0000000c     driverlib.lib : cpu.obj (.text:CPUcpsie)
                  000029d2    0000000c     tm4c123gh6pm_startup_ccs.obj (.text)
                  000029de    00000002     --HOLE-- [fill = 0]
                  000029e0    00000008     rtsv7M4_T_le_v4SPD16_eabi.lib : errno.c.obj (.text:__aeabi_errno_addr)
                  000029e8    00000004                                   : pre_init.c.obj (.text:_system_pre_init)
                  000029ec    00000004                                   : exit.c.obj (.text:abort:abort)

.const     0    000029f0    00000109     
                  000029f0    00000101     rtsv7M4_T_le_v4SPD16_eabi.lib : ctype.c.obj (.const:.string:_ctypes_)
                  00002af1    00000004     lcd.obj (.const:.string:lineAddress$1)
                  00002af5    00000004     lcd.obj (.const:.string:lineAddresses$2)

.cinit     0    00002b00    00000040     
                  00002b00    0000000c     (__TI_handler_table)
                  00002b0c    0000000b     (.cinit..data.load) [load image, compression = lzss]
                  00002b17    00000001     --HOLE-- [fill = 0]
                  00002b18    00000008     (.cinit..bss.load) [load image, compression = zero_init]
                  00002b20    00000008     (.cinit..vtable.load) [load image, compression = zero_init]
                  00002b28    00000018     (__TI_cinit_table)

.init_array 
*          0    00000000    00000000     UNINITIALIZED

.vtable    0    20000000    0000026c     UNINITIALIZED
                  20000000    0000026c     driverlib.lib : interrupt.obj (.vtable)

.stack     0    20000270    00001000     UNINITIALIZED
                  20000270    00000004     rtsv7M4_T_le_v4SPD16_eabi.lib : boot_cortex_m.c.obj (.stack)
                  20000274    00000ffc     --HOLE--

.sysmem    0    20001270    00001000     UNINITIALIZED
                  20001270    00000010     rtsv7M4_T_le_v4SPD16_eabi.lib : memory.c.obj (.sysmem)
                  20001280    00000ff0     --HOLE--

.bss       0    20002270    00000058     UNINITIALIZED
                  20002270    00000054     lcd.obj (.bss:lastbuffer$3)
                  200022c4    00000004     (.common:_timeout_ticks)

.data      0    200022c8    00000011     UNINITIALIZED
                  200022c8    0000000c     uart-interrupt.obj (.data)
                  200022d4    00000004     rtsv7M4_T_le_v4SPD16_eabi.lib : errno.c.obj (.data)
                  200022d8    00000001     Timer.obj (.data)

__llvm_prf_cnts 
*          0    20000000    00000000     UNINITIALIZED

MODULE SUMMARY

       Module                         code    ro data   rw data
       ------                         ----    -------   -------
    .\
       lcd.obj                        824     8         84     
       tm4c123gh6pm_startup_ccs.obj   12      620       0      
       Timer.obj                      584     0         5      
       uart-interrupt.obj             504     0         12     
       servo.obj                      296     0         0      
       lab10.obj                      32      0         0      
    +--+------------------------------+-------+---------+---------+
       Total:                         2252    628       101    
                                                               
    C:/ti/TivaWare_C_Series-2.2.0.295/driverlib/ccs/Debug/driverlib.lib
       interrupt.obj                  68      0         620    
       cpu.obj                        12      0         0      
    +--+------------------------------+-------+---------+---------+
       Total:                         80      0         620    
                                                               
    C:\ti\ccs1271\ccs\tools\compiler\ti-cgt-arm_20.2.7.LTS\lib\rtsv7M4_T_le_v4SPD16_eabi.lib
       _printfi.c.obj                 4851    0         0      
       fd_add_t2.asm.obj              438     0         0      
       fd_div_t2.asm.obj              310     0         0      
       s_scalbn.c.obj                 272     0         0      
       fd_cmp_t2.asm.obj              268     0         0      
       ctype.c.obj                    0       257       0      
       fd_mul_t2.asm.obj              252     0         0      
       memcpy_t2.asm.obj              156     0         0      
       ull_div_t2.asm.obj             150     0         0      
       vsnprintf.c.obj                136     0         0      
       memset_t2.asm.obj              122     0         0      
       copy_decompress_lzss.c.obj     104     0         0      
       s_frexp.c.obj                  100     0         0      
       _ltoa.c.obj                    84      0         0      
       atoi.c.obj                     76      0         0      
       fd_toi_t2.asm.obj              72      0         0      
       autoinit.c.obj                 68      0         0      
       boot_cortex_m.c.obj            52      0         0      
       i_tofd_t2.asm.obj              46      0         0      
       copy_zero_init.c.obj           28      0         0      
       memccpy.c.obj                  28      0         0      
       s_copysign.c.obj               26      0         0      
       strcmp.c.obj                   24      0         0      
       strchr.c.obj                   22      0         0      
       strcpy.c.obj                   20      0         0      
       strlen.c.obj                   20      0         0      
       wcslen.c.obj                   18      0         0      
       copy_decompress_none.c.obj     14      0         0      
       errno.c.obj                    8       0         4      
       exit.c.obj                     4       0         0      
       pre_init.c.obj                 4       0         0      
       div0.asm.obj                   2       0         0      
    +--+------------------------------+-------+---------+---------+
       Total:                         7775    257       4      
                                                               
       Heap:                          0       0         4096   
       Stack:                         0       0         4096   
       Linker Generated:              0       63        0      
    +--+------------------------------+-------+---------+---------+
       Grand Total:                   10107   948       8917   


LINKER GENERATED COPY TABLES

__TI_cinit_table @ 00002b28 records: 3, size/record: 8, table size: 24
	.data: load addr=00002b0c, load size=0000000b bytes, run addr=200022c8, run size=00000011 bytes, compression=lzss
	.bss: load addr=00002b18, load size=00000008 bytes, run addr=20002270, run size=00000058 bytes, compression=zero_init
	.vtable: load addr=00002b20, load size=00000008 bytes, run addr=20000000, run size=0000026c bytes, compression=zero_init


LINKER GENERATED HANDLER TABLE

__TI_handler_table @ 00002b00 records: 3, size/record: 4, table size: 12
	index: 0, handler: __TI_zero_init
	index: 1, handler: __TI_decompress_lzss
	index: 2, handler: __TI_decompress_none


GLOBAL SYMBOLS: SORTED ALPHABETICALLY BY Name 

address   name                          
-------   ----                          
000029ed  C$$EXIT                       
000029c7  CPUcpsie                      
00002999  IntMasterEnable               
000027e1  IntRegister                   
000029d3  ResetISR                      
000015cf  UART1_Handler                 
20001270  __STACK_END                   
00001000  __STACK_SIZE                  
20000470  __STACK_TOP                   
00001000  __SYSMEM_SIZE                 
00002b28  __TI_CINIT_Base               
00002b40  __TI_CINIT_Limit              
00002b00  __TI_Handler_Table_Base       
00002b0c  __TI_Handler_Table_Limit      
0000271d  __TI_auto_init_nobinit_nopinit
000024c1  __TI_decompress_lzss          
000029b9  __TI_decompress_none          
000025e3  __TI_ltoa                     
ffffffff  __TI_pprof_out_hndl           
0000026d  __TI_printfi                  
ffffffff  __TI_prof_data_size           
ffffffff  __TI_prof_data_start          
00000000  __TI_static_base__            
000028c7  __TI_zero_init_nomemset       
000022cd  __aeabi_cdcmpeq               
000022cd  __aeabi_cdcmple               
00002353  __aeabi_cdrcmple              
000026d5  __aeabi_d2iz                  
0000186f  __aeabi_dadd                  
00001b59  __aeabi_ddiv                  
00001fed  __aeabi_dmul                  
00001865  __aeabi_dsub                  
000029e1  __aeabi_errno_addr            
00002879  __aeabi_i2d                   
00000cbb  __aeabi_idiv0                 
00000cbb  __aeabi_ldiv0                 
000023d9  __aeabi_memclr                
000023d9  __aeabi_memclr4               
000023d9  __aeabi_memclr8               
0000219b  __aeabi_memcpy                
0000219b  __aeabi_memcpy4               
0000219b  __aeabi_memcpy8               
000023db  __aeabi_memset                
000023db  __aeabi_memset4               
000023db  __aeabi_memset8               
00002237  __aeabi_uldivmod              
ffffffff  __binit__                     
ffffffff  __c_args__                    
UNDEFED   __mpu_init                    
20000270  __stack                       
20000000  __start___llvm_prf_cnts       
20000000  __stop___llvm_prf_cnts        
00002815  _c_int00_noargs               
000029f0  _ctypes_                      
200022d8  _running                      
20001270  _sys_memory                   
UNDEFED   _system_post_cinit            
000029e9  _system_pre_init              
200022c4  _timeout_ticks                
000029ed  abort                         
00002689  atoi                          
ffffffff  binit                         
000028ff  copysign                      
000028ff  copysignl                     
200022d4  errno                         
00002529  frexp                         
00002529  frexpl                        
20000000  g_pfnRAMVectors               
00000000  g_pfnVectors                  
000029a9  lcd_clear                     
00000e91  lcd_gotoLine                  
00000cf9  lcd_init                      
00000ef7  lcd_printf                    
00000db9  lcd_putc                      
00000df1  lcd_puts                      
00000cbd  lcd_reverseNibble             
00000e0f  lcd_sendCommand               
00000e4d  lcd_sendNibble                
00000eb9  lcd_setCursorPos              
00001edd  ldexp                         
00001edd  ldexpl                        
000028a7  main                          
000028e3  memccpy                       
0000219b  memcpy                        
000023e1  memset                        
00001edd  scalbn                        
00001edd  scalbnl                       
00001c91  servo_init                    
00001d33  servo_move                    
200022c8  start_command                 
200022cc  start_flag                    
200022c9  stop_command                  
200022d0  stop_flag                     
00002949  strchr                        
00002931  strcmp                        
0000295f  strcpy                        
00002973  strlen                        
00001373  timer_getMicros               
0000131b  timer_getMillis               
00001255  timer_init                    
000012f7  timer_pause                   
00001309  timer_resume                  
000012cd  timer_stop                    
000013cd  timer_waitMicros              
000013ff  timer_waitMillis              
0000149d  uart_interrupt_init           
00001597  uart_receive                  
0000157b  uart_sendChar                 
000015ab  uart_sendStr                  
00002761  vsnprintf                     
00002987  wcslen                        


GLOBAL SYMBOLS: SORTED BY Symbol Address 

address   name                          
-------   ----                          
00000000  __TI_static_base__            
00000000  g_pfnVectors                  
0000026d  __TI_printfi                  
00000cbb  __aeabi_idiv0                 
00000cbb  __aeabi_ldiv0                 
00000cbd  lcd_reverseNibble             
00000cf9  lcd_init                      
00000db9  lcd_putc                      
00000df1  lcd_puts                      
00000e0f  lcd_sendCommand               
00000e4d  lcd_sendNibble                
00000e91  lcd_gotoLine                  
00000eb9  lcd_setCursorPos              
00000ef7  lcd_printf                    
00001000  __STACK_SIZE                  
00001000  __SYSMEM_SIZE                 
00001255  timer_init                    
000012cd  timer_stop                    
000012f7  timer_pause                   
00001309  timer_resume                  
0000131b  timer_getMillis               
00001373  timer_getMicros               
000013cd  timer_waitMicros              
000013ff  timer_waitMillis              
0000149d  uart_interrupt_init           
0000157b  uart_sendChar                 
00001597  uart_receive                  
000015ab  uart_sendStr                  
000015cf  UART1_Handler                 
00001865  __aeabi_dsub                  
0000186f  __aeabi_dadd                  
00001b59  __aeabi_ddiv                  
00001c91  servo_init                    
00001d33  servo_move                    
00001edd  ldexp                         
00001edd  ldexpl                        
00001edd  scalbn                        
00001edd  scalbnl                       
00001fed  __aeabi_dmul                  
0000219b  __aeabi_memcpy                
0000219b  __aeabi_memcpy4               
0000219b  __aeabi_memcpy8               
0000219b  memcpy                        
00002237  __aeabi_uldivmod              
000022cd  __aeabi_cdcmpeq               
000022cd  __aeabi_cdcmple               
00002353  __aeabi_cdrcmple              
000023d9  __aeabi_memclr                
000023d9  __aeabi_memclr4               
000023d9  __aeabi_memclr8               
000023db  __aeabi_memset                
000023db  __aeabi_memset4               
000023db  __aeabi_memset8               
000023e1  memset                        
000024c1  __TI_decompress_lzss          
00002529  frexp                         
00002529  frexpl                        
000025e3  __TI_ltoa                     
00002689  atoi                          
000026d5  __aeabi_d2iz                  
0000271d  __TI_auto_init_nobinit_nopinit
00002761  vsnprintf                     
000027e1  IntRegister                   
00002815  _c_int00_noargs               
00002879  __aeabi_i2d                   
000028a7  main                          
000028c7  __TI_zero_init_nomemset       
000028e3  memccpy                       
000028ff  copysign                      
000028ff  copysignl                     
00002931  strcmp                        
00002949  strchr                        
0000295f  strcpy                        
00002973  strlen                        
00002987  wcslen                        
00002999  IntMasterEnable               
000029a9  lcd_clear                     
000029b9  __TI_decompress_none          
000029c7  CPUcpsie                      
000029d3  ResetISR                      
000029e1  __aeabi_errno_addr            
000029e9  _system_pre_init              
000029ed  C$$EXIT                       
000029ed  abort                         
000029f0  _ctypes_                      
00002b00  __TI_Handler_Table_Base       
00002b0c  __TI_Handler_Table_Limit      
00002b28  __TI_CINIT_Base               
00002b40  __TI_CINIT_Limit              
20000000  __start___llvm_prf_cnts       
20000000  __stop___llvm_prf_cnts        
20000000  g_pfnRAMVectors               
20000270  __stack                       
20000470  __STACK_TOP                   
20001270  __STACK_END                   
20001270  _sys_memory                   
200022c4  _timeout_ticks                
200022c8  start_command                 
200022c9  stop_command                  
200022cc  start_flag                    
200022d0  stop_flag                     
200022d4  errno                         
200022d8  _running                      
ffffffff  __TI_pprof_out_hndl           
ffffffff  __TI_prof_data_size           
ffffffff  __TI_prof_data_start          
ffffffff  __binit__                     
ffffffff  __c_args__                    
ffffffff  binit                         
UNDEFED   __mpu_init                    
UNDEFED   _system_post_cinit            

[111 symbols]
