******************************************************************************
                  TI ARM Linker PC v20.2.7                     
******************************************************************************
>> Linked Wed Apr  2 19:26:45 2025

OUTPUT FILE NAME:   <Lab 8.out>
ENTRY POINT SYMBOL: "_c_int00_noargs"  address: 00004d09


MEMORY CONFIGURATION

         name            origin    length      used     unused   attr    fill
----------------------  --------  ---------  --------  --------  ----  --------
  FLASH                 00000000   00040000  000050cb  0003af35  R  X
  SRAM                  20000000   00008000  00002372  00005c8e  RW X


SEGMENT ALLOCATION MAP

run origin  load origin   length   init length attrs members
----------  ----------- ---------- ----------- ----- -------
00000000    00000000    000050d0   000050d0    r-x
  00000000    00000000    0000026c   0000026c    r-- .intvecs
  0000026c    0000026c    00004cbc   00004cbc    r-x .text
  00004f28    00004f28    0000014b   0000014b    r-- .const
  00005078    00005078    00000058   00000058    r-- .cinit
20000000    20000000    00002379   00000000    rw-
  20000000    20000000    0000026c   00000000    rw- .vtable
  20000270    20000270    00001000   00000000    rw- .stack
  20001270    20001270    00001000   00000000    rw- .sysmem
  20002270    20002270    000000bd   00000000    rw- .bss
  20002330    20002330    00000049   00000000    rw- .data


SECTION ALLOCATION MAP

 output                                  attributes/
section   page    origin      length       input sections
--------  ----  ----------  ----------   ----------------
.intvecs   0    00000000    0000026c     
                  00000000    0000026c     tm4c123gh6pm_startup_ccs.obj (.intvecs)

.text      0    0000026c    00004cbc     
                  0000026c    00000c20     open_interface.obj (.text)
                  00000e8c    00000a4e     rtsv7M4_T_le_v4SPD16_eabi.lib : _printfi.c.obj (.text:__TI_printfi)
                  000018da    00000002                                   : _lock.c.obj (.text:_nop)
                  000018dc    000009d0                                   : e_pow.c.obj (.text:pow)
                  000022ac    00000328     lcd.obj (.text)
                  000025d4    000002a8     libcybotUART.lib : uart.obj (.text)
                  0000287c    00000270     rtsv7M4_T_le_v4SPD16_eabi.lib : _printfi.c.obj (.text:_pconv_a)
                  00002aec    00000260     libcybotScan.lib : cyBot_Scan.obj (.text)
                  00002d4c    00000248     Timer.obj (.text)
                  00002f94    000001f8     uart-interrupt.obj (.text)
                  0000318c    000001ec     libcybotScan.lib : ping.obj (.text)
                  00003378    000001d0     rtsv7M4_T_le_v4SPD16_eabi.lib : _printfi.c.obj (.text:_pconv_g)
                  00003548    000001b6                                   : fd_add_t2.asm.obj (.text)
                  000036fe    00000002                                   : div0.asm.obj (.text)
                  00003700    00000158     libcybotScan.lib : servo.obj (.text)
                  00003858    00000158     rtsv7M4_T_le_v4SPD16_eabi.lib : e_sqrt.c.obj (.text:sqrt)
                  000039b0    00000140     lab8.obj (.text)
                  00003af0    0000013c     rtsv7M4_T_le_v4SPD16_eabi.lib : _printfi.c.obj (.text:_pconv_e)
                  00003c2c    00000136                                   : fd_div_t2.asm.obj (.text)
                  00003d62    00000002     --HOLE-- [fill = 0]
                  00003d64    00000124                                   : _printfi.c.obj (.text:fcvt)
                  00003e88    00000118     libcybotScan.lib : ir.obj (.text)
                  00003fa0    00000110     rtsv7M4_T_le_v4SPD16_eabi.lib : s_scalbn.c.obj (.text:scalbn)
                  000040b0    00000100                                   : memory.c.obj (.text:aligned_alloc)
                  000041b0    000000fc     adc.obj (.text)
                  000042ac    000000fc     rtsv7M4_T_le_v4SPD16_eabi.lib : fd_mul_t2.asm.obj (.text)
                  000043a8    000000e4                                   : memory.c.obj (.text:free)
                  0000448c    000000b1                                   : _printfi.c.obj (.text:_ltostr)
                  0000453d    00000001     --HOLE-- [fill = 0]
                  0000453e    0000009c                                   : memcpy_t2.asm.obj (.text)
                  000045da    00000096                                   : ull_div_t2.asm.obj (.text)
                  00004670    00000086                                   : fd_cmp_t2.asm.obj (.text:__aeabi_cdcmple)
                  000046f6    00000086                                   : fd_cmp_t2.asm.obj (.text:__aeabi_cdrcmple)
                  0000477c    0000007a                                   : memset_t2.asm.obj (.text)
                  000047f6    00000002     --HOLE-- [fill = 0]
                  000047f8    00000070                                   : memory.c.obj (.text:split)
                  00004868    0000006e                                   : _printfi.c.obj (.text:_mcpy)
                  000048d6    0000006e                                   : fd_tos_t2.asm.obj (.text)
                  00004944    00000068                                   : copy_decompress_lzss.c.obj (.text:decompress:lzss:__TI_decompress_lzss)
                  000049ac    00000064                                   : s_frexp.c.obj (.text:frexp)
                  00004a10    00000056                                   : _printfi.c.obj (.text:_pconv_f)
                  00004a66    00000054                                   : _ltoa.c.obj (.text:__TI_ltoa)
                  00004aba    00000052                                   : _printfi.c.obj (.text:_ecpy)
                  00004b0c    0000004c                                   : atoi.c.obj (.text:atoi)
                  00004b58    00000048                                   : fd_toi_t2.asm.obj (.text)
                  00004ba0    00000044                                   : autoinit.c.obj (.text:__TI_auto_init_nobinit_nopinit:__TI_auto_init_nobinit_nopinit)
                  00004be4    00000040                                   : vsnprintf.c.obj (.text:vsnprintf)
                  00004c24    0000003e                                   : _printfi.c.obj (.text:_fcpy)
                  00004c62    00000002     --HOLE-- [fill = 0]
                  00004c64    00000038                                   : memory.c.obj (.text:calloc)
                  00004c9c    00000038                                   : fs_tod_t2.asm.obj (.text)
                  00004cd4    00000034     driverlib.lib : interrupt.obj (.text:IntRegister)
                  00004d08    00000034     rtsv7M4_T_le_v4SPD16_eabi.lib : boot_cortex_m.c.obj (.text:_c_int00_noargs:_c_int00_noargs)
                  00004d3c    00000030                                   : vsnprintf.c.obj (.text:_outs)
                  00004d6c    0000002e                                   : i_tofd_t2.asm.obj (.text)
                  00004d9a    00000002     --HOLE-- [fill = 0]
                  00004d9c    00000028                                   : memory.c.obj (.text:free_list_insert)
                  00004dc4    0000001c                                   : copy_zero_init.c.obj (.text:decompress:ZI:__TI_zero_init_nomemset:__TI_zero_init_nomemset)
                  00004de0    0000001c                                   : memory.c.obj (.text:free_list_remove)
                  00004dfc    0000001c                                   : memccpy.c.obj (.text:memccpy)
                  00004e18    0000001a                                   : s_copysign.c.obj (.text:copysign)
                  00004e32    00000018                                   : vsnprintf.c.obj (.text:_outc)
                  00004e4a    00000018     open_interface.obj (.text:oi_parseInt)
                  00004e62    00000018     rtsv7M4_T_le_v4SPD16_eabi.lib : strcmp.c.obj (.text:strcmp)
                  00004e7a    00000016                                   : strchr.c.obj (.text:strchr)
                  00004e90    00000014                                   : strcpy.c.obj (.text:strcpy)
                  00004ea4    00000014                                   : strlen.c.obj (.text:strlen)
                  00004eb8    00000012                                   : wcslen.c.obj (.text:wcslen)
                  00004eca    00000010     driverlib.lib : interrupt.obj (.text:IntMasterEnable)
                  00004eda    00000010     lcd.obj (.text:lcd_clear)
                  00004eea    0000000e     rtsv7M4_T_le_v4SPD16_eabi.lib : copy_decompress_none.c.obj (.text:decompress:none:__TI_decompress_none)
                  00004ef8    0000000c     driverlib.lib : cpu.obj (.text:CPUcpsie)
                  00004f04    0000000c     tm4c123gh6pm_startup_ccs.obj (.text)
                  00004f10    00000008     rtsv7M4_T_le_v4SPD16_eabi.lib : errno.c.obj (.text:__aeabi_errno_addr)
                  00004f18    00000008                                   : memory.c.obj (.text:malloc)
                  00004f20    00000004                                   : pre_init.c.obj (.text:_system_pre_init)
                  00004f24    00000004                                   : exit.c.obj (.text:abort:abort)

.const     0    00004f28    0000014b     
                  00004f28    00000101     rtsv7M4_T_le_v4SPD16_eabi.lib : ctype.c.obj (.const:.string:_ctypes_)
                  00005029    00000004     lcd.obj (.const:.string:lineAddress$1)
                  0000502d    00000003     --HOLE-- [fill = 0]
                  00005030    00000030     rtsv7M4_T_le_v4SPD16_eabi.lib : e_pow.c.obj (.const:$O1$$)
                  00005060    0000000f     open_interface.obj (.const:.string:$P$T0$3)
                  0000506f    00000004     lcd.obj (.const:.string:lineAddresses$2)

.cinit     0    00005078    00000058     
                  00005078    00000020     (.cinit..data.load) [load image, compression = lzss]
                  00005098    0000000c     (__TI_handler_table)
                  000050a4    00000004     --HOLE-- [fill = 0]
                  000050a8    00000008     (.cinit..bss.load) [load image, compression = zero_init]
                  000050b0    00000008     (.cinit..vtable.load) [load image, compression = zero_init]
                  000050b8    00000018     (__TI_cinit_table)

.init_array 
*          0    00000000    00000000     UNINITIALIZED

.vtable    0    20000000    0000026c     UNINITIALIZED
                  20000000    0000026c     driverlib.lib : interrupt.obj (.vtable)

.stack     0    20000270    00001000     UNINITIALIZED
                  20000270    00000004     rtsv7M4_T_le_v4SPD16_eabi.lib : boot_cortex_m.c.obj (.stack)
                  20000274    00000ffc     --HOLE--

.sysmem    0    20001270    00001000     UNINITIALIZED
                  20001270    00000010     rtsv7M4_T_le_v4SPD16_eabi.lib : memory.c.obj (.sysmem)
                  20001280    00000ff0     --HOLE--

.bss       0    20002270    000000bd     UNINITIALIZED
                  20002270    00000054     lcd.obj (.bss:lastbuffer$3)
                  200022c4    00000034     (.common:isr_char_buffer)
                  200022f8    00000018     open_interface.obj (.bss:firmware$2)
                  20002310    00000004     (.common:_timeout_ticks)
                  20002314    00000004     (.common:fallingEdge)
                  20002318    00000004     (.common:isr_int_value)
                  2000231c    00000004     (.common:left_calibration_value)
                  20002320    00000004     (.common:pulseLength)
                  20002324    00000004     (.common:right_calibration_value)
                  20002328    00000004     (.common:risingEdge)
                  2000232c    00000001     (.common:isRisingEdge)

.data      0    20002330    00000049     UNINITIALIZED
                  20002330    00000020     open_interface.obj (.data)
                  20002350    0000000c     uart-interrupt.obj (.data)
                  2000235c    00000008     rtsv7M4_T_le_v4SPD16_eabi.lib : _lock.c.obj (.data:$O1$$)
                  20002364    00000008                                   : memory.c.obj (.data:$O1$$)
                  2000236c    00000004     libcybotScan.lib : cyBot_Scan.obj (.data)
                  20002370    00000004     libcybotUART.lib : uart.obj (.data)
                  20002374    00000004     rtsv7M4_T_le_v4SPD16_eabi.lib : errno.c.obj (.data)
                  20002378    00000001     Timer.obj (.data)

__llvm_prf_cnts 
*          0    20000000    00000000     UNINITIALIZED

MODULE SUMMARY

       Module                         code    ro data   rw data
       ------                         ----    -------   -------
    .\
       open_interface.obj             3128    15        56     
       lcd.obj                        824     8         84     
       tm4c123gh6pm_startup_ccs.obj   12      620       0      
       Timer.obj                      584     0         5      
       uart-interrupt.obj             504     0         12     
       lab8.obj                       320     0         8      
       adc.obj                        252     0         0      
    +--+------------------------------+-------+---------+---------+
       Total:                         5624    643       165    
                                                               
    ../libcybotScan.lib
       cyBot_Scan.obj                 608     0         4      
       ping.obj                       492     0         13     
       servo.obj                      344     0         0      
       ir.obj                         280     0         4      
    +--+------------------------------+-------+---------+---------+
       Total:                         1724    0         21     
                                                               
    ../libcybotUART.lib
       uart.obj                       680     0         56     
    +--+------------------------------+-------+---------+---------+
       Total:                         680     0         56     
                                                               
    C:/ti/TivaWare_C_Series-2.2.0.295/driverlib/ccs/Debug/driverlib.lib
       interrupt.obj                  68      0         620    
       cpu.obj                        12      0         0      
    +--+------------------------------+-------+---------+---------+
       Total:                         80      0         620    
                                                               
    C:\ti\ccs1271\ccs\tools\compiler\ti-cgt-arm_20.2.7.LTS\lib\rtsv7M4_T_le_v4SPD16_eabi.lib
       _printfi.c.obj                 4851    0         0      
       e_pow.c.obj                    2512    48        0      
       memory.c.obj                   728     0         8      
       fd_add_t2.asm.obj              438     0         0      
       e_sqrt.c.obj                   344     0         0      
       fd_div_t2.asm.obj              310     0         0      
       s_scalbn.c.obj                 272     0         0      
       fd_cmp_t2.asm.obj              268     0         0      
       ctype.c.obj                    0       257       0      
       fd_mul_t2.asm.obj              252     0         0      
       memcpy_t2.asm.obj              156     0         0      
       ull_div_t2.asm.obj             150     0         0      
       vsnprintf.c.obj                136     0         0      
       memset_t2.asm.obj              122     0         0      
       fd_tos_t2.asm.obj              110     0         0      
       copy_decompress_lzss.c.obj     104     0         0      
       s_frexp.c.obj                  100     0         0      
       _ltoa.c.obj                    84      0         0      
       atoi.c.obj                     76      0         0      
       fd_toi_t2.asm.obj              72      0         0      
       autoinit.c.obj                 68      0         0      
       fs_tod_t2.asm.obj              56      0         0      
       boot_cortex_m.c.obj            52      0         0      
       i_tofd_t2.asm.obj              46      0         0      
       copy_zero_init.c.obj           28      0         0      
       memccpy.c.obj                  28      0         0      
       s_copysign.c.obj               26      0         0      
       strcmp.c.obj                   24      0         0      
       strchr.c.obj                   22      0         0      
       strcpy.c.obj                   20      0         0      
       strlen.c.obj                   20      0         0      
       wcslen.c.obj                   18      0         0      
       copy_decompress_none.c.obj     14      0         0      
       errno.c.obj                    8       0         4      
       _lock.c.obj                    2       0         8      
       exit.c.obj                     4       0         0      
       pre_init.c.obj                 4       0         0      
       div0.asm.obj                   2       0         0      
    +--+------------------------------+-------+---------+---------+
       Total:                         11527   305       20     
                                                               
       Heap:                          0       0         4096   
       Stack:                         0       0         4096   
       Linker Generated:              0       84        0      
    +--+------------------------------+-------+---------+---------+
       Grand Total:                   19635   1032      9074   


LINKER GENERATED COPY TABLES

__TI_cinit_table @ 000050b8 records: 3, size/record: 8, table size: 24
	.data: load addr=00005078, load size=00000020 bytes, run addr=20002330, run size=00000049 bytes, compression=lzss
	.bss: load addr=000050a8, load size=00000008 bytes, run addr=20002270, run size=000000bd bytes, compression=zero_init
	.vtable: load addr=000050b0, load size=00000008 bytes, run addr=20000000, run size=0000026c bytes, compression=zero_init


LINKER GENERATED HANDLER TABLE

__TI_handler_table @ 00005098 records: 3, size/record: 4, table size: 12
	index: 0, handler: __TI_zero_init
	index: 1, handler: __TI_decompress_lzss
	index: 2, handler: __TI_decompress_none


GLOBAL SYMBOLS: SORTED ALPHABETICALLY BY Name 

address   name                          
-------   ----                          
00003f21  ADC0SS0_Handler               
000041b1  ADC0_Init                     
00004f25  C$$EXIT                       
00004ef9  CPUcpsie                      
00000bc3  GPIOF_Handler                 
00004ecb  IntMasterEnable               
00004cd5  IntRegister                   
00004f05  ResetISR                      
0000327d  TIMER3B_Handler               
000030c7  UART1_Handler                 
20001270  __STACK_END                   
00001000  __STACK_SIZE                  
20000470  __STACK_TOP                   
00001000  __SYSMEM_SIZE                 
000050b8  __TI_CINIT_Base               
000050d0  __TI_CINIT_Limit              
00005098  __TI_Handler_Table_Base       
000050a4  __TI_Handler_Table_Limit      
00004ba1  __TI_auto_init_nobinit_nopinit
00004945  __TI_decompress_lzss          
00004eeb  __TI_decompress_none          
00004a67  __TI_ltoa                     
ffffffff  __TI_pprof_out_hndl           
00000e8d  __TI_printfi                  
ffffffff  __TI_prof_data_size           
ffffffff  __TI_prof_data_start          
00000000  __TI_static_base__            
00004dc5  __TI_zero_init_nomemset       
00004671  __aeabi_cdcmpeq               
00004671  __aeabi_cdcmple               
000046f7  __aeabi_cdrcmple              
000048d7  __aeabi_d2f                   
00004b59  __aeabi_d2iz                  
00003553  __aeabi_dadd                  
00003c2d  __aeabi_ddiv                  
000042ad  __aeabi_dmul                  
00003549  __aeabi_dsub                  
00004f11  __aeabi_errno_addr            
00004c9d  __aeabi_f2d                   
00004d6d  __aeabi_i2d                   
000036ff  __aeabi_idiv0                 
000036ff  __aeabi_ldiv0                 
0000477d  __aeabi_memclr                
0000477d  __aeabi_memclr4               
0000477d  __aeabi_memclr8               
0000453f  __aeabi_memcpy                
0000453f  __aeabi_memcpy4               
0000453f  __aeabi_memcpy8               
0000477f  __aeabi_memset                
0000477f  __aeabi_memset4               
0000477f  __aeabi_memset8               
000045db  __aeabi_uldivmod              
ffffffff  __binit__                     
ffffffff  __c_args__                    
UNDEFED   __mpu_init                    
20000270  __stack                       
20000000  __start___llvm_prf_cnts       
20000000  __stop___llvm_prf_cnts        
00004d09  _c_int00_noargs               
00004f28  _ctypes_                      
2000235c  _lock                         
000018db  _nop                          
20002378  _running                      
20001270  _sys_memory                   
UNDEFED   _system_post_cinit            
00004f21  _system_pre_init              
20002310  _timeout_ticks                
20002360  _unlock                       
00004f25  abort                         
000040b1  aligned_alloc                 
00004b0d  atoi                          
ffffffff  binit                         
00004c65  calloc                        
00004e19  copysign                      
00004e19  copysignl                     
00002bc5  cyBOT_SERVO_cal               
00002b53  cyBOT_Scan                    
00002afb  cyBOT_init_Scan               
2000236c  cyBOT_scan_features           
00002aed  cyBOT_scan_version            
00002821  cyBot_UART1_Handler           
00002813  cyBot_getByte_blocking        
000027f3  cyBot_getByte_nonblocking     
000025d5  cyBot_sendByte                
000027d9  cyBot_uart_flush              
00002743  cyBot_uart_init               
000026e3  cyBot_uart_init_PHJ_first_half
0000268b  cyBot_uart_init_clean         
00002613  cyBot_uart_init_last_half     
000025fb  cyBot_uart_sendBuffer         
000025e1  cyBot_uart_sendStr            
20002374  errno                         
20002314  fallingEdge                   
000043a9  free                          
000049ad  frexp                         
000049ad  frexpl                        
20000000  g_pfnRAMVectors               
00000000  g_pfnVectors                  
0000097f  go_charge                     
00003f37  ir_enableInterrupt            
00003f19  ir_getDistance                
00003ef1  ir_getValue                   
00003e89  ir_init                       
2000232c  isRisingEdge                  
200022c4  isr_char_buffer               
20002370  isr_counter                   
20002318  isr_int_value                 
00004edb  lcd_clear                     
00002481  lcd_gotoLine                  
000022e9  lcd_init                      
000024e7  lcd_printf                    
000023a9  lcd_putc                      
000023e1  lcd_puts                      
000022ad  lcd_reverseNibble             
000023ff  lcd_sendCommand               
0000243d  lcd_sendNibble                
000024a9  lcd_setCursorPos              
00003fa1  ldexp                         
00003fa1  ldexpl                        
2000231c  left_calibration_value        
000039b1  main                          
00004f19  malloc                        
000040b1  memalign                      
00004dfd  memccpy                       
0000453f  memcpy                        
00004785  memset                        
20002330  motor_cal_factor_L            
20002334  motor_cal_factor_R            
0000026d  oi_alloc                      
00000aa9  oi_checkFirmware              
000002c7  oi_close                      
00000279  oi_free                       
00000ded  oi_getMotorCalibrationLeft    
00000e01  oi_getMotorCalibrationRight   
000002b1  oi_init                       
00000289  oi_init_noupdate              
00000915  oi_loadSong                   
00004e4b  oi_parseInt                   
0000032b  oi_parsePacket                
0000096b  oi_play_song                  
0000084b  oi_setLeds                    
00000db1  oi_setMotorCalibration        
0000088f  oi_setWheels                  
00000b51  oi_shutoff_init               
0000098d  oi_uartInit                   
00000a31  oi_uartReceive                
00000a77  oi_uartSendBuff               
00000a15  oi_uartSendChar               
00000a59  oi_uartSendStr                
000002d9  oi_update                     
000032cf  ping_getDistance              
0000318d  ping_init                     
00003213  ping_trigger                  
000018dd  pow                           
000018dd  powl                          
20002320  pulseLength                   
00004239  read                          
20002324  right_calibration_value       
20002328  risingEdge                    
00003fa1  scalbn                        
00003fa1  scalbnl                       
00003701  servo_init                    
00003791  servo_move                    
000037f1  servo_setPWM                  
00003785  servo_stop                    
00003859  sqrt                          
00003859  sqrtl                         
20002350  start_command                 
20002354  start_flag                    
20002351  stop_command                  
20002358  stop_flag                     
00004e7b  strchr                        
00004e63  strcmp                        
00004e91  strcpy                        
00004ea5  strlen                        
00002e6b  timer_getMicros               
00002e13  timer_getMillis               
00002d4d  timer_init                    
00002def  timer_pause                   
00002e01  timer_resume                  
00002dc5  timer_stop                    
00002ec5  timer_waitMicros              
00002ef7  timer_waitMillis              
00002f95  uart_interrupt_init           
0000308f  uart_receive                  
00003073  uart_sendChar                 
000030a3  uart_sendStr                  
00004be5  vsnprintf                     
00004eb9  wcslen                        


GLOBAL SYMBOLS: SORTED BY Symbol Address 

address   name                          
-------   ----                          
00000000  __TI_static_base__            
00000000  g_pfnVectors                  
0000026d  oi_alloc                      
00000279  oi_free                       
00000289  oi_init_noupdate              
000002b1  oi_init                       
000002c7  oi_close                      
000002d9  oi_update                     
0000032b  oi_parsePacket                
0000084b  oi_setLeds                    
0000088f  oi_setWheels                  
00000915  oi_loadSong                   
0000096b  oi_play_song                  
0000097f  go_charge                     
0000098d  oi_uartInit                   
00000a15  oi_uartSendChar               
00000a31  oi_uartReceive                
00000a59  oi_uartSendStr                
00000a77  oi_uartSendBuff               
00000aa9  oi_checkFirmware              
00000b51  oi_shutoff_init               
00000bc3  GPIOF_Handler                 
00000db1  oi_setMotorCalibration        
00000ded  oi_getMotorCalibrationLeft    
00000e01  oi_getMotorCalibrationRight   
00000e8d  __TI_printfi                  
00001000  __STACK_SIZE                  
00001000  __SYSMEM_SIZE                 
000018db  _nop                          
000018dd  pow                           
000018dd  powl                          
000022ad  lcd_reverseNibble             
000022e9  lcd_init                      
000023a9  lcd_putc                      
000023e1  lcd_puts                      
000023ff  lcd_sendCommand               
0000243d  lcd_sendNibble                
00002481  lcd_gotoLine                  
000024a9  lcd_setCursorPos              
000024e7  lcd_printf                    
000025d5  cyBot_sendByte                
000025e1  cyBot_uart_sendStr            
000025fb  cyBot_uart_sendBuffer         
00002613  cyBot_uart_init_last_half     
0000268b  cyBot_uart_init_clean         
000026e3  cyBot_uart_init_PHJ_first_half
00002743  cyBot_uart_init               
000027d9  cyBot_uart_flush              
000027f3  cyBot_getByte_nonblocking     
00002813  cyBot_getByte_blocking        
00002821  cyBot_UART1_Handler           
00002aed  cyBOT_scan_version            
00002afb  cyBOT_init_Scan               
00002b53  cyBOT_Scan                    
00002bc5  cyBOT_SERVO_cal               
00002d4d  timer_init                    
00002dc5  timer_stop                    
00002def  timer_pause                   
00002e01  timer_resume                  
00002e13  timer_getMillis               
00002e6b  timer_getMicros               
00002ec5  timer_waitMicros              
00002ef7  timer_waitMillis              
00002f95  uart_interrupt_init           
00003073  uart_sendChar                 
0000308f  uart_receive                  
000030a3  uart_sendStr                  
000030c7  UART1_Handler                 
0000318d  ping_init                     
00003213  ping_trigger                  
0000327d  TIMER3B_Handler               
000032cf  ping_getDistance              
00003549  __aeabi_dsub                  
00003553  __aeabi_dadd                  
000036ff  __aeabi_idiv0                 
000036ff  __aeabi_ldiv0                 
00003701  servo_init                    
00003785  servo_stop                    
00003791  servo_move                    
000037f1  servo_setPWM                  
00003859  sqrt                          
00003859  sqrtl                         
000039b1  main                          
00003c2d  __aeabi_ddiv                  
00003e89  ir_init                       
00003ef1  ir_getValue                   
00003f19  ir_getDistance                
00003f21  ADC0SS0_Handler               
00003f37  ir_enableInterrupt            
00003fa1  ldexp                         
00003fa1  ldexpl                        
00003fa1  scalbn                        
00003fa1  scalbnl                       
000040b1  aligned_alloc                 
000040b1  memalign                      
000041b1  ADC0_Init                     
00004239  read                          
000042ad  __aeabi_dmul                  
000043a9  free                          
0000453f  __aeabi_memcpy                
0000453f  __aeabi_memcpy4               
0000453f  __aeabi_memcpy8               
0000453f  memcpy                        
000045db  __aeabi_uldivmod              
00004671  __aeabi_cdcmpeq               
00004671  __aeabi_cdcmple               
000046f7  __aeabi_cdrcmple              
0000477d  __aeabi_memclr                
0000477d  __aeabi_memclr4               
0000477d  __aeabi_memclr8               
0000477f  __aeabi_memset                
0000477f  __aeabi_memset4               
0000477f  __aeabi_memset8               
00004785  memset                        
000048d7  __aeabi_d2f                   
00004945  __TI_decompress_lzss          
000049ad  frexp                         
000049ad  frexpl                        
00004a67  __TI_ltoa                     
00004b0d  atoi                          
00004b59  __aeabi_d2iz                  
00004ba1  __TI_auto_init_nobinit_nopinit
00004be5  vsnprintf                     
00004c65  calloc                        
00004c9d  __aeabi_f2d                   
00004cd5  IntRegister                   
00004d09  _c_int00_noargs               
00004d6d  __aeabi_i2d                   
00004dc5  __TI_zero_init_nomemset       
00004dfd  memccpy                       
00004e19  copysign                      
00004e19  copysignl                     
00004e4b  oi_parseInt                   
00004e63  strcmp                        
00004e7b  strchr                        
00004e91  strcpy                        
00004ea5  strlen                        
00004eb9  wcslen                        
00004ecb  IntMasterEnable               
00004edb  lcd_clear                     
00004eeb  __TI_decompress_none          
00004ef9  CPUcpsie                      
00004f05  ResetISR                      
00004f11  __aeabi_errno_addr            
00004f19  malloc                        
00004f21  _system_pre_init              
00004f25  C$$EXIT                       
00004f25  abort                         
00004f28  _ctypes_                      
00005098  __TI_Handler_Table_Base       
000050a4  __TI_Handler_Table_Limit      
000050b8  __TI_CINIT_Base               
000050d0  __TI_CINIT_Limit              
20000000  __start___llvm_prf_cnts       
20000000  __stop___llvm_prf_cnts        
20000000  g_pfnRAMVectors               
20000270  __stack                       
20000470  __STACK_TOP                   
20001270  __STACK_END                   
20001270  _sys_memory                   
200022c4  isr_char_buffer               
20002310  _timeout_ticks                
20002314  fallingEdge                   
20002318  isr_int_value                 
2000231c  left_calibration_value        
20002320  pulseLength                   
20002324  right_calibration_value       
20002328  risingEdge                    
2000232c  isRisingEdge                  
20002330  motor_cal_factor_L            
20002334  motor_cal_factor_R            
20002350  start_command                 
20002351  stop_command                  
20002354  start_flag                    
20002358  stop_flag                     
2000235c  _lock                         
20002360  _unlock                       
2000236c  cyBOT_scan_features           
20002370  isr_counter                   
20002374  errno                         
20002378  _running                      
ffffffff  __TI_pprof_out_hndl           
ffffffff  __TI_prof_data_size           
ffffffff  __TI_prof_data_start          
ffffffff  __binit__                     
ffffffff  __c_args__                    
ffffffff  binit                         
UNDEFED   __mpu_init                    
UNDEFED   _system_post_cinit            

[189 symbols]
