******************************************************************************
                  TI ARM Linker PC v20.2.7                     
******************************************************************************
>> Linked Thu Feb 20 03:03:25 2025

OUTPUT FILE NAME:   <Lab3_collin.out>
ENTRY POINT SYMBOL: "_c_int00_noargs"  address: 000047f1


MEMORY CONFIGURATION

         name            origin    length      used     unused   attr    fill
----------------------  --------  ---------  --------  --------  ----  --------
  FLASH                 00000000   00040000  00004ba4  0003b45c  R  X
  SRAM                  20000000   00008000  00002366  00005c9a  RW X


SEGMENT ALLOCATION MAP

run origin  load origin   length   init length attrs members
----------  ----------- ---------- ----------- ----- -------
00000000    00000000    00004ba8   00004ba8    r-x
  00000000    00000000    0000026c   0000026c    r-- .intvecs
  0000026c    0000026c    000047c8   000047c8    r-x .text
  00004a34    00004a34    00000120   00000120    r-- .const
  00004b58    00004b58    00000050   00000050    r-- .cinit
20000000    20000000    0000236d   00000000    rw-
  20000000    20000000    0000026c   00000000    rw- .vtable
  20000270    20000270    00001000   00000000    rw- .stack
  20001270    20001270    00001000   00000000    rw- .sysmem
  20002270    20002270    000000bd   00000000    rw- .bss
  20002330    20002330    0000003d   00000000    rw- .data


SECTION ALLOCATION MAP

 output                                  attributes/
section   page    origin      length       input sections
--------  ----  ----------  ----------   ----------------
.intvecs   0    00000000    0000026c     
                  00000000    0000026c     tm4c123gh6pm_startup_ccs.obj (.intvecs)

.text      0    0000026c    000047c8     
                  0000026c    00000c20     open_interface.obj (.text)
                  00000e8c    00000a4e     rtsv7M4_T_le_v4SPD16_eabi.lib : _printfi.c.obj (.text:__TI_printfi)
                  000018da    00000002                                   : _lock.c.obj (.text:_nop)
                  000018dc    00000856     helloworld4.obj (.text)
                  00002132    00000002     rtsv7M4_T_le_v4SPD16_eabi.lib : div0.asm.obj (.text)
                  00002134    00000328     lcd.obj (.text)
                  0000245c    000002f8     movement.obj (.text)
                  00002754    00000270     rtsv7M4_T_le_v4SPD16_eabi.lib : _printfi.c.obj (.text:_pconv_a)
                  000029c4    00000260     libcybotScan.lib : cyBot_Scan.obj (.text)
                  00002c24    00000248     Timer.obj (.text)
                  00002e6c    000001ec     libcybotScan.lib : ping.obj (.text)
                  00003058    000001d0     rtsv7M4_T_le_v4SPD16_eabi.lib : _printfi.c.obj (.text:_pconv_g)
                  00003228    000001b6                                   : fd_add_t2.asm.obj (.text)
                  000033de    00000002     --HOLE-- [fill = 0]
                  000033e0    0000015c     libcybotUART.lib : uart.obj (.text)
                  0000353c    00000158     libcybotScan.lib : servo.obj (.text)
                  00003694    0000013c     rtsv7M4_T_le_v4SPD16_eabi.lib : _printfi.c.obj (.text:_pconv_e)
                  000037d0    00000136                                   : fd_div_t2.asm.obj (.text)
                  00003906    00000002     --HOLE-- [fill = 0]
                  00003908    00000124                                   : _printfi.c.obj (.text:fcvt)
                  00003a2c    00000118     libcybotScan.lib : ir.obj (.text)
                  00003b44    00000110     rtsv7M4_T_le_v4SPD16_eabi.lib : s_scalbn.c.obj (.text:scalbn)
                  00003c54    00000100                                   : memory.c.obj (.text:aligned_alloc)
                  00003d54    000000fc                                   : fd_mul_t2.asm.obj (.text)
                  00003e50    000000e4                                   : memory.c.obj (.text:free)
                  00003f34    000000b1                                   : _printfi.c.obj (.text:_ltostr)
                  00003fe5    00000001     --HOLE-- [fill = 0]
                  00003fe6    0000009c                                   : memcpy_t2.asm.obj (.text)
                  00004082    00000096                                   : ull_div_t2.asm.obj (.text)
                  00004118    00000086                                   : fd_cmp_t2.asm.obj (.text:__aeabi_cdcmple)
                  0000419e    00000086                                   : fd_cmp_t2.asm.obj (.text:__aeabi_cdrcmple)
                  00004224    0000007a                                   : memset_t2.asm.obj (.text)
                  0000429e    00000002     --HOLE-- [fill = 0]
                  000042a0    00000070                                   : memory.c.obj (.text:split)
                  00004310    0000006e                                   : _printfi.c.obj (.text:_mcpy)
                  0000437e    0000006e                                   : fd_tos_t2.asm.obj (.text)
                  000043ec    00000068                                   : copy_decompress_lzss.c.obj (.text:decompress:lzss:__TI_decompress_lzss)
                  00004454    00000064                                   : s_frexp.c.obj (.text:frexp)
                  000044b8    00000056                                   : _printfi.c.obj (.text:_pconv_f)
                  0000450e    00000054                                   : _ltoa.c.obj (.text:__TI_ltoa)
                  00004562    00000052                                   : _printfi.c.obj (.text:_ecpy)
                  000045b4    0000004c                                   : atoi.c.obj (.text:atoi)
                  00004600    00000048                                   : fd_toi_t2.asm.obj (.text)
                  00004648    00000044                                   : autoinit.c.obj (.text:__TI_auto_init_nobinit_nopinit:__TI_auto_init_nobinit_nopinit)
                  0000468c    00000040                                   : sprintf.c.obj (.text:sprintf)
                  000046cc    00000040                                   : vsnprintf.c.obj (.text:vsnprintf)
                  0000470c    0000003e                                   : _printfi.c.obj (.text:_fcpy)
                  0000474a    00000002     --HOLE-- [fill = 0]
                  0000474c    00000038                                   : memory.c.obj (.text:calloc)
                  00004784    00000038                                   : fs_tod_t2.asm.obj (.text)
                  000047bc    00000034     driverlib.lib : interrupt.obj (.text:IntRegister)
                  000047f0    00000034     rtsv7M4_T_le_v4SPD16_eabi.lib : boot_cortex_m.c.obj (.text:_c_int00_noargs:_c_int00_noargs)
                  00004824    00000030                                   : vsnprintf.c.obj (.text:_outs)
                  00004854    0000002e                                   : i_tofd_t2.asm.obj (.text)
                  00004882    00000002     --HOLE-- [fill = 0]
                  00004884    00000028                                   : memory.c.obj (.text:free_list_insert)
                  000048ac    0000001c                                   : copy_zero_init.c.obj (.text:decompress:ZI:__TI_zero_init_nomemset:__TI_zero_init_nomemset)
                  000048c8    0000001c                                   : memory.c.obj (.text:free_list_remove)
                  000048e4    0000001c                                   : memccpy.c.obj (.text:memccpy)
                  00004900    0000001a                                   : s_copysign.c.obj (.text:copysign)
                  0000491a    00000018                                   : vsnprintf.c.obj (.text:_outc)
                  00004932    00000018                                   : sprintf.c.obj (.text:_outs)
                  0000494a    00000018     open_interface.obj (.text:oi_parseInt)
                  00004962    00000018     rtsv7M4_T_le_v4SPD16_eabi.lib : strcmp.c.obj (.text:strcmp)
                  0000497a    00000016                                   : strchr.c.obj (.text:strchr)
                  00004990    00000014                                   : strcpy.c.obj (.text:strcpy)
                  000049a4    00000014                                   : strlen.c.obj (.text:strlen)
                  000049b8    00000012                                   : wcslen.c.obj (.text:wcslen)
                  000049ca    00000010     driverlib.lib : interrupt.obj (.text:IntMasterEnable)
                  000049da    00000010     lcd.obj (.text:lcd_clear)
                  000049ea    0000000e     rtsv7M4_T_le_v4SPD16_eabi.lib : copy_decompress_none.c.obj (.text:decompress:none:__TI_decompress_none)
                  000049f8    0000000c     driverlib.lib : cpu.obj (.text:CPUcpsie)
                  00004a04    0000000c     tm4c123gh6pm_startup_ccs.obj (.text)
                  00004a10    0000000a     rtsv7M4_T_le_v4SPD16_eabi.lib : sprintf.c.obj (.text:_outc)
                  00004a1a    00000002     --HOLE-- [fill = 0]
                  00004a1c    00000008                                   : errno.c.obj (.text:__aeabi_errno_addr)
                  00004a24    00000008                                   : memory.c.obj (.text:malloc)
                  00004a2c    00000004                                   : pre_init.c.obj (.text:_system_pre_init)
                  00004a30    00000004                                   : exit.c.obj (.text:abort:abort)

.const     0    00004a34    00000120     
                  00004a34    00000101     rtsv7M4_T_le_v4SPD16_eabi.lib : ctype.c.obj (.const:.string:_ctypes_)
                  00004b35    0000000f     open_interface.obj (.const:.string:$P$T0$3)
                  00004b44    00000008     helloworld4.obj (.const:$P$T0$1)
                  00004b4c    00000004     lcd.obj (.const:.string:lineAddress$1)
                  00004b50    00000004     lcd.obj (.const:.string:lineAddresses$2)

.cinit     0    00004b58    00000050     
                  00004b58    00000019     (.cinit..data.load) [load image, compression = lzss]
                  00004b71    00000003     --HOLE-- [fill = 0]
                  00004b74    0000000c     (__TI_handler_table)
                  00004b80    00000008     (.cinit..bss.load) [load image, compression = zero_init]
                  00004b88    00000008     (.cinit..vtable.load) [load image, compression = zero_init]
                  00004b90    00000018     (__TI_cinit_table)

.init_array 
*          0    00000000    00000000     UNINITIALIZED

.vtable    0    20000000    0000026c     UNINITIALIZED
                  20000000    0000026c     driverlib.lib : interrupt.obj (.vtable)

.stack     0    20000270    00001000     UNINITIALIZED
                  20000270    00000004     rtsv7M4_T_le_v4SPD16_eabi.lib : boot_cortex_m.c.obj (.stack)
                  20000274    00000ffc     --HOLE--

.sysmem    0    20001270    00001000     UNINITIALIZED
                  20001270    00000010     rtsv7M4_T_le_v4SPD16_eabi.lib : memory.c.obj (.sysmem)
                  20001280    00000ff0     --HOLE--

.bss       0    20002270    000000bd     UNINITIALIZED
                  20002270    00000054     lcd.obj (.bss:lastbuffer$3)
                  200022c4    00000034     (.common:isr_char_buffer)
                  200022f8    00000018     open_interface.obj (.bss:firmware$2)
                  20002310    00000004     (.common:_timeout_ticks)
                  20002314    00000004     (.common:fallingEdge)
                  20002318    00000004     (.common:isr_int_value)
                  2000231c    00000004     (.common:left_calibration_value)
                  20002320    00000004     (.common:pulseLength)
                  20002324    00000004     (.common:right_calibration_value)
                  20002328    00000004     (.common:risingEdge)
                  2000232c    00000001     (.common:isRisingEdge)

.data      0    20002330    0000003d     UNINITIALIZED
                  20002330    00000020     open_interface.obj (.data)
                  20002350    00000008     rtsv7M4_T_le_v4SPD16_eabi.lib : _lock.c.obj (.data:$O1$$)
                  20002358    00000008                                   : memory.c.obj (.data:$O1$$)
                  20002360    00000004     libcybotScan.lib : cyBot_Scan.obj (.data)
                  20002364    00000004     libcybotUART.lib : uart.obj (.data)
                  20002368    00000004     rtsv7M4_T_le_v4SPD16_eabi.lib : errno.c.obj (.data)
                  2000236c    00000001     Timer.obj (.data)

__llvm_prf_cnts 
*          0    20000000    00000000     UNINITIALIZED

MODULE SUMMARY

       Module                         code    ro data   rw data
       ------                         ----    -------   -------
    .\
       open_interface.obj             3128    15        56     
       helloworld4.obj                2134    8         8      
       lcd.obj                        824     8         84     
       movement.obj                   760     0         0      
       tm4c123gh6pm_startup_ccs.obj   12      620       0      
       Timer.obj                      584     0         5      
    +--+------------------------------+-------+---------+---------+
       Total:                         7442    651       153    
                                                               
    ../libcybotScan.lib
       cyBot_Scan.obj                 608     0         4      
       ping.obj                       492     0         13     
       servo.obj                      344     0         0      
       ir.obj                         280     0         4      
    +--+------------------------------+-------+---------+---------+
       Total:                         1724    0         21     
                                                               
    ../libcybotUART.lib
       uart.obj                       348     0         56     
    +--+------------------------------+-------+---------+---------+
       Total:                         348     0         56     
                                                               
    C:/ti/TivaWare_C_Series-2.2.0.295/driverlib/ccs/Debug/driverlib.lib
       interrupt.obj                  68      0         620    
       cpu.obj                        12      0         0      
    +--+------------------------------+-------+---------+---------+
       Total:                         80      0         620    
                                                               
    C:\ti\ccs1271\ccs\tools\compiler\ti-cgt-arm_20.2.7.LTS\lib\rtsv7M4_T_le_v4SPD16_eabi.lib
       _printfi.c.obj                 4851    0         0      
       memory.c.obj                   728     0         8      
       fd_add_t2.asm.obj              438     0         0      
       fd_div_t2.asm.obj              310     0         0      
       s_scalbn.c.obj                 272     0         0      
       fd_cmp_t2.asm.obj              268     0         0      
       ctype.c.obj                    0       257       0      
       fd_mul_t2.asm.obj              252     0         0      
       memcpy_t2.asm.obj              156     0         0      
       ull_div_t2.asm.obj             150     0         0      
       vsnprintf.c.obj                136     0         0      
       memset_t2.asm.obj              122     0         0      
       fd_tos_t2.asm.obj              110     0         0      
       copy_decompress_lzss.c.obj     104     0         0      
       s_frexp.c.obj                  100     0         0      
       sprintf.c.obj                  98      0         0      
       _ltoa.c.obj                    84      0         0      
       atoi.c.obj                     76      0         0      
       fd_toi_t2.asm.obj              72      0         0      
       autoinit.c.obj                 68      0         0      
       fs_tod_t2.asm.obj              56      0         0      
       boot_cortex_m.c.obj            52      0         0      
       i_tofd_t2.asm.obj              46      0         0      
       copy_zero_init.c.obj           28      0         0      
       memccpy.c.obj                  28      0         0      
       s_copysign.c.obj               26      0         0      
       strcmp.c.obj                   24      0         0      
       strchr.c.obj                   22      0         0      
       strcpy.c.obj                   20      0         0      
       strlen.c.obj                   20      0         0      
       wcslen.c.obj                   18      0         0      
       copy_decompress_none.c.obj     14      0         0      
       errno.c.obj                    8       0         4      
       _lock.c.obj                    2       0         8      
       exit.c.obj                     4       0         0      
       pre_init.c.obj                 4       0         0      
       div0.asm.obj                   2       0         0      
    +--+------------------------------+-------+---------+---------+
       Total:                         8769    257       20     
                                                               
       Heap:                          0       0         4096   
       Stack:                         0       0         4096   
       Linker Generated:              0       77        0      
    +--+------------------------------+-------+---------+---------+
       Grand Total:                   18363   985       9062   


LINKER GENERATED COPY TABLES

__TI_cinit_table @ 00004b90 records: 3, size/record: 8, table size: 24
	.data: load addr=00004b58, load size=00000019 bytes, run addr=20002330, run size=0000003d bytes, compression=lzss
	.bss: load addr=00004b80, load size=00000008 bytes, run addr=20002270, run size=000000bd bytes, compression=zero_init
	.vtable: load addr=00004b88, load size=00000008 bytes, run addr=20000000, run size=0000026c bytes, compression=zero_init


LINKER GENERATED HANDLER TABLE

__TI_handler_table @ 00004b74 records: 3, size/record: 4, table size: 12
	index: 0, handler: __TI_zero_init
	index: 1, handler: __TI_decompress_lzss
	index: 2, handler: __TI_decompress_none


GLOBAL SYMBOLS: SORTED ALPHABETICALLY BY Name 

address   name                          
-------   ----                          
00003ac5  ADC0SS0_Handler               
00004a31  C$$EXIT                       
000049f9  CPUcpsie                      
00000bc3  GPIOF_Handler                 
000049cb  IntMasterEnable               
000047bd  IntRegister                   
00004a05  ResetISR                      
00002f5d  TIMER3B_Handler               
20001270  __STACK_END                   
00001000  __STACK_SIZE                  
20000470  __STACK_TOP                   
00001000  __SYSMEM_SIZE                 
00004b90  __TI_CINIT_Base               
00004ba8  __TI_CINIT_Limit              
00004b74  __TI_Handler_Table_Base       
00004b80  __TI_Handler_Table_Limit      
00004649  __TI_auto_init_nobinit_nopinit
000043ed  __TI_decompress_lzss          
000049eb  __TI_decompress_none          
0000450f  __TI_ltoa                     
ffffffff  __TI_pprof_out_hndl           
00000e8d  __TI_printfi                  
ffffffff  __TI_prof_data_size           
ffffffff  __TI_prof_data_start          
00000000  __TI_static_base__            
000048ad  __TI_zero_init_nomemset       
00004119  __aeabi_cdcmpeq               
00004119  __aeabi_cdcmple               
0000419f  __aeabi_cdrcmple              
0000437f  __aeabi_d2f                   
00004601  __aeabi_d2iz                  
00003233  __aeabi_dadd                  
000037d1  __aeabi_ddiv                  
00003d55  __aeabi_dmul                  
00003229  __aeabi_dsub                  
00004a1d  __aeabi_errno_addr            
00004785  __aeabi_f2d                   
00004855  __aeabi_i2d                   
00002133  __aeabi_idiv0                 
00002133  __aeabi_ldiv0                 
00004225  __aeabi_memclr                
00004225  __aeabi_memclr4               
00004225  __aeabi_memclr8               
00003fe7  __aeabi_memcpy                
00003fe7  __aeabi_memcpy4               
00003fe7  __aeabi_memcpy8               
00004227  __aeabi_memset                
00004227  __aeabi_memset4               
00004227  __aeabi_memset8               
00004083  __aeabi_uldivmod              
ffffffff  __binit__                     
ffffffff  __c_args__                    
UNDEFED   __mpu_init                    
20000270  __stack                       
20000000  __start___llvm_prf_cnts       
20000000  __stop___llvm_prf_cnts        
000047f1  _c_int00_noargs               
00004a34  _ctypes_                      
20002350  _lock                         
000018db  _nop                          
2000236c  _running                      
20001270  _sys_memory                   
UNDEFED   _system_post_cinit            
00004a2d  _system_pre_init              
20002310  _timeout_ticks                
20002354  _unlock                       
00004a31  abort                         
00003c55  aligned_alloc                 
000045b5  atoi                          
ffffffff  binit                         
0000474d  calloc                        
00004901  copysign                      
00004901  copysignl                     
00002a9d  cyBOT_SERVO_cal               
00002a2b  cyBOT_Scan                    
000029d3  cyBOT_init_Scan               
20002360  cyBOT_scan_features           
000029c5  cyBOT_scan_version            
000034e9  cyBot_UART1_Handler           
000034cf  cyBot_getByte                 
000033e1  cyBot_sendByte                
000034b1  cyBot_uart_flush              
0000341f  cyBot_uart_init               
00003407  cyBot_uart_sendBuffer         
000033ed  cyBot_uart_sendStr            
000019c3  detect_object                 
20002368  errno                         
20002314  fallingEdge                   
000018dd  filter_value                  
00003e51  free                          
00004455  frexp                         
00004455  frexpl                        
20000000  g_pfnRAMVectors               
00000000  g_pfnVectors                  
000026c9  go_around_left                
00002665  go_around_right               
0000097f  go_charge                     
00003adb  ir_enableInterrupt            
00003abd  ir_getDistance                
00003a95  ir_getValue                   
00003a2d  ir_init                       
2000232c  isRisingEdge                  
200022c4  isr_char_buffer               
20002364  isr_counter                   
20002318  isr_int_value                 
000049db  lcd_clear                     
00002309  lcd_gotoLine                  
00002171  lcd_init                      
0000236f  lcd_printf                    
00002231  lcd_putc                      
00002269  lcd_puts                      
00002135  lcd_reverseNibble             
00002287  lcd_sendCommand               
000022c5  lcd_sendNibble                
00002331  lcd_setCursorPos              
00003b45  ldexp                         
00003b45  ldexpl                        
2000231c  left_calibration_value        
000019f1  locate_objects                
00001ba9  main                          
00004a25  malloc                        
00003c55  memalign                      
000048e5  memccpy                       
00003fe7  memcpy                        
0000422d  memset                        
20002330  motor_cal_factor_L            
20002334  motor_cal_factor_R            
00002519  move_backward                 
0000245d  move_forward                  
0000026d  oi_alloc                      
00000aa9  oi_checkFirmware              
000002c7  oi_close                      
00000279  oi_free                       
00000ded  oi_getMotorCalibrationLeft    
00000e01  oi_getMotorCalibrationRight   
000002b1  oi_init                       
00000289  oi_init_noupdate              
00000915  oi_loadSong                   
0000494b  oi_parseInt                   
0000032b  oi_parsePacket                
0000096b  oi_play_song                  
0000084b  oi_setLeds                    
00000db1  oi_setMotorCalibration        
0000088f  oi_setWheels                  
00000b51  oi_shutoff_init               
0000098d  oi_uartInit                   
00000a31  oi_uartReceive                
00000a77  oi_uartSendBuff               
00000a15  oi_uartSendChar               
00000a59  oi_uartSendStr                
000002d9  oi_update                     
00002faf  ping_getDistance              
00002e6d  ping_init                     
00002ef3  ping_trigger                  
20002320  pulseLength                   
20002324  right_calibration_value       
20002328  risingEdge                    
00003b45  scalbn                        
00003b45  scalbnl                       
0000353d  servo_init                    
000035cd  servo_move                    
0000362d  servo_setPWM                  
000035c1  servo_stop                    
0000468d  sprintf                       
0000497b  strchr                        
00004963  strcmp                        
00004991  strcpy                        
000049a5  strlen                        
00002d43  timer_getMicros               
00002ceb  timer_getMillis               
00002c25  timer_init                    
00002cc7  timer_pause                   
00002cd9  timer_resume                  
00002c9d  timer_stop                    
00002d9d  timer_waitMicros              
00002dcf  timer_waitMillis              
000025f7  turn_left                     
00002589  turn_right                    
000046cd  vsnprintf                     
000049b9  wcslen                        


GLOBAL SYMBOLS: SORTED BY Symbol Address 

address   name                          
-------   ----                          
00000000  __TI_static_base__            
00000000  g_pfnVectors                  
0000026d  oi_alloc                      
00000279  oi_free                       
00000289  oi_init_noupdate              
000002b1  oi_init                       
000002c7  oi_close                      
000002d9  oi_update                     
0000032b  oi_parsePacket                
0000084b  oi_setLeds                    
0000088f  oi_setWheels                  
00000915  oi_loadSong                   
0000096b  oi_play_song                  
0000097f  go_charge                     
0000098d  oi_uartInit                   
00000a15  oi_uartSendChar               
00000a31  oi_uartReceive                
00000a59  oi_uartSendStr                
00000a77  oi_uartSendBuff               
00000aa9  oi_checkFirmware              
00000b51  oi_shutoff_init               
00000bc3  GPIOF_Handler                 
00000db1  oi_setMotorCalibration        
00000ded  oi_getMotorCalibrationLeft    
00000e01  oi_getMotorCalibrationRight   
00000e8d  __TI_printfi                  
00001000  __STACK_SIZE                  
00001000  __SYSMEM_SIZE                 
000018db  _nop                          
000018dd  filter_value                  
000019c3  detect_object                 
000019f1  locate_objects                
00001ba9  main                          
00002133  __aeabi_idiv0                 
00002133  __aeabi_ldiv0                 
00002135  lcd_reverseNibble             
00002171  lcd_init                      
00002231  lcd_putc                      
00002269  lcd_puts                      
00002287  lcd_sendCommand               
000022c5  lcd_sendNibble                
00002309  lcd_gotoLine                  
00002331  lcd_setCursorPos              
0000236f  lcd_printf                    
0000245d  move_forward                  
00002519  move_backward                 
00002589  turn_right                    
000025f7  turn_left                     
00002665  go_around_right               
000026c9  go_around_left                
000029c5  cyBOT_scan_version            
000029d3  cyBOT_init_Scan               
00002a2b  cyBOT_Scan                    
00002a9d  cyBOT_SERVO_cal               
00002c25  timer_init                    
00002c9d  timer_stop                    
00002cc7  timer_pause                   
00002cd9  timer_resume                  
00002ceb  timer_getMillis               
00002d43  timer_getMicros               
00002d9d  timer_waitMicros              
00002dcf  timer_waitMillis              
00002e6d  ping_init                     
00002ef3  ping_trigger                  
00002f5d  TIMER3B_Handler               
00002faf  ping_getDistance              
00003229  __aeabi_dsub                  
00003233  __aeabi_dadd                  
000033e1  cyBot_sendByte                
000033ed  cyBot_uart_sendStr            
00003407  cyBot_uart_sendBuffer         
0000341f  cyBot_uart_init               
000034b1  cyBot_uart_flush              
000034cf  cyBot_getByte                 
000034e9  cyBot_UART1_Handler           
0000353d  servo_init                    
000035c1  servo_stop                    
000035cd  servo_move                    
0000362d  servo_setPWM                  
000037d1  __aeabi_ddiv                  
00003a2d  ir_init                       
00003a95  ir_getValue                   
00003abd  ir_getDistance                
00003ac5  ADC0SS0_Handler               
00003adb  ir_enableInterrupt            
00003b45  ldexp                         
00003b45  ldexpl                        
00003b45  scalbn                        
00003b45  scalbnl                       
00003c55  aligned_alloc                 
00003c55  memalign                      
00003d55  __aeabi_dmul                  
00003e51  free                          
00003fe7  __aeabi_memcpy                
00003fe7  __aeabi_memcpy4               
00003fe7  __aeabi_memcpy8               
00003fe7  memcpy                        
00004083  __aeabi_uldivmod              
00004119  __aeabi_cdcmpeq               
00004119  __aeabi_cdcmple               
0000419f  __aeabi_cdrcmple              
00004225  __aeabi_memclr                
00004225  __aeabi_memclr4               
00004225  __aeabi_memclr8               
00004227  __aeabi_memset                
00004227  __aeabi_memset4               
00004227  __aeabi_memset8               
0000422d  memset                        
0000437f  __aeabi_d2f                   
000043ed  __TI_decompress_lzss          
00004455  frexp                         
00004455  frexpl                        
0000450f  __TI_ltoa                     
000045b5  atoi                          
00004601  __aeabi_d2iz                  
00004649  __TI_auto_init_nobinit_nopinit
0000468d  sprintf                       
000046cd  vsnprintf                     
0000474d  calloc                        
00004785  __aeabi_f2d                   
000047bd  IntRegister                   
000047f1  _c_int00_noargs               
00004855  __aeabi_i2d                   
000048ad  __TI_zero_init_nomemset       
000048e5  memccpy                       
00004901  copysign                      
00004901  copysignl                     
0000494b  oi_parseInt                   
00004963  strcmp                        
0000497b  strchr                        
00004991  strcpy                        
000049a5  strlen                        
000049b9  wcslen                        
000049cb  IntMasterEnable               
000049db  lcd_clear                     
000049eb  __TI_decompress_none          
000049f9  CPUcpsie                      
00004a05  ResetISR                      
00004a1d  __aeabi_errno_addr            
00004a25  malloc                        
00004a2d  _system_pre_init              
00004a31  C$$EXIT                       
00004a31  abort                         
00004a34  _ctypes_                      
00004b74  __TI_Handler_Table_Base       
00004b80  __TI_Handler_Table_Limit      
00004b90  __TI_CINIT_Base               
00004ba8  __TI_CINIT_Limit              
20000000  __start___llvm_prf_cnts       
20000000  __stop___llvm_prf_cnts        
20000000  g_pfnRAMVectors               
20000270  __stack                       
20000470  __STACK_TOP                   
20001270  __STACK_END                   
20001270  _sys_memory                   
200022c4  isr_char_buffer               
20002310  _timeout_ticks                
20002314  fallingEdge                   
20002318  isr_int_value                 
2000231c  left_calibration_value        
20002320  pulseLength                   
20002324  right_calibration_value       
20002328  risingEdge                    
2000232c  isRisingEdge                  
20002330  motor_cal_factor_L            
20002334  motor_cal_factor_R            
20002350  _lock                         
20002354  _unlock                       
20002360  cyBOT_scan_features           
20002364  isr_counter                   
20002368  errno                         
2000236c  _running                      
ffffffff  __TI_pprof_out_hndl           
ffffffff  __TI_prof_data_size           
ffffffff  __TI_prof_data_start          
ffffffff  __binit__                     
ffffffff  __c_args__                    
ffffffff  binit                         
UNDEFED   __mpu_init                    
UNDEFED   _system_post_cinit            

[180 symbols]
