******************************************************************************
                  TI ARM Linker PC v20.2.7                     
******************************************************************************
>> Linked Sat Feb 15 21:59:06 2025

OUTPUT FILE NAME:   <Lab3.out>
ENTRY POINT SYMBOL: "_c_int00_noargs"  address: 000037b1


MEMORY CONFIGURATION

         name            origin    length      used     unused   attr    fill
----------------------  --------  ---------  --------  --------  ----  --------
  FLASH                 00000000   00040000  00003b3c  0003c4c4  R  X
  SRAM                  20000000   00008000  00002332  00005cce  RW X


SEGMENT ALLOCATION MAP

run origin  load origin   length   init length attrs members
----------  ----------- ---------- ----------- ----- -------
00000000    00000000    00003b40   00003b40    r-x
  00000000    00000000    0000026c   0000026c    r-- .intvecs
  0000026c    0000026c    00003774   00003774    r-x .text
  000039e0    000039e0    00000114   00000114    r-- .const
  00003af8    00003af8    00000048   00000048    r-- .cinit
20000000    20000000    00002339   00000000    rw-
  20000000    20000000    0000026c   00000000    rw- .vtable
  20000270    20000270    00001000   00000000    rw- .stack
  20001270    20001270    00001000   00000000    rw- .sysmem
  20002270    20002270    000000a5   00000000    rw- .bss
  20002318    20002318    00000021   00000000    rw- .data


SECTION ALLOCATION MAP

 output                                  attributes/
section   page    origin      length       input sections
--------  ----  ----------  ----------   ----------------
.intvecs   0    00000000    0000026c     
                  00000000    0000026c     tm4c123gh6pm_startup_ccs.obj (.intvecs)

.text      0    0000026c    00003774     
                  0000026c    00000a4e     rtsv7M4_T_le_v4SPD16_eabi.lib : _printfi.c.obj (.text:__TI_printfi)
                  00000cba    00000002                                   : _lock.c.obj (.text:_nop)
                  00000cbc    00000450     helloworld2.obj (.text)
                  0000110c    00000328     lcd.obj (.text)
                  00001434    00000270     rtsv7M4_T_le_v4SPD16_eabi.lib : _printfi.c.obj (.text:_pconv_a)
                  000016a4    00000260     libcybotScan.lib : cyBot_Scan.obj (.text)
                  00001904    00000248     Timer.obj (.text)
                  00001b4c    000001ec     libcybotScan.lib : ping.obj (.text)
                  00001d38    000001d0     rtsv7M4_T_le_v4SPD16_eabi.lib : _printfi.c.obj (.text:_pconv_g)
                  00001f08    000001b6                                   : fd_add_t2.asm.obj (.text)
                  000020be    00000002                                   : div0.asm.obj (.text)
                  000020c0    0000015c     libcybotUART.lib : uart.obj (.text)
                  0000221c    00000158     libcybotScan.lib : servo.obj (.text)
                  00002374    0000014c     rtsv7M4_T_le_v4SPD16_eabi.lib : vla_alloc.c.obj (.text:__vla_alloc)
                  000024c0    0000013c                                   : _printfi.c.obj (.text:_pconv_e)
                  000025fc    00000136                                   : fd_div_t2.asm.obj (.text)
                  00002732    00000002     --HOLE-- [fill = 0]
                  00002734    00000124                                   : _printfi.c.obj (.text:fcvt)
                  00002858    00000118     libcybotScan.lib : ir.obj (.text)
                  00002970    00000110     rtsv7M4_T_le_v4SPD16_eabi.lib : s_scalbn.c.obj (.text:scalbn)
                  00002a80    00000100                                   : memory.c.obj (.text:aligned_alloc)
                  00002b80    000000fc                                   : fd_mul_t2.asm.obj (.text)
                  00002c7c    000000e4                                   : memory.c.obj (.text:free)
                  00002d60    000000e4                                   : memory.c.obj (.text:realloc)
                  00002e44    000000b1                                   : _printfi.c.obj (.text:_ltostr)
                  00002ef5    00000001     --HOLE-- [fill = 0]
                  00002ef6    0000009c                                   : memcpy_t2.asm.obj (.text)
                  00002f92    00000096                                   : ull_div_t2.asm.obj (.text)
                  00003028    00000086                                   : fd_cmp_t2.asm.obj (.text:__aeabi_cdcmple)
                  000030ae    00000086                                   : fd_cmp_t2.asm.obj (.text:__aeabi_cdrcmple)
                  00003134    0000007a                                   : memset_t2.asm.obj (.text)
                  000031ae    00000002     --HOLE-- [fill = 0]
                  000031b0    00000078                                   : vla_alloc.c.obj (.text:_ZN33_INTERNAL_11_vla_alloc_c_be8bd49b21free_dead_allocationsEPv)
                  00003228    00000070                                   : vla_alloc.c.obj (.text:__vla_dealloc)
                  00003298    00000070                                   : memory.c.obj (.text:split)
                  00003308    0000006e                                   : _printfi.c.obj (.text:_mcpy)
                  00003376    0000006e                                   : fd_tos_t2.asm.obj (.text)
                  000033e4    00000068                                   : copy_decompress_lzss.c.obj (.text:decompress:lzss:__TI_decompress_lzss)
                  0000344c    00000064                                   : s_frexp.c.obj (.text:frexp)
                  000034b0    00000056                                   : _printfi.c.obj (.text:_pconv_f)
                  00003506    00000054                                   : _ltoa.c.obj (.text:__TI_ltoa)
                  0000355a    00000052                                   : _printfi.c.obj (.text:_ecpy)
                  000035ac    0000004c                                   : atoi.c.obj (.text:atoi)
                  000035f8    00000048                                   : fd_toi_t2.asm.obj (.text)
                  00003640    00000044                                   : autoinit.c.obj (.text:__TI_auto_init_nobinit_nopinit:__TI_auto_init_nobinit_nopinit)
                  00003684    00000040                                   : sprintf.c.obj (.text:sprintf)
                  000036c4    00000040                                   : vsnprintf.c.obj (.text:vsnprintf)
                  00003704    0000003e                                   : _printfi.c.obj (.text:_fcpy)
                  00003742    00000038                                   : fs_tod_t2.asm.obj (.text)
                  0000377a    00000002     --HOLE-- [fill = 0]
                  0000377c    00000034     driverlib.lib : interrupt.obj (.text:IntRegister)
                  000037b0    00000034     rtsv7M4_T_le_v4SPD16_eabi.lib : boot_cortex_m.c.obj (.text:_c_int00_noargs:_c_int00_noargs)
                  000037e4    00000030                                   : vsnprintf.c.obj (.text:_outs)
                  00003814    0000002e                                   : i_tofd_t2.asm.obj (.text)
                  00003842    00000002     --HOLE-- [fill = 0]
                  00003844    00000028                                   : memory.c.obj (.text:free_list_insert)
                  0000386c    0000001c                                   : copy_zero_init.c.obj (.text:decompress:ZI:__TI_zero_init_nomemset:__TI_zero_init_nomemset)
                  00003888    0000001c                                   : memory.c.obj (.text:free_list_remove)
                  000038a4    0000001c                                   : memccpy.c.obj (.text:memccpy)
                  000038c0    0000001a                                   : s_copysign.c.obj (.text:copysign)
                  000038da    00000018                                   : vsnprintf.c.obj (.text:_outc)
                  000038f2    00000018                                   : sprintf.c.obj (.text:_outs)
                  0000390a    00000018                                   : strcmp.c.obj (.text:strcmp)
                  00003922    00000016                                   : strchr.c.obj (.text:strchr)
                  00003938    00000014                                   : strcpy.c.obj (.text:strcpy)
                  0000394c    00000014                                   : strlen.c.obj (.text:strlen)
                  00003960    00000012                                   : wcslen.c.obj (.text:wcslen)
                  00003972    00000010     driverlib.lib : interrupt.obj (.text:IntMasterEnable)
                  00003982    00000010     lcd.obj (.text:lcd_clear)
                  00003992    0000000e     rtsv7M4_T_le_v4SPD16_eabi.lib : copy_decompress_none.c.obj (.text:decompress:none:__TI_decompress_none)
                  000039a0    0000000c     driverlib.lib : cpu.obj (.text:CPUcpsie)
                  000039ac    0000000c     tm4c123gh6pm_startup_ccs.obj (.text)
                  000039b8    0000000a     rtsv7M4_T_le_v4SPD16_eabi.lib : sprintf.c.obj (.text:_outc)
                  000039c2    00000002     --HOLE-- [fill = 0]
                  000039c4    00000008                                   : errno.c.obj (.text:__aeabi_errno_addr)
                  000039cc    00000008                                   : memory.c.obj (.text:malloc)
                  000039d4    00000004                                   : error.c.obj (.text:__abort_execution)
                  000039d8    00000004                                   : pre_init.c.obj (.text:_system_pre_init)
                  000039dc    00000004                                   : exit.c.obj (.text:abort:abort)

.const     0    000039e0    00000114     
                  000039e0    00000101     rtsv7M4_T_le_v4SPD16_eabi.lib : ctype.c.obj (.const:.string:_ctypes_)
                  00003ae1    00000003     --HOLE-- [fill = 0]
                  00003ae4    00000008     helloworld2.obj (.const:$P$T2$1)
                  00003aec    00000004     lcd.obj (.const:.string:lineAddress$1)
                  00003af0    00000004     lcd.obj (.const:.string:lineAddresses$2)

.cinit     0    00003af8    00000048     
                  00003af8    0000000d     (.cinit..data.load) [load image, compression = lzss]
                  00003b05    00000003     --HOLE-- [fill = 0]
                  00003b08    0000000c     (__TI_handler_table)
                  00003b14    00000004     --HOLE-- [fill = 0]
                  00003b18    00000008     (.cinit..bss.load) [load image, compression = zero_init]
                  00003b20    00000008     (.cinit..vtable.load) [load image, compression = zero_init]
                  00003b28    00000018     (__TI_cinit_table)

.init_array 
*          0    00000000    00000000     UNINITIALIZED

.vtable    0    20000000    0000026c     UNINITIALIZED
                  20000000    0000026c     driverlib.lib : interrupt.obj (.vtable)

.stack     0    20000270    00001000     UNINITIALIZED
                  20000270    00000004     rtsv7M4_T_le_v4SPD16_eabi.lib : boot_cortex_m.c.obj (.stack)
                  20000274    00000ffc     --HOLE--

.sysmem    0    20001270    00001000     UNINITIALIZED
                  20001270    00000010     rtsv7M4_T_le_v4SPD16_eabi.lib : memory.c.obj (.sysmem)
                  20001280    00000ff0     --HOLE--

.bss       0    20002270    000000a5     UNINITIALIZED
                  20002270    00000054     lcd.obj (.bss:lastbuffer$3)
                  200022c4    00000034     (.common:isr_char_buffer)
                  200022f8    00000004     (.common:_timeout_ticks)
                  200022fc    00000004     (.common:fallingEdge)
                  20002300    00000004     (.common:isr_int_value)
                  20002304    00000004     (.common:left_calibration_value)
                  20002308    00000004     (.common:pulseLength)
                  2000230c    00000004     (.common:right_calibration_value)
                  20002310    00000004     (.common:risingEdge)
                  20002314    00000001     (.common:isRisingEdge)

.data      0    20002318    00000021     UNINITIALIZED
                  20002318    00000008     rtsv7M4_T_le_v4SPD16_eabi.lib : _lock.c.obj (.data:$O1$$)
                  20002320    00000008                                   : memory.c.obj (.data:$O1$$)
                  20002328    00000004     libcybotScan.lib : cyBot_Scan.obj (.data)
                  2000232c    00000004     libcybotUART.lib : uart.obj (.data)
                  20002330    00000004     rtsv7M4_T_le_v4SPD16_eabi.lib : errno.c.obj (.data)
                  20002334    00000004                                   : vla_alloc.c.obj (.data)
                  20002338    00000001     Timer.obj (.data)

__llvm_prf_cnts 
*          0    20000000    00000000     UNINITIALIZED

MODULE SUMMARY

       Module                         code    ro data   rw data
       ------                         ----    -------   -------
    .\
       helloworld2.obj                1104    8         8      
       lcd.obj                        824     8         84     
       tm4c123gh6pm_startup_ccs.obj   12      620       0      
       Timer.obj                      584     0         5      
    +--+------------------------------+-------+---------+---------+
       Total:                         2524    636       97     
                                                               
    ../libcybotScan.lib
       cyBot_Scan.obj                 608     0         4      
       ping.obj                       492     0         13     
       servo.obj                      344     0         0      
       ir.obj                         280     0         4      
    +--+------------------------------+-------+---------+---------+
       Total:                         1724    0         21     
                                                               
    ../libcybotUART.lib
       uart.obj                       348     0         56     
    +--+------------------------------+-------+---------+---------+
       Total:                         348     0         56     
                                                               
    C:/ti/TivaWare_C_Series-2.2.0.295/driverlib/ccs/Debug/driverlib.lib
       interrupt.obj                  68      0         620    
       cpu.obj                        12      0         0      
    +--+------------------------------+-------+---------+---------+
       Total:                         80      0         620    
                                                               
    C:\ti\ccs1271\ccs\tools\compiler\ti-cgt-arm_20.2.7.LTS\lib\rtsv7M4_T_le_v4SPD16_eabi.lib
       _printfi.c.obj                 4851    0         0      
       memory.c.obj                   900     0         8      
       vla_alloc.c.obj                564     0         4      
       fd_add_t2.asm.obj              438     0         0      
       fd_div_t2.asm.obj              310     0         0      
       s_scalbn.c.obj                 272     0         0      
       fd_cmp_t2.asm.obj              268     0         0      
       ctype.c.obj                    0       257       0      
       fd_mul_t2.asm.obj              252     0         0      
       memcpy_t2.asm.obj              156     0         0      
       ull_div_t2.asm.obj             150     0         0      
       vsnprintf.c.obj                136     0         0      
       memset_t2.asm.obj              122     0         0      
       fd_tos_t2.asm.obj              110     0         0      
       copy_decompress_lzss.c.obj     104     0         0      
       s_frexp.c.obj                  100     0         0      
       sprintf.c.obj                  98      0         0      
       _ltoa.c.obj                    84      0         0      
       atoi.c.obj                     76      0         0      
       fd_toi_t2.asm.obj              72      0         0      
       autoinit.c.obj                 68      0         0      
       fs_tod_t2.asm.obj              56      0         0      
       boot_cortex_m.c.obj            52      0         0      
       i_tofd_t2.asm.obj              46      0         0      
       copy_zero_init.c.obj           28      0         0      
       memccpy.c.obj                  28      0         0      
       s_copysign.c.obj               26      0         0      
       strcmp.c.obj                   24      0         0      
       strchr.c.obj                   22      0         0      
       strcpy.c.obj                   20      0         0      
       strlen.c.obj                   20      0         0      
       wcslen.c.obj                   18      0         0      
       copy_decompress_none.c.obj     14      0         0      
       errno.c.obj                    8       0         4      
       _lock.c.obj                    2       0         8      
       error.c.obj                    4       0         0      
       exit.c.obj                     4       0         0      
       pre_init.c.obj                 4       0         0      
       div0.asm.obj                   2       0         0      
    +--+------------------------------+-------+---------+---------+
       Total:                         9509    257       24     
                                                               
       Heap:                          0       0         4096   
       Stack:                         0       0         4096   
       Linker Generated:              0       65        0      
    +--+------------------------------+-------+---------+---------+
       Grand Total:                   14185   958       9010   


LINKER GENERATED COPY TABLES

__TI_cinit_table @ 00003b28 records: 3, size/record: 8, table size: 24
	.data: load addr=00003af8, load size=0000000d bytes, run addr=20002318, run size=00000021 bytes, compression=lzss
	.bss: load addr=00003b18, load size=00000008 bytes, run addr=20002270, run size=000000a5 bytes, compression=zero_init
	.vtable: load addr=00003b20, load size=00000008 bytes, run addr=20000000, run size=0000026c bytes, compression=zero_init


LINKER GENERATED HANDLER TABLE

__TI_handler_table @ 00003b08 records: 3, size/record: 4, table size: 12
	index: 0, handler: __TI_zero_init
	index: 1, handler: __TI_decompress_lzss
	index: 2, handler: __TI_decompress_none


GLOBAL SYMBOLS: SORTED ALPHABETICALLY BY Name 

address   name                          
-------   ----                          
000028f1  ADC0SS0_Handler               
000039dd  C$$EXIT                       
000039a1  CPUcpsie                      
00003973  IntMasterEnable               
0000377d  IntRegister                   
000039ad  ResetISR                      
00001c3d  TIMER3B_Handler               
20001270  __STACK_END                   
00001000  __STACK_SIZE                  
20000470  __STACK_TOP                   
00001000  __SYSMEM_SIZE                 
00003b28  __TI_CINIT_Base               
00003b40  __TI_CINIT_Limit              
00003b08  __TI_Handler_Table_Base       
00003b14  __TI_Handler_Table_Limit      
00003641  __TI_auto_init_nobinit_nopinit
000033e5  __TI_decompress_lzss          
00003993  __TI_decompress_none          
00003507  __TI_ltoa                     
ffffffff  __TI_pprof_out_hndl           
0000026d  __TI_printfi                  
ffffffff  __TI_prof_data_size           
ffffffff  __TI_prof_data_start          
00000000  __TI_static_base__            
0000386d  __TI_zero_init_nomemset       
000039d5  __abort_execution             
00003029  __aeabi_cdcmpeq               
00003029  __aeabi_cdcmple               
000030af  __aeabi_cdrcmple              
00003377  __aeabi_d2f                   
000035f9  __aeabi_d2iz                  
00001f13  __aeabi_dadd                  
000025fd  __aeabi_ddiv                  
00002b81  __aeabi_dmul                  
00001f09  __aeabi_dsub                  
000039c5  __aeabi_errno_addr            
00003743  __aeabi_f2d                   
00003815  __aeabi_i2d                   
000020bf  __aeabi_idiv0                 
000020bf  __aeabi_ldiv0                 
00003135  __aeabi_memclr                
00003135  __aeabi_memclr4               
00003135  __aeabi_memclr8               
00002ef7  __aeabi_memcpy                
00002ef7  __aeabi_memcpy4               
00002ef7  __aeabi_memcpy8               
00003137  __aeabi_memset                
00003137  __aeabi_memset4               
00003137  __aeabi_memset8               
00002f93  __aeabi_uldivmod              
ffffffff  __binit__                     
ffffffff  __c_args__                    
UNDEFED   __mpu_init                    
20000270  __stack                       
20000000  __start___llvm_prf_cnts       
20000000  __stop___llvm_prf_cnts        
00002375  __vla_alloc                   
00003229  __vla_dealloc                 
000037b1  _c_int00_noargs               
000039e0  _ctypes_                      
20002318  _lock                         
00000cbb  _nop                          
20002338  _running                      
20001270  _sys_memory                   
UNDEFED   _system_post_cinit            
000039d9  _system_pre_init              
200022f8  _timeout_ticks                
2000231c  _unlock                       
000039dd  abort                         
00002a81  aligned_alloc                 
000035ad  atoi                          
ffffffff  binit                         
00000d23  calculate_average_distance    
000038c1  copysign                      
000038c1  copysignl                     
0000177d  cyBOT_SERVO_cal               
0000170b  cyBOT_Scan                    
000016b3  cyBOT_init_Scan               
20002328  cyBOT_scan_features           
000016a5  cyBOT_scan_version            
000021c9  cyBot_UART1_Handler           
000021af  cyBot_getByte                 
000020c1  cyBot_sendByte                
00002191  cyBot_uart_flush              
000020ff  cyBot_uart_init               
000020e7  cyBot_uart_sendBuffer         
000020cd  cyBot_uart_sendStr            
00000d77  detect_objects                
20002330  errno                         
200022fc  fallingEdge                   
00000cbd  filter_value                  
00002c7d  free                          
0000344d  frexp                         
0000344d  frexpl                        
20000000  g_pfnRAMVectors               
00000000  g_pfnVectors                  
00002907  ir_enableInterrupt            
000028e9  ir_getDistance                
000028c1  ir_getValue                   
00002859  ir_init                       
20002314  isRisingEdge                  
200022c4  isr_char_buffer               
2000232c  isr_counter                   
20002300  isr_int_value                 
00003983  lcd_clear                     
000012e1  lcd_gotoLine                  
00001149  lcd_init                      
00001347  lcd_printf                    
00001209  lcd_putc                      
00001241  lcd_puts                      
0000110d  lcd_reverseNibble             
0000125f  lcd_sendCommand               
0000129d  lcd_sendNibble                
00001309  lcd_setCursorPos              
00002971  ldexp                         
00002971  ldexpl                        
20002304  left_calibration_value        
00000ecd  main                          
000039cd  malloc                        
00002a81  memalign                      
000038a5  memccpy                       
00002ef7  memcpy                        
0000313d  memset                        
00001c8f  ping_getDistance              
00001b4d  ping_init                     
00001bd3  ping_trigger                  
00000e49  print_detected_objects        
20002308  pulseLength                   
00002d61  realloc                       
2000230c  right_calibration_value       
20002310  risingEdge                    
00002971  scalbn                        
00002971  scalbnl                       
0000221d  servo_init                    
000022ad  servo_move                    
0000230d  servo_setPWM                  
000022a1  servo_stop                    
00003685  sprintf                       
00003923  strchr                        
0000390b  strcmp                        
00003939  strcpy                        
0000394d  strlen                        
00001a23  timer_getMicros               
000019cb  timer_getMillis               
00001905  timer_init                    
000019a7  timer_pause                   
000019b9  timer_resume                  
0000197d  timer_stop                    
00001a7d  timer_waitMicros              
00001aaf  timer_waitMillis              
000036c5  vsnprintf                     
00003961  wcslen                        


GLOBAL SYMBOLS: SORTED BY Symbol Address 

address   name                          
-------   ----                          
00000000  __TI_static_base__            
00000000  g_pfnVectors                  
0000026d  __TI_printfi                  
00000cbb  _nop                          
00000cbd  filter_value                  
00000d23  calculate_average_distance    
00000d77  detect_objects                
00000e49  print_detected_objects        
00000ecd  main                          
00001000  __STACK_SIZE                  
00001000  __SYSMEM_SIZE                 
0000110d  lcd_reverseNibble             
00001149  lcd_init                      
00001209  lcd_putc                      
00001241  lcd_puts                      
0000125f  lcd_sendCommand               
0000129d  lcd_sendNibble                
000012e1  lcd_gotoLine                  
00001309  lcd_setCursorPos              
00001347  lcd_printf                    
000016a5  cyBOT_scan_version            
000016b3  cyBOT_init_Scan               
0000170b  cyBOT_Scan                    
0000177d  cyBOT_SERVO_cal               
00001905  timer_init                    
0000197d  timer_stop                    
000019a7  timer_pause                   
000019b9  timer_resume                  
000019cb  timer_getMillis               
00001a23  timer_getMicros               
00001a7d  timer_waitMicros              
00001aaf  timer_waitMillis              
00001b4d  ping_init                     
00001bd3  ping_trigger                  
00001c3d  TIMER3B_Handler               
00001c8f  ping_getDistance              
00001f09  __aeabi_dsub                  
00001f13  __aeabi_dadd                  
000020bf  __aeabi_idiv0                 
000020bf  __aeabi_ldiv0                 
000020c1  cyBot_sendByte                
000020cd  cyBot_uart_sendStr            
000020e7  cyBot_uart_sendBuffer         
000020ff  cyBot_uart_init               
00002191  cyBot_uart_flush              
000021af  cyBot_getByte                 
000021c9  cyBot_UART1_Handler           
0000221d  servo_init                    
000022a1  servo_stop                    
000022ad  servo_move                    
0000230d  servo_setPWM                  
00002375  __vla_alloc                   
000025fd  __aeabi_ddiv                  
00002859  ir_init                       
000028c1  ir_getValue                   
000028e9  ir_getDistance                
000028f1  ADC0SS0_Handler               
00002907  ir_enableInterrupt            
00002971  ldexp                         
00002971  ldexpl                        
00002971  scalbn                        
00002971  scalbnl                       
00002a81  aligned_alloc                 
00002a81  memalign                      
00002b81  __aeabi_dmul                  
00002c7d  free                          
00002d61  realloc                       
00002ef7  __aeabi_memcpy                
00002ef7  __aeabi_memcpy4               
00002ef7  __aeabi_memcpy8               
00002ef7  memcpy                        
00002f93  __aeabi_uldivmod              
00003029  __aeabi_cdcmpeq               
00003029  __aeabi_cdcmple               
000030af  __aeabi_cdrcmple              
00003135  __aeabi_memclr                
00003135  __aeabi_memclr4               
00003135  __aeabi_memclr8               
00003137  __aeabi_memset                
00003137  __aeabi_memset4               
00003137  __aeabi_memset8               
0000313d  memset                        
00003229  __vla_dealloc                 
00003377  __aeabi_d2f                   
000033e5  __TI_decompress_lzss          
0000344d  frexp                         
0000344d  frexpl                        
00003507  __TI_ltoa                     
000035ad  atoi                          
000035f9  __aeabi_d2iz                  
00003641  __TI_auto_init_nobinit_nopinit
00003685  sprintf                       
000036c5  vsnprintf                     
00003743  __aeabi_f2d                   
0000377d  IntRegister                   
000037b1  _c_int00_noargs               
00003815  __aeabi_i2d                   
0000386d  __TI_zero_init_nomemset       
000038a5  memccpy                       
000038c1  copysign                      
000038c1  copysignl                     
0000390b  strcmp                        
00003923  strchr                        
00003939  strcpy                        
0000394d  strlen                        
00003961  wcslen                        
00003973  IntMasterEnable               
00003983  lcd_clear                     
00003993  __TI_decompress_none          
000039a1  CPUcpsie                      
000039ad  ResetISR                      
000039c5  __aeabi_errno_addr            
000039cd  malloc                        
000039d5  __abort_execution             
000039d9  _system_pre_init              
000039dd  C$$EXIT                       
000039dd  abort                         
000039e0  _ctypes_                      
00003b08  __TI_Handler_Table_Base       
00003b14  __TI_Handler_Table_Limit      
00003b28  __TI_CINIT_Base               
00003b40  __TI_CINIT_Limit              
20000000  __start___llvm_prf_cnts       
20000000  __stop___llvm_prf_cnts        
20000000  g_pfnRAMVectors               
20000270  __stack                       
20000470  __STACK_TOP                   
20001270  __STACK_END                   
20001270  _sys_memory                   
200022c4  isr_char_buffer               
200022f8  _timeout_ticks                
200022fc  fallingEdge                   
20002300  isr_int_value                 
20002304  left_calibration_value        
20002308  pulseLength                   
2000230c  right_calibration_value       
20002310  risingEdge                    
20002314  isRisingEdge                  
20002318  _lock                         
2000231c  _unlock                       
20002328  cyBOT_scan_features           
2000232c  isr_counter                   
20002330  errno                         
20002338  _running                      
ffffffff  __TI_pprof_out_hndl           
ffffffff  __TI_prof_data_size           
ffffffff  __TI_prof_data_start          
ffffffff  __binit__                     
ffffffff  __c_args__                    
ffffffff  binit                         
UNDEFED   __mpu_init                    
UNDEFED   _system_post_cinit            

[152 symbols]
