******************************************************************************
                  TI ARM Linker PC v20.2.7                     
******************************************************************************
>> Linked Wed Feb 19 01:44:08 2025

OUTPUT FILE NAME:   <Lab 3.out>
ENTRY POINT SYMBOL: "_c_int00_noargs"  address: 000031e1


MEMORY CONFIGURATION

         name            origin    length      used     unused   attr    fill
----------------------  --------  ---------  --------  --------  ----  --------
  FLASH                 00000000   00040000  00003510  0003caf0  R  X
  SRAM                  20000000   00008000  0000231e  00005ce2  RW X


SEGMENT ALLOCATION MAP

run origin  load origin   length   init length attrs members
----------  ----------- ---------- ----------- ----- -------
00000000    00000000    00003510   00003510    r-x
  00000000    00000000    0000026c   0000026c    r-- .intvecs
  0000026c    0000026c    00003150   00003150    r-x .text
  000033bc    000033bc    00000114   00000114    r-- .const
  000034d0    000034d0    00000040   00000040    r-- .cinit
20000000    20000000    00002325   00000000    rw-
  20000000    20000000    0000026c   00000000    rw- .vtable
  20000270    20000270    00001000   00000000    rw- .stack
  20001270    20001270    00001000   00000000    rw- .sysmem
  20002270    20002270    000000a5   00000000    rw- .bss
  20002318    20002318    0000000d   00000000    rw- .data


SECTION ALLOCATION MAP

 output                                  attributes/
section   page    origin      length       input sections
--------  ----  ----------  ----------   ----------------
.intvecs   0    00000000    0000026c     
                  00000000    0000026c     tm4c123gh6pm_startup_ccs.obj (.intvecs)

.text      0    0000026c    00003150     
                  0000026c    00000a4e     rtsv7M4_T_le_v4SPD16_eabi.lib : _printfi.c.obj (.text:__TI_printfi)
                  00000cba    00000002                                   : div0.asm.obj (.text)
                  00000cbc    0000045c     helloworld3.obj (.text)
                  00001118    00000328     lcd.obj (.text)
                  00001440    00000270     rtsv7M4_T_le_v4SPD16_eabi.lib : _printfi.c.obj (.text:_pconv_a)
                  000016b0    00000260     libcybotScan.lib : cyBot_Scan.obj (.text)
                  00001910    00000248     Timer.obj (.text)
                  00001b58    000001ec     libcybotScan.lib : ping.obj (.text)
                  00001d44    000001d0     rtsv7M4_T_le_v4SPD16_eabi.lib : _printfi.c.obj (.text:_pconv_g)
                  00001f14    000001b6                                   : fd_add_t2.asm.obj (.text)
                  000020ca    00000002     --HOLE-- [fill = 0]
                  000020cc    0000015c     libcybotUART.lib : uart.obj (.text)
                  00002228    00000158     libcybotScan.lib : servo.obj (.text)
                  00002380    0000013c     rtsv7M4_T_le_v4SPD16_eabi.lib : _printfi.c.obj (.text:_pconv_e)
                  000024bc    00000136                                   : fd_div_t2.asm.obj (.text)
                  000025f2    00000002     --HOLE-- [fill = 0]
                  000025f4    00000124                                   : _printfi.c.obj (.text:fcvt)
                  00002718    00000118     libcybotScan.lib : ir.obj (.text)
                  00002830    00000110     rtsv7M4_T_le_v4SPD16_eabi.lib : s_scalbn.c.obj (.text:scalbn)
                  00002940    000000fc                                   : fd_mul_t2.asm.obj (.text)
                  00002a3c    000000b1                                   : _printfi.c.obj (.text:_ltostr)
                  00002aed    00000001     --HOLE-- [fill = 0]
                  00002aee    0000009c                                   : memcpy_t2.asm.obj (.text)
                  00002b8a    00000096                                   : ull_div_t2.asm.obj (.text)
                  00002c20    00000086                                   : fd_cmp_t2.asm.obj (.text:__aeabi_cdcmple)
                  00002ca6    00000086                                   : fd_cmp_t2.asm.obj (.text:__aeabi_cdrcmple)
                  00002d2c    0000007a                                   : memset_t2.asm.obj (.text)
                  00002da6    0000006e                                   : _printfi.c.obj (.text:_mcpy)
                  00002e14    00000068                                   : copy_decompress_lzss.c.obj (.text:decompress:lzss:__TI_decompress_lzss)
                  00002e7c    00000064                                   : s_frexp.c.obj (.text:frexp)
                  00002ee0    00000056                                   : _printfi.c.obj (.text:_pconv_f)
                  00002f36    00000054                                   : _ltoa.c.obj (.text:__TI_ltoa)
                  00002f8a    00000052                                   : _printfi.c.obj (.text:_ecpy)
                  00002fdc    0000004c                                   : atoi.c.obj (.text:atoi)
                  00003028    00000048                                   : fd_toi_t2.asm.obj (.text)
                  00003070    00000044                                   : autoinit.c.obj (.text:__TI_auto_init_nobinit_nopinit:__TI_auto_init_nobinit_nopinit)
                  000030b4    00000040                                   : sprintf.c.obj (.text:sprintf)
                  000030f4    00000040                                   : vsnprintf.c.obj (.text:vsnprintf)
                  00003134    0000003e                                   : _printfi.c.obj (.text:_fcpy)
                  00003172    00000038                                   : fs_tod_t2.asm.obj (.text)
                  000031aa    00000002     --HOLE-- [fill = 0]
                  000031ac    00000034     driverlib.lib : interrupt.obj (.text:IntRegister)
                  000031e0    00000034     rtsv7M4_T_le_v4SPD16_eabi.lib : boot_cortex_m.c.obj (.text:_c_int00_noargs:_c_int00_noargs)
                  00003214    00000030                                   : vsnprintf.c.obj (.text:_outs)
                  00003244    0000002e                                   : i_tofd_t2.asm.obj (.text)
                  00003272    0000001c                                   : copy_zero_init.c.obj (.text:decompress:ZI:__TI_zero_init_nomemset:__TI_zero_init_nomemset)
                  0000328e    0000001c                                   : memccpy.c.obj (.text:memccpy)
                  000032aa    0000001a                                   : s_copysign.c.obj (.text:copysign)
                  000032c4    00000018                                   : vsnprintf.c.obj (.text:_outc)
                  000032dc    00000018                                   : sprintf.c.obj (.text:_outs)
                  000032f4    00000018                                   : strcmp.c.obj (.text:strcmp)
                  0000330c    00000016                                   : strchr.c.obj (.text:strchr)
                  00003322    00000014                                   : strcpy.c.obj (.text:strcpy)
                  00003336    00000014                                   : strlen.c.obj (.text:strlen)
                  0000334a    00000012                                   : wcslen.c.obj (.text:wcslen)
                  0000335c    00000010     driverlib.lib : interrupt.obj (.text:IntMasterEnable)
                  0000336c    00000010     lcd.obj (.text:lcd_clear)
                  0000337c    0000000e     rtsv7M4_T_le_v4SPD16_eabi.lib : copy_decompress_none.c.obj (.text:decompress:none:__TI_decompress_none)
                  0000338a    0000000c     driverlib.lib : cpu.obj (.text:CPUcpsie)
                  00003396    0000000c     tm4c123gh6pm_startup_ccs.obj (.text)
                  000033a2    0000000a     rtsv7M4_T_le_v4SPD16_eabi.lib : sprintf.c.obj (.text:_outc)
                  000033ac    00000008                                   : errno.c.obj (.text:__aeabi_errno_addr)
                  000033b4    00000004                                   : pre_init.c.obj (.text:_system_pre_init)
                  000033b8    00000004                                   : exit.c.obj (.text:abort:abort)

.const     0    000033bc    00000114     
                  000033bc    00000101     rtsv7M4_T_le_v4SPD16_eabi.lib : ctype.c.obj (.const:.string:_ctypes_)
                  000034bd    00000003     --HOLE-- [fill = 0]
                  000034c0    00000008     helloworld3.obj (.const:$P$T0$1)
                  000034c8    00000004     lcd.obj (.const:.string:lineAddress$1)
                  000034cc    00000004     lcd.obj (.const:.string:lineAddresses$2)

.cinit     0    000034d0    00000040     
                  000034d0    0000000c     (__TI_handler_table)
                  000034dc    00000004     --HOLE-- [fill = 0]
                  000034e0    00000008     (.cinit..bss.load) [load image, compression = zero_init]
                  000034e8    00000008     (.cinit..vtable.load) [load image, compression = zero_init]
                  000034f0    00000007     (.cinit..data.load) [load image, compression = lzss]
                  000034f7    00000001     --HOLE-- [fill = 0]
                  000034f8    00000018     (__TI_cinit_table)

.init_array 
*          0    00000000    00000000     UNINITIALIZED

.vtable    0    20000000    0000026c     UNINITIALIZED
                  20000000    0000026c     driverlib.lib : interrupt.obj (.vtable)

.stack     0    20000270    00001000     UNINITIALIZED
                  20000270    00000004     rtsv7M4_T_le_v4SPD16_eabi.lib : boot_cortex_m.c.obj (.stack)
                  20000274    00000ffc     --HOLE--

.sysmem    0    20001270    00001000     UNINITIALIZED
                  20001270    00000010     rtsv7M4_T_le_v4SPD16_eabi.lib : memory.c.obj (.sysmem)
                  20001280    00000ff0     --HOLE--

.bss       0    20002270    000000a5     UNINITIALIZED
                  20002270    00000054     lcd.obj (.bss:lastbuffer$3)
                  200022c4    00000034     (.common:isr_char_buffer)
                  200022f8    00000004     (.common:_timeout_ticks)
                  200022fc    00000004     (.common:fallingEdge)
                  20002300    00000004     (.common:isr_int_value)
                  20002304    00000004     (.common:left_calibration_value)
                  20002308    00000004     (.common:pulseLength)
                  2000230c    00000004     (.common:right_calibration_value)
                  20002310    00000004     (.common:risingEdge)
                  20002314    00000001     (.common:isRisingEdge)

.data      0    20002318    0000000d     UNINITIALIZED
                  20002318    00000004     libcybotScan.lib : cyBot_Scan.obj (.data)
                  2000231c    00000004     libcybotUART.lib : uart.obj (.data)
                  20002320    00000004     rtsv7M4_T_le_v4SPD16_eabi.lib : errno.c.obj (.data)
                  20002324    00000001     Timer.obj (.data)

__llvm_prf_cnts 
*          0    20000000    00000000     UNINITIALIZED

MODULE SUMMARY

       Module                         code    ro data   rw data
       ------                         ----    -------   -------
    .\
       helloworld3.obj                1116    8         8      
       lcd.obj                        824     8         84     
       tm4c123gh6pm_startup_ccs.obj   12      620       0      
       Timer.obj                      584     0         5      
    +--+------------------------------+-------+---------+---------+
       Total:                         2536    636       97     
                                                               
    ../libcybotScan.lib
       cyBot_Scan.obj                 608     0         4      
       ping.obj                       492     0         13     
       servo.obj                      344     0         0      
       ir.obj                         280     0         4      
    +--+------------------------------+-------+---------+---------+
       Total:                         1724    0         21     
                                                               
    ../libcybotUART.lib
       uart.obj                       348     0         56     
    +--+------------------------------+-------+---------+---------+
       Total:                         348     0         56     
                                                               
    C:/ti/TivaWare_C_Series-2.2.0.295/driverlib/ccs/Debug/driverlib.lib
       interrupt.obj                  68      0         620    
       cpu.obj                        12      0         0      
    +--+------------------------------+-------+---------+---------+
       Total:                         80      0         620    
                                                               
    C:\ti\ccs1271\ccs\tools\compiler\ti-cgt-arm_20.2.7.LTS\lib\rtsv7M4_T_le_v4SPD16_eabi.lib
       _printfi.c.obj                 4851    0         0      
       fd_add_t2.asm.obj              438     0         0      
       fd_div_t2.asm.obj              310     0         0      
       s_scalbn.c.obj                 272     0         0      
       fd_cmp_t2.asm.obj              268     0         0      
       ctype.c.obj                    0       257       0      
       fd_mul_t2.asm.obj              252     0         0      
       memcpy_t2.asm.obj              156     0         0      
       ull_div_t2.asm.obj             150     0         0      
       vsnprintf.c.obj                136     0         0      
       memset_t2.asm.obj              122     0         0      
       copy_decompress_lzss.c.obj     104     0         0      
       s_frexp.c.obj                  100     0         0      
       sprintf.c.obj                  98      0         0      
       _ltoa.c.obj                    84      0         0      
       atoi.c.obj                     76      0         0      
       fd_toi_t2.asm.obj              72      0         0      
       autoinit.c.obj                 68      0         0      
       fs_tod_t2.asm.obj              56      0         0      
       boot_cortex_m.c.obj            52      0         0      
       i_tofd_t2.asm.obj              46      0         0      
       copy_zero_init.c.obj           28      0         0      
       memccpy.c.obj                  28      0         0      
       s_copysign.c.obj               26      0         0      
       strcmp.c.obj                   24      0         0      
       strchr.c.obj                   22      0         0      
       strcpy.c.obj                   20      0         0      
       strlen.c.obj                   20      0         0      
       wcslen.c.obj                   18      0         0      
       copy_decompress_none.c.obj     14      0         0      
       errno.c.obj                    8       0         4      
       exit.c.obj                     4       0         0      
       pre_init.c.obj                 4       0         0      
       div0.asm.obj                   2       0         0      
    +--+------------------------------+-------+---------+---------+
       Total:                         7929    257       4      
                                                               
       Heap:                          0       0         4096   
       Stack:                         0       0         4096   
       Linker Generated:              0       59        0      
    +--+------------------------------+-------+---------+---------+
       Grand Total:                   12617   952       8990   


LINKER GENERATED COPY TABLES

__TI_cinit_table @ 000034f8 records: 3, size/record: 8, table size: 24
	.bss: load addr=000034e0, load size=00000008 bytes, run addr=20002270, run size=000000a5 bytes, compression=zero_init
	.vtable: load addr=000034e8, load size=00000008 bytes, run addr=20000000, run size=0000026c bytes, compression=zero_init
	.data: load addr=000034f0, load size=00000007 bytes, run addr=20002318, run size=0000000d bytes, compression=lzss


LINKER GENERATED HANDLER TABLE

__TI_handler_table @ 000034d0 records: 3, size/record: 4, table size: 12
	index: 0, handler: __TI_zero_init
	index: 1, handler: __TI_decompress_lzss
	index: 2, handler: __TI_decompress_none


GLOBAL SYMBOLS: SORTED ALPHABETICALLY BY Name 

address   name                          
-------   ----                          
000027b1  ADC0SS0_Handler               
000033b9  C$$EXIT                       
0000338b  CPUcpsie                      
0000335d  IntMasterEnable               
000031ad  IntRegister                   
00003397  ResetISR                      
00001c49  TIMER3B_Handler               
20001270  __STACK_END                   
00001000  __STACK_SIZE                  
20000470  __STACK_TOP                   
00001000  __SYSMEM_SIZE                 
000034f8  __TI_CINIT_Base               
00003510  __TI_CINIT_Limit              
000034d0  __TI_Handler_Table_Base       
000034dc  __TI_Handler_Table_Limit      
00003071  __TI_auto_init_nobinit_nopinit
00002e15  __TI_decompress_lzss          
0000337d  __TI_decompress_none          
00002f37  __TI_ltoa                     
ffffffff  __TI_pprof_out_hndl           
0000026d  __TI_printfi                  
ffffffff  __TI_prof_data_size           
ffffffff  __TI_prof_data_start          
00000000  __TI_static_base__            
00003273  __TI_zero_init_nomemset       
00002c21  __aeabi_cdcmpeq               
00002c21  __aeabi_cdcmple               
00002ca7  __aeabi_cdrcmple              
00003029  __aeabi_d2iz                  
00001f1f  __aeabi_dadd                  
000024bd  __aeabi_ddiv                  
00002941  __aeabi_dmul                  
00001f15  __aeabi_dsub                  
000033ad  __aeabi_errno_addr            
00003173  __aeabi_f2d                   
00003245  __aeabi_i2d                   
00000cbb  __aeabi_idiv0                 
00000cbb  __aeabi_ldiv0                 
00002d2d  __aeabi_memclr                
00002d2d  __aeabi_memclr4               
00002d2d  __aeabi_memclr8               
00002aef  __aeabi_memcpy                
00002aef  __aeabi_memcpy4               
00002aef  __aeabi_memcpy8               
00002d2f  __aeabi_memset                
00002d2f  __aeabi_memset4               
00002d2f  __aeabi_memset8               
00002b8b  __aeabi_uldivmod              
ffffffff  __binit__                     
ffffffff  __c_args__                    
UNDEFED   __mpu_init                    
20000270  __stack                       
20000000  __start___llvm_prf_cnts       
20000000  __stop___llvm_prf_cnts        
000031e1  _c_int00_noargs               
000033bc  _ctypes_                      
20002324  _running                      
20001270  _sys_memory                   
UNDEFED   _system_post_cinit            
000033b5  _system_pre_init              
200022f8  _timeout_ticks                
000033b9  abort                         
00002fdd  atoi                          
ffffffff  binit                         
000032ab  copysign                      
000032ab  copysignl                     
00001789  cyBOT_SERVO_cal               
00001717  cyBOT_Scan                    
000016bf  cyBOT_init_Scan               
20002318  cyBOT_scan_features           
000016b1  cyBOT_scan_version            
000021d5  cyBot_UART1_Handler           
000021bb  cyBot_getByte                 
000020cd  cyBot_sendByte                
0000219d  cyBot_uart_flush              
0000210b  cyBot_uart_init               
000020f3  cyBot_uart_sendBuffer         
000020d9  cyBot_uart_sendStr            
00000d91  detect_object                 
20002320  errno                         
200022fc  fallingEdge                   
00000cbd  filter_value                  
00002e7d  frexp                         
00002e7d  frexpl                        
20000000  g_pfnRAMVectors               
00000000  g_pfnVectors                  
000027c7  ir_enableInterrupt            
000027a9  ir_getDistance                
00002781  ir_getValue                   
00002719  ir_init                       
20002314  isRisingEdge                  
200022c4  isr_char_buffer               
2000231c  isr_counter                   
20002300  isr_int_value                 
0000336d  lcd_clear                     
000012ed  lcd_gotoLine                  
00001155  lcd_init                      
00001353  lcd_printf                    
00001215  lcd_putc                      
0000124d  lcd_puts                      
00001119  lcd_reverseNibble             
0000126b  lcd_sendCommand               
000012a9  lcd_sendNibble                
00001315  lcd_setCursorPos              
00002831  ldexp                         
00002831  ldexpl                        
20002304  left_calibration_value        
00000dbf  locate_objects                
00000eb1  main                          
0000328f  memccpy                       
00002aef  memcpy                        
00002d35  memset                        
00001c9b  ping_getDistance              
00001b59  ping_init                     
00001bdf  ping_trigger                  
20002308  pulseLength                   
2000230c  right_calibration_value       
20002310  risingEdge                    
00002831  scalbn                        
00002831  scalbnl                       
00002229  servo_init                    
000022b9  servo_move                    
00002319  servo_setPWM                  
000022ad  servo_stop                    
000030b5  sprintf                       
0000330d  strchr                        
000032f5  strcmp                        
00003323  strcpy                        
00003337  strlen                        
00001a2f  timer_getMicros               
000019d7  timer_getMillis               
00001911  timer_init                    
000019b3  timer_pause                   
000019c5  timer_resume                  
00001989  timer_stop                    
00001a89  timer_waitMicros              
00001abb  timer_waitMillis              
000030f5  vsnprintf                     
0000334b  wcslen                        


GLOBAL SYMBOLS: SORTED BY Symbol Address 

address   name                          
-------   ----                          
00000000  __TI_static_base__            
00000000  g_pfnVectors                  
0000026d  __TI_printfi                  
00000cbb  __aeabi_idiv0                 
00000cbb  __aeabi_ldiv0                 
00000cbd  filter_value                  
00000d91  detect_object                 
00000dbf  locate_objects                
00000eb1  main                          
00001000  __STACK_SIZE                  
00001000  __SYSMEM_SIZE                 
00001119  lcd_reverseNibble             
00001155  lcd_init                      
00001215  lcd_putc                      
0000124d  lcd_puts                      
0000126b  lcd_sendCommand               
000012a9  lcd_sendNibble                
000012ed  lcd_gotoLine                  
00001315  lcd_setCursorPos              
00001353  lcd_printf                    
000016b1  cyBOT_scan_version            
000016bf  cyBOT_init_Scan               
00001717  cyBOT_Scan                    
00001789  cyBOT_SERVO_cal               
00001911  timer_init                    
00001989  timer_stop                    
000019b3  timer_pause                   
000019c5  timer_resume                  
000019d7  timer_getMillis               
00001a2f  timer_getMicros               
00001a89  timer_waitMicros              
00001abb  timer_waitMillis              
00001b59  ping_init                     
00001bdf  ping_trigger                  
00001c49  TIMER3B_Handler               
00001c9b  ping_getDistance              
00001f15  __aeabi_dsub                  
00001f1f  __aeabi_dadd                  
000020cd  cyBot_sendByte                
000020d9  cyBot_uart_sendStr            
000020f3  cyBot_uart_sendBuffer         
0000210b  cyBot_uart_init               
0000219d  cyBot_uart_flush              
000021bb  cyBot_getByte                 
000021d5  cyBot_UART1_Handler           
00002229  servo_init                    
000022ad  servo_stop                    
000022b9  servo_move                    
00002319  servo_setPWM                  
000024bd  __aeabi_ddiv                  
00002719  ir_init                       
00002781  ir_getValue                   
000027a9  ir_getDistance                
000027b1  ADC0SS0_Handler               
000027c7  ir_enableInterrupt            
00002831  ldexp                         
00002831  ldexpl                        
00002831  scalbn                        
00002831  scalbnl                       
00002941  __aeabi_dmul                  
00002aef  __aeabi_memcpy                
00002aef  __aeabi_memcpy4               
00002aef  __aeabi_memcpy8               
00002aef  memcpy                        
00002b8b  __aeabi_uldivmod              
00002c21  __aeabi_cdcmpeq               
00002c21  __aeabi_cdcmple               
00002ca7  __aeabi_cdrcmple              
00002d2d  __aeabi_memclr                
00002d2d  __aeabi_memclr4               
00002d2d  __aeabi_memclr8               
00002d2f  __aeabi_memset                
00002d2f  __aeabi_memset4               
00002d2f  __aeabi_memset8               
00002d35  memset                        
00002e15  __TI_decompress_lzss          
00002e7d  frexp                         
00002e7d  frexpl                        
00002f37  __TI_ltoa                     
00002fdd  atoi                          
00003029  __aeabi_d2iz                  
00003071  __TI_auto_init_nobinit_nopinit
000030b5  sprintf                       
000030f5  vsnprintf                     
00003173  __aeabi_f2d                   
000031ad  IntRegister                   
000031e1  _c_int00_noargs               
00003245  __aeabi_i2d                   
00003273  __TI_zero_init_nomemset       
0000328f  memccpy                       
000032ab  copysign                      
000032ab  copysignl                     
000032f5  strcmp                        
0000330d  strchr                        
00003323  strcpy                        
00003337  strlen                        
0000334b  wcslen                        
0000335d  IntMasterEnable               
0000336d  lcd_clear                     
0000337d  __TI_decompress_none          
0000338b  CPUcpsie                      
00003397  ResetISR                      
000033ad  __aeabi_errno_addr            
000033b5  _system_pre_init              
000033b9  C$$EXIT                       
000033b9  abort                         
000033bc  _ctypes_                      
000034d0  __TI_Handler_Table_Base       
000034dc  __TI_Handler_Table_Limit      
000034f8  __TI_CINIT_Base               
00003510  __TI_CINIT_Limit              
20000000  __start___llvm_prf_cnts       
20000000  __stop___llvm_prf_cnts        
20000000  g_pfnRAMVectors               
20000270  __stack                       
20000470  __STACK_TOP                   
20001270  __STACK_END                   
20001270  _sys_memory                   
200022c4  isr_char_buffer               
200022f8  _timeout_ticks                
200022fc  fallingEdge                   
20002300  isr_int_value                 
20002304  left_calibration_value        
20002308  pulseLength                   
2000230c  right_calibration_value       
20002310  risingEdge                    
20002314  isRisingEdge                  
20002318  cyBOT_scan_features           
2000231c  isr_counter                   
20002320  errno                         
20002324  _running                      
ffffffff  __TI_pprof_out_hndl           
ffffffff  __TI_prof_data_size           
ffffffff  __TI_prof_data_start          
ffffffff  __binit__                     
ffffffff  __c_args__                    
ffffffff  binit                         
UNDEFED   __mpu_init                    
UNDEFED   _system_post_cinit            

[139 symbols]
