******************************************************************************
                  TI ARM Linker PC v20.2.7                     
******************************************************************************
>> Linked Wed Apr 30 20:31:40 2025

OUTPUT FILE NAME:   <FinalProject.out>
ENTRY POINT SYMBOL: "_c_int00_noargs"  address: 00004ddd


MEMORY CONFIGURATION

         name            origin    length      used     unused   attr    fill
----------------------  --------  ---------  --------  --------  ----  --------
  FLASH                 00000000   00040000  000051ad  0003ae53  R  X
  SRAM                  20000000   00008000  00002464  00005b9c  RW X


SEGMENT ALLOCATION MAP

run origin  load origin   length   init length attrs members
----------  ----------- ---------- ----------- ----- -------
00000000    00000000    000051b8   000051b8    r-x
  00000000    00000000    0000026c   0000026c    r-- .intvecs
  0000026c    0000026c    00004d58   00004d58    r-x .text
  00004fc8    00004fc8    00000179   00000179    r-- .const
  00005148    00005148    00000070   00000070    r-- .cinit
20000000    20000000    0000246c   00000000    rw-
  20000000    20000000    0000026c   00000000    rw- .vtable
  20000270    20000270    00001000   00000000    rw- .stack
  20001270    20001270    00001000   00000000    rw- .sysmem
  20002270    20002270    0000018c   00000000    rw- .bss
  20002400    20002400    0000006c   00000000    rw- .data


SECTION ALLOCATION MAP

 output                                  attributes/
section   page    origin      length       input sections
--------  ----  ----------  ----------   ----------------
.intvecs   0    00000000    0000026c     
                  00000000    0000026c     tm4c123gh6pm_startup_ccs.obj (.intvecs)

.text      0    0000026c    00004d58     
                  0000026c    00000c20     open_interface.obj (.text)
                  00000e8c    00000a4e     rtsv7M4_T_le_v4SPD16_eabi.lib : _printfi.c.obj (.text:__TI_printfi)
                  000018da    00000002                                   : _lock.c.obj (.text:_nop)
                  000018dc    000009d0                                   : e_pow.c.obj (.text:pow)
                  000022ac    00000780     main.obj (.text)
                  00002a2c    000002e0     movement.obj (.text)
                  00002d0c    000002b0     ping.obj (.text)
                  00002fbc    00000270     rtsv7M4_T_le_v4SPD16_eabi.lib : _printfi.c.obj (.text:_pconv_a)
                  0000322c    00000248     Timer.obj (.text)
                  00003474    000001e8     uart-interrupt.obj (.text)
                  0000365c    000001d0     rtsv7M4_T_le_v4SPD16_eabi.lib : _printfi.c.obj (.text:_pconv_g)
                  0000382c    000001b6                                   : fd_add_t2.asm.obj (.text)
                  000039e2    00000002                                   : div0.asm.obj (.text)
                  000039e4    0000017c     servo.obj (.text)
                  00003b60    00000158     rtsv7M4_T_le_v4SPD16_eabi.lib : e_sqrt.c.obj (.text:sqrt)
                  00003cb8    0000013c                                   : _printfi.c.obj (.text:_pconv_e)
                  00003df4    00000136                                   : fd_div_t2.asm.obj (.text)
                  00003f2a    00000002     --HOLE-- [fill = 0]
                  00003f2c    00000124                                   : _printfi.c.obj (.text:fcvt)
                  00004050    00000120     adc.obj (.text)
                  00004170    00000110     rtsv7M4_T_le_v4SPD16_eabi.lib : s_scalbn.c.obj (.text:scalbn)
                  00004280    00000100                                   : memory.c.obj (.text:aligned_alloc)
                  00004380    000000fc                                   : fd_mul_t2.asm.obj (.text)
                  0000447c    000000e4                                   : memory.c.obj (.text:free)
                  00004560    000000b1                                   : _printfi.c.obj (.text:_ltostr)
                  00004611    00000001     --HOLE-- [fill = 0]
                  00004612    0000009c                                   : memcpy_t2.asm.obj (.text)
                  000046ae    00000096                                   : ull_div_t2.asm.obj (.text)
                  00004744    00000086                                   : fd_cmp_t2.asm.obj (.text:__aeabi_cdcmple)
                  000047ca    00000086                                   : fd_cmp_t2.asm.obj (.text:__aeabi_cdrcmple)
                  00004850    0000007a                                   : memset_t2.asm.obj (.text)
                  000048ca    00000002     --HOLE-- [fill = 0]
                  000048cc    00000070                                   : memory.c.obj (.text:split)
                  0000493c    0000006e                                   : _printfi.c.obj (.text:_mcpy)
                  000049aa    0000006e                                   : fd_tos_t2.asm.obj (.text)
                  00004a18    00000068                                   : copy_decompress_lzss.c.obj (.text:decompress:lzss:__TI_decompress_lzss)
                  00004a80    00000064                                   : s_frexp.c.obj (.text:frexp)
                  00004ae4    00000056                                   : _printfi.c.obj (.text:_pconv_f)
                  00004b3a    00000054                                   : _ltoa.c.obj (.text:__TI_ltoa)
                  00004b8e    00000052                                   : _printfi.c.obj (.text:_ecpy)
                  00004be0    0000004c                                   : atoi.c.obj (.text:atoi)
                  00004c2c    00000048                                   : fd_toi_t2.asm.obj (.text)
                  00004c74    00000044                                   : autoinit.c.obj (.text:__TI_auto_init_nobinit_nopinit:__TI_auto_init_nobinit_nopinit)
                  00004cb8    00000040                                   : sprintf.c.obj (.text:sprintf)
                  00004cf8    0000003e                                   : _printfi.c.obj (.text:_fcpy)
                  00004d36    00000002     --HOLE-- [fill = 0]
                  00004d38    00000038                                   : memory.c.obj (.text:calloc)
                  00004d70    00000038                                   : fs_tod_t2.asm.obj (.text)
                  00004da8    00000034     driverlib.lib : interrupt.obj (.text:IntRegister)
                  00004ddc    00000034     rtsv7M4_T_le_v4SPD16_eabi.lib : boot_cortex_m.c.obj (.text:_c_int00_noargs:_c_int00_noargs)
                  00004e10    0000002e                                   : i_tofd_t2.asm.obj (.text)
                  00004e3e    00000002     --HOLE-- [fill = 0]
                  00004e40    00000028                                   : memory.c.obj (.text:free_list_insert)
                  00004e68    00000020                                   : u_tofd_t2.asm.obj (.text)
                  00004e88    0000001c                                   : memory.c.obj (.text:free_list_remove)
                  00004ea4    0000001c                                   : memccpy.c.obj (.text:memccpy)
                  00004ec0    0000001a                                   : s_copysign.c.obj (.text:copysign)
                  00004eda    00000018                                   : sprintf.c.obj (.text:_outs)
                  00004ef2    00000018     open_interface.obj (.text:oi_parseInt)
                  00004f0a    00000018     rtsv7M4_T_le_v4SPD16_eabi.lib : strcmp.c.obj (.text:strcmp)
                  00004f22    00000016                                   : strchr.c.obj (.text:strchr)
                  00004f38    00000014                                   : strlen.c.obj (.text:strlen)
                  00004f4c    00000012                                   : wcslen.c.obj (.text:wcslen)
                  00004f5e    00000010     driverlib.lib : interrupt.obj (.text:IntMasterEnable)
                  00004f6e    0000000e     rtsv7M4_T_le_v4SPD16_eabi.lib : copy_decompress_none.c.obj (.text:decompress:none:__TI_decompress_none)
                  00004f7c    0000000c     driverlib.lib : cpu.obj (.text:CPUcpsie)
                  00004f88    0000000c     rtsv7M4_T_le_v4SPD16_eabi.lib : copy_zero_init.c.obj (.text:decompress:ZI:__TI_zero_init)
                  00004f94    0000000c     tm4c123gh6pm_startup_ccs.obj (.text)
                  00004fa0    0000000a     rtsv7M4_T_le_v4SPD16_eabi.lib : sprintf.c.obj (.text:_outc)
                  00004faa    00000002     --HOLE-- [fill = 0]
                  00004fac    00000008                                   : errno.c.obj (.text:__aeabi_errno_addr)
                  00004fb4    00000008                                   : memory.c.obj (.text:malloc)
                  00004fbc    00000004                                   : pre_init.c.obj (.text:_system_pre_init)
                  00004fc0    00000004                                   : exit.c.obj (.text:abort:abort)

.const     0    00004fc8    00000179     
                  00004fc8    00000101     rtsv7M4_T_le_v4SPD16_eabi.lib : ctype.c.obj (.const:.string:_ctypes_)
                  000050c9    00000007     --HOLE-- [fill = 0]
                  000050d0    00000030                                   : e_pow.c.obj (.const:$O1$$)
                  00005100    0000000f     open_interface.obj (.const:.string:$P$T0$3)
                  0000510f    0000000f     main.obj (.const:.string:$P$T2$3)
                  0000511e    0000000f     main.obj (.const:.string:$P$T3$4)
                  0000512d    0000000a     main.obj (.const:.string:$P$T0$1)
                  00005137    0000000a     main.obj (.const:.string:$P$T1$2)

.cinit     0    00005148    00000070     
                  00005148    0000003b     (.cinit..data.load) [load image, compression = lzss]
                  00005183    00000001     --HOLE-- [fill = 0]
                  00005184    0000000c     (__TI_handler_table)
                  00005190    00000008     (.cinit..bss.load) [load image, compression = zero_init]
                  00005198    00000008     (.cinit..vtable.load) [load image, compression = zero_init]
                  000051a0    00000018     (__TI_cinit_table)

.init_array 
*          0    00000000    00000000     UNINITIALIZED

.vtable    0    20000000    0000026c     UNINITIALIZED
                  20000000    0000026c     driverlib.lib : interrupt.obj (.vtable)

.stack     0    20000270    00001000     UNINITIALIZED
                  20000270    00000004     rtsv7M4_T_le_v4SPD16_eabi.lib : boot_cortex_m.c.obj (.stack)
                  20000274    00000ffc     --HOLE--

.sysmem    0    20001270    00001000     UNINITIALIZED
                  20001270    00000010     rtsv7M4_T_le_v4SPD16_eabi.lib : memory.c.obj (.sysmem)
                  20001280    00000ff0     --HOLE--

.bss       0    20002270    0000018c     UNINITIALIZED
                  20002270    00000170     (.common:adcValues)
                  200023e0    00000018     open_interface.obj (.bss:firmware$2)
                  200023f8    00000004     (.common:_timeout_ticks)

.data      0    20002400    0000006c     UNINITIALIZED
                  20002400    00000020     main.obj (.data)
                  20002420    00000020     open_interface.obj (.data)
                  20002440    00000009     ping.obj (.data)
                  20002449    00000001     Timer.obj (.data)
                  2000244a    00000002     --HOLE--
                  2000244c    00000009     uart-interrupt.obj (.data)
                  20002455    00000003     --HOLE--
                  20002458    00000008     rtsv7M4_T_le_v4SPD16_eabi.lib : _lock.c.obj (.data:$O1$$)
                  20002460    00000008                                   : memory.c.obj (.data:$O1$$)
                  20002468    00000004                                   : errno.c.obj (.data)

__llvm_prf_cnts 
*          0    20000000    00000000     UNINITIALIZED

MODULE SUMMARY

       Module                         code    ro data   rw data
       ------                         ----    -------   -------
    .\
       open_interface.obj             3128    15        56     
       main.obj                       1920    50        400    
       movement.obj                   736     0         0      
       ping.obj                       688     0         9      
       tm4c123gh6pm_startup_ccs.obj   12      620       0      
       Timer.obj                      584     0         5      
       uart-interrupt.obj             488     0         9      
       servo.obj                      380     0         0      
       adc.obj                        288     0         0      
    +--+------------------------------+-------+---------+---------+
       Total:                         8224    685       479    
                                                               
    C:/ti/TivaWare_C_Series-2.2.0.295/driverlib/ccs/Debug/driverlib.lib
       interrupt.obj                  68      0         620    
       cpu.obj                        12      0         0      
    +--+------------------------------+-------+---------+---------+
       Total:                         80      0         620    
                                                               
    C:\ti\ccs1271\ccs\tools\compiler\ti-cgt-arm_20.2.7.LTS\lib\rtsv7M4_T_le_v4SPD16_eabi.lib
       _printfi.c.obj                 4851    0         0      
       e_pow.c.obj                    2512    48        0      
       memory.c.obj                   728     0         8      
       fd_add_t2.asm.obj              438     0         0      
       e_sqrt.c.obj                   344     0         0      
       fd_div_t2.asm.obj              310     0         0      
       s_scalbn.c.obj                 272     0         0      
       fd_cmp_t2.asm.obj              268     0         0      
       ctype.c.obj                    0       257       0      
       fd_mul_t2.asm.obj              252     0         0      
       memcpy_t2.asm.obj              156     0         0      
       ull_div_t2.asm.obj             150     0         0      
       memset_t2.asm.obj              122     0         0      
       fd_tos_t2.asm.obj              110     0         0      
       copy_decompress_lzss.c.obj     104     0         0      
       s_frexp.c.obj                  100     0         0      
       sprintf.c.obj                  98      0         0      
       _ltoa.c.obj                    84      0         0      
       atoi.c.obj                     76      0         0      
       fd_toi_t2.asm.obj              72      0         0      
       autoinit.c.obj                 68      0         0      
       fs_tod_t2.asm.obj              56      0         0      
       boot_cortex_m.c.obj            52      0         0      
       i_tofd_t2.asm.obj              46      0         0      
       u_tofd_t2.asm.obj              32      0         0      
       memccpy.c.obj                  28      0         0      
       s_copysign.c.obj               26      0         0      
       strcmp.c.obj                   24      0         0      
       strchr.c.obj                   22      0         0      
       strlen.c.obj                   20      0         0      
       wcslen.c.obj                   18      0         0      
       copy_decompress_none.c.obj     14      0         0      
       copy_zero_init.c.obj           12      0         0      
       errno.c.obj                    8       0         4      
       _lock.c.obj                    2       0         8      
       exit.c.obj                     4       0         0      
       pre_init.c.obj                 4       0         0      
       div0.asm.obj                   2       0         0      
    +--+------------------------------+-------+---------+---------+
       Total:                         11485   305       20     
                                                               
       Heap:                          0       0         4096   
       Stack:                         0       0         4096   
       Linker Generated:              0       111       0      
    +--+------------------------------+-------+---------+---------+
       Grand Total:                   19789   1101      9311   


LINKER GENERATED COPY TABLES

__TI_cinit_table @ 000051a0 records: 3, size/record: 8, table size: 24
	.data: load addr=00005148, load size=0000003b bytes, run addr=20002400, run size=0000006c bytes, compression=lzss
	.bss: load addr=00005190, load size=00000008 bytes, run addr=20002270, run size=0000018c bytes, compression=zero_init
	.vtable: load addr=00005198, load size=00000008 bytes, run addr=20000000, run size=0000026c bytes, compression=zero_init


LINKER GENERATED HANDLER TABLE

__TI_handler_table @ 00005184 records: 3, size/record: 4, table size: 12
	index: 0, handler: __TI_zero_init
	index: 1, handler: __TI_decompress_lzss
	index: 2, handler: __TI_decompress_none


GLOBAL SYMBOLS: SORTED ALPHABETICALLY BY Name 

address   name                          
-------   ----                          
000040fd  ADC0_InSeq3                   
00004051  ADC0_Init                     
00004fc1  C$$EXIT                       
00004f7d  CPUcpsie                      
00000bc3  GPIOF_Handler                 
00004f5f  IntMasterEnable               
00004da9  IntRegister                   
00004f95  ResetISR                      
00002e5b  TIMER3B_Handler               
000035a9  UART1_Handler                 
20001270  __STACK_END                   
00001000  __STACK_SIZE                  
20000470  __STACK_TOP                   
00001000  __SYSMEM_SIZE                 
000051a0  __TI_CINIT_Base               
000051b8  __TI_CINIT_Limit              
00005184  __TI_Handler_Table_Base       
00005190  __TI_Handler_Table_Limit      
00004c75  __TI_auto_init_nobinit_nopinit
00004a19  __TI_decompress_lzss          
00004f6f  __TI_decompress_none          
00004b3b  __TI_ltoa                     
ffffffff  __TI_pprof_out_hndl           
00000e8d  __TI_printfi                  
ffffffff  __TI_prof_data_size           
ffffffff  __TI_prof_data_start          
00000000  __TI_static_base__            
00004f89  __TI_zero_init                
00004745  __aeabi_cdcmpeq               
00004745  __aeabi_cdcmple               
000047cb  __aeabi_cdrcmple              
000049ab  __aeabi_d2f                   
00004c2d  __aeabi_d2iz                  
00003837  __aeabi_dadd                  
00003df5  __aeabi_ddiv                  
00004381  __aeabi_dmul                  
0000382d  __aeabi_dsub                  
00004fad  __aeabi_errno_addr            
00004d71  __aeabi_f2d                   
00004e11  __aeabi_i2d                   
000039e3  __aeabi_idiv0                 
000039e3  __aeabi_ldiv0                 
00004851  __aeabi_memclr                
00004851  __aeabi_memclr4               
00004851  __aeabi_memclr8               
00004613  __aeabi_memcpy                
00004613  __aeabi_memcpy4               
00004613  __aeabi_memcpy8               
00004853  __aeabi_memset                
00004853  __aeabi_memset4               
00004853  __aeabi_memset8               
00004e69  __aeabi_ui2d                  
000046af  __aeabi_uldivmod              
ffffffff  __binit__                     
ffffffff  __c_args__                    
UNDEFED   __mpu_init                    
20000270  __stack                       
20000000  __start___llvm_prf_cnts       
20000000  __stop___llvm_prf_cnts        
00004ddd  _c_int00_noargs               
00004fc8  _ctypes_                      
20002458  _lock                         
000018db  _nop                          
20002449  _running                      
20001270  _sys_memory                   
UNDEFED   _system_post_cinit            
00004fbd  _system_pre_init              
200023f8  _timeout_ticks                
2000245c  _unlock                       
00004fc1  abort                         
20002270  adcValues                     
00004281  aligned_alloc                 
00004be1  atoi                          
2000240c  baseSpeed                     
ffffffff  binit                         
00003a91  calculateOffset               
00004d39  calloc                        
20002454  char_received                 
00002bc5  collision_detection           
2000244c  command_byte                  
20002450  command_flag                  
00004ec1  copysign                      
00004ec1  copysignl                     
00002f21  detect_overflow               
20002468  errno                         
0000447d  free                          
00004a81  frexp                         
00004a81  frexpl                        
20002444  g_end_time                    
20000000  g_pfnRAMVectors               
00000000  g_pfnVectors                  
20002440  g_start_time                  
20002448  g_state                       
0000097f  go_charge                     
20002410  kP                            
00004171  ldexp                         
00004171  ldexpl                        
20002404  left_bound                    
000022ad  main                          
00004fb5  malloc                        
00004281  memalign                      
00004ea5  memccpy                       
00004613  memcpy                        
00004859  memset                        
20002420  motor_cal_factor_L            
20002424  motor_cal_factor_R            
00002a91  move_backward                 
00002a2d  move_forward                  
20002408  num_degrees                   
0000026d  oi_alloc                      
00000aa9  oi_checkFirmware              
000002c7  oi_close                      
00000279  oi_free                       
00000ded  oi_getMotorCalibrationLeft    
00000e01  oi_getMotorCalibrationRight   
000002b1  oi_init                       
00000289  oi_init_noupdate              
00000915  oi_loadSong                   
00004ef3  oi_parseInt                   
0000032b  oi_parsePacket                
0000096b  oi_play_song                  
0000084b  oi_setLeds                    
00000db1  oi_setMotorCalibration        
0000088f  oi_setWheels                  
00000b51  oi_shutoff_init               
0000098d  oi_uartInit                   
00000a31  oi_uartReceive                
00000a77  oi_uartSendBuff               
00000a15  oi_uartSendChar               
00000a59  oi_uartSendStr                
000002d9  oi_update                     
00002e9b  ping_getDistance              
00002d0d  ping_init                     
00002dd3  ping_trigger                  
000018dd  pow                           
000018dd  powl                          
20002418  prevLeft                      
2000241c  prevRight                     
20002400  right_bound                   
00004171  scalbn                        
00004171  scalbnl                       
000039e5  servo_init                    
00003ab7  servo_move                    
00004cb9  sprintf                       
00003b61  sqrt                          
00003b61  sqrtl                         
00004f23  strchr                        
00004f0b  strcmp                        
00004f39  strlen                        
0000334b  timer_getMicros               
000032f3  timer_getMillis               
0000322d  timer_init                    
000032cf  timer_pause                   
000032e1  timer_resume                  
000032a5  timer_stop                    
000033a5  timer_waitMicros              
000033d7  timer_waitMillis              
00002b5f  turn_left                     
00002af9  turn_right                    
00003475  uart_interrupt_init           
0000356b  uart_receive                  
00003551  uart_receive_nonblocking      
00003535  uart_sendChar                 
0000357f  uart_sendStr                  
00004f4d  wcslen                        


GLOBAL SYMBOLS: SORTED BY Symbol Address 

address   name                          
-------   ----                          
00000000  __TI_static_base__            
00000000  g_pfnVectors                  
0000026d  oi_alloc                      
00000279  oi_free                       
00000289  oi_init_noupdate              
000002b1  oi_init                       
000002c7  oi_close                      
000002d9  oi_update                     
0000032b  oi_parsePacket                
0000084b  oi_setLeds                    
0000088f  oi_setWheels                  
00000915  oi_loadSong                   
0000096b  oi_play_song                  
0000097f  go_charge                     
0000098d  oi_uartInit                   
00000a15  oi_uartSendChar               
00000a31  oi_uartReceive                
00000a59  oi_uartSendStr                
00000a77  oi_uartSendBuff               
00000aa9  oi_checkFirmware              
00000b51  oi_shutoff_init               
00000bc3  GPIOF_Handler                 
00000db1  oi_setMotorCalibration        
00000ded  oi_getMotorCalibrationLeft    
00000e01  oi_getMotorCalibrationRight   
00000e8d  __TI_printfi                  
00001000  __STACK_SIZE                  
00001000  __SYSMEM_SIZE                 
000018db  _nop                          
000018dd  pow                           
000018dd  powl                          
000022ad  main                          
00002a2d  move_forward                  
00002a91  move_backward                 
00002af9  turn_right                    
00002b5f  turn_left                     
00002bc5  collision_detection           
00002d0d  ping_init                     
00002dd3  ping_trigger                  
00002e5b  TIMER3B_Handler               
00002e9b  ping_getDistance              
00002f21  detect_overflow               
0000322d  timer_init                    
000032a5  timer_stop                    
000032cf  timer_pause                   
000032e1  timer_resume                  
000032f3  timer_getMillis               
0000334b  timer_getMicros               
000033a5  timer_waitMicros              
000033d7  timer_waitMillis              
00003475  uart_interrupt_init           
00003535  uart_sendChar                 
00003551  uart_receive_nonblocking      
0000356b  uart_receive                  
0000357f  uart_sendStr                  
000035a9  UART1_Handler                 
0000382d  __aeabi_dsub                  
00003837  __aeabi_dadd                  
000039e3  __aeabi_idiv0                 
000039e3  __aeabi_ldiv0                 
000039e5  servo_init                    
00003a91  calculateOffset               
00003ab7  servo_move                    
00003b61  sqrt                          
00003b61  sqrtl                         
00003df5  __aeabi_ddiv                  
00004051  ADC0_Init                     
000040fd  ADC0_InSeq3                   
00004171  ldexp                         
00004171  ldexpl                        
00004171  scalbn                        
00004171  scalbnl                       
00004281  aligned_alloc                 
00004281  memalign                      
00004381  __aeabi_dmul                  
0000447d  free                          
00004613  __aeabi_memcpy                
00004613  __aeabi_memcpy4               
00004613  __aeabi_memcpy8               
00004613  memcpy                        
000046af  __aeabi_uldivmod              
00004745  __aeabi_cdcmpeq               
00004745  __aeabi_cdcmple               
000047cb  __aeabi_cdrcmple              
00004851  __aeabi_memclr                
00004851  __aeabi_memclr4               
00004851  __aeabi_memclr8               
00004853  __aeabi_memset                
00004853  __aeabi_memset4               
00004853  __aeabi_memset8               
00004859  memset                        
000049ab  __aeabi_d2f                   
00004a19  __TI_decompress_lzss          
00004a81  frexp                         
00004a81  frexpl                        
00004b3b  __TI_ltoa                     
00004be1  atoi                          
00004c2d  __aeabi_d2iz                  
00004c75  __TI_auto_init_nobinit_nopinit
00004cb9  sprintf                       
00004d39  calloc                        
00004d71  __aeabi_f2d                   
00004da9  IntRegister                   
00004ddd  _c_int00_noargs               
00004e11  __aeabi_i2d                   
00004e69  __aeabi_ui2d                  
00004ea5  memccpy                       
00004ec1  copysign                      
00004ec1  copysignl                     
00004ef3  oi_parseInt                   
00004f0b  strcmp                        
00004f23  strchr                        
00004f39  strlen                        
00004f4d  wcslen                        
00004f5f  IntMasterEnable               
00004f6f  __TI_decompress_none          
00004f7d  CPUcpsie                      
00004f89  __TI_zero_init                
00004f95  ResetISR                      
00004fad  __aeabi_errno_addr            
00004fb5  malloc                        
00004fbd  _system_pre_init              
00004fc1  C$$EXIT                       
00004fc1  abort                         
00004fc8  _ctypes_                      
00005184  __TI_Handler_Table_Base       
00005190  __TI_Handler_Table_Limit      
000051a0  __TI_CINIT_Base               
000051b8  __TI_CINIT_Limit              
20000000  __start___llvm_prf_cnts       
20000000  __stop___llvm_prf_cnts        
20000000  g_pfnRAMVectors               
20000270  __stack                       
20000470  __STACK_TOP                   
20001270  __STACK_END                   
20001270  _sys_memory                   
20002270  adcValues                     
200023f8  _timeout_ticks                
20002400  right_bound                   
20002404  left_bound                    
20002408  num_degrees                   
2000240c  baseSpeed                     
20002410  kP                            
20002418  prevLeft                      
2000241c  prevRight                     
20002420  motor_cal_factor_L            
20002424  motor_cal_factor_R            
20002440  g_start_time                  
20002444  g_end_time                    
20002448  g_state                       
20002449  _running                      
2000244c  command_byte                  
20002450  command_flag                  
20002454  char_received                 
20002458  _lock                         
2000245c  _unlock                       
20002468  errno                         
ffffffff  __TI_pprof_out_hndl           
ffffffff  __TI_prof_data_size           
ffffffff  __TI_prof_data_start          
ffffffff  __binit__                     
ffffffff  __c_args__                    
ffffffff  binit                         
UNDEFED   __mpu_init                    
UNDEFED   _system_post_cinit            

[165 symbols]
