******************************************************************************
                  TI ARM Linker PC v20.2.7                     
******************************************************************************
>> Linked Thu Apr 24 15:39:41 2025

OUTPUT FILE NAME:   <FinalProject.out>
ENTRY POINT SYMBOL: "_c_int00_noargs"  address: 00004cfd


MEMORY CONFIGURATION

         name            origin    length      used     unused   attr    fill
----------------------  --------  ---------  --------  --------  ----  --------
  FLASH                 00000000   00040000  00005127  0003aed9  R  X
  SRAM                  20000000   00008000  0000231c  00005ce4  RW X


SEGMENT ALLOCATION MAP

run origin  load origin   length   init length attrs members
----------  ----------- ---------- ----------- ----- -------
00000000    00000000    00005128   00005128    r-x
  00000000    00000000    0000026c   0000026c    r-- .intvecs
  0000026c    0000026c    00004cf4   00004cf4    r-x .text
  00004f60    00004f60    0000016f   0000016f    r-- .const
  000050d0    000050d0    00000058   00000058    r-- .cinit
20000000    20000000    00002320   00000000    rw-
  20000000    20000000    0000026c   00000000    rw- .vtable
  20000270    20000270    00001000   00000000    rw- .stack
  20001270    20001270    00001000   00000000    rw- .sysmem
  20002270    20002270    00000070   00000000    rw- .bss
  200022e0    200022e0    00000040   00000000    rw- .data


SECTION ALLOCATION MAP

 output                                  attributes/
section   page    origin      length       input sections
--------  ----  ----------  ----------   ----------------
.intvecs   0    00000000    0000026c     
                  00000000    0000026c     tm4c123gh6pm_startup_ccs.obj (.intvecs)

.text      0    0000026c    00004cf4     
                  0000026c    00000c20     open_interface.obj (.text)
                  00000e8c    00000a4e     rtsv7M4_T_le_v4SPD16_eabi.lib : _printfi.c.obj (.text:__TI_printfi)
                  000018da    00000002                                   : _lock.c.obj (.text:_nop)
                  000018dc    000009d0                                   : e_pow.c.obj (.text:pow)
                  000022ac    00000618     main.obj (.text)
                  000028c4    00000328     lcd.obj (.text)
                  00002bec    00000294     movement.obj (.text)
                  00002e80    00000270     rtsv7M4_T_le_v4SPD16_eabi.lib : _printfi.c.obj (.text:_pconv_a)
                  000030f0    00000248     Timer.obj (.text)
                  00003338    000001e8     uart-interrupt.obj (.text)
                  00003520    000001d0     rtsv7M4_T_le_v4SPD16_eabi.lib : _printfi.c.obj (.text:_pconv_g)
                  000036f0    000001b6                                   : fd_add_t2.asm.obj (.text)
                  000038a6    00000002                                   : div0.asm.obj (.text)
                  000038a8    000001a4     servo.obj (.text)
                  00003a4c    00000158     rtsv7M4_T_le_v4SPD16_eabi.lib : e_sqrt.c.obj (.text:sqrt)
                  00003ba4    0000013c                                   : _printfi.c.obj (.text:_pconv_e)
                  00003ce0    00000136                                   : fd_div_t2.asm.obj (.text)
                  00003e16    00000002     --HOLE-- [fill = 0]
                  00003e18    00000124                                   : _printfi.c.obj (.text:fcvt)
                  00003f3c    00000114     adc.obj (.text)
                  00004050    00000110     rtsv7M4_T_le_v4SPD16_eabi.lib : s_scalbn.c.obj (.text:scalbn)
                  00004160    00000100                                   : memory.c.obj (.text:aligned_alloc)
                  00004260    000000fc                                   : fd_mul_t2.asm.obj (.text)
                  0000435c    000000e4                                   : memory.c.obj (.text:free)
                  00004440    000000b1                                   : _printfi.c.obj (.text:_ltostr)
                  000044f1    00000001     --HOLE-- [fill = 0]
                  000044f2    0000009c                                   : memcpy_t2.asm.obj (.text)
                  0000458e    00000096                                   : ull_div_t2.asm.obj (.text)
                  00004624    00000086                                   : fd_cmp_t2.asm.obj (.text:__aeabi_cdcmple)
                  000046aa    00000086                                   : fd_cmp_t2.asm.obj (.text:__aeabi_cdrcmple)
                  00004730    0000007a                                   : memset_t2.asm.obj (.text)
                  000047aa    00000002     --HOLE-- [fill = 0]
                  000047ac    00000070                                   : memory.c.obj (.text:split)
                  0000481c    0000006e                                   : _printfi.c.obj (.text:_mcpy)
                  0000488a    0000006e                                   : fd_tos_t2.asm.obj (.text)
                  000048f8    00000068                                   : copy_decompress_lzss.c.obj (.text:decompress:lzss:__TI_decompress_lzss)
                  00004960    00000064                                   : s_frexp.c.obj (.text:frexp)
                  000049c4    00000056                                   : _printfi.c.obj (.text:_pconv_f)
                  00004a1a    00000054                                   : _ltoa.c.obj (.text:__TI_ltoa)
                  00004a6e    00000052                                   : _printfi.c.obj (.text:_ecpy)
                  00004ac0    0000004c                                   : atoi.c.obj (.text:atoi)
                  00004b0c    00000048                                   : fd_toi_t2.asm.obj (.text)
                  00004b54    00000044                                   : autoinit.c.obj (.text:__TI_auto_init_nobinit_nopinit:__TI_auto_init_nobinit_nopinit)
                  00004b98    00000040                                   : sprintf.c.obj (.text:sprintf)
                  00004bd8    00000040                                   : vsnprintf.c.obj (.text:vsnprintf)
                  00004c18    0000003e                                   : _printfi.c.obj (.text:_fcpy)
                  00004c56    00000002     --HOLE-- [fill = 0]
                  00004c58    00000038                                   : memory.c.obj (.text:calloc)
                  00004c90    00000038                                   : fs_tod_t2.asm.obj (.text)
                  00004cc8    00000034     driverlib.lib : interrupt.obj (.text:IntRegister)
                  00004cfc    00000034     rtsv7M4_T_le_v4SPD16_eabi.lib : boot_cortex_m.c.obj (.text:_c_int00_noargs:_c_int00_noargs)
                  00004d30    00000030                                   : vsnprintf.c.obj (.text:_outs)
                  00004d60    0000002e                                   : i_tofd_t2.asm.obj (.text)
                  00004d8e    00000002     --HOLE-- [fill = 0]
                  00004d90    00000028                                   : memory.c.obj (.text:free_list_insert)
                  00004db8    00000020                                   : u_tofd_t2.asm.obj (.text)
                  00004dd8    0000001c                                   : copy_zero_init.c.obj (.text:decompress:ZI:__TI_zero_init_nomemset:__TI_zero_init_nomemset)
                  00004df4    0000001c                                   : memory.c.obj (.text:free_list_remove)
                  00004e10    0000001c                                   : memccpy.c.obj (.text:memccpy)
                  00004e2c    0000001a                                   : s_copysign.c.obj (.text:copysign)
                  00004e46    00000018                                   : vsnprintf.c.obj (.text:_outc)
                  00004e5e    00000018                                   : sprintf.c.obj (.text:_outs)
                  00004e76    00000018     open_interface.obj (.text:oi_parseInt)
                  00004e8e    00000018     rtsv7M4_T_le_v4SPD16_eabi.lib : strcmp.c.obj (.text:strcmp)
                  00004ea6    00000016                                   : strchr.c.obj (.text:strchr)
                  00004ebc    00000014                                   : strcpy.c.obj (.text:strcpy)
                  00004ed0    00000014                                   : strlen.c.obj (.text:strlen)
                  00004ee4    00000012                                   : wcslen.c.obj (.text:wcslen)
                  00004ef6    00000010     driverlib.lib : interrupt.obj (.text:IntMasterEnable)
                  00004f06    00000010     lcd.obj (.text:lcd_clear)
                  00004f16    0000000e     rtsv7M4_T_le_v4SPD16_eabi.lib : copy_decompress_none.c.obj (.text:decompress:none:__TI_decompress_none)
                  00004f24    0000000c     driverlib.lib : cpu.obj (.text:CPUcpsie)
                  00004f30    0000000c     tm4c123gh6pm_startup_ccs.obj (.text)
                  00004f3c    0000000a     rtsv7M4_T_le_v4SPD16_eabi.lib : sprintf.c.obj (.text:_outc)
                  00004f46    00000002     --HOLE-- [fill = 0]
                  00004f48    00000008                                   : errno.c.obj (.text:__aeabi_errno_addr)
                  00004f50    00000008                                   : memory.c.obj (.text:malloc)
                  00004f58    00000004                                   : pre_init.c.obj (.text:_system_pre_init)
                  00004f5c    00000004                                   : exit.c.obj (.text:abort:abort)

.const     0    00004f60    0000016f     
                  00004f60    00000101     rtsv7M4_T_le_v4SPD16_eabi.lib : ctype.c.obj (.const:.string:_ctypes_)
                  00005061    00000004     lcd.obj (.const:.string:lineAddress$1)
                  00005065    00000003     --HOLE-- [fill = 0]
                  00005068    00000030     rtsv7M4_T_le_v4SPD16_eabi.lib : e_pow.c.obj (.const:$O1$$)
                  00005098    0000000f     open_interface.obj (.const:.string:$P$T0$3)
                  000050a7    0000000a     main.obj (.const:.string:$P$T0$1)
                  000050b1    0000000a     main.obj (.const:.string:$P$T1$2)
                  000050bb    00000008     main.obj (.const:.string:$P$T2$3)
                  000050c3    00000008     main.obj (.const:.string:$P$T3$4)
                  000050cb    00000004     lcd.obj (.const:.string:lineAddresses$2)

.cinit     0    000050d0    00000058     
                  000050d0    00000022     (.cinit..data.load) [load image, compression = lzss]
                  000050f2    00000002     --HOLE-- [fill = 0]
                  000050f4    0000000c     (__TI_handler_table)
                  00005100    00000008     (.cinit..bss.load) [load image, compression = zero_init]
                  00005108    00000008     (.cinit..vtable.load) [load image, compression = zero_init]
                  00005110    00000018     (__TI_cinit_table)

.init_array 
*          0    00000000    00000000     UNINITIALIZED

.vtable    0    20000000    0000026c     UNINITIALIZED
                  20000000    0000026c     driverlib.lib : interrupt.obj (.vtable)

.stack     0    20000270    00001000     UNINITIALIZED
                  20000270    00000004     rtsv7M4_T_le_v4SPD16_eabi.lib : boot_cortex_m.c.obj (.stack)
                  20000274    00000ffc     --HOLE--

.sysmem    0    20001270    00001000     UNINITIALIZED
                  20001270    00000010     rtsv7M4_T_le_v4SPD16_eabi.lib : memory.c.obj (.sysmem)
                  20001280    00000ff0     --HOLE--

.bss       0    20002270    00000070     UNINITIALIZED
                  20002270    00000054     lcd.obj (.bss:lastbuffer$3)
                  200022c4    00000018     open_interface.obj (.bss:firmware$2)
                  200022dc    00000004     (.common:_timeout_ticks)

.data      0    200022e0    00000040     UNINITIALIZED
                  200022e0    00000020     open_interface.obj (.data)
                  20002300    00000009     uart-interrupt.obj (.data)
                  20002309    00000001     Timer.obj (.data)
                  2000230a    00000002     --HOLE--
                  2000230c    00000008     rtsv7M4_T_le_v4SPD16_eabi.lib : _lock.c.obj (.data:$O1$$)
                  20002314    00000008                                   : memory.c.obj (.data:$O1$$)
                  2000231c    00000004                                   : errno.c.obj (.data)

__llvm_prf_cnts 
*          0    20000000    00000000     UNINITIALIZED

MODULE SUMMARY

       Module                         code    ro data   rw data
       ------                         ----    -------   -------
    .\
       open_interface.obj             3128    15        56     
       main.obj                       1560    36        0      
       lcd.obj                        824     8         84     
       movement.obj                   660     0         0      
       tm4c123gh6pm_startup_ccs.obj   12      620       0      
       Timer.obj                      584     0         5      
       uart-interrupt.obj             488     0         9      
       servo.obj                      420     0         0      
       adc.obj                        276     0         0      
    +--+------------------------------+-------+---------+---------+
       Total:                         7952    679       154    
                                                               
    C:/ti/TivaWare_C_Series-2.2.0.295/driverlib/ccs/Debug/driverlib.lib
       interrupt.obj                  68      0         620    
       cpu.obj                        12      0         0      
    +--+------------------------------+-------+---------+---------+
       Total:                         80      0         620    
                                                               
    C:\ti\ccs1271\ccs\tools\compiler\ti-cgt-arm_20.2.7.LTS\lib\rtsv7M4_T_le_v4SPD16_eabi.lib
       _printfi.c.obj                 4851    0         0      
       e_pow.c.obj                    2512    48        0      
       memory.c.obj                   728     0         8      
       fd_add_t2.asm.obj              438     0         0      
       e_sqrt.c.obj                   344     0         0      
       fd_div_t2.asm.obj              310     0         0      
       s_scalbn.c.obj                 272     0         0      
       fd_cmp_t2.asm.obj              268     0         0      
       ctype.c.obj                    0       257       0      
       fd_mul_t2.asm.obj              252     0         0      
       memcpy_t2.asm.obj              156     0         0      
       ull_div_t2.asm.obj             150     0         0      
       vsnprintf.c.obj                136     0         0      
       memset_t2.asm.obj              122     0         0      
       fd_tos_t2.asm.obj              110     0         0      
       copy_decompress_lzss.c.obj     104     0         0      
       s_frexp.c.obj                  100     0         0      
       sprintf.c.obj                  98      0         0      
       _ltoa.c.obj                    84      0         0      
       atoi.c.obj                     76      0         0      
       fd_toi_t2.asm.obj              72      0         0      
       autoinit.c.obj                 68      0         0      
       fs_tod_t2.asm.obj              56      0         0      
       boot_cortex_m.c.obj            52      0         0      
       i_tofd_t2.asm.obj              46      0         0      
       u_tofd_t2.asm.obj              32      0         0      
       copy_zero_init.c.obj           28      0         0      
       memccpy.c.obj                  28      0         0      
       s_copysign.c.obj               26      0         0      
       strcmp.c.obj                   24      0         0      
       strchr.c.obj                   22      0         0      
       strcpy.c.obj                   20      0         0      
       strlen.c.obj                   20      0         0      
       wcslen.c.obj                   18      0         0      
       copy_decompress_none.c.obj     14      0         0      
       errno.c.obj                    8       0         4      
       _lock.c.obj                    2       0         8      
       exit.c.obj                     4       0         0      
       pre_init.c.obj                 4       0         0      
       div0.asm.obj                   2       0         0      
    +--+------------------------------+-------+---------+---------+
       Total:                         11657   305       20     
                                                               
       Heap:                          0       0         4096   
       Stack:                         0       0         4096   
       Linker Generated:              0       86        0      
    +--+------------------------------+-------+---------+---------+
       Grand Total:                   19689   1070      8986   


LINKER GENERATED COPY TABLES

__TI_cinit_table @ 00005110 records: 3, size/record: 8, table size: 24
	.data: load addr=000050d0, load size=00000022 bytes, run addr=200022e0, run size=00000040 bytes, compression=lzss
	.bss: load addr=00005100, load size=00000008 bytes, run addr=20002270, run size=00000070 bytes, compression=zero_init
	.vtable: load addr=00005108, load size=00000008 bytes, run addr=20000000, run size=0000026c bytes, compression=zero_init


LINKER GENERATED HANDLER TABLE

__TI_handler_table @ 000050f4 records: 3, size/record: 4, table size: 12
	index: 0, handler: __TI_zero_init
	index: 1, handler: __TI_decompress_lzss
	index: 2, handler: __TI_decompress_none


GLOBAL SYMBOLS: SORTED ALPHABETICALLY BY Name 

address   name                          
-------   ----                          
00003fdf  ADC0_InSeq3                   
00003f3d  ADC0_Init                     
00004f5d  C$$EXIT                       
00004f25  CPUcpsie                      
00000bc3  GPIOF_Handler                 
00004ef7  IntMasterEnable               
00004cc9  IntRegister                   
00004f31  ResetISR                      
0000346d  UART1_Handler                 
20001270  __STACK_END                   
00001000  __STACK_SIZE                  
20000470  __STACK_TOP                   
00001000  __SYSMEM_SIZE                 
00005110  __TI_CINIT_Base               
00005128  __TI_CINIT_Limit              
000050f4  __TI_Handler_Table_Base       
00005100  __TI_Handler_Table_Limit      
00004b55  __TI_auto_init_nobinit_nopinit
000048f9  __TI_decompress_lzss          
00004f17  __TI_decompress_none          
00004a1b  __TI_ltoa                     
ffffffff  __TI_pprof_out_hndl           
00000e8d  __TI_printfi                  
ffffffff  __TI_prof_data_size           
ffffffff  __TI_prof_data_start          
00000000  __TI_static_base__            
00004dd9  __TI_zero_init_nomemset       
00004625  __aeabi_cdcmpeq               
00004625  __aeabi_cdcmple               
000046ab  __aeabi_cdrcmple              
0000488b  __aeabi_d2f                   
00004b0d  __aeabi_d2iz                  
000036fb  __aeabi_dadd                  
00003ce1  __aeabi_ddiv                  
00004261  __aeabi_dmul                  
000036f1  __aeabi_dsub                  
00004f49  __aeabi_errno_addr            
00004c91  __aeabi_f2d                   
00004d61  __aeabi_i2d                   
000038a7  __aeabi_idiv0                 
000038a7  __aeabi_ldiv0                 
00004731  __aeabi_memclr                
00004731  __aeabi_memclr4               
00004731  __aeabi_memclr8               
000044f3  __aeabi_memcpy                
000044f3  __aeabi_memcpy4               
000044f3  __aeabi_memcpy8               
00004733  __aeabi_memset                
00004733  __aeabi_memset4               
00004733  __aeabi_memset8               
00004db9  __aeabi_ui2d                  
0000458f  __aeabi_uldivmod              
ffffffff  __binit__                     
ffffffff  __c_args__                    
UNDEFED   __mpu_init                    
20000270  __stack                       
20000000  __start___llvm_prf_cnts       
20000000  __stop___llvm_prf_cnts        
00004cfd  _c_int00_noargs               
00004f60  _ctypes_                      
2000230c  _lock                         
000018db  _nop                          
20002309  _running                      
20001270  _sys_memory                   
UNDEFED   _system_post_cinit            
00004f59  _system_pre_init              
200022dc  _timeout_ticks                
20002310  _unlock                       
00004f5d  abort                         
00004161  aligned_alloc                 
00004ac1  atoi                          
ffffffff  binit                         
00004c59  calloc                        
20002308  char_received                 
00002da5  collision_detection           
20002300  command_byte                  
20002304  command_flag                  
00004e2d  copysign                      
00004e2d  copysignl                     
2000231c  errno                         
0000435d  free                          
00004961  frexp                         
00004961  frexpl                        
20000000  g_pfnRAMVectors               
00000000  g_pfnVectors                  
0000097f  go_charge                     
00004f07  lcd_clear                     
00002a99  lcd_gotoLine                  
00002901  lcd_init                      
00002aff  lcd_printf                    
000029c1  lcd_putc                      
000029f9  lcd_puts                      
000028c5  lcd_reverseNibble             
00002a17  lcd_sendCommand               
00002a55  lcd_sendNibble                
00002ac1  lcd_setCursorPos              
00004051  ldexp                         
00004051  ldexpl                        
000022ad  main                          
00004f51  malloc                        
00004161  memalign                      
00004e11  memccpy                       
000044f3  memcpy                        
00004739  memset                        
200022e0  motor_cal_factor_L            
200022e4  motor_cal_factor_R            
00002c65  move_backward                 
00002bed  move_forward                  
0000026d  oi_alloc                      
00000aa9  oi_checkFirmware              
000002c7  oi_close                      
00000279  oi_free                       
00000ded  oi_getMotorCalibrationLeft    
00000e01  oi_getMotorCalibrationRight   
000002b1  oi_init                       
00000289  oi_init_noupdate              
00000915  oi_loadSong                   
00004e77  oi_parseInt                   
0000032b  oi_parsePacket                
0000096b  oi_play_song                  
0000084b  oi_setLeds                    
00000db1  oi_setMotorCalibration        
0000088f  oi_setWheels                  
00000b51  oi_shutoff_init               
0000098d  oi_uartInit                   
00000a31  oi_uartReceive                
00000a77  oi_uartSendBuff               
00000a15  oi_uartSendChar               
00000a59  oi_uartSendStr                
000002d9  oi_update                     
000018dd  pow                           
000018dd  powl                          
00004051  scalbn                        
00004051  scalbnl                       
000038a9  servo_init                    
00003955  servo_move                    
00004b99  sprintf                       
00003a4d  sqrt                          
00003a4d  sqrtl                         
00004ea7  strchr                        
00004e8f  strcmp                        
00004ebd  strcpy                        
00004ed1  strlen                        
0000320f  timer_getMicros               
000031b7  timer_getMillis               
000030f1  timer_init                    
00003193  timer_pause                   
000031a5  timer_resume                  
00003169  timer_stop                    
00003269  timer_waitMicros              
0000329b  timer_waitMillis              
00002d3f  turn_left                     
00002cd9  turn_right                    
00003339  uart_interrupt_init           
0000342f  uart_receive                  
00003415  uart_receive_nonblocking      
000033f9  uart_sendChar                 
00003443  uart_sendStr                  
00004bd9  vsnprintf                     
00004ee5  wcslen                        


GLOBAL SYMBOLS: SORTED BY Symbol Address 

address   name                          
-------   ----                          
00000000  __TI_static_base__            
00000000  g_pfnVectors                  
0000026d  oi_alloc                      
00000279  oi_free                       
00000289  oi_init_noupdate              
000002b1  oi_init                       
000002c7  oi_close                      
000002d9  oi_update                     
0000032b  oi_parsePacket                
0000084b  oi_setLeds                    
0000088f  oi_setWheels                  
00000915  oi_loadSong                   
0000096b  oi_play_song                  
0000097f  go_charge                     
0000098d  oi_uartInit                   
00000a15  oi_uartSendChar               
00000a31  oi_uartReceive                
00000a59  oi_uartSendStr                
00000a77  oi_uartSendBuff               
00000aa9  oi_checkFirmware              
00000b51  oi_shutoff_init               
00000bc3  GPIOF_Handler                 
00000db1  oi_setMotorCalibration        
00000ded  oi_getMotorCalibrationLeft    
00000e01  oi_getMotorCalibrationRight   
00000e8d  __TI_printfi                  
00001000  __STACK_SIZE                  
00001000  __SYSMEM_SIZE                 
000018db  _nop                          
000018dd  pow                           
000018dd  powl                          
000022ad  main                          
000028c5  lcd_reverseNibble             
00002901  lcd_init                      
000029c1  lcd_putc                      
000029f9  lcd_puts                      
00002a17  lcd_sendCommand               
00002a55  lcd_sendNibble                
00002a99  lcd_gotoLine                  
00002ac1  lcd_setCursorPos              
00002aff  lcd_printf                    
00002bed  move_forward                  
00002c65  move_backward                 
00002cd9  turn_right                    
00002d3f  turn_left                     
00002da5  collision_detection           
000030f1  timer_init                    
00003169  timer_stop                    
00003193  timer_pause                   
000031a5  timer_resume                  
000031b7  timer_getMillis               
0000320f  timer_getMicros               
00003269  timer_waitMicros              
0000329b  timer_waitMillis              
00003339  uart_interrupt_init           
000033f9  uart_sendChar                 
00003415  uart_receive_nonblocking      
0000342f  uart_receive                  
00003443  uart_sendStr                  
0000346d  UART1_Handler                 
000036f1  __aeabi_dsub                  
000036fb  __aeabi_dadd                  
000038a7  __aeabi_idiv0                 
000038a7  __aeabi_ldiv0                 
000038a9  servo_init                    
00003955  servo_move                    
00003a4d  sqrt                          
00003a4d  sqrtl                         
00003ce1  __aeabi_ddiv                  
00003f3d  ADC0_Init                     
00003fdf  ADC0_InSeq3                   
00004051  ldexp                         
00004051  ldexpl                        
00004051  scalbn                        
00004051  scalbnl                       
00004161  aligned_alloc                 
00004161  memalign                      
00004261  __aeabi_dmul                  
0000435d  free                          
000044f3  __aeabi_memcpy                
000044f3  __aeabi_memcpy4               
000044f3  __aeabi_memcpy8               
000044f3  memcpy                        
0000458f  __aeabi_uldivmod              
00004625  __aeabi_cdcmpeq               
00004625  __aeabi_cdcmple               
000046ab  __aeabi_cdrcmple              
00004731  __aeabi_memclr                
00004731  __aeabi_memclr4               
00004731  __aeabi_memclr8               
00004733  __aeabi_memset                
00004733  __aeabi_memset4               
00004733  __aeabi_memset8               
00004739  memset                        
0000488b  __aeabi_d2f                   
000048f9  __TI_decompress_lzss          
00004961  frexp                         
00004961  frexpl                        
00004a1b  __TI_ltoa                     
00004ac1  atoi                          
00004b0d  __aeabi_d2iz                  
00004b55  __TI_auto_init_nobinit_nopinit
00004b99  sprintf                       
00004bd9  vsnprintf                     
00004c59  calloc                        
00004c91  __aeabi_f2d                   
00004cc9  IntRegister                   
00004cfd  _c_int00_noargs               
00004d61  __aeabi_i2d                   
00004db9  __aeabi_ui2d                  
00004dd9  __TI_zero_init_nomemset       
00004e11  memccpy                       
00004e2d  copysign                      
00004e2d  copysignl                     
00004e77  oi_parseInt                   
00004e8f  strcmp                        
00004ea7  strchr                        
00004ebd  strcpy                        
00004ed1  strlen                        
00004ee5  wcslen                        
00004ef7  IntMasterEnable               
00004f07  lcd_clear                     
00004f17  __TI_decompress_none          
00004f25  CPUcpsie                      
00004f31  ResetISR                      
00004f49  __aeabi_errno_addr            
00004f51  malloc                        
00004f59  _system_pre_init              
00004f5d  C$$EXIT                       
00004f5d  abort                         
00004f60  _ctypes_                      
000050f4  __TI_Handler_Table_Base       
00005100  __TI_Handler_Table_Limit      
00005110  __TI_CINIT_Base               
00005128  __TI_CINIT_Limit              
20000000  __start___llvm_prf_cnts       
20000000  __stop___llvm_prf_cnts        
20000000  g_pfnRAMVectors               
20000270  __stack                       
20000470  __STACK_TOP                   
20001270  __STACK_END                   
20001270  _sys_memory                   
200022dc  _timeout_ticks                
200022e0  motor_cal_factor_L            
200022e4  motor_cal_factor_R            
20002300  command_byte                  
20002304  command_flag                  
20002308  char_received                 
20002309  _running                      
2000230c  _lock                         
20002310  _unlock                       
2000231c  errno                         
ffffffff  __TI_pprof_out_hndl           
ffffffff  __TI_prof_data_size           
ffffffff  __TI_prof_data_start          
ffffffff  __binit__                     
ffffffff  __c_args__                    
ffffffff  binit                         
UNDEFED   __mpu_init                    
UNDEFED   _system_post_cinit            

[160 symbols]
