******************************************************************************
                  TI ARM Linker PC v20.2.7                     
******************************************************************************
>> Linked Tue Apr 29 14:40:18 2025

OUTPUT FILE NAME:   <FinalProject.out>
ENTRY POINT SYMBOL: "_c_int00_noargs"  address: 00004a8d


MEMORY CONFIGURATION

         name            origin    length      used     unused   attr    fill
----------------------  --------  ---------  --------  --------  ----  --------
  FLASH                 00000000   00040000  00004e3f  0003b1c1  R  X
  SRAM                  20000000   00008000  00002450  00005bb0  RW X


SEGMENT ALLOCATION MAP

run origin  load origin   length   init length attrs members
----------  ----------- ---------- ----------- ----- -------
00000000    00000000    00004e48   00004e48    r-x
  00000000    00000000    0000026c   0000026c    r-- .intvecs
  0000026c    0000026c    00004a08   00004a08    r-x .text
  00004c78    00004c78    0000016b   0000016b    r-- .const
  00004de8    00004de8    00000060   00000060    r-- .cinit
20000000    20000000    00002454   00000000    rw-
  20000000    20000000    0000026c   00000000    rw- .vtable
  20000270    20000270    00001000   00000000    rw- .stack
  20001270    20001270    00001000   00000000    rw- .sysmem
  20002270    20002270    0000018c   00000000    rw- .bss
  200023fc    200023fc    00000058   00000000    rw- .data


SECTION ALLOCATION MAP

 output                                  attributes/
section   page    origin      length       input sections
--------  ----  ----------  ----------   ----------------
.intvecs   0    00000000    0000026c     
                  00000000    0000026c     tm4c123gh6pm_startup_ccs.obj (.intvecs)

.text      0    0000026c    00004a08     
                  0000026c    00000c20     open_interface.obj (.text)
                  00000e8c    00000a4e     rtsv7M4_T_le_v4SPD16_eabi.lib : _printfi.c.obj (.text:__TI_printfi)
                  000018da    00000002                                   : _lock.c.obj (.text:_nop)
                  000018dc    000009d0                                   : e_pow.c.obj (.text:pow)
                  000022ac    000006f4     main.obj (.text)
                  000029a0    000002b0     ping.obj (.text)
                  00002c50    00000270     rtsv7M4_T_le_v4SPD16_eabi.lib : _printfi.c.obj (.text:_pconv_a)
                  00002ec0    00000248     Timer.obj (.text)
                  00003108    000001e8     uart-interrupt.obj (.text)
                  000032f0    000001d0     rtsv7M4_T_le_v4SPD16_eabi.lib : _printfi.c.obj (.text:_pconv_g)
                  000034c0    000001b6                                   : fd_add_t2.asm.obj (.text)
                  00003676    00000002                                   : div0.asm.obj (.text)
                  00003678    000001a4     servo.obj (.text)
                  0000381c    00000158     rtsv7M4_T_le_v4SPD16_eabi.lib : e_sqrt.c.obj (.text:sqrt)
                  00003974    0000013c                                   : _printfi.c.obj (.text:_pconv_e)
                  00003ab0    00000136                                   : fd_div_t2.asm.obj (.text)
                  00003be6    00000002     --HOLE-- [fill = 0]
                  00003be8    00000124                                   : _printfi.c.obj (.text:fcvt)
                  00003d0c    00000114     adc.obj (.text)
                  00003e20    00000110     rtsv7M4_T_le_v4SPD16_eabi.lib : s_scalbn.c.obj (.text:scalbn)
                  00003f30    00000100                                   : memory.c.obj (.text:aligned_alloc)
                  00004030    000000fc                                   : fd_mul_t2.asm.obj (.text)
                  0000412c    000000e4                                   : memory.c.obj (.text:free)
                  00004210    000000b1                                   : _printfi.c.obj (.text:_ltostr)
                  000042c1    00000001     --HOLE-- [fill = 0]
                  000042c2    0000009c                                   : memcpy_t2.asm.obj (.text)
                  0000435e    00000096                                   : ull_div_t2.asm.obj (.text)
                  000043f4    00000086                                   : fd_cmp_t2.asm.obj (.text:__aeabi_cdcmple)
                  0000447a    00000086                                   : fd_cmp_t2.asm.obj (.text:__aeabi_cdrcmple)
                  00004500    0000007a                                   : memset_t2.asm.obj (.text)
                  0000457a    00000002     --HOLE-- [fill = 0]
                  0000457c    00000070                                   : memory.c.obj (.text:split)
                  000045ec    0000006e                                   : _printfi.c.obj (.text:_mcpy)
                  0000465a    0000006e                                   : fd_tos_t2.asm.obj (.text)
                  000046c8    00000068                                   : copy_decompress_lzss.c.obj (.text:decompress:lzss:__TI_decompress_lzss)
                  00004730    00000064                                   : s_frexp.c.obj (.text:frexp)
                  00004794    00000056                                   : _printfi.c.obj (.text:_pconv_f)
                  000047ea    00000054                                   : _ltoa.c.obj (.text:__TI_ltoa)
                  0000483e    00000052                                   : _printfi.c.obj (.text:_ecpy)
                  00004890    0000004c                                   : atoi.c.obj (.text:atoi)
                  000048dc    00000048                                   : fd_toi_t2.asm.obj (.text)
                  00004924    00000044                                   : autoinit.c.obj (.text:__TI_auto_init_nobinit_nopinit:__TI_auto_init_nobinit_nopinit)
                  00004968    00000040                                   : sprintf.c.obj (.text:sprintf)
                  000049a8    0000003e                                   : _printfi.c.obj (.text:_fcpy)
                  000049e6    00000002     --HOLE-- [fill = 0]
                  000049e8    00000038                                   : memory.c.obj (.text:calloc)
                  00004a20    00000038                                   : fs_tod_t2.asm.obj (.text)
                  00004a58    00000034     driverlib.lib : interrupt.obj (.text:IntRegister)
                  00004a8c    00000034     rtsv7M4_T_le_v4SPD16_eabi.lib : boot_cortex_m.c.obj (.text:_c_int00_noargs:_c_int00_noargs)
                  00004ac0    0000002e                                   : i_tofd_t2.asm.obj (.text)
                  00004aee    00000002     --HOLE-- [fill = 0]
                  00004af0    00000028                                   : memory.c.obj (.text:free_list_insert)
                  00004b18    00000020                                   : u_tofd_t2.asm.obj (.text)
                  00004b38    0000001c                                   : memory.c.obj (.text:free_list_remove)
                  00004b54    0000001c                                   : memccpy.c.obj (.text:memccpy)
                  00004b70    0000001a                                   : s_copysign.c.obj (.text:copysign)
                  00004b8a    00000018                                   : sprintf.c.obj (.text:_outs)
                  00004ba2    00000018     open_interface.obj (.text:oi_parseInt)
                  00004bba    00000018     rtsv7M4_T_le_v4SPD16_eabi.lib : strcmp.c.obj (.text:strcmp)
                  00004bd2    00000016                                   : strchr.c.obj (.text:strchr)
                  00004be8    00000014                                   : strlen.c.obj (.text:strlen)
                  00004bfc    00000012                                   : wcslen.c.obj (.text:wcslen)
                  00004c0e    00000010     driverlib.lib : interrupt.obj (.text:IntMasterEnable)
                  00004c1e    0000000e     rtsv7M4_T_le_v4SPD16_eabi.lib : copy_decompress_none.c.obj (.text:decompress:none:__TI_decompress_none)
                  00004c2c    0000000c     driverlib.lib : cpu.obj (.text:CPUcpsie)
                  00004c38    0000000c     rtsv7M4_T_le_v4SPD16_eabi.lib : copy_zero_init.c.obj (.text:decompress:ZI:__TI_zero_init)
                  00004c44    0000000c     tm4c123gh6pm_startup_ccs.obj (.text)
                  00004c50    0000000a     rtsv7M4_T_le_v4SPD16_eabi.lib : sprintf.c.obj (.text:_outc)
                  00004c5a    00000002     --HOLE-- [fill = 0]
                  00004c5c    00000008                                   : errno.c.obj (.text:__aeabi_errno_addr)
                  00004c64    00000008                                   : memory.c.obj (.text:malloc)
                  00004c6c    00000004                                   : pre_init.c.obj (.text:_system_pre_init)
                  00004c70    00000004                                   : exit.c.obj (.text:abort:abort)

.const     0    00004c78    0000016b     
                  00004c78    00000101     rtsv7M4_T_le_v4SPD16_eabi.lib : ctype.c.obj (.const:.string:_ctypes_)
                  00004d79    00000007     --HOLE-- [fill = 0]
                  00004d80    00000030                                   : e_pow.c.obj (.const:$O1$$)
                  00004db0    0000000f     open_interface.obj (.const:.string:$P$T0$3)
                  00004dbf    0000000a     main.obj (.const:.string:$P$T0$1)
                  00004dc9    0000000a     main.obj (.const:.string:$P$T1$2)
                  00004dd3    00000008     main.obj (.const:.string:$P$T2$3)
                  00004ddb    00000008     main.obj (.const:.string:$P$T3$4)

.cinit     0    00004de8    00000060     
                  00004de8    0000002a     (.cinit..data.load) [load image, compression = lzss]
                  00004e12    00000002     --HOLE-- [fill = 0]
                  00004e14    0000000c     (__TI_handler_table)
                  00004e20    00000008     (.cinit..bss.load) [load image, compression = zero_init]
                  00004e28    00000008     (.cinit..vtable.load) [load image, compression = zero_init]
                  00004e30    00000018     (__TI_cinit_table)

.init_array 
*          0    00000000    00000000     UNINITIALIZED

.vtable    0    20000000    0000026c     UNINITIALIZED
                  20000000    0000026c     driverlib.lib : interrupt.obj (.vtable)

.stack     0    20000270    00001000     UNINITIALIZED
                  20000270    00000004     rtsv7M4_T_le_v4SPD16_eabi.lib : boot_cortex_m.c.obj (.stack)
                  20000274    00000ffc     --HOLE--

.sysmem    0    20001270    00001000     UNINITIALIZED
                  20001270    00000010     rtsv7M4_T_le_v4SPD16_eabi.lib : memory.c.obj (.sysmem)
                  20001280    00000ff0     --HOLE--

.bss       0    20002270    0000018c     UNINITIALIZED
                  20002270    00000170     (.common:adcValues)
                  200023e0    00000018     open_interface.obj (.bss:firmware$2)
                  200023f8    00000004     (.common:_timeout_ticks)

.data      0    200023fc    00000058     UNINITIALIZED
                  200023fc    00000020     open_interface.obj (.data)
                  2000241c    0000000c     main.obj (.data)
                  20002428    00000009     ping.obj (.data)
                  20002431    00000001     Timer.obj (.data)
                  20002432    00000002     --HOLE--
                  20002434    00000009     uart-interrupt.obj (.data)
                  2000243d    00000003     --HOLE--
                  20002440    00000008     rtsv7M4_T_le_v4SPD16_eabi.lib : _lock.c.obj (.data:$O1$$)
                  20002448    00000008                                   : memory.c.obj (.data:$O1$$)
                  20002450    00000004                                   : errno.c.obj (.data)

__llvm_prf_cnts 
*          0    20000000    00000000     UNINITIALIZED

MODULE SUMMARY

       Module                         code    ro data   rw data
       ------                         ----    -------   -------
    .\
       open_interface.obj             3128    15        56     
       main.obj                       1780    36        380    
       ping.obj                       688     0         9      
       tm4c123gh6pm_startup_ccs.obj   12      620       0      
       Timer.obj                      584     0         5      
       uart-interrupt.obj             488     0         9      
       servo.obj                      420     0         0      
       adc.obj                        276     0         0      
    +--+------------------------------+-------+---------+---------+
       Total:                         7376    671       459    
                                                               
    C:/ti/TivaWare_C_Series-2.2.0.295/driverlib/ccs/Debug/driverlib.lib
       interrupt.obj                  68      0         620    
       cpu.obj                        12      0         0      
    +--+------------------------------+-------+---------+---------+
       Total:                         80      0         620    
                                                               
    C:\ti\ccs1271\ccs\tools\compiler\ti-cgt-arm_20.2.7.LTS\lib\rtsv7M4_T_le_v4SPD16_eabi.lib
       _printfi.c.obj                 4851    0         0      
       e_pow.c.obj                    2512    48        0      
       memory.c.obj                   728     0         8      
       fd_add_t2.asm.obj              438     0         0      
       e_sqrt.c.obj                   344     0         0      
       fd_div_t2.asm.obj              310     0         0      
       s_scalbn.c.obj                 272     0         0      
       fd_cmp_t2.asm.obj              268     0         0      
       ctype.c.obj                    0       257       0      
       fd_mul_t2.asm.obj              252     0         0      
       memcpy_t2.asm.obj              156     0         0      
       ull_div_t2.asm.obj             150     0         0      
       memset_t2.asm.obj              122     0         0      
       fd_tos_t2.asm.obj              110     0         0      
       copy_decompress_lzss.c.obj     104     0         0      
       s_frexp.c.obj                  100     0         0      
       sprintf.c.obj                  98      0         0      
       _ltoa.c.obj                    84      0         0      
       atoi.c.obj                     76      0         0      
       fd_toi_t2.asm.obj              72      0         0      
       autoinit.c.obj                 68      0         0      
       fs_tod_t2.asm.obj              56      0         0      
       boot_cortex_m.c.obj            52      0         0      
       i_tofd_t2.asm.obj              46      0         0      
       u_tofd_t2.asm.obj              32      0         0      
       memccpy.c.obj                  28      0         0      
       s_copysign.c.obj               26      0         0      
       strcmp.c.obj                   24      0         0      
       strchr.c.obj                   22      0         0      
       strlen.c.obj                   20      0         0      
       wcslen.c.obj                   18      0         0      
       copy_decompress_none.c.obj     14      0         0      
       copy_zero_init.c.obj           12      0         0      
       errno.c.obj                    8       0         4      
       _lock.c.obj                    2       0         8      
       exit.c.obj                     4       0         0      
       pre_init.c.obj                 4       0         0      
       div0.asm.obj                   2       0         0      
    +--+------------------------------+-------+---------+---------+
       Total:                         11485   305       20     
                                                               
       Heap:                          0       0         4096   
       Stack:                         0       0         4096   
       Linker Generated:              0       94        0      
    +--+------------------------------+-------+---------+---------+
       Grand Total:                   18941   1070      9291   


LINKER GENERATED COPY TABLES

__TI_cinit_table @ 00004e30 records: 3, size/record: 8, table size: 24
	.data: load addr=00004de8, load size=0000002a bytes, run addr=200023fc, run size=00000058 bytes, compression=lzss
	.bss: load addr=00004e20, load size=00000008 bytes, run addr=20002270, run size=0000018c bytes, compression=zero_init
	.vtable: load addr=00004e28, load size=00000008 bytes, run addr=20000000, run size=0000026c bytes, compression=zero_init


LINKER GENERATED HANDLER TABLE

__TI_handler_table @ 00004e14 records: 3, size/record: 4, table size: 12
	index: 0, handler: __TI_zero_init
	index: 1, handler: __TI_decompress_lzss
	index: 2, handler: __TI_decompress_none


GLOBAL SYMBOLS: SORTED ALPHABETICALLY BY Name 

address   name                          
-------   ----                          
00003daf  ADC0_InSeq3                   
00003d0d  ADC0_Init                     
00004c71  C$$EXIT                       
00004c2d  CPUcpsie                      
00000bc3  GPIOF_Handler                 
00004c0f  IntMasterEnable               
00004a59  IntRegister                   
00004c45  ResetISR                      
00002aef  TIMER3B_Handler               
0000323d  UART1_Handler                 
20001270  __STACK_END                   
00001000  __STACK_SIZE                  
20000470  __STACK_TOP                   
00001000  __SYSMEM_SIZE                 
00004e30  __TI_CINIT_Base               
00004e48  __TI_CINIT_Limit              
00004e14  __TI_Handler_Table_Base       
00004e20  __TI_Handler_Table_Limit      
00004925  __TI_auto_init_nobinit_nopinit
000046c9  __TI_decompress_lzss          
00004c1f  __TI_decompress_none          
000047eb  __TI_ltoa                     
ffffffff  __TI_pprof_out_hndl           
00000e8d  __TI_printfi                  
ffffffff  __TI_prof_data_size           
ffffffff  __TI_prof_data_start          
00000000  __TI_static_base__            
00004c39  __TI_zero_init                
000043f5  __aeabi_cdcmpeq               
000043f5  __aeabi_cdcmple               
0000447b  __aeabi_cdrcmple              
0000465b  __aeabi_d2f                   
000048dd  __aeabi_d2iz                  
000034cb  __aeabi_dadd                  
00003ab1  __aeabi_ddiv                  
00004031  __aeabi_dmul                  
000034c1  __aeabi_dsub                  
00004c5d  __aeabi_errno_addr            
00004a21  __aeabi_f2d                   
00004ac1  __aeabi_i2d                   
00003677  __aeabi_idiv0                 
00003677  __aeabi_ldiv0                 
00004501  __aeabi_memclr                
00004501  __aeabi_memclr4               
00004501  __aeabi_memclr8               
000042c3  __aeabi_memcpy                
000042c3  __aeabi_memcpy4               
000042c3  __aeabi_memcpy8               
00004503  __aeabi_memset                
00004503  __aeabi_memset4               
00004503  __aeabi_memset8               
00004b19  __aeabi_ui2d                  
0000435f  __aeabi_uldivmod              
ffffffff  __binit__                     
ffffffff  __c_args__                    
UNDEFED   __mpu_init                    
20000270  __stack                       
20000000  __start___llvm_prf_cnts       
20000000  __stop___llvm_prf_cnts        
00004a8d  _c_int00_noargs               
00004c78  _ctypes_                      
20002440  _lock                         
000018db  _nop                          
20002431  _running                      
20001270  _sys_memory                   
UNDEFED   _system_post_cinit            
00004c6d  _system_pre_init              
200023f8  _timeout_ticks                
20002444  _unlock                       
00004c71  abort                         
20002270  adcValues                     
00003f31  aligned_alloc                 
00004891  atoi                          
ffffffff  binit                         
000049e9  calloc                        
2000243c  char_received                 
20002434  command_byte                  
20002438  command_flag                  
00004b71  copysign                      
00004b71  copysignl                     
00002bb5  detect_overflow               
20002450  errno                         
0000412d  free                          
00004731  frexp                         
00004731  frexpl                        
2000242c  g_end_time                    
20000000  g_pfnRAMVectors               
00000000  g_pfnVectors                  
20002428  g_start_time                  
20002430  g_state                       
0000097f  go_charge                     
00003e21  ldexp                         
00003e21  ldexpl                        
20002420  left_bound                    
000022ad  main                          
00004c65  malloc                        
00003f31  memalign                      
00004b55  memccpy                       
000042c3  memcpy                        
00004509  memset                        
200023fc  motor_cal_factor_L            
20002400  motor_cal_factor_R            
20002424  num_degrees                   
0000026d  oi_alloc                      
00000aa9  oi_checkFirmware              
000002c7  oi_close                      
00000279  oi_free                       
00000ded  oi_getMotorCalibrationLeft    
00000e01  oi_getMotorCalibrationRight   
000002b1  oi_init                       
00000289  oi_init_noupdate              
00000915  oi_loadSong                   
00004ba3  oi_parseInt                   
0000032b  oi_parsePacket                
0000096b  oi_play_song                  
0000084b  oi_setLeds                    
00000db1  oi_setMotorCalibration        
0000088f  oi_setWheels                  
00000b51  oi_shutoff_init               
0000098d  oi_uartInit                   
00000a31  oi_uartReceive                
00000a77  oi_uartSendBuff               
00000a15  oi_uartSendChar               
00000a59  oi_uartSendStr                
000002d9  oi_update                     
00002b2f  ping_getDistance              
000029a1  ping_init                     
00002a67  ping_trigger                  
000018dd  pow                           
000018dd  powl                          
2000241c  right_bound                   
00003e21  scalbn                        
00003e21  scalbnl                       
00003679  servo_init                    
00003725  servo_move                    
00004969  sprintf                       
0000381d  sqrt                          
0000381d  sqrtl                         
00004bd3  strchr                        
00004bbb  strcmp                        
00004be9  strlen                        
00002fdf  timer_getMicros               
00002f87  timer_getMillis               
00002ec1  timer_init                    
00002f63  timer_pause                   
00002f75  timer_resume                  
00002f39  timer_stop                    
00003039  timer_waitMicros              
0000306b  timer_waitMillis              
00003109  uart_interrupt_init           
000031ff  uart_receive                  
000031e5  uart_receive_nonblocking      
000031c9  uart_sendChar                 
00003213  uart_sendStr                  
00004bfd  wcslen                        


GLOBAL SYMBOLS: SORTED BY Symbol Address 

address   name                          
-------   ----                          
00000000  __TI_static_base__            
00000000  g_pfnVectors                  
0000026d  oi_alloc                      
00000279  oi_free                       
00000289  oi_init_noupdate              
000002b1  oi_init                       
000002c7  oi_close                      
000002d9  oi_update                     
0000032b  oi_parsePacket                
0000084b  oi_setLeds                    
0000088f  oi_setWheels                  
00000915  oi_loadSong                   
0000096b  oi_play_song                  
0000097f  go_charge                     
0000098d  oi_uartInit                   
00000a15  oi_uartSendChar               
00000a31  oi_uartReceive                
00000a59  oi_uartSendStr                
00000a77  oi_uartSendBuff               
00000aa9  oi_checkFirmware              
00000b51  oi_shutoff_init               
00000bc3  GPIOF_Handler                 
00000db1  oi_setMotorCalibration        
00000ded  oi_getMotorCalibrationLeft    
00000e01  oi_getMotorCalibrationRight   
00000e8d  __TI_printfi                  
00001000  __STACK_SIZE                  
00001000  __SYSMEM_SIZE                 
000018db  _nop                          
000018dd  pow                           
000018dd  powl                          
000022ad  main                          
000029a1  ping_init                     
00002a67  ping_trigger                  
00002aef  TIMER3B_Handler               
00002b2f  ping_getDistance              
00002bb5  detect_overflow               
00002ec1  timer_init                    
00002f39  timer_stop                    
00002f63  timer_pause                   
00002f75  timer_resume                  
00002f87  timer_getMillis               
00002fdf  timer_getMicros               
00003039  timer_waitMicros              
0000306b  timer_waitMillis              
00003109  uart_interrupt_init           
000031c9  uart_sendChar                 
000031e5  uart_receive_nonblocking      
000031ff  uart_receive                  
00003213  uart_sendStr                  
0000323d  UART1_Handler                 
000034c1  __aeabi_dsub                  
000034cb  __aeabi_dadd                  
00003677  __aeabi_idiv0                 
00003677  __aeabi_ldiv0                 
00003679  servo_init                    
00003725  servo_move                    
0000381d  sqrt                          
0000381d  sqrtl                         
00003ab1  __aeabi_ddiv                  
00003d0d  ADC0_Init                     
00003daf  ADC0_InSeq3                   
00003e21  ldexp                         
00003e21  ldexpl                        
00003e21  scalbn                        
00003e21  scalbnl                       
00003f31  aligned_alloc                 
00003f31  memalign                      
00004031  __aeabi_dmul                  
0000412d  free                          
000042c3  __aeabi_memcpy                
000042c3  __aeabi_memcpy4               
000042c3  __aeabi_memcpy8               
000042c3  memcpy                        
0000435f  __aeabi_uldivmod              
000043f5  __aeabi_cdcmpeq               
000043f5  __aeabi_cdcmple               
0000447b  __aeabi_cdrcmple              
00004501  __aeabi_memclr                
00004501  __aeabi_memclr4               
00004501  __aeabi_memclr8               
00004503  __aeabi_memset                
00004503  __aeabi_memset4               
00004503  __aeabi_memset8               
00004509  memset                        
0000465b  __aeabi_d2f                   
000046c9  __TI_decompress_lzss          
00004731  frexp                         
00004731  frexpl                        
000047eb  __TI_ltoa                     
00004891  atoi                          
000048dd  __aeabi_d2iz                  
00004925  __TI_auto_init_nobinit_nopinit
00004969  sprintf                       
000049e9  calloc                        
00004a21  __aeabi_f2d                   
00004a59  IntRegister                   
00004a8d  _c_int00_noargs               
00004ac1  __aeabi_i2d                   
00004b19  __aeabi_ui2d                  
00004b55  memccpy                       
00004b71  copysign                      
00004b71  copysignl                     
00004ba3  oi_parseInt                   
00004bbb  strcmp                        
00004bd3  strchr                        
00004be9  strlen                        
00004bfd  wcslen                        
00004c0f  IntMasterEnable               
00004c1f  __TI_decompress_none          
00004c2d  CPUcpsie                      
00004c39  __TI_zero_init                
00004c45  ResetISR                      
00004c5d  __aeabi_errno_addr            
00004c65  malloc                        
00004c6d  _system_pre_init              
00004c71  C$$EXIT                       
00004c71  abort                         
00004c78  _ctypes_                      
00004e14  __TI_Handler_Table_Base       
00004e20  __TI_Handler_Table_Limit      
00004e30  __TI_CINIT_Base               
00004e48  __TI_CINIT_Limit              
20000000  __start___llvm_prf_cnts       
20000000  __stop___llvm_prf_cnts        
20000000  g_pfnRAMVectors               
20000270  __stack                       
20000470  __STACK_TOP                   
20001270  __STACK_END                   
20001270  _sys_memory                   
20002270  adcValues                     
200023f8  _timeout_ticks                
200023fc  motor_cal_factor_L            
20002400  motor_cal_factor_R            
2000241c  right_bound                   
20002420  left_bound                    
20002424  num_degrees                   
20002428  g_start_time                  
2000242c  g_end_time                    
20002430  g_state                       
20002431  _running                      
20002434  command_byte                  
20002438  command_flag                  
2000243c  char_received                 
20002440  _lock                         
20002444  _unlock                       
20002450  errno                         
ffffffff  __TI_pprof_out_hndl           
ffffffff  __TI_prof_data_size           
ffffffff  __TI_prof_data_start          
ffffffff  __binit__                     
ffffffff  __c_args__                    
ffffffff  binit                         
UNDEFED   __mpu_init                    
UNDEFED   _system_post_cinit            

[155 symbols]
