******************************************************************************
                  TI ARM Linker PC v20.2.7                     
******************************************************************************
>> Linked Sat Feb  8 15:56:35 2025

OUTPUT FILE NAME:   <Lab2.out>
ENTRY POINT SYMBOL: "_c_int00_noargs"  address: 00003781


MEMORY CONFIGURATION

         name            origin    length      used     unused   attr    fill
----------------------  --------  ---------  --------  --------  ----  --------
  FLASH                 00000000   00040000  00003b08  0003c4f8  R  X
  SRAM                  20000000   00008000  00002311  00005cef  RW X


SEGMENT ALLOCATION MAP

run origin  load origin   length   init length attrs members
----------  ----------- ---------- ----------- ----- -------
00000000    00000000    00003b08   00003b08    r-x
  00000000    00000000    0000026c   0000026c    r-- .intvecs
  0000026c    0000026c    00003734   00003734    r-x .text
  000039a0    000039a0    00000118   00000118    r-- .const
  00003ab8    00003ab8    00000050   00000050    r-- .cinit
20000000    20000000    00002315   00000000    rw-
  20000000    20000000    0000026c   00000000    rw- .vtable
  20000270    20000270    00001000   00000000    rw- .stack
  20001270    20001270    00001000   00000000    rw- .sysmem
  20002270    20002270    00000070   00000000    rw- .bss
  200022e0    200022e0    00000035   00000000    rw- .data


SECTION ALLOCATION MAP

 output                                  attributes/
section   page    origin      length       input sections
--------  ----  ----------  ----------   ----------------
.intvecs   0    00000000    0000026c     
                  00000000    0000026c     tm4c123gh6pm_startup_ccs.obj (.intvecs)

.text      0    0000026c    00003734     
                  0000026c    00000c20     open_interface.obj (.text)
                  00000e8c    00000a4e     rtsv7M4_T_le_v4SPD16_eabi.lib : _printfi.c.obj (.text:__TI_printfi)
                  000018da    00000002                                   : _lock.c.obj (.text:_nop)
                  000018dc    00000328     lcd.obj (.text)
                  00001c04    000002f0     movement.obj (.text)
                  00001ef4    00000270     rtsv7M4_T_le_v4SPD16_eabi.lib : _printfi.c.obj (.text:_pconv_a)
                  00002164    00000248     Timer.obj (.text)
                  000023ac    000001d0     rtsv7M4_T_le_v4SPD16_eabi.lib : _printfi.c.obj (.text:_pconv_g)
                  0000257c    000001b6                                   : fd_add_t2.asm.obj (.text)
                  00002732    00000002                                   : div0.asm.obj (.text)
                  00002734    0000013c                                   : _printfi.c.obj (.text:_pconv_e)
                  00002870    00000136                                   : fd_div_t2.asm.obj (.text)
                  000029a6    00000002     --HOLE-- [fill = 0]
                  000029a8    00000124                                   : _printfi.c.obj (.text:fcvt)
                  00002acc    00000110                                   : s_scalbn.c.obj (.text:scalbn)
                  00002bdc    00000100                                   : memory.c.obj (.text:aligned_alloc)
                  00002cdc    000000fc                                   : fd_mul_t2.asm.obj (.text)
                  00002dd8    000000e4                                   : memory.c.obj (.text:free)
                  00002ebc    000000b1                                   : _printfi.c.obj (.text:_ltostr)
                  00002f6d    00000001     --HOLE-- [fill = 0]
                  00002f6e    0000009c                                   : memcpy_t2.asm.obj (.text)
                  0000300a    00000096                                   : ull_div_t2.asm.obj (.text)
                  000030a0    00000086                                   : fd_cmp_t2.asm.obj (.text:__aeabi_cdcmple)
                  00003126    00000086                                   : fd_cmp_t2.asm.obj (.text:__aeabi_cdrcmple)
                  000031ac    0000007a                                   : memset_t2.asm.obj (.text)
                  00003226    00000002     --HOLE-- [fill = 0]
                  00003228    00000070                                   : memory.c.obj (.text:split)
                  00003298    0000006e                                   : _printfi.c.obj (.text:_mcpy)
                  00003306    0000006e                                   : fd_tos_t2.asm.obj (.text)
                  00003374    00000068                                   : copy_decompress_lzss.c.obj (.text:decompress:lzss:__TI_decompress_lzss)
                  000033dc    00000064                                   : s_frexp.c.obj (.text:frexp)
                  00003440    00000056                                   : _printfi.c.obj (.text:_pconv_f)
                  00003496    00000054                                   : _ltoa.c.obj (.text:__TI_ltoa)
                  000034ea    00000052                                   : _printfi.c.obj (.text:_ecpy)
                  0000353c    0000004c                                   : atoi.c.obj (.text:atoi)
                  00003588    00000048     helloworld2.obj (.text)
                  000035d0    00000048     rtsv7M4_T_le_v4SPD16_eabi.lib : fd_toi_t2.asm.obj (.text)
                  00003618    00000044                                   : autoinit.c.obj (.text:__TI_auto_init_nobinit_nopinit:__TI_auto_init_nobinit_nopinit)
                  0000365c    00000040                                   : vsnprintf.c.obj (.text:vsnprintf)
                  0000369c    0000003e                                   : _printfi.c.obj (.text:_fcpy)
                  000036da    00000002     --HOLE-- [fill = 0]
                  000036dc    00000038                                   : memory.c.obj (.text:calloc)
                  00003714    00000038                                   : fs_tod_t2.asm.obj (.text)
                  0000374c    00000034     driverlib.lib : interrupt.obj (.text:IntRegister)
                  00003780    00000034     rtsv7M4_T_le_v4SPD16_eabi.lib : boot_cortex_m.c.obj (.text:_c_int00_noargs:_c_int00_noargs)
                  000037b4    00000030                                   : vsnprintf.c.obj (.text:_outs)
                  000037e4    0000002e                                   : i_tofd_t2.asm.obj (.text)
                  00003812    00000002     --HOLE-- [fill = 0]
                  00003814    00000028                                   : memory.c.obj (.text:free_list_insert)
                  0000383c    0000001c                                   : copy_zero_init.c.obj (.text:decompress:ZI:__TI_zero_init_nomemset:__TI_zero_init_nomemset)
                  00003858    0000001c                                   : memory.c.obj (.text:free_list_remove)
                  00003874    0000001c                                   : memccpy.c.obj (.text:memccpy)
                  00003890    0000001a                                   : s_copysign.c.obj (.text:copysign)
                  000038aa    00000018                                   : vsnprintf.c.obj (.text:_outc)
                  000038c2    00000018     open_interface.obj (.text:oi_parseInt)
                  000038da    00000018     rtsv7M4_T_le_v4SPD16_eabi.lib : strcmp.c.obj (.text:strcmp)
                  000038f2    00000016                                   : strchr.c.obj (.text:strchr)
                  00003908    00000014                                   : strcpy.c.obj (.text:strcpy)
                  0000391c    00000014                                   : strlen.c.obj (.text:strlen)
                  00003930    00000012                                   : wcslen.c.obj (.text:wcslen)
                  00003942    00000010     driverlib.lib : interrupt.obj (.text:IntMasterEnable)
                  00003952    00000010     lcd.obj (.text:lcd_clear)
                  00003962    0000000e     rtsv7M4_T_le_v4SPD16_eabi.lib : copy_decompress_none.c.obj (.text:decompress:none:__TI_decompress_none)
                  00003970    0000000c     driverlib.lib : cpu.obj (.text:CPUcpsie)
                  0000397c    0000000c     tm4c123gh6pm_startup_ccs.obj (.text)
                  00003988    00000008     rtsv7M4_T_le_v4SPD16_eabi.lib : errno.c.obj (.text:__aeabi_errno_addr)
                  00003990    00000008                                   : memory.c.obj (.text:malloc)
                  00003998    00000004                                   : pre_init.c.obj (.text:_system_pre_init)
                  0000399c    00000004                                   : exit.c.obj (.text:abort:abort)

.const     0    000039a0    00000118     
                  000039a0    00000101     rtsv7M4_T_le_v4SPD16_eabi.lib : ctype.c.obj (.const:.string:_ctypes_)
                  00003aa1    0000000f     open_interface.obj (.const:.string:$P$T0$3)
                  00003ab0    00000004     lcd.obj (.const:.string:lineAddress$1)
                  00003ab4    00000004     lcd.obj (.const:.string:lineAddresses$2)

.cinit     0    00003ab8    00000050     
                  00003ab8    00000018     (.cinit..data.load) [load image, compression = lzss]
                  00003ad0    0000000c     (__TI_handler_table)
                  00003adc    00000004     --HOLE-- [fill = 0]
                  00003ae0    00000008     (.cinit..bss.load) [load image, compression = zero_init]
                  00003ae8    00000008     (.cinit..vtable.load) [load image, compression = zero_init]
                  00003af0    00000018     (__TI_cinit_table)

.init_array 
*          0    00000000    00000000     UNINITIALIZED

.vtable    0    20000000    0000026c     UNINITIALIZED
                  20000000    0000026c     driverlib.lib : interrupt.obj (.vtable)

.stack     0    20000270    00001000     UNINITIALIZED
                  20000270    00000004     rtsv7M4_T_le_v4SPD16_eabi.lib : boot_cortex_m.c.obj (.stack)
                  20000274    00000ffc     --HOLE--

.sysmem    0    20001270    00001000     UNINITIALIZED
                  20001270    00000010     rtsv7M4_T_le_v4SPD16_eabi.lib : memory.c.obj (.sysmem)
                  20001280    00000ff0     --HOLE--

.bss       0    20002270    00000070     UNINITIALIZED
                  20002270    00000054     lcd.obj (.bss:lastbuffer$3)
                  200022c4    00000018     open_interface.obj (.bss:firmware$2)
                  200022dc    00000004     (.common:_timeout_ticks)

.data      0    200022e0    00000035     UNINITIALIZED
                  200022e0    00000020     open_interface.obj (.data)
                  20002300    00000008     rtsv7M4_T_le_v4SPD16_eabi.lib : _lock.c.obj (.data:$O1$$)
                  20002308    00000008                                   : memory.c.obj (.data:$O1$$)
                  20002310    00000004                                   : errno.c.obj (.data)
                  20002314    00000001     Timer.obj (.data)

__llvm_prf_cnts 
*          0    20000000    00000000     UNINITIALIZED

MODULE SUMMARY

       Module                         code    ro data   rw data
       ------                         ----    -------   -------
    .\
       open_interface.obj             3128    15        56     
       lcd.obj                        824     8         84     
       movement.obj                   752     0         0      
       tm4c123gh6pm_startup_ccs.obj   12      620       0      
       Timer.obj                      584     0         5      
       helloworld2.obj                72      0         0      
    +--+------------------------------+-------+---------+---------+
       Total:                         5372    643       145    
                                                               
    C:/ti/TivaWare_C_Series-2.2.0.295/driverlib/ccs/Debug/driverlib.lib
       interrupt.obj                  68      0         620    
       cpu.obj                        12      0         0      
    +--+------------------------------+-------+---------+---------+
       Total:                         80      0         620    
                                                               
    C:\ti\ccs1271\ccs\tools\compiler\ti-cgt-arm_20.2.7.LTS\lib\rtsv7M4_T_le_v4SPD16_eabi.lib
       _printfi.c.obj                 4851    0         0      
       memory.c.obj                   728     0         8      
       fd_add_t2.asm.obj              438     0         0      
       fd_div_t2.asm.obj              310     0         0      
       s_scalbn.c.obj                 272     0         0      
       fd_cmp_t2.asm.obj              268     0         0      
       ctype.c.obj                    0       257       0      
       fd_mul_t2.asm.obj              252     0         0      
       memcpy_t2.asm.obj              156     0         0      
       ull_div_t2.asm.obj             150     0         0      
       vsnprintf.c.obj                136     0         0      
       memset_t2.asm.obj              122     0         0      
       fd_tos_t2.asm.obj              110     0         0      
       copy_decompress_lzss.c.obj     104     0         0      
       s_frexp.c.obj                  100     0         0      
       _ltoa.c.obj                    84      0         0      
       atoi.c.obj                     76      0         0      
       fd_toi_t2.asm.obj              72      0         0      
       autoinit.c.obj                 68      0         0      
       fs_tod_t2.asm.obj              56      0         0      
       boot_cortex_m.c.obj            52      0         0      
       i_tofd_t2.asm.obj              46      0         0      
       copy_zero_init.c.obj           28      0         0      
       memccpy.c.obj                  28      0         0      
       s_copysign.c.obj               26      0         0      
       strcmp.c.obj                   24      0         0      
       strchr.c.obj                   22      0         0      
       strcpy.c.obj                   20      0         0      
       strlen.c.obj                   20      0         0      
       wcslen.c.obj                   18      0         0      
       copy_decompress_none.c.obj     14      0         0      
       errno.c.obj                    8       0         4      
       _lock.c.obj                    2       0         8      
       exit.c.obj                     4       0         0      
       pre_init.c.obj                 4       0         0      
       div0.asm.obj                   2       0         0      
    +--+------------------------------+-------+---------+---------+
       Total:                         8671    257       20     
                                                               
       Heap:                          0       0         4096   
       Stack:                         0       0         4096   
       Linker Generated:              0       76        0      
    +--+------------------------------+-------+---------+---------+
       Grand Total:                   14123   976       8977   


LINKER GENERATED COPY TABLES

__TI_cinit_table @ 00003af0 records: 3, size/record: 8, table size: 24
	.data: load addr=00003ab8, load size=00000018 bytes, run addr=200022e0, run size=00000035 bytes, compression=lzss
	.bss: load addr=00003ae0, load size=00000008 bytes, run addr=20002270, run size=00000070 bytes, compression=zero_init
	.vtable: load addr=00003ae8, load size=00000008 bytes, run addr=20000000, run size=0000026c bytes, compression=zero_init


LINKER GENERATED HANDLER TABLE

__TI_handler_table @ 00003ad0 records: 3, size/record: 4, table size: 12
	index: 0, handler: __TI_zero_init
	index: 1, handler: __TI_decompress_lzss
	index: 2, handler: __TI_decompress_none


GLOBAL SYMBOLS: SORTED ALPHABETICALLY BY Name 

address   name                          
-------   ----                          
0000399d  C$$EXIT                       
00003971  CPUcpsie                      
00000bc3  GPIOF_Handler                 
00003943  IntMasterEnable               
0000374d  IntRegister                   
0000397d  ResetISR                      
20001270  __STACK_END                   
00001000  __STACK_SIZE                  
20000470  __STACK_TOP                   
00001000  __SYSMEM_SIZE                 
00003af0  __TI_CINIT_Base               
00003b08  __TI_CINIT_Limit              
00003ad0  __TI_Handler_Table_Base       
00003adc  __TI_Handler_Table_Limit      
00003619  __TI_auto_init_nobinit_nopinit
00003375  __TI_decompress_lzss          
00003963  __TI_decompress_none          
00003497  __TI_ltoa                     
ffffffff  __TI_pprof_out_hndl           
00000e8d  __TI_printfi                  
ffffffff  __TI_prof_data_size           
ffffffff  __TI_prof_data_start          
00000000  __TI_static_base__            
0000383d  __TI_zero_init_nomemset       
000030a1  __aeabi_cdcmpeq               
000030a1  __aeabi_cdcmple               
00003127  __aeabi_cdrcmple              
00003307  __aeabi_d2f                   
000035d1  __aeabi_d2iz                  
00002587  __aeabi_dadd                  
00002871  __aeabi_ddiv                  
00002cdd  __aeabi_dmul                  
0000257d  __aeabi_dsub                  
00003989  __aeabi_errno_addr            
00003715  __aeabi_f2d                   
000037e5  __aeabi_i2d                   
00002733  __aeabi_idiv0                 
00002733  __aeabi_ldiv0                 
000031ad  __aeabi_memclr                
000031ad  __aeabi_memclr4               
000031ad  __aeabi_memclr8               
00002f6f  __aeabi_memcpy                
00002f6f  __aeabi_memcpy4               
00002f6f  __aeabi_memcpy8               
000031af  __aeabi_memset                
000031af  __aeabi_memset4               
000031af  __aeabi_memset8               
0000300b  __aeabi_uldivmod              
ffffffff  __binit__                     
ffffffff  __c_args__                    
UNDEFED   __mpu_init                    
20000270  __stack                       
20000000  __start___llvm_prf_cnts       
20000000  __stop___llvm_prf_cnts        
00003781  _c_int00_noargs               
000039a0  _ctypes_                      
20002300  _lock                         
000018db  _nop                          
20002314  _running                      
20001270  _sys_memory                   
UNDEFED   _system_post_cinit            
00003999  _system_pre_init              
200022dc  _timeout_ticks                
20002304  _unlock                       
0000399d  abort                         
00002bdd  aligned_alloc                 
0000353d  atoi                          
ffffffff  binit                         
000036dd  calloc                        
00003891  copysign                      
00003891  copysignl                     
20002310  errno                         
00002dd9  free                          
000033dd  frexp                         
000033dd  frexpl                        
20000000  g_pfnRAMVectors               
00000000  g_pfnVectors                  
00001e69  go_around_left                
00001e05  go_around_right               
0000097f  go_charge                     
00003953  lcd_clear                     
00001ab1  lcd_gotoLine                  
00001919  lcd_init                      
00001b17  lcd_printf                    
000019d9  lcd_putc                      
00001a11  lcd_puts                      
000018dd  lcd_reverseNibble             
00001a2f  lcd_sendCommand               
00001a6d  lcd_sendNibble                
00001ad9  lcd_setCursorPos              
00002acd  ldexp                         
00002acd  ldexpl                        
00003589  main                          
00003991  malloc                        
00002bdd  memalign                      
00003875  memccpy                       
00002f6f  memcpy                        
000031b5  memset                        
200022e0  motor_cal_factor_L            
200022e4  motor_cal_factor_R            
00001cb9  move_backward                 
00001c05  move_forward                  
0000026d  oi_alloc                      
00000aa9  oi_checkFirmware              
000002c7  oi_close                      
00000279  oi_free                       
00000ded  oi_getMotorCalibrationLeft    
00000e01  oi_getMotorCalibrationRight   
000002b1  oi_init                       
00000289  oi_init_noupdate              
00000915  oi_loadSong                   
000038c3  oi_parseInt                   
0000032b  oi_parsePacket                
0000096b  oi_play_song                  
0000084b  oi_setLeds                    
00000db1  oi_setMotorCalibration        
0000088f  oi_setWheels                  
00000b51  oi_shutoff_init               
0000098d  oi_uartInit                   
00000a31  oi_uartReceive                
00000a77  oi_uartSendBuff               
00000a15  oi_uartSendChar               
00000a59  oi_uartSendStr                
000002d9  oi_update                     
00002acd  scalbn                        
00002acd  scalbnl                       
000038f3  strchr                        
000038db  strcmp                        
00003909  strcpy                        
0000391d  strlen                        
00002283  timer_getMicros               
0000222b  timer_getMillis               
00002165  timer_init                    
00002207  timer_pause                   
00002219  timer_resume                  
000021dd  timer_stop                    
000022dd  timer_waitMicros              
0000230f  timer_waitMillis              
00001d97  turn_left                     
00001d29  turn_right                    
0000365d  vsnprintf                     
00003931  wcslen                        


GLOBAL SYMBOLS: SORTED BY Symbol Address 

address   name                          
-------   ----                          
00000000  __TI_static_base__            
00000000  g_pfnVectors                  
0000026d  oi_alloc                      
00000279  oi_free                       
00000289  oi_init_noupdate              
000002b1  oi_init                       
000002c7  oi_close                      
000002d9  oi_update                     
0000032b  oi_parsePacket                
0000084b  oi_setLeds                    
0000088f  oi_setWheels                  
00000915  oi_loadSong                   
0000096b  oi_play_song                  
0000097f  go_charge                     
0000098d  oi_uartInit                   
00000a15  oi_uartSendChar               
00000a31  oi_uartReceive                
00000a59  oi_uartSendStr                
00000a77  oi_uartSendBuff               
00000aa9  oi_checkFirmware              
00000b51  oi_shutoff_init               
00000bc3  GPIOF_Handler                 
00000db1  oi_setMotorCalibration        
00000ded  oi_getMotorCalibrationLeft    
00000e01  oi_getMotorCalibrationRight   
00000e8d  __TI_printfi                  
00001000  __STACK_SIZE                  
00001000  __SYSMEM_SIZE                 
000018db  _nop                          
000018dd  lcd_reverseNibble             
00001919  lcd_init                      
000019d9  lcd_putc                      
00001a11  lcd_puts                      
00001a2f  lcd_sendCommand               
00001a6d  lcd_sendNibble                
00001ab1  lcd_gotoLine                  
00001ad9  lcd_setCursorPos              
00001b17  lcd_printf                    
00001c05  move_forward                  
00001cb9  move_backward                 
00001d29  turn_right                    
00001d97  turn_left                     
00001e05  go_around_right               
00001e69  go_around_left                
00002165  timer_init                    
000021dd  timer_stop                    
00002207  timer_pause                   
00002219  timer_resume                  
0000222b  timer_getMillis               
00002283  timer_getMicros               
000022dd  timer_waitMicros              
0000230f  timer_waitMillis              
0000257d  __aeabi_dsub                  
00002587  __aeabi_dadd                  
00002733  __aeabi_idiv0                 
00002733  __aeabi_ldiv0                 
00002871  __aeabi_ddiv                  
00002acd  ldexp                         
00002acd  ldexpl                        
00002acd  scalbn                        
00002acd  scalbnl                       
00002bdd  aligned_alloc                 
00002bdd  memalign                      
00002cdd  __aeabi_dmul                  
00002dd9  free                          
00002f6f  __aeabi_memcpy                
00002f6f  __aeabi_memcpy4               
00002f6f  __aeabi_memcpy8               
00002f6f  memcpy                        
0000300b  __aeabi_uldivmod              
000030a1  __aeabi_cdcmpeq               
000030a1  __aeabi_cdcmple               
00003127  __aeabi_cdrcmple              
000031ad  __aeabi_memclr                
000031ad  __aeabi_memclr4               
000031ad  __aeabi_memclr8               
000031af  __aeabi_memset                
000031af  __aeabi_memset4               
000031af  __aeabi_memset8               
000031b5  memset                        
00003307  __aeabi_d2f                   
00003375  __TI_decompress_lzss          
000033dd  frexp                         
000033dd  frexpl                        
00003497  __TI_ltoa                     
0000353d  atoi                          
00003589  main                          
000035d1  __aeabi_d2iz                  
00003619  __TI_auto_init_nobinit_nopinit
0000365d  vsnprintf                     
000036dd  calloc                        
00003715  __aeabi_f2d                   
0000374d  IntRegister                   
00003781  _c_int00_noargs               
000037e5  __aeabi_i2d                   
0000383d  __TI_zero_init_nomemset       
00003875  memccpy                       
00003891  copysign                      
00003891  copysignl                     
000038c3  oi_parseInt                   
000038db  strcmp                        
000038f3  strchr                        
00003909  strcpy                        
0000391d  strlen                        
00003931  wcslen                        
00003943  IntMasterEnable               
00003953  lcd_clear                     
00003963  __TI_decompress_none          
00003971  CPUcpsie                      
0000397d  ResetISR                      
00003989  __aeabi_errno_addr            
00003991  malloc                        
00003999  _system_pre_init              
0000399d  C$$EXIT                       
0000399d  abort                         
000039a0  _ctypes_                      
00003ad0  __TI_Handler_Table_Base       
00003adc  __TI_Handler_Table_Limit      
00003af0  __TI_CINIT_Base               
00003b08  __TI_CINIT_Limit              
20000000  __start___llvm_prf_cnts       
20000000  __stop___llvm_prf_cnts        
20000000  g_pfnRAMVectors               
20000270  __stack                       
20000470  __STACK_TOP                   
20001270  __STACK_END                   
20001270  _sys_memory                   
200022dc  _timeout_ticks                
200022e0  motor_cal_factor_L            
200022e4  motor_cal_factor_R            
20002300  _lock                         
20002304  _unlock                       
20002310  errno                         
20002314  _running                      
ffffffff  __TI_pprof_out_hndl           
ffffffff  __TI_prof_data_size           
ffffffff  __TI_prof_data_start          
ffffffff  __binit__                     
ffffffff  __c_args__                    
ffffffff  binit                         
UNDEFED   __mpu_init                    
UNDEFED   _system_post_cinit            

[142 symbols]
