******************************************************************************
                  TI ARM Linker PC v20.2.7                     
******************************************************************************
>> Linked Thu Apr  3 14:16:07 2025

OUTPUT FILE NAME:   <Lab 8.out>
ENTRY POINT SYMBOL: "_c_int00_noargs"  address: 000050e9


MEMORY CONFIGURATION

         name            origin    length      used     unused   attr    fill
----------------------  --------  ---------  --------  --------  ----  --------
  FLASH                 00000000   00040000  000054cf  0003ab31  R  X
  SRAM                  20000000   00008000  00002372  00005c8e  RW X


SEGMENT ALLOCATION MAP

run origin  load origin   length   init length attrs members
----------  ----------- ---------- ----------- ----- -------
00000000    00000000    000054d8   000054d8    r-x
  00000000    00000000    0000026c   0000026c    r-- .intvecs
  0000026c    0000026c    000050c0   000050c0    r-x .text
  00005330    00005330    0000014b   0000014b    r-- .const
  00005480    00005480    00000058   00000058    r-- .cinit
20000000    20000000    00002379   00000000    rw-
  20000000    20000000    0000026c   00000000    rw- .vtable
  20000270    20000270    00001000   00000000    rw- .stack
  20001270    20001270    00001000   00000000    rw- .sysmem
  20002270    20002270    000000bd   00000000    rw- .bss
  20002330    20002330    00000049   00000000    rw- .data


SECTION ALLOCATION MAP

 output                                  attributes/
section   page    origin      length       input sections
--------  ----  ----------  ----------   ----------------
.intvecs   0    00000000    0000026c     
                  00000000    0000026c     tm4c123gh6pm_startup_ccs.obj (.intvecs)

.text      0    0000026c    000050c0     
                  0000026c    00000c20     open_interface.obj (.text)
                  00000e8c    00000a4e     rtsv7M4_T_le_v4SPD16_eabi.lib : _printfi.c.obj (.text:__TI_printfi)
                  000018da    00000002                                   : _lock.c.obj (.text:_nop)
                  000018dc    000009d0                                   : e_pow.c.obj (.text:pow)
                  000022ac    000004cc     lab8.obj (.text)
                  00002778    00000328     lcd.obj (.text)
                  00002aa0    000002a8     libcybotUART.lib : uart.obj (.text)
                  00002d48    00000270     rtsv7M4_T_le_v4SPD16_eabi.lib : _printfi.c.obj (.text:_pconv_a)
                  00002fb8    00000260     libcybotScan.lib : cyBot_Scan.obj (.text)
                  00003218    00000248     Timer.obj (.text)
                  00003460    000001f8     uart-interrupt.obj (.text)
                  00003658    000001ec     libcybotScan.lib : ping.obj (.text)
                  00003844    000001d0     rtsv7M4_T_le_v4SPD16_eabi.lib : _printfi.c.obj (.text:_pconv_g)
                  00003a14    000001b6                                   : fd_add_t2.asm.obj (.text)
                  00003bca    00000002                                   : div0.asm.obj (.text)
                  00003bcc    00000158     libcybotScan.lib : servo.obj (.text)
                  00003d24    00000158     rtsv7M4_T_le_v4SPD16_eabi.lib : e_sqrt.c.obj (.text:sqrt)
                  00003e7c    0000013c                                   : _printfi.c.obj (.text:_pconv_e)
                  00003fb8    00000136                                   : fd_div_t2.asm.obj (.text)
                  000040ee    00000002     --HOLE-- [fill = 0]
                  000040f0    00000124                                   : _printfi.c.obj (.text:fcvt)
                  00004214    00000118     libcybotScan.lib : ir.obj (.text)
                  0000432c    00000110     adc.obj (.text)
                  0000443c    00000110     rtsv7M4_T_le_v4SPD16_eabi.lib : s_scalbn.c.obj (.text:scalbn)
                  0000454c    00000100                                   : memory.c.obj (.text:aligned_alloc)
                  0000464c    000000fc                                   : fd_mul_t2.asm.obj (.text)
                  00004748    000000e4                                   : memory.c.obj (.text:free)
                  0000482c    000000b1                                   : _printfi.c.obj (.text:_ltostr)
                  000048dd    00000001     --HOLE-- [fill = 0]
                  000048de    0000009c                                   : memcpy_t2.asm.obj (.text)
                  0000497a    00000096                                   : ull_div_t2.asm.obj (.text)
                  00004a10    00000086                                   : fd_cmp_t2.asm.obj (.text:__aeabi_cdcmple)
                  00004a96    00000086                                   : fd_cmp_t2.asm.obj (.text:__aeabi_cdrcmple)
                  00004b1c    0000007a                                   : memset_t2.asm.obj (.text)
                  00004b96    00000002     --HOLE-- [fill = 0]
                  00004b98    00000070                                   : memory.c.obj (.text:split)
                  00004c08    0000006e                                   : _printfi.c.obj (.text:_mcpy)
                  00004c76    0000006e                                   : fd_tos_t2.asm.obj (.text)
                  00004ce4    00000068                                   : copy_decompress_lzss.c.obj (.text:decompress:lzss:__TI_decompress_lzss)
                  00004d4c    00000064                                   : s_frexp.c.obj (.text:frexp)
                  00004db0    00000056                                   : _printfi.c.obj (.text:_pconv_f)
                  00004e06    00000054                                   : _ltoa.c.obj (.text:__TI_ltoa)
                  00004e5a    00000052                                   : _printfi.c.obj (.text:_ecpy)
                  00004eac    0000004c                                   : atoi.c.obj (.text:atoi)
                  00004ef8    00000048                                   : fd_toi_t2.asm.obj (.text)
                  00004f40    00000044                                   : autoinit.c.obj (.text:__TI_auto_init_nobinit_nopinit:__TI_auto_init_nobinit_nopinit)
                  00004f84    00000040                                   : sprintf.c.obj (.text:sprintf)
                  00004fc4    00000040                                   : vsnprintf.c.obj (.text:vsnprintf)
                  00005004    0000003e                                   : _printfi.c.obj (.text:_fcpy)
                  00005042    00000002     --HOLE-- [fill = 0]
                  00005044    00000038                                   : memory.c.obj (.text:calloc)
                  0000507c    00000038                                   : fs_tod_t2.asm.obj (.text)
                  000050b4    00000034     driverlib.lib : interrupt.obj (.text:IntRegister)
                  000050e8    00000034     rtsv7M4_T_le_v4SPD16_eabi.lib : boot_cortex_m.c.obj (.text:_c_int00_noargs:_c_int00_noargs)
                  0000511c    00000030                                   : vsnprintf.c.obj (.text:_outs)
                  0000514c    0000002e                                   : i_tofd_t2.asm.obj (.text)
                  0000517a    00000002     --HOLE-- [fill = 0]
                  0000517c    00000028                                   : memory.c.obj (.text:free_list_insert)
                  000051a4    0000001c                                   : copy_zero_init.c.obj (.text:decompress:ZI:__TI_zero_init_nomemset:__TI_zero_init_nomemset)
                  000051c0    0000001c                                   : memory.c.obj (.text:free_list_remove)
                  000051dc    0000001c                                   : memccpy.c.obj (.text:memccpy)
                  000051f8    0000001a                                   : s_copysign.c.obj (.text:copysign)
                  00005212    00000018                                   : vsnprintf.c.obj (.text:_outc)
                  0000522a    00000018                                   : sprintf.c.obj (.text:_outs)
                  00005242    00000018     open_interface.obj (.text:oi_parseInt)
                  0000525a    00000018     rtsv7M4_T_le_v4SPD16_eabi.lib : strcmp.c.obj (.text:strcmp)
                  00005272    00000016                                   : strchr.c.obj (.text:strchr)
                  00005288    00000014                                   : strcpy.c.obj (.text:strcpy)
                  0000529c    00000014                                   : strlen.c.obj (.text:strlen)
                  000052b0    00000012                                   : wcslen.c.obj (.text:wcslen)
                  000052c2    00000010     driverlib.lib : interrupt.obj (.text:IntMasterEnable)
                  000052d2    00000010     lcd.obj (.text:lcd_clear)
                  000052e2    0000000e     rtsv7M4_T_le_v4SPD16_eabi.lib : copy_decompress_none.c.obj (.text:decompress:none:__TI_decompress_none)
                  000052f0    0000000c     driverlib.lib : cpu.obj (.text:CPUcpsie)
                  000052fc    0000000c     tm4c123gh6pm_startup_ccs.obj (.text)
                  00005308    0000000a     rtsv7M4_T_le_v4SPD16_eabi.lib : sprintf.c.obj (.text:_outc)
                  00005312    00000002     --HOLE-- [fill = 0]
                  00005314    00000008                                   : errno.c.obj (.text:__aeabi_errno_addr)
                  0000531c    00000008                                   : memory.c.obj (.text:malloc)
                  00005324    00000004                                   : pre_init.c.obj (.text:_system_pre_init)
                  00005328    00000004                                   : exit.c.obj (.text:abort:abort)

.const     0    00005330    0000014b     
                  00005330    00000101     rtsv7M4_T_le_v4SPD16_eabi.lib : ctype.c.obj (.const:.string:_ctypes_)
                  00005431    00000004     lcd.obj (.const:.string:lineAddress$1)
                  00005435    00000003     --HOLE-- [fill = 0]
                  00005438    00000030     rtsv7M4_T_le_v4SPD16_eabi.lib : e_pow.c.obj (.const:$O1$$)
                  00005468    0000000f     open_interface.obj (.const:.string:$P$T0$3)
                  00005477    00000004     lcd.obj (.const:.string:lineAddresses$2)

.cinit     0    00005480    00000058     
                  00005480    00000020     (.cinit..data.load) [load image, compression = lzss]
                  000054a0    0000000c     (__TI_handler_table)
                  000054ac    00000004     --HOLE-- [fill = 0]
                  000054b0    00000008     (.cinit..bss.load) [load image, compression = zero_init]
                  000054b8    00000008     (.cinit..vtable.load) [load image, compression = zero_init]
                  000054c0    00000018     (__TI_cinit_table)

.init_array 
*          0    00000000    00000000     UNINITIALIZED

.vtable    0    20000000    0000026c     UNINITIALIZED
                  20000000    0000026c     driverlib.lib : interrupt.obj (.vtable)

.stack     0    20000270    00001000     UNINITIALIZED
                  20000270    00000004     rtsv7M4_T_le_v4SPD16_eabi.lib : boot_cortex_m.c.obj (.stack)
                  20000274    00000ffc     --HOLE--

.sysmem    0    20001270    00001000     UNINITIALIZED
                  20001270    00000010     rtsv7M4_T_le_v4SPD16_eabi.lib : memory.c.obj (.sysmem)
                  20001280    00000ff0     --HOLE--

.bss       0    20002270    000000bd     UNINITIALIZED
                  20002270    00000054     lcd.obj (.bss:lastbuffer$3)
                  200022c4    00000034     (.common:isr_char_buffer)
                  200022f8    00000018     open_interface.obj (.bss:firmware$2)
                  20002310    00000004     (.common:_timeout_ticks)
                  20002314    00000004     (.common:fallingEdge)
                  20002318    00000004     (.common:isr_int_value)
                  2000231c    00000004     (.common:left_calibration_value)
                  20002320    00000004     (.common:pulseLength)
                  20002324    00000004     (.common:right_calibration_value)
                  20002328    00000004     (.common:risingEdge)
                  2000232c    00000001     (.common:isRisingEdge)

.data      0    20002330    00000049     UNINITIALIZED
                  20002330    00000020     open_interface.obj (.data)
                  20002350    0000000c     uart-interrupt.obj (.data)
                  2000235c    00000008     rtsv7M4_T_le_v4SPD16_eabi.lib : _lock.c.obj (.data:$O1$$)
                  20002364    00000008                                   : memory.c.obj (.data:$O1$$)
                  2000236c    00000004     libcybotScan.lib : cyBot_Scan.obj (.data)
                  20002370    00000004     libcybotUART.lib : uart.obj (.data)
                  20002374    00000004     rtsv7M4_T_le_v4SPD16_eabi.lib : errno.c.obj (.data)
                  20002378    00000001     Timer.obj (.data)

__llvm_prf_cnts 
*          0    20000000    00000000     UNINITIALIZED

MODULE SUMMARY

       Module                         code    ro data   rw data
       ------                         ----    -------   -------
    .\
       open_interface.obj             3128    15        56     
       lab8.obj                       1228    0         8      
       lcd.obj                        824     8         84     
       tm4c123gh6pm_startup_ccs.obj   12      620       0      
       Timer.obj                      584     0         5      
       uart-interrupt.obj             504     0         12     
       adc.obj                        272     0         0      
    +--+------------------------------+-------+---------+---------+
       Total:                         6552    643       165    
                                                               
    ../libcybotScan.lib
       cyBot_Scan.obj                 608     0         4      
       ping.obj                       492     0         13     
       servo.obj                      344     0         0      
       ir.obj                         280     0         4      
    +--+------------------------------+-------+---------+---------+
       Total:                         1724    0         21     
                                                               
    ../libcybotUART.lib
       uart.obj                       680     0         56     
    +--+------------------------------+-------+---------+---------+
       Total:                         680     0         56     
                                                               
    C:/ti/TivaWare_C_Series-2.2.0.295/driverlib/ccs/Debug/driverlib.lib
       interrupt.obj                  68      0         620    
       cpu.obj                        12      0         0      
    +--+------------------------------+-------+---------+---------+
       Total:                         80      0         620    
                                                               
    C:\ti\ccs1271\ccs\tools\compiler\ti-cgt-arm_20.2.7.LTS\lib\rtsv7M4_T_le_v4SPD16_eabi.lib
       _printfi.c.obj                 4851    0         0      
       e_pow.c.obj                    2512    48        0      
       memory.c.obj                   728     0         8      
       fd_add_t2.asm.obj              438     0         0      
       e_sqrt.c.obj                   344     0         0      
       fd_div_t2.asm.obj              310     0         0      
       s_scalbn.c.obj                 272     0         0      
       fd_cmp_t2.asm.obj              268     0         0      
       ctype.c.obj                    0       257       0      
       fd_mul_t2.asm.obj              252     0         0      
       memcpy_t2.asm.obj              156     0         0      
       ull_div_t2.asm.obj             150     0         0      
       vsnprintf.c.obj                136     0         0      
       memset_t2.asm.obj              122     0         0      
       fd_tos_t2.asm.obj              110     0         0      
       copy_decompress_lzss.c.obj     104     0         0      
       s_frexp.c.obj                  100     0         0      
       sprintf.c.obj                  98      0         0      
       _ltoa.c.obj                    84      0         0      
       atoi.c.obj                     76      0         0      
       fd_toi_t2.asm.obj              72      0         0      
       autoinit.c.obj                 68      0         0      
       fs_tod_t2.asm.obj              56      0         0      
       boot_cortex_m.c.obj            52      0         0      
       i_tofd_t2.asm.obj              46      0         0      
       copy_zero_init.c.obj           28      0         0      
       memccpy.c.obj                  28      0         0      
       s_copysign.c.obj               26      0         0      
       strcmp.c.obj                   24      0         0      
       strchr.c.obj                   22      0         0      
       strcpy.c.obj                   20      0         0      
       strlen.c.obj                   20      0         0      
       wcslen.c.obj                   18      0         0      
       copy_decompress_none.c.obj     14      0         0      
       errno.c.obj                    8       0         4      
       _lock.c.obj                    2       0         8      
       exit.c.obj                     4       0         0      
       pre_init.c.obj                 4       0         0      
       div0.asm.obj                   2       0         0      
    +--+------------------------------+-------+---------+---------+
       Total:                         11625   305       20     
                                                               
       Heap:                          0       0         4096   
       Stack:                         0       0         4096   
       Linker Generated:              0       84        0      
    +--+------------------------------+-------+---------+---------+
       Grand Total:                   20661   1032      9074   


LINKER GENERATED COPY TABLES

__TI_cinit_table @ 000054c0 records: 3, size/record: 8, table size: 24
	.data: load addr=00005480, load size=00000020 bytes, run addr=20002330, run size=00000049 bytes, compression=lzss
	.bss: load addr=000054b0, load size=00000008 bytes, run addr=20002270, run size=000000bd bytes, compression=zero_init
	.vtable: load addr=000054b8, load size=00000008 bytes, run addr=20000000, run size=0000026c bytes, compression=zero_init


LINKER GENERATED HANDLER TABLE

__TI_handler_table @ 000054a0 records: 3, size/record: 4, table size: 12
	index: 0, handler: __TI_zero_init
	index: 1, handler: __TI_decompress_lzss
	index: 2, handler: __TI_decompress_none


GLOBAL SYMBOLS: SORTED ALPHABETICALLY BY Name 

address   name                          
-------   ----                          
000042ad  ADC0SS0_Handler               
0000432d  ADC0_Init                     
00005329  C$$EXIT                       
000052f1  CPUcpsie                      
00000bc3  GPIOF_Handler                 
000052c3  IntMasterEnable               
000050b5  IntRegister                   
000052fd  ResetISR                      
00003749  TIMER3B_Handler               
00003593  UART1_Handler                 
20001270  __STACK_END                   
00001000  __STACK_SIZE                  
20000470  __STACK_TOP                   
00001000  __SYSMEM_SIZE                 
000054c0  __TI_CINIT_Base               
000054d8  __TI_CINIT_Limit              
000054a0  __TI_Handler_Table_Base       
000054ac  __TI_Handler_Table_Limit      
00004f41  __TI_auto_init_nobinit_nopinit
00004ce5  __TI_decompress_lzss          
000052e3  __TI_decompress_none          
00004e07  __TI_ltoa                     
ffffffff  __TI_pprof_out_hndl           
00000e8d  __TI_printfi                  
ffffffff  __TI_prof_data_size           
ffffffff  __TI_prof_data_start          
00000000  __TI_static_base__            
000051a5  __TI_zero_init_nomemset       
00004a11  __aeabi_cdcmpeq               
00004a11  __aeabi_cdcmple               
00004a97  __aeabi_cdrcmple              
00004c77  __aeabi_d2f                   
00004ef9  __aeabi_d2iz                  
00003a1f  __aeabi_dadd                  
00003fb9  __aeabi_ddiv                  
0000464d  __aeabi_dmul                  
00003a15  __aeabi_dsub                  
00005315  __aeabi_errno_addr            
0000507d  __aeabi_f2d                   
0000514d  __aeabi_i2d                   
00003bcb  __aeabi_idiv0                 
00003bcb  __aeabi_ldiv0                 
00004b1d  __aeabi_memclr                
00004b1d  __aeabi_memclr4               
00004b1d  __aeabi_memclr8               
000048df  __aeabi_memcpy                
000048df  __aeabi_memcpy4               
000048df  __aeabi_memcpy8               
00004b1f  __aeabi_memset                
00004b1f  __aeabi_memset4               
00004b1f  __aeabi_memset8               
0000497b  __aeabi_uldivmod              
ffffffff  __binit__                     
ffffffff  __c_args__                    
UNDEFED   __mpu_init                    
20000270  __stack                       
20000000  __start___llvm_prf_cnts       
20000000  __stop___llvm_prf_cnts        
000050e9  _c_int00_noargs               
00005330  _ctypes_                      
2000235c  _lock                         
000018db  _nop                          
20002378  _running                      
20001270  _sys_memory                   
UNDEFED   _system_post_cinit            
00005325  _system_pre_init              
20002310  _timeout_ticks                
20002360  _unlock                       
00005329  abort                         
0000454d  aligned_alloc                 
00004ead  atoi                          
ffffffff  binit                         
000022ad  calibrateSensor               
00005045  calloc                        
000051f9  copysign                      
000051f9  copysignl                     
00003091  cyBOT_SERVO_cal               
0000301f  cyBOT_Scan                    
00002fc7  cyBOT_init_Scan               
2000236c  cyBOT_scan_features           
00002fb9  cyBOT_scan_version            
00002ced  cyBot_UART1_Handler           
00002cdf  cyBot_getByte_blocking        
00002cbf  cyBot_getByte_nonblocking     
00002aa1  cyBot_sendByte                
00002ca5  cyBot_uart_flush              
00002c0f  cyBot_uart_init               
00002baf  cyBot_uart_init_PHJ_first_half
00002b57  cyBot_uart_init_clean         
00002adf  cyBot_uart_init_last_half     
00002ac7  cyBot_uart_sendBuffer         
00002aad  cyBot_uart_sendStr            
20002374  errno                         
20002314  fallingEdge                   
00004749  free                          
00004d4d  frexp                         
00004d4d  frexpl                        
20000000  g_pfnRAMVectors               
00000000  g_pfnVectors                  
0000097f  go_charge                     
000042c3  ir_enableInterrupt            
000042a5  ir_getDistance                
0000427d  ir_getValue                   
00004215  ir_init                       
2000232c  isRisingEdge                  
200022c4  isr_char_buffer               
20002370  isr_counter                   
20002318  isr_int_value                 
000052d3  lcd_clear                     
0000294d  lcd_gotoLine                  
000027b5  lcd_init                      
000029b3  lcd_printf                    
00002875  lcd_putc                      
000028ad  lcd_puts                      
00002779  lcd_reverseNibble             
000028cb  lcd_sendCommand               
00002909  lcd_sendNibble                
00002975  lcd_setCursorPos              
0000443d  ldexp                         
0000443d  ldexpl                        
2000231c  left_calibration_value        
000025a7  main                          
0000531d  malloc                        
0000454d  memalign                      
000051dd  memccpy                       
000048df  memcpy                        
00004b25  memset                        
20002330  motor_cal_factor_L            
20002334  motor_cal_factor_R            
0000026d  oi_alloc                      
00000aa9  oi_checkFirmware              
000002c7  oi_close                      
00000279  oi_free                       
00000ded  oi_getMotorCalibrationLeft    
00000e01  oi_getMotorCalibrationRight   
000002b1  oi_init                       
00000289  oi_init_noupdate              
00000915  oi_loadSong                   
00005243  oi_parseInt                   
0000032b  oi_parsePacket                
0000096b  oi_play_song                  
0000084b  oi_setLeds                    
00000db1  oi_setMotorCalibration        
0000088f  oi_setWheels                  
00000b51  oi_shutoff_init               
0000098d  oi_uartInit                   
00000a31  oi_uartReceive                
00000a77  oi_uartSendBuff               
00000a15  oi_uartSendChar               
00000a59  oi_uartSendStr                
000002d9  oi_update                     
0000379b  ping_getDistance              
00003659  ping_init                     
000036df  ping_trigger                  
000018dd  pow                           
000018dd  powl                          
20002320  pulseLength                   
000043c3  read                          
20002324  right_calibration_value       
20002328  risingEdge                    
0000443d  scalbn                        
0000443d  scalbnl                       
00003bcd  servo_init                    
00003c5d  servo_move                    
00003cbd  servo_setPWM                  
00003c51  servo_stop                    
00004f85  sprintf                       
00003d25  sqrt                          
00003d25  sqrtl                         
20002350  start_command                 
20002354  start_flag                    
20002351  stop_command                  
20002358  stop_flag                     
00005273  strchr                        
0000525b  strcmp                        
00005289  strcpy                        
0000529d  strlen                        
00003337  timer_getMicros               
000032df  timer_getMillis               
00003219  timer_init                    
000032bb  timer_pause                   
000032cd  timer_resume                  
00003291  timer_stop                    
00003391  timer_waitMicros              
000033c3  timer_waitMillis              
00003461  uart_interrupt_init           
0000355b  uart_receive                  
0000353f  uart_sendChar                 
0000356f  uart_sendStr                  
00004fc5  vsnprintf                     
000052b1  wcslen                        


GLOBAL SYMBOLS: SORTED BY Symbol Address 

address   name                          
-------   ----                          
00000000  __TI_static_base__            
00000000  g_pfnVectors                  
0000026d  oi_alloc                      
00000279  oi_free                       
00000289  oi_init_noupdate              
000002b1  oi_init                       
000002c7  oi_close                      
000002d9  oi_update                     
0000032b  oi_parsePacket                
0000084b  oi_setLeds                    
0000088f  oi_setWheels                  
00000915  oi_loadSong                   
0000096b  oi_play_song                  
0000097f  go_charge                     
0000098d  oi_uartInit                   
00000a15  oi_uartSendChar               
00000a31  oi_uartReceive                
00000a59  oi_uartSendStr                
00000a77  oi_uartSendBuff               
00000aa9  oi_checkFirmware              
00000b51  oi_shutoff_init               
00000bc3  GPIOF_Handler                 
00000db1  oi_setMotorCalibration        
00000ded  oi_getMotorCalibrationLeft    
00000e01  oi_getMotorCalibrationRight   
00000e8d  __TI_printfi                  
00001000  __STACK_SIZE                  
00001000  __SYSMEM_SIZE                 
000018db  _nop                          
000018dd  pow                           
000018dd  powl                          
000022ad  calibrateSensor               
000025a7  main                          
00002779  lcd_reverseNibble             
000027b5  lcd_init                      
00002875  lcd_putc                      
000028ad  lcd_puts                      
000028cb  lcd_sendCommand               
00002909  lcd_sendNibble                
0000294d  lcd_gotoLine                  
00002975  lcd_setCursorPos              
000029b3  lcd_printf                    
00002aa1  cyBot_sendByte                
00002aad  cyBot_uart_sendStr            
00002ac7  cyBot_uart_sendBuffer         
00002adf  cyBot_uart_init_last_half     
00002b57  cyBot_uart_init_clean         
00002baf  cyBot_uart_init_PHJ_first_half
00002c0f  cyBot_uart_init               
00002ca5  cyBot_uart_flush              
00002cbf  cyBot_getByte_nonblocking     
00002cdf  cyBot_getByte_blocking        
00002ced  cyBot_UART1_Handler           
00002fb9  cyBOT_scan_version            
00002fc7  cyBOT_init_Scan               
0000301f  cyBOT_Scan                    
00003091  cyBOT_SERVO_cal               
00003219  timer_init                    
00003291  timer_stop                    
000032bb  timer_pause                   
000032cd  timer_resume                  
000032df  timer_getMillis               
00003337  timer_getMicros               
00003391  timer_waitMicros              
000033c3  timer_waitMillis              
00003461  uart_interrupt_init           
0000353f  uart_sendChar                 
0000355b  uart_receive                  
0000356f  uart_sendStr                  
00003593  UART1_Handler                 
00003659  ping_init                     
000036df  ping_trigger                  
00003749  TIMER3B_Handler               
0000379b  ping_getDistance              
00003a15  __aeabi_dsub                  
00003a1f  __aeabi_dadd                  
00003bcb  __aeabi_idiv0                 
00003bcb  __aeabi_ldiv0                 
00003bcd  servo_init                    
00003c51  servo_stop                    
00003c5d  servo_move                    
00003cbd  servo_setPWM                  
00003d25  sqrt                          
00003d25  sqrtl                         
00003fb9  __aeabi_ddiv                  
00004215  ir_init                       
0000427d  ir_getValue                   
000042a5  ir_getDistance                
000042ad  ADC0SS0_Handler               
000042c3  ir_enableInterrupt            
0000432d  ADC0_Init                     
000043c3  read                          
0000443d  ldexp                         
0000443d  ldexpl                        
0000443d  scalbn                        
0000443d  scalbnl                       
0000454d  aligned_alloc                 
0000454d  memalign                      
0000464d  __aeabi_dmul                  
00004749  free                          
000048df  __aeabi_memcpy                
000048df  __aeabi_memcpy4               
000048df  __aeabi_memcpy8               
000048df  memcpy                        
0000497b  __aeabi_uldivmod              
00004a11  __aeabi_cdcmpeq               
00004a11  __aeabi_cdcmple               
00004a97  __aeabi_cdrcmple              
00004b1d  __aeabi_memclr                
00004b1d  __aeabi_memclr4               
00004b1d  __aeabi_memclr8               
00004b1f  __aeabi_memset                
00004b1f  __aeabi_memset4               
00004b1f  __aeabi_memset8               
00004b25  memset                        
00004c77  __aeabi_d2f                   
00004ce5  __TI_decompress_lzss          
00004d4d  frexp                         
00004d4d  frexpl                        
00004e07  __TI_ltoa                     
00004ead  atoi                          
00004ef9  __aeabi_d2iz                  
00004f41  __TI_auto_init_nobinit_nopinit
00004f85  sprintf                       
00004fc5  vsnprintf                     
00005045  calloc                        
0000507d  __aeabi_f2d                   
000050b5  IntRegister                   
000050e9  _c_int00_noargs               
0000514d  __aeabi_i2d                   
000051a5  __TI_zero_init_nomemset       
000051dd  memccpy                       
000051f9  copysign                      
000051f9  copysignl                     
00005243  oi_parseInt                   
0000525b  strcmp                        
00005273  strchr                        
00005289  strcpy                        
0000529d  strlen                        
000052b1  wcslen                        
000052c3  IntMasterEnable               
000052d3  lcd_clear                     
000052e3  __TI_decompress_none          
000052f1  CPUcpsie                      
000052fd  ResetISR                      
00005315  __aeabi_errno_addr            
0000531d  malloc                        
00005325  _system_pre_init              
00005329  C$$EXIT                       
00005329  abort                         
00005330  _ctypes_                      
000054a0  __TI_Handler_Table_Base       
000054ac  __TI_Handler_Table_Limit      
000054c0  __TI_CINIT_Base               
000054d8  __TI_CINIT_Limit              
20000000  __start___llvm_prf_cnts       
20000000  __stop___llvm_prf_cnts        
20000000  g_pfnRAMVectors               
20000270  __stack                       
20000470  __STACK_TOP                   
20001270  __STACK_END                   
20001270  _sys_memory                   
200022c4  isr_char_buffer               
20002310  _timeout_ticks                
20002314  fallingEdge                   
20002318  isr_int_value                 
2000231c  left_calibration_value        
20002320  pulseLength                   
20002324  right_calibration_value       
20002328  risingEdge                    
2000232c  isRisingEdge                  
20002330  motor_cal_factor_L            
20002334  motor_cal_factor_R            
20002350  start_command                 
20002351  stop_command                  
20002354  start_flag                    
20002358  stop_flag                     
2000235c  _lock                         
20002360  _unlock                       
2000236c  cyBOT_scan_features           
20002370  isr_counter                   
20002374  errno                         
20002378  _running                      
ffffffff  __TI_pprof_out_hndl           
ffffffff  __TI_prof_data_size           
ffffffff  __TI_prof_data_start          
ffffffff  __binit__                     
ffffffff  __c_args__                    
ffffffff  binit                         
UNDEFED   __mpu_init                    
UNDEFED   _system_post_cinit            

[191 symbols]
