******************************************************************************
                  TI ARM Linker PC v20.2.7                     
******************************************************************************
>> Linked Sun Apr  6 17:17:55 2025

OUTPUT FILE NAME:   <Lab 9.out>
ENTRY POINT SYMBOL: "_c_int00_noargs"  address: 00002b35


MEMORY CONFIGURATION

         name            origin    length      used     unused   attr    fill
----------------------  --------  ---------  --------  --------  ----  --------
  FLASH                 00000000   00040000  00002e59  0003d1a7  R  X
  SRAM                  20000000   00008000  000022e0  00005d20  RW X


SEGMENT ALLOCATION MAP

run origin  load origin   length   init length attrs members
----------  ----------- ---------- ----------- ----- -------
00000000    00000000    00002e60   00002e60    r-x
  00000000    00000000    0000026c   0000026c    r-- .intvecs
  0000026c    0000026c    00002aa4   00002aa4    r-x .text
  00002d10    00002d10    00000109   00000109    r-- .const
  00002e20    00002e20    00000040   00000040    r-- .cinit
20000000    20000000    000022e4   00000000    rw-
  20000000    20000000    0000026c   00000000    rw- .vtable
  20000270    20000270    00001000   00000000    rw- .stack
  20001270    20001270    00001000   00000000    rw- .sysmem
  20002270    20002270    00000058   00000000    rw- .bss
  200022c8    200022c8    0000001c   00000000    rw- .data


SECTION ALLOCATION MAP

 output                                  attributes/
section   page    origin      length       input sections
--------  ----  ----------  ----------   ----------------
.intvecs   0    00000000    0000026c     
                  00000000    0000026c     tm4c123gh6pm_startup_ccs.obj (.intvecs)

.text      0    0000026c    00002aa4     
                  0000026c    00000a4e     rtsv7M4_T_le_v4SPD16_eabi.lib : _printfi.c.obj (.text:__TI_printfi)
                  00000cba    00000002                                   : div0.asm.obj (.text)
                  00000cbc    00000328     lcd.obj (.text)
                  00000fe4    000002b0     ping.obj (.text)
                  00001294    00000270     rtsv7M4_T_le_v4SPD16_eabi.lib : _printfi.c.obj (.text:_pconv_a)
                  00001504    00000248     Timer.obj (.text)
                  0000174c    000001f8     uart-interrupt.obj (.text)
                  00001944    000001d0     rtsv7M4_T_le_v4SPD16_eabi.lib : _printfi.c.obj (.text:_pconv_g)
                  00001b14    000001b6                                   : fd_add_t2.asm.obj (.text)
                  00001cca    00000002     --HOLE-- [fill = 0]
                  00001ccc    0000013c                                   : _printfi.c.obj (.text:_pconv_e)
                  00001e08    00000136                                   : fd_div_t2.asm.obj (.text)
                  00001f3e    00000002     --HOLE-- [fill = 0]
                  00001f40    00000124                                   : _printfi.c.obj (.text:fcvt)
                  00002064    00000110                                   : s_scalbn.c.obj (.text:scalbn)
                  00002174    000000fc                                   : fd_mul_t2.asm.obj (.text)
                  00002270    000000b1                                   : _printfi.c.obj (.text:_ltostr)
                  00002321    00000003     --HOLE-- [fill = 0]
                  00002324    000000b0     lab9_template.obj (.text)
                  000023d4    0000009c     rtsv7M4_T_le_v4SPD16_eabi.lib : memcpy_t2.asm.obj (.text)
                  00002470    00000096                                   : ull_div_t2.asm.obj (.text)
                  00002506    00000086                                   : fd_cmp_t2.asm.obj (.text:__aeabi_cdcmple)
                  0000258c    00000086                                   : fd_cmp_t2.asm.obj (.text:__aeabi_cdrcmple)
                  00002612    0000007a                                   : memset_t2.asm.obj (.text)
                  0000268c    0000006e                                   : _printfi.c.obj (.text:_mcpy)
                  000026fa    0000006e                                   : fd_tos_t2.asm.obj (.text)
                  00002768    00000068                                   : copy_decompress_lzss.c.obj (.text:decompress:lzss:__TI_decompress_lzss)
                  000027d0    00000064                                   : s_frexp.c.obj (.text:frexp)
                  00002834    00000056                                   : _printfi.c.obj (.text:_pconv_f)
                  0000288a    00000054                                   : _ltoa.c.obj (.text:__TI_ltoa)
                  000028de    00000052                                   : _printfi.c.obj (.text:_ecpy)
                  00002930    0000004c                                   : atoi.c.obj (.text:atoi)
                  0000297c    00000048                                   : fd_toi_t2.asm.obj (.text)
                  000029c4    00000044                                   : autoinit.c.obj (.text:__TI_auto_init_nobinit_nopinit:__TI_auto_init_nobinit_nopinit)
                  00002a08    00000040                                   : sprintf.c.obj (.text:sprintf)
                  00002a48    00000040                                   : vsnprintf.c.obj (.text:vsnprintf)
                  00002a88    0000003e                                   : _printfi.c.obj (.text:_fcpy)
                  00002ac6    00000038                                   : fs_tod_t2.asm.obj (.text)
                  00002afe    00000002     --HOLE-- [fill = 0]
                  00002b00    00000034     driverlib.lib : interrupt.obj (.text:IntRegister)
                  00002b34    00000034     rtsv7M4_T_le_v4SPD16_eabi.lib : boot_cortex_m.c.obj (.text:_c_int00_noargs:_c_int00_noargs)
                  00002b68    00000030                                   : vsnprintf.c.obj (.text:_outs)
                  00002b98    0000002e                                   : i_tofd_t2.asm.obj (.text)
                  00002bc6    0000001c                                   : copy_zero_init.c.obj (.text:decompress:ZI:__TI_zero_init_nomemset:__TI_zero_init_nomemset)
                  00002be2    0000001c                                   : memccpy.c.obj (.text:memccpy)
                  00002bfe    0000001a                                   : s_copysign.c.obj (.text:copysign)
                  00002c18    00000018                                   : vsnprintf.c.obj (.text:_outc)
                  00002c30    00000018                                   : sprintf.c.obj (.text:_outs)
                  00002c48    00000018                                   : strcmp.c.obj (.text:strcmp)
                  00002c60    00000016                                   : strchr.c.obj (.text:strchr)
                  00002c76    00000014                                   : strcpy.c.obj (.text:strcpy)
                  00002c8a    00000014                                   : strlen.c.obj (.text:strlen)
                  00002c9e    00000012                                   : wcslen.c.obj (.text:wcslen)
                  00002cb0    00000010     driverlib.lib : interrupt.obj (.text:IntMasterEnable)
                  00002cc0    00000010     lcd.obj (.text:lcd_clear)
                  00002cd0    0000000e     rtsv7M4_T_le_v4SPD16_eabi.lib : copy_decompress_none.c.obj (.text:decompress:none:__TI_decompress_none)
                  00002cde    0000000c     driverlib.lib : cpu.obj (.text:CPUcpsie)
                  00002cea    0000000c     tm4c123gh6pm_startup_ccs.obj (.text)
                  00002cf6    0000000a     rtsv7M4_T_le_v4SPD16_eabi.lib : sprintf.c.obj (.text:_outc)
                  00002d00    00000008                                   : errno.c.obj (.text:__aeabi_errno_addr)
                  00002d08    00000004                                   : pre_init.c.obj (.text:_system_pre_init)
                  00002d0c    00000004                                   : exit.c.obj (.text:abort:abort)

.const     0    00002d10    00000109     
                  00002d10    00000101     rtsv7M4_T_le_v4SPD16_eabi.lib : ctype.c.obj (.const:.string:_ctypes_)
                  00002e11    00000004     lcd.obj (.const:.string:lineAddress$1)
                  00002e15    00000004     lcd.obj (.const:.string:lineAddresses$2)

.cinit     0    00002e20    00000040     
                  00002e20    0000000c     (.cinit..data.load) [load image, compression = lzss]
                  00002e2c    0000000c     (__TI_handler_table)
                  00002e38    00000008     (.cinit..bss.load) [load image, compression = zero_init]
                  00002e40    00000008     (.cinit..vtable.load) [load image, compression = zero_init]
                  00002e48    00000018     (__TI_cinit_table)

.init_array 
*          0    00000000    00000000     UNINITIALIZED

.vtable    0    20000000    0000026c     UNINITIALIZED
                  20000000    0000026c     driverlib.lib : interrupt.obj (.vtable)

.stack     0    20000270    00001000     UNINITIALIZED
                  20000270    00000004     rtsv7M4_T_le_v4SPD16_eabi.lib : boot_cortex_m.c.obj (.stack)
                  20000274    00000ffc     --HOLE--

.sysmem    0    20001270    00001000     UNINITIALIZED
                  20001270    00000010     rtsv7M4_T_le_v4SPD16_eabi.lib : memory.c.obj (.sysmem)
                  20001280    00000ff0     --HOLE--

.bss       0    20002270    00000058     UNINITIALIZED
                  20002270    00000054     lcd.obj (.bss:lastbuffer$3)
                  200022c4    00000004     (.common:_timeout_ticks)

.data      0    200022c8    0000001c     UNINITIALIZED
                  200022c8    0000000c     uart-interrupt.obj (.data)
                  200022d4    00000009     ping.obj (.data)
                  200022dd    00000001     Timer.obj (.data)
                  200022de    00000002     --HOLE--
                  200022e0    00000004     rtsv7M4_T_le_v4SPD16_eabi.lib : errno.c.obj (.data)

__llvm_prf_cnts 
*          0    20000000    00000000     UNINITIALIZED

MODULE SUMMARY

       Module                         code    ro data   rw data
       ------                         ----    -------   -------
    .\
       lcd.obj                        824     8         84     
       ping.obj                       688     0         9      
       tm4c123gh6pm_startup_ccs.obj   12      620       0      
       Timer.obj                      584     0         5      
       uart-interrupt.obj             504     0         12     
       lab9_template.obj              176     0         0      
    +--+------------------------------+-------+---------+---------+
       Total:                         2788    628       110    
                                                               
    C:/ti/TivaWare_C_Series-2.2.0.295/driverlib/ccs/Debug/driverlib.lib
       interrupt.obj                  68      0         620    
       cpu.obj                        12      0         0      
    +--+------------------------------+-------+---------+---------+
       Total:                         80      0         620    
                                                               
    C:\ti\ccs1271\ccs\tools\compiler\ti-cgt-arm_20.2.7.LTS\lib\rtsv7M4_T_le_v4SPD16_eabi.lib
       _printfi.c.obj                 4851    0         0      
       fd_add_t2.asm.obj              438     0         0      
       fd_div_t2.asm.obj              310     0         0      
       s_scalbn.c.obj                 272     0         0      
       fd_cmp_t2.asm.obj              268     0         0      
       ctype.c.obj                    0       257       0      
       fd_mul_t2.asm.obj              252     0         0      
       memcpy_t2.asm.obj              156     0         0      
       ull_div_t2.asm.obj             150     0         0      
       vsnprintf.c.obj                136     0         0      
       memset_t2.asm.obj              122     0         0      
       fd_tos_t2.asm.obj              110     0         0      
       copy_decompress_lzss.c.obj     104     0         0      
       s_frexp.c.obj                  100     0         0      
       sprintf.c.obj                  98      0         0      
       _ltoa.c.obj                    84      0         0      
       atoi.c.obj                     76      0         0      
       fd_toi_t2.asm.obj              72      0         0      
       autoinit.c.obj                 68      0         0      
       fs_tod_t2.asm.obj              56      0         0      
       boot_cortex_m.c.obj            52      0         0      
       i_tofd_t2.asm.obj              46      0         0      
       copy_zero_init.c.obj           28      0         0      
       memccpy.c.obj                  28      0         0      
       s_copysign.c.obj               26      0         0      
       strcmp.c.obj                   24      0         0      
       strchr.c.obj                   22      0         0      
       strcpy.c.obj                   20      0         0      
       strlen.c.obj                   20      0         0      
       wcslen.c.obj                   18      0         0      
       copy_decompress_none.c.obj     14      0         0      
       errno.c.obj                    8       0         4      
       exit.c.obj                     4       0         0      
       pre_init.c.obj                 4       0         0      
       div0.asm.obj                   2       0         0      
    +--+------------------------------+-------+---------+---------+
       Total:                         8039    257       4      
                                                               
       Heap:                          0       0         4096   
       Stack:                         0       0         4096   
       Linker Generated:              0       64        0      
    +--+------------------------------+-------+---------+---------+
       Grand Total:                   10907   949       8926   


LINKER GENERATED COPY TABLES

__TI_cinit_table @ 00002e48 records: 3, size/record: 8, table size: 24
	.data: load addr=00002e20, load size=0000000c bytes, run addr=200022c8, run size=0000001c bytes, compression=lzss
	.bss: load addr=00002e38, load size=00000008 bytes, run addr=20002270, run size=00000058 bytes, compression=zero_init
	.vtable: load addr=00002e40, load size=00000008 bytes, run addr=20000000, run size=0000026c bytes, compression=zero_init


LINKER GENERATED HANDLER TABLE

__TI_handler_table @ 00002e2c records: 3, size/record: 4, table size: 12
	index: 0, handler: __TI_zero_init
	index: 1, handler: __TI_decompress_lzss
	index: 2, handler: __TI_decompress_none


GLOBAL SYMBOLS: SORTED ALPHABETICALLY BY Name 

address   name                          
-------   ----                          
00002d0d  C$$EXIT                       
00002cdf  CPUcpsie                      
00002cb1  IntMasterEnable               
00002b01  IntRegister                   
00002ceb  ResetISR                      
00001133  TIMER3B_Handler               
0000187f  UART1_Handler                 
20001270  __STACK_END                   
00001000  __STACK_SIZE                  
20000470  __STACK_TOP                   
00001000  __SYSMEM_SIZE                 
00002e48  __TI_CINIT_Base               
00002e60  __TI_CINIT_Limit              
00002e2c  __TI_Handler_Table_Base       
00002e38  __TI_Handler_Table_Limit      
000029c5  __TI_auto_init_nobinit_nopinit
00002769  __TI_decompress_lzss          
00002cd1  __TI_decompress_none          
0000288b  __TI_ltoa                     
ffffffff  __TI_pprof_out_hndl           
0000026d  __TI_printfi                  
ffffffff  __TI_prof_data_size           
ffffffff  __TI_prof_data_start          
00000000  __TI_static_base__            
00002bc7  __TI_zero_init_nomemset       
00002507  __aeabi_cdcmpeq               
00002507  __aeabi_cdcmple               
0000258d  __aeabi_cdrcmple              
000026fb  __aeabi_d2f                   
0000297d  __aeabi_d2iz                  
00001b1f  __aeabi_dadd                  
00001e09  __aeabi_ddiv                  
00002175  __aeabi_dmul                  
00001b15  __aeabi_dsub                  
00002d01  __aeabi_errno_addr            
00002ac7  __aeabi_f2d                   
00002b99  __aeabi_i2d                   
00000cbb  __aeabi_idiv0                 
00000cbb  __aeabi_ldiv0                 
00002613  __aeabi_memclr                
00002613  __aeabi_memclr4               
00002613  __aeabi_memclr8               
000023d5  __aeabi_memcpy                
000023d5  __aeabi_memcpy4               
000023d5  __aeabi_memcpy8               
00002615  __aeabi_memset                
00002615  __aeabi_memset4               
00002615  __aeabi_memset8               
00002471  __aeabi_uldivmod              
ffffffff  __binit__                     
ffffffff  __c_args__                    
UNDEFED   __mpu_init                    
20000270  __stack                       
20000000  __start___llvm_prf_cnts       
20000000  __stop___llvm_prf_cnts        
00002b35  _c_int00_noargs               
00002d10  _ctypes_                      
200022dd  _running                      
20001270  _sys_memory                   
UNDEFED   _system_post_cinit            
00002d09  _system_pre_init              
200022c4  _timeout_ticks                
00002d0d  abort                         
00002931  atoi                          
ffffffff  binit                         
00002bff  copysign                      
00002bff  copysignl                     
000011f9  detect_overflow               
200022e0  errno                         
000027d1  frexp                         
000027d1  frexpl                        
200022d8  g_end_time                    
20000000  g_pfnRAMVectors               
00000000  g_pfnVectors                  
200022d4  g_start_time                  
200022dc  g_state                       
00002cc1  lcd_clear                     
00000e91  lcd_gotoLine                  
00000cf9  lcd_init                      
00000ef7  lcd_printf                    
00000db9  lcd_putc                      
00000df1  lcd_puts                      
00000cbd  lcd_reverseNibble             
00000e0f  lcd_sendCommand               
00000e4d  lcd_sendNibble                
00000eb9  lcd_setCursorPos              
00002065  ldexp                         
00002065  ldexpl                        
00002325  main                          
00002be3  memccpy                       
000023d5  memcpy                        
0000261b  memset                        
00001173  ping_getDistance              
00000fe5  ping_init                     
000010ab  ping_trigger                  
00002065  scalbn                        
00002065  scalbnl                       
00002a09  sprintf                       
200022c8  start_command                 
200022cc  start_flag                    
200022c9  stop_command                  
200022d0  stop_flag                     
00002c61  strchr                        
00002c49  strcmp                        
00002c77  strcpy                        
00002c8b  strlen                        
00001623  timer_getMicros               
000015cb  timer_getMillis               
00001505  timer_init                    
000015a7  timer_pause                   
000015b9  timer_resume                  
0000157d  timer_stop                    
0000167d  timer_waitMicros              
000016af  timer_waitMillis              
0000174d  uart_interrupt_init           
00001847  uart_receive                  
0000182b  uart_sendChar                 
0000185b  uart_sendStr                  
00002a49  vsnprintf                     
00002c9f  wcslen                        


GLOBAL SYMBOLS: SORTED BY Symbol Address 

address   name                          
-------   ----                          
00000000  __TI_static_base__            
00000000  g_pfnVectors                  
0000026d  __TI_printfi                  
00000cbb  __aeabi_idiv0                 
00000cbb  __aeabi_ldiv0                 
00000cbd  lcd_reverseNibble             
00000cf9  lcd_init                      
00000db9  lcd_putc                      
00000df1  lcd_puts                      
00000e0f  lcd_sendCommand               
00000e4d  lcd_sendNibble                
00000e91  lcd_gotoLine                  
00000eb9  lcd_setCursorPos              
00000ef7  lcd_printf                    
00000fe5  ping_init                     
00001000  __STACK_SIZE                  
00001000  __SYSMEM_SIZE                 
000010ab  ping_trigger                  
00001133  TIMER3B_Handler               
00001173  ping_getDistance              
000011f9  detect_overflow               
00001505  timer_init                    
0000157d  timer_stop                    
000015a7  timer_pause                   
000015b9  timer_resume                  
000015cb  timer_getMillis               
00001623  timer_getMicros               
0000167d  timer_waitMicros              
000016af  timer_waitMillis              
0000174d  uart_interrupt_init           
0000182b  uart_sendChar                 
00001847  uart_receive                  
0000185b  uart_sendStr                  
0000187f  UART1_Handler                 
00001b15  __aeabi_dsub                  
00001b1f  __aeabi_dadd                  
00001e09  __aeabi_ddiv                  
00002065  ldexp                         
00002065  ldexpl                        
00002065  scalbn                        
00002065  scalbnl                       
00002175  __aeabi_dmul                  
00002325  main                          
000023d5  __aeabi_memcpy                
000023d5  __aeabi_memcpy4               
000023d5  __aeabi_memcpy8               
000023d5  memcpy                        
00002471  __aeabi_uldivmod              
00002507  __aeabi_cdcmpeq               
00002507  __aeabi_cdcmple               
0000258d  __aeabi_cdrcmple              
00002613  __aeabi_memclr                
00002613  __aeabi_memclr4               
00002613  __aeabi_memclr8               
00002615  __aeabi_memset                
00002615  __aeabi_memset4               
00002615  __aeabi_memset8               
0000261b  memset                        
000026fb  __aeabi_d2f                   
00002769  __TI_decompress_lzss          
000027d1  frexp                         
000027d1  frexpl                        
0000288b  __TI_ltoa                     
00002931  atoi                          
0000297d  __aeabi_d2iz                  
000029c5  __TI_auto_init_nobinit_nopinit
00002a09  sprintf                       
00002a49  vsnprintf                     
00002ac7  __aeabi_f2d                   
00002b01  IntRegister                   
00002b35  _c_int00_noargs               
00002b99  __aeabi_i2d                   
00002bc7  __TI_zero_init_nomemset       
00002be3  memccpy                       
00002bff  copysign                      
00002bff  copysignl                     
00002c49  strcmp                        
00002c61  strchr                        
00002c77  strcpy                        
00002c8b  strlen                        
00002c9f  wcslen                        
00002cb1  IntMasterEnable               
00002cc1  lcd_clear                     
00002cd1  __TI_decompress_none          
00002cdf  CPUcpsie                      
00002ceb  ResetISR                      
00002d01  __aeabi_errno_addr            
00002d09  _system_pre_init              
00002d0d  C$$EXIT                       
00002d0d  abort                         
00002d10  _ctypes_                      
00002e2c  __TI_Handler_Table_Base       
00002e38  __TI_Handler_Table_Limit      
00002e48  __TI_CINIT_Base               
00002e60  __TI_CINIT_Limit              
20000000  __start___llvm_prf_cnts       
20000000  __stop___llvm_prf_cnts        
20000000  g_pfnRAMVectors               
20000270  __stack                       
20000470  __STACK_TOP                   
20001270  __STACK_END                   
20001270  _sys_memory                   
200022c4  _timeout_ticks                
200022c8  start_command                 
200022c9  stop_command                  
200022cc  start_flag                    
200022d0  stop_flag                     
200022d4  g_start_time                  
200022d8  g_end_time                    
200022dc  g_state                       
200022dd  _running                      
200022e0  errno                         
ffffffff  __TI_pprof_out_hndl           
ffffffff  __TI_prof_data_size           
ffffffff  __TI_prof_data_start          
ffffffff  __binit__                     
ffffffff  __c_args__                    
ffffffff  binit                         
UNDEFED   __mpu_init                    
UNDEFED   _system_post_cinit            

[120 symbols]
