<?xml version="1.0" encoding="ISO-8859-1" ?>
<link_info>
   <banner>TI ARM Linker PC v20.2.7.LTS</banner>
   <copyright>Copyright (c) 1996-2018 Texas Instruments Incorporated</copyright>
   <link_time>0x67edd5c5</link_time>
   <link_errors>0x0</link_errors>
   <output_file>Lab 8.out</output_file>
   <entry_point>
      <name>_c_int00_noargs</name>
      <address>0x4d09</address>
   </entry_point>
   <input_file_list>
      <input_file id="fl-2">
         <path>.\</path>
         <kind>object</kind>
         <file>Timer.obj</file>
         <name>Timer.obj</name>
      </input_file>
      <input_file id="fl-3">
         <path>.\</path>
         <kind>object</kind>
         <file>adc.obj</file>
         <name>adc.obj</name>
      </input_file>
      <input_file id="fl-4">
         <path>.\</path>
         <kind>object</kind>
         <file>button.obj</file>
         <name>button.obj</name>
      </input_file>
      <input_file id="fl-5">
         <path>.\</path>
         <kind>object</kind>
         <file>lab5_template.obj</file>
         <name>lab5_template.obj</name>
      </input_file>
      <input_file id="fl-6">
         <path>.\</path>
         <kind>object</kind>
         <file>lab6-interrupt_template.obj</file>
         <name>lab6-interrupt_template.obj</name>
      </input_file>
      <input_file id="fl-7">
         <path>.\</path>
         <kind>object</kind>
         <file>lab6_template.obj</file>
         <name>lab6_template.obj</name>
      </input_file>
      <input_file id="fl-8">
         <path>.\</path>
         <kind>object</kind>
         <file>lab7.obj</file>
         <name>lab7.obj</name>
      </input_file>
      <input_file id="fl-9">
         <path>.\</path>
         <kind>object</kind>
         <file>lab7_tejal.obj</file>
         <name>lab7_tejal.obj</name>
      </input_file>
      <input_file id="fl-a">
         <path>.\</path>
         <kind>object</kind>
         <file>lab8.obj</file>
         <name>lab8.obj</name>
      </input_file>
      <input_file id="fl-b">
         <path>.\</path>
         <kind>object</kind>
         <file>lcd.obj</file>
         <name>lcd.obj</name>
      </input_file>
      <input_file id="fl-c">
         <path>.\</path>
         <kind>object</kind>
         <file>movement.obj</file>
         <name>movement.obj</name>
      </input_file>
      <input_file id="fl-d">
         <path>.\</path>
         <kind>object</kind>
         <file>open_interface.obj</file>
         <name>open_interface.obj</name>
      </input_file>
      <input_file id="fl-e">
         <path>.\</path>
         <kind>object</kind>
         <file>tm4c123gh6pm_startup_ccs.obj</file>
         <name>tm4c123gh6pm_startup_ccs.obj</name>
      </input_file>
      <input_file id="fl-f">
         <path>.\</path>
         <kind>object</kind>
         <file>uart-interrupt.obj</file>
         <name>uart-interrupt.obj</name>
      </input_file>
      <input_file id="fl-16">
         <kind>object</kind>
         <file>&lt;internal&gt;</file>
         <name>&lt;internal&gt;</name>
      </input_file>
      <input_file id="fl-17">
         <path>..\</path>
         <kind>archive</kind>
         <file>libcybotScan.lib</file>
         <name>cyBot_Scan.obj</name>
      </input_file>
      <input_file id="fl-18">
         <path>..\</path>
         <kind>archive</kind>
         <file>libcybotScan.lib</file>
         <name>ir.obj</name>
      </input_file>
      <input_file id="fl-19">
         <path>..\</path>
         <kind>archive</kind>
         <file>libcybotScan.lib</file>
         <name>ping.obj</name>
      </input_file>
      <input_file id="fl-1a">
         <path>..\</path>
         <kind>archive</kind>
         <file>libcybotScan.lib</file>
         <name>servo.obj</name>
      </input_file>
      <input_file id="fl-1b">
         <path>..\</path>
         <kind>archive</kind>
         <file>libcybotUART.lib</file>
         <name>uart.obj</name>
      </input_file>
      <input_file id="fl-d1">
         <path>C:\ti\ccs1271\ccs\tools\compiler\ti-cgt-arm_20.2.7.LTS\lib\</path>
         <kind>archive</kind>
         <file>rtsv7M4_T_le_v4SPD16_eabi.lib</file>
         <name>e_atan2.c.obj</name>
      </input_file>
      <input_file id="fl-d2">
         <path>C:\ti\ccs1271\ccs\tools\compiler\ti-cgt-arm_20.2.7.LTS\lib\</path>
         <kind>archive</kind>
         <file>rtsv7M4_T_le_v4SPD16_eabi.lib</file>
         <name>e_pow.c.obj</name>
      </input_file>
      <input_file id="fl-d3">
         <path>C:\ti\ccs1271\ccs\tools\compiler\ti-cgt-arm_20.2.7.LTS\lib\</path>
         <kind>archive</kind>
         <file>rtsv7M4_T_le_v4SPD16_eabi.lib</file>
         <name>e_sqrt.c.obj</name>
      </input_file>
      <input_file id="fl-d4">
         <path>C:\ti\ccs1271\ccs\tools\compiler\ti-cgt-arm_20.2.7.LTS\lib\</path>
         <kind>archive</kind>
         <file>rtsv7M4_T_le_v4SPD16_eabi.lib</file>
         <name>s_atan.c.obj</name>
      </input_file>
      <input_file id="fl-d5">
         <path>C:\ti\ccs1271\ccs\tools\compiler\ti-cgt-arm_20.2.7.LTS\lib\</path>
         <kind>archive</kind>
         <file>rtsv7M4_T_le_v4SPD16_eabi.lib</file>
         <name>s_scalbn.c.obj</name>
      </input_file>
      <input_file id="fl-d6">
         <path>C:\ti\ccs1271\ccs\tools\compiler\ti-cgt-arm_20.2.7.LTS\lib\</path>
         <kind>archive</kind>
         <file>rtsv7M4_T_le_v4SPD16_eabi.lib</file>
         <name>sprintf.c.obj</name>
      </input_file>
      <input_file id="fl-d7">
         <path>C:\ti\ccs1271\ccs\tools\compiler\ti-cgt-arm_20.2.7.LTS\lib\</path>
         <kind>archive</kind>
         <file>rtsv7M4_T_le_v4SPD16_eabi.lib</file>
         <name>vsnprintf.c.obj</name>
      </input_file>
      <input_file id="fl-d8">
         <path>C:\ti\ccs1271\ccs\tools\compiler\ti-cgt-arm_20.2.7.LTS\lib\</path>
         <kind>archive</kind>
         <file>rtsv7M4_T_le_v4SPD16_eabi.lib</file>
         <name>fd_add_t2.asm.obj</name>
      </input_file>
      <input_file id="fl-d9">
         <path>C:\ti\ccs1271\ccs\tools\compiler\ti-cgt-arm_20.2.7.LTS\lib\</path>
         <kind>archive</kind>
         <file>rtsv7M4_T_le_v4SPD16_eabi.lib</file>
         <name>fd_cmp_t2.asm.obj</name>
      </input_file>
      <input_file id="fl-da">
         <path>C:\ti\ccs1271\ccs\tools\compiler\ti-cgt-arm_20.2.7.LTS\lib\</path>
         <kind>archive</kind>
         <file>rtsv7M4_T_le_v4SPD16_eabi.lib</file>
         <name>fd_div_t2.asm.obj</name>
      </input_file>
      <input_file id="fl-db">
         <path>C:\ti\ccs1271\ccs\tools\compiler\ti-cgt-arm_20.2.7.LTS\lib\</path>
         <kind>archive</kind>
         <file>rtsv7M4_T_le_v4SPD16_eabi.lib</file>
         <name>fd_mul_t2.asm.obj</name>
      </input_file>
      <input_file id="fl-dc">
         <path>C:\ti\ccs1271\ccs\tools\compiler\ti-cgt-arm_20.2.7.LTS\lib\</path>
         <kind>archive</kind>
         <file>rtsv7M4_T_le_v4SPD16_eabi.lib</file>
         <name>fd_tos_t2.asm.obj</name>
      </input_file>
      <input_file id="fl-dd">
         <path>C:\ti\ccs1271\ccs\tools\compiler\ti-cgt-arm_20.2.7.LTS\lib\</path>
         <kind>archive</kind>
         <file>rtsv7M4_T_le_v4SPD16_eabi.lib</file>
         <name>fs_tod_t2.asm.obj</name>
      </input_file>
      <input_file id="fl-de">
         <path>C:\ti\ccs1271\ccs\tools\compiler\ti-cgt-arm_20.2.7.LTS\lib\</path>
         <kind>archive</kind>
         <file>rtsv7M4_T_le_v4SPD16_eabi.lib</file>
         <name>i_tofd_t2.asm.obj</name>
      </input_file>
      <input_file id="fl-df">
         <path>C:\ti\ccs1271\ccs\tools\compiler\ti-cgt-arm_20.2.7.LTS\lib\</path>
         <kind>archive</kind>
         <file>rtsv7M4_T_le_v4SPD16_eabi.lib</file>
         <name>memcpy_t2.asm.obj</name>
      </input_file>
      <input_file id="fl-e0">
         <path>C:\ti\ccs1271\ccs\tools\compiler\ti-cgt-arm_20.2.7.LTS\lib\</path>
         <kind>archive</kind>
         <file>rtsv7M4_T_le_v4SPD16_eabi.lib</file>
         <name>copy_zero_init.c.obj</name>
      </input_file>
      <input_file id="fl-e1">
         <path>C:\ti\ccs1271\ccs\tools\compiler\ti-cgt-arm_20.2.7.LTS\lib\</path>
         <kind>archive</kind>
         <file>rtsv7M4_T_le_v4SPD16_eabi.lib</file>
         <name>copy_decompress_none.c.obj</name>
      </input_file>
      <input_file id="fl-e2">
         <path>C:\ti\ccs1271\ccs\tools\compiler\ti-cgt-arm_20.2.7.LTS\lib\</path>
         <kind>archive</kind>
         <file>rtsv7M4_T_le_v4SPD16_eabi.lib</file>
         <name>copy_decompress_lzss.c.obj</name>
      </input_file>
      <input_file id="fl-e3">
         <path>C:\ti\ccs1271\ccs\tools\compiler\ti-cgt-arm_20.2.7.LTS\lib\</path>
         <kind>archive</kind>
         <file>rtsv7M4_T_le_v4SPD16_eabi.lib</file>
         <name>memory.c.obj</name>
      </input_file>
      <input_file id="fl-e4">
         <path>C:\ti\ccs1271\ccs\tools\compiler\ti-cgt-arm_20.2.7.LTS\lib\</path>
         <kind>archive</kind>
         <file>rtsv7M4_T_le_v4SPD16_eabi.lib</file>
         <name>strcmp.c.obj</name>
      </input_file>
      <input_file id="fl-e5">
         <path>C:\ti\ccs1271\ccs\tools\compiler\ti-cgt-arm_20.2.7.LTS\lib\</path>
         <kind>archive</kind>
         <file>rtsv7M4_T_le_v4SPD16_eabi.lib</file>
         <name>strcpy.c.obj</name>
      </input_file>
      <input_file id="fl-e6">
         <path>C:\ti\ccs1271\ccs\tools\compiler\ti-cgt-arm_20.2.7.LTS\lib\</path>
         <kind>archive</kind>
         <file>rtsv7M4_T_le_v4SPD16_eabi.lib</file>
         <name>boot_cortex_m.c.obj</name>
      </input_file>
      <input_file id="fl-e7">
         <path>C:\ti\ccs1271\ccs\tools\compiler\ti-cgt-arm_20.2.7.LTS\lib\</path>
         <kind>archive</kind>
         <file>rtsv7M4_T_le_v4SPD16_eabi.lib</file>
         <name>errno.c.obj</name>
      </input_file>
      <input_file id="fl-e8">
         <path>C:\ti\ccs1271\ccs\tools\compiler\ti-cgt-arm_20.2.7.LTS\lib\</path>
         <kind>archive</kind>
         <file>rtsv7M4_T_le_v4SPD16_eabi.lib</file>
         <name>s_copysign.c.obj</name>
      </input_file>
      <input_file id="fl-e9">
         <path>C:\ti\ccs1271\ccs\tools\compiler\ti-cgt-arm_20.2.7.LTS\lib\</path>
         <kind>archive</kind>
         <file>rtsv7M4_T_le_v4SPD16_eabi.lib</file>
         <name>_printfi.c.obj</name>
      </input_file>
      <input_file id="fl-ea">
         <path>C:\ti\ccs1271\ccs\tools\compiler\ti-cgt-arm_20.2.7.LTS\lib\</path>
         <kind>archive</kind>
         <file>rtsv7M4_T_le_v4SPD16_eabi.lib</file>
         <name>fd_toi_t2.asm.obj</name>
      </input_file>
      <input_file id="fl-eb">
         <path>C:\ti\ccs1271\ccs\tools\compiler\ti-cgt-arm_20.2.7.LTS\lib\</path>
         <kind>archive</kind>
         <file>rtsv7M4_T_le_v4SPD16_eabi.lib</file>
         <name>memset_t2.asm.obj</name>
      </input_file>
      <input_file id="fl-ec">
         <path>C:\ti\ccs1271\ccs\tools\compiler\ti-cgt-arm_20.2.7.LTS\lib\</path>
         <kind>archive</kind>
         <file>rtsv7M4_T_le_v4SPD16_eabi.lib</file>
         <name>ull_div_t2.asm.obj</name>
      </input_file>
      <input_file id="fl-ed">
         <path>C:\ti\ccs1271\ccs\tools\compiler\ti-cgt-arm_20.2.7.LTS\lib\</path>
         <kind>archive</kind>
         <file>rtsv7M4_T_le_v4SPD16_eabi.lib</file>
         <name>autoinit.c.obj</name>
      </input_file>
      <input_file id="fl-ee">
         <path>C:\ti\ccs1271\ccs\tools\compiler\ti-cgt-arm_20.2.7.LTS\lib\</path>
         <kind>archive</kind>
         <file>rtsv7M4_T_le_v4SPD16_eabi.lib</file>
         <name>pre_init.c.obj</name>
      </input_file>
      <input_file id="fl-ef">
         <path>C:\ti\ccs1271\ccs\tools\compiler\ti-cgt-arm_20.2.7.LTS\lib\</path>
         <kind>archive</kind>
         <file>rtsv7M4_T_le_v4SPD16_eabi.lib</file>
         <name>cpy_tbl.c.obj</name>
      </input_file>
      <input_file id="fl-f0">
         <path>C:\ti\ccs1271\ccs\tools\compiler\ti-cgt-arm_20.2.7.LTS\lib\</path>
         <kind>archive</kind>
         <file>rtsv7M4_T_le_v4SPD16_eabi.lib</file>
         <name>exit.c.obj</name>
      </input_file>
      <input_file id="fl-f1">
         <path>C:\ti\ccs1271\ccs\tools\compiler\ti-cgt-arm_20.2.7.LTS\lib\</path>
         <kind>archive</kind>
         <file>rtsv7M4_T_le_v4SPD16_eabi.lib</file>
         <name>_lock.c.obj</name>
      </input_file>
      <input_file id="fl-f2">
         <path>C:\ti\ccs1271\ccs\tools\compiler\ti-cgt-arm_20.2.7.LTS\lib\</path>
         <kind>archive</kind>
         <file>rtsv7M4_T_le_v4SPD16_eabi.lib</file>
         <name>_ltoa.c.obj</name>
      </input_file>
      <input_file id="fl-f3">
         <path>C:\ti\ccs1271\ccs\tools\compiler\ti-cgt-arm_20.2.7.LTS\lib\</path>
         <kind>archive</kind>
         <file>rtsv7M4_T_le_v4SPD16_eabi.lib</file>
         <name>args_main.c.obj</name>
      </input_file>
      <input_file id="fl-f4">
         <path>C:\ti\ccs1271\ccs\tools\compiler\ti-cgt-arm_20.2.7.LTS\lib\</path>
         <kind>archive</kind>
         <file>rtsv7M4_T_le_v4SPD16_eabi.lib</file>
         <name>atoi.c.obj</name>
      </input_file>
      <input_file id="fl-f5">
         <path>C:\ti\ccs1271\ccs\tools\compiler\ti-cgt-arm_20.2.7.LTS\lib\</path>
         <kind>archive</kind>
         <file>rtsv7M4_T_le_v4SPD16_eabi.lib</file>
         <name>ctype.c.obj</name>
      </input_file>
      <input_file id="fl-f6">
         <path>C:\ti\ccs1271\ccs\tools\compiler\ti-cgt-arm_20.2.7.LTS\lib\</path>
         <kind>archive</kind>
         <file>rtsv7M4_T_le_v4SPD16_eabi.lib</file>
         <name>memccpy.c.obj</name>
      </input_file>
      <input_file id="fl-f7">
         <path>C:\ti\ccs1271\ccs\tools\compiler\ti-cgt-arm_20.2.7.LTS\lib\</path>
         <kind>archive</kind>
         <file>rtsv7M4_T_le_v4SPD16_eabi.lib</file>
         <name>strchr.c.obj</name>
      </input_file>
      <input_file id="fl-f8">
         <path>C:\ti\ccs1271\ccs\tools\compiler\ti-cgt-arm_20.2.7.LTS\lib\</path>
         <kind>archive</kind>
         <file>rtsv7M4_T_le_v4SPD16_eabi.lib</file>
         <name>strlen.c.obj</name>
      </input_file>
      <input_file id="fl-f9">
         <path>C:\ti\ccs1271\ccs\tools\compiler\ti-cgt-arm_20.2.7.LTS\lib\</path>
         <kind>archive</kind>
         <file>rtsv7M4_T_le_v4SPD16_eabi.lib</file>
         <name>wcslen.c.obj</name>
      </input_file>
      <input_file id="fl-fa">
         <path>C:\ti\ccs1271\ccs\tools\compiler\ti-cgt-arm_20.2.7.LTS\lib\</path>
         <kind>archive</kind>
         <file>rtsv7M4_T_le_v4SPD16_eabi.lib</file>
         <name>s_frexp.c.obj</name>
      </input_file>
      <input_file id="fl-fb">
         <path>C:\ti\ccs1271\ccs\tools\compiler\ti-cgt-arm_20.2.7.LTS\lib\</path>
         <kind>archive</kind>
         <file>rtsv7M4_T_le_v4SPD16_eabi.lib</file>
         <name>div0.asm.obj</name>
      </input_file>
      <input_file id="fl-fc">
         <path>C:\ti\TivaWare_C_Series-2.2.0.295\driverlib\ccs\Debug\</path>
         <kind>archive</kind>
         <file>driverlib.lib</file>
         <name>interrupt.obj</name>
      </input_file>
      <input_file id="fl-fd">
         <path>C:\ti\TivaWare_C_Series-2.2.0.295\driverlib\ccs\Debug\</path>
         <kind>archive</kind>
         <file>driverlib.lib</file>
         <name>cpu.obj</name>
      </input_file>
   </input_file_list>
   <object_component_list>
      <object_component id="oc-12">
         <name>.intvecs</name>
         <load_address>0x0</load_address>
         <run_address>0x0</run_address>
         <size>0x26c</size>
         <input_file_ref idref="fl-e"/>
      </object_component>
      <object_component id="oc-f5">
         <name>.text</name>
         <load_address>0x26c</load_address>
         <run_address>0x26c</run_address>
         <size>0xc20</size>
         <input_file_ref idref="fl-d"/>
      </object_component>
      <object_component id="oc-253">
         <name>.text:__TI_printfi</name>
         <load_address>0xe8c</load_address>
         <run_address>0xe8c</run_address>
         <size>0xa4e</size>
         <input_file_ref idref="fl-e9"/>
      </object_component>
      <object_component id="oc-2e0">
         <name>.text:_nop</name>
         <load_address>0x18da</load_address>
         <run_address>0x18da</run_address>
         <size>0x2</size>
         <input_file_ref idref="fl-f1"/>
      </object_component>
      <object_component id="oc-106">
         <name>.text:pow</name>
         <load_address>0x18dc</load_address>
         <run_address>0x18dc</run_address>
         <size>0x9d0</size>
         <input_file_ref idref="fl-d2"/>
      </object_component>
      <object_component id="oc-dd">
         <name>.text</name>
         <load_address>0x22ac</load_address>
         <run_address>0x22ac</run_address>
         <size>0x328</size>
         <input_file_ref idref="fl-b"/>
      </object_component>
      <object_component id="oc-ef">
         <name>.text</name>
         <load_address>0x25d4</load_address>
         <run_address>0x25d4</run_address>
         <size>0x2a8</size>
         <input_file_ref idref="fl-1b"/>
      </object_component>
      <object_component id="oc-331">
         <name>.text:_pconv_a</name>
         <load_address>0x287c</load_address>
         <run_address>0x287c</run_address>
         <size>0x270</size>
         <input_file_ref idref="fl-e9"/>
      </object_component>
      <object_component id="oc-e3">
         <name>.text</name>
         <load_address>0x2aec</load_address>
         <run_address>0x2aec</run_address>
         <size>0x260</size>
         <input_file_ref idref="fl-17"/>
      </object_component>
      <object_component id="oc-d7">
         <name>.text</name>
         <load_address>0x2d4c</load_address>
         <run_address>0x2d4c</run_address>
         <size>0x248</size>
         <input_file_ref idref="fl-2"/>
      </object_component>
      <object_component id="oc-fb">
         <name>.text</name>
         <load_address>0x2f94</load_address>
         <run_address>0x2f94</run_address>
         <size>0x1f8</size>
         <input_file_ref idref="fl-f"/>
      </object_component>
      <object_component id="oc-19b">
         <name>.text</name>
         <load_address>0x318c</load_address>
         <run_address>0x318c</run_address>
         <size>0x1ec</size>
         <input_file_ref idref="fl-19"/>
      </object_component>
      <object_component id="oc-31f">
         <name>.text:_pconv_g</name>
         <load_address>0x3378</load_address>
         <run_address>0x3378</run_address>
         <size>0x1d0</size>
         <input_file_ref idref="fl-e9"/>
      </object_component>
      <object_component id="oc-1d9">
         <name>.text</name>
         <load_address>0x3548</load_address>
         <run_address>0x3548</run_address>
         <size>0x1b6</size>
         <input_file_ref idref="fl-d8"/>
      </object_component>
      <object_component id="oc-3ef">
         <name>.text</name>
         <load_address>0x36fe</load_address>
         <run_address>0x36fe</run_address>
         <size>0x2</size>
         <input_file_ref idref="fl-fb"/>
      </object_component>
      <object_component id="oc-195">
         <name>.text</name>
         <load_address>0x3700</load_address>
         <run_address>0x3700</run_address>
         <size>0x158</size>
         <input_file_ref idref="fl-1a"/>
      </object_component>
      <object_component id="oc-1ef">
         <name>.text:sqrt</name>
         <load_address>0x3858</load_address>
         <run_address>0x3858</run_address>
         <size>0x158</size>
         <input_file_ref idref="fl-d3"/>
      </object_component>
      <object_component id="oc-a2">
         <name>.text</name>
         <load_address>0x39b0</load_address>
         <run_address>0x39b0</run_address>
         <size>0x140</size>
         <input_file_ref idref="fl-a"/>
      </object_component>
      <object_component id="oc-32b">
         <name>.text:_pconv_e</name>
         <load_address>0x3af0</load_address>
         <run_address>0x3af0</run_address>
         <size>0x13c</size>
         <input_file_ref idref="fl-e9"/>
      </object_component>
      <object_component id="oc-1d4">
         <name>.text</name>
         <load_address>0x3c2c</load_address>
         <run_address>0x3c2c</run_address>
         <size>0x136</size>
         <input_file_ref idref="fl-da"/>
      </object_component>
      <object_component id="oc-3af">
         <name>.text:fcvt</name>
         <load_address>0x3d64</load_address>
         <run_address>0x3d64</run_address>
         <size>0x124</size>
         <input_file_ref idref="fl-e9"/>
      </object_component>
      <object_component id="oc-1a1">
         <name>.text</name>
         <load_address>0x3e88</load_address>
         <run_address>0x3e88</run_address>
         <size>0x118</size>
         <input_file_ref idref="fl-18"/>
      </object_component>
      <object_component id="oc-208">
         <name>.text:scalbn</name>
         <load_address>0x3fa0</load_address>
         <run_address>0x3fa0</run_address>
         <size>0x110</size>
         <input_file_ref idref="fl-d5"/>
      </object_component>
      <object_component id="oc-360">
         <name>.text:aligned_alloc</name>
         <load_address>0x40b0</load_address>
         <run_address>0x40b0</run_address>
         <size>0x100</size>
         <input_file_ref idref="fl-e3"/>
      </object_component>
      <object_component id="oc-e9">
         <name>.text</name>
         <load_address>0x41b0</load_address>
         <run_address>0x41b0</run_address>
         <size>0xfc</size>
         <input_file_ref idref="fl-3"/>
      </object_component>
      <object_component id="oc-10c">
         <name>.text</name>
         <load_address>0x42ac</load_address>
         <run_address>0x42ac</run_address>
         <size>0xfc</size>
         <input_file_ref idref="fl-db"/>
      </object_component>
      <object_component id="oc-1be">
         <name>.text:free</name>
         <load_address>0x43a8</load_address>
         <run_address>0x43a8</run_address>
         <size>0xe4</size>
         <input_file_ref idref="fl-e3"/>
      </object_component>
      <object_component id="oc-319">
         <name>.text:_ltostr</name>
         <load_address>0x448c</load_address>
         <run_address>0x448c</run_address>
         <size>0xb1</size>
         <input_file_ref idref="fl-e9"/>
      </object_component>
      <object_component id="oc-3e">
         <name>.text</name>
         <load_address>0x453e</load_address>
         <run_address>0x453e</run_address>
         <size>0x9c</size>
         <input_file_ref idref="fl-df"/>
      </object_component>
      <object_component id="oc-391">
         <name>.text</name>
         <load_address>0x45da</load_address>
         <run_address>0x45da</run_address>
         <size>0x96</size>
         <input_file_ref idref="fl-ec"/>
      </object_component>
      <object_component id="oc-1fe">
         <name>.text:__aeabi_cdcmple</name>
         <load_address>0x4670</load_address>
         <run_address>0x4670</run_address>
         <size>0x86</size>
         <input_file_ref idref="fl-d9"/>
      </object_component>
      <object_component id="oc-203">
         <name>.text:__aeabi_cdrcmple</name>
         <load_address>0x46f6</load_address>
         <run_address>0x46f6</run_address>
         <size>0x86</size>
         <input_file_ref idref="fl-d9"/>
      </object_component>
      <object_component id="oc-96">
         <name>.text</name>
         <load_address>0x477c</load_address>
         <run_address>0x477c</run_address>
         <size>0x7a</size>
         <input_file_ref idref="fl-eb"/>
      </object_component>
      <object_component id="oc-3df">
         <name>.text:split</name>
         <load_address>0x47f8</load_address>
         <run_address>0x47f8</run_address>
         <size>0x70</size>
         <input_file_ref idref="fl-e3"/>
      </object_component>
      <object_component id="oc-3a8">
         <name>.text:_mcpy</name>
         <load_address>0x4868</load_address>
         <run_address>0x4868</run_address>
         <size>0x6e</size>
         <input_file_ref idref="fl-e9"/>
      </object_component>
      <object_component id="oc-111">
         <name>.text</name>
         <load_address>0x48d6</load_address>
         <run_address>0x48d6</run_address>
         <size>0x6e</size>
         <input_file_ref idref="fl-dc"/>
      </object_component>
      <object_component id="oc-15">
         <name>.text:decompress:lzss:__TI_decompress_lzss</name>
         <load_address>0x4944</load_address>
         <run_address>0x4944</run_address>
         <size>0x68</size>
         <input_file_ref idref="fl-e2"/>
      </object_component>
      <object_component id="oc-3bd">
         <name>.text:frexp</name>
         <load_address>0x49ac</load_address>
         <run_address>0x49ac</run_address>
         <size>0x64</size>
         <input_file_ref idref="fl-fa"/>
      </object_component>
      <object_component id="oc-325">
         <name>.text:_pconv_f</name>
         <load_address>0x4a10</load_address>
         <run_address>0x4a10</run_address>
         <size>0x56</size>
         <input_file_ref idref="fl-e9"/>
      </object_component>
      <object_component id="oc-39c">
         <name>.text:__TI_ltoa</name>
         <load_address>0x4a66</load_address>
         <run_address>0x4a66</run_address>
         <size>0x54</size>
         <input_file_ref idref="fl-f2"/>
      </object_component>
      <object_component id="oc-3a2">
         <name>.text:_ecpy</name>
         <load_address>0x4aba</load_address>
         <run_address>0x4aba</run_address>
         <size>0x52</size>
         <input_file_ref idref="fl-e9"/>
      </object_component>
      <object_component id="oc-313">
         <name>.text:atoi</name>
         <load_address>0x4b0c</load_address>
         <run_address>0x4b0c</run_address>
         <size>0x4c</size>
         <input_file_ref idref="fl-f4"/>
      </object_component>
      <object_component id="oc-397">
         <name>.text</name>
         <load_address>0x4b58</load_address>
         <run_address>0x4b58</run_address>
         <size>0x48</size>
         <input_file_ref idref="fl-ea"/>
      </object_component>
      <object_component id="oc-133">
         <name>.text:__TI_auto_init_nobinit_nopinit:__TI_auto_init_nobinit_nopinit</name>
         <load_address>0x4ba0</load_address>
         <run_address>0x4ba0</run_address>
         <size>0x44</size>
         <input_file_ref idref="fl-ed"/>
      </object_component>
      <object_component id="oc-179">
         <name>.text:vsnprintf</name>
         <load_address>0x4be4</load_address>
         <run_address>0x4be4</run_address>
         <size>0x40</size>
         <input_file_ref idref="fl-d7"/>
      </object_component>
      <object_component id="oc-3b5">
         <name>.text:_fcpy</name>
         <load_address>0x4c24</load_address>
         <run_address>0x4c24</run_address>
         <size>0x3e</size>
         <input_file_ref idref="fl-e9"/>
      </object_component>
      <object_component id="oc-1b8">
         <name>.text:calloc</name>
         <load_address>0x4c64</load_address>
         <run_address>0x4c64</run_address>
         <size>0x38</size>
         <input_file_ref idref="fl-e3"/>
      </object_component>
      <object_component id="oc-116">
         <name>.text</name>
         <load_address>0x4c9c</load_address>
         <run_address>0x4c9c</run_address>
         <size>0x38</size>
         <input_file_ref idref="fl-dd"/>
      </object_component>
      <object_component id="oc-167">
         <name>.text:IntRegister</name>
         <load_address>0x4cd4</load_address>
         <run_address>0x4cd4</run_address>
         <size>0x34</size>
         <input_file_ref idref="fl-fc"/>
      </object_component>
      <object_component id="oc-5c">
         <name>.text:_c_int00_noargs:_c_int00_noargs</name>
         <load_address>0x4d08</load_address>
         <run_address>0x4d08</run_address>
         <size>0x34</size>
         <input_file_ref idref="fl-e6"/>
      </object_component>
      <object_component id="oc-259">
         <name>.text:_outs</name>
         <load_address>0x4d3c</load_address>
         <run_address>0x4d3c</run_address>
         <size>0x30</size>
         <input_file_ref idref="fl-d7"/>
      </object_component>
      <object_component id="oc-101">
         <name>.text</name>
         <load_address>0x4d6c</load_address>
         <run_address>0x4d6c</run_address>
         <size>0x2e</size>
         <input_file_ref idref="fl-de"/>
      </object_component>
      <object_component id="oc-2a5">
         <name>.text:free_list_insert</name>
         <load_address>0x4d9c</load_address>
         <run_address>0x4d9c</run_address>
         <size>0x28</size>
         <input_file_ref idref="fl-e3"/>
      </object_component>
      <object_component id="oc-4a">
         <name>.text:decompress:ZI:__TI_zero_init_nomemset:__TI_zero_init_nomemset</name>
         <load_address>0x4dc4</load_address>
         <run_address>0x4dc4</run_address>
         <size>0x1c</size>
         <input_file_ref idref="fl-e0"/>
      </object_component>
      <object_component id="oc-29f">
         <name>.text:free_list_remove</name>
         <load_address>0x4de0</load_address>
         <run_address>0x4de0</run_address>
         <size>0x1c</size>
         <input_file_ref idref="fl-e3"/>
      </object_component>
      <object_component id="oc-337">
         <name>.text:memccpy</name>
         <load_address>0x4dfc</load_address>
         <run_address>0x4dfc</run_address>
         <size>0x1c</size>
         <input_file_ref idref="fl-f6"/>
      </object_component>
      <object_component id="oc-2ca">
         <name>.text:copysign</name>
         <load_address>0x4e18</load_address>
         <run_address>0x4e18</run_address>
         <size>0x1a</size>
         <input_file_ref idref="fl-e8"/>
      </object_component>
      <object_component id="oc-25f">
         <name>.text:_outc</name>
         <load_address>0x4e32</load_address>
         <run_address>0x4e32</run_address>
         <size>0x18</size>
         <input_file_ref idref="fl-d7"/>
      </object_component>
      <object_component id="oc-1c4">
         <name>.text:oi_parseInt</name>
         <load_address>0x4e4a</load_address>
         <run_address>0x4e4a</run_address>
         <size>0x18</size>
         <input_file_ref idref="fl-d"/>
      </object_component>
      <object_component id="oc-17f">
         <name>.text:strcmp</name>
         <load_address>0x4e62</load_address>
         <run_address>0x4e62</run_address>
         <size>0x18</size>
         <input_file_ref idref="fl-e4"/>
      </object_component>
      <object_component id="oc-3c3">
         <name>.text:strchr</name>
         <load_address>0x4e7a</load_address>
         <run_address>0x4e7a</run_address>
         <size>0x16</size>
         <input_file_ref idref="fl-f7"/>
      </object_component>
      <object_component id="oc-185">
         <name>.text:strcpy</name>
         <load_address>0x4e90</load_address>
         <run_address>0x4e90</run_address>
         <size>0x14</size>
         <input_file_ref idref="fl-e5"/>
      </object_component>
      <object_component id="oc-30d">
         <name>.text:strlen</name>
         <load_address>0x4ea4</load_address>
         <run_address>0x4ea4</run_address>
         <size>0x14</size>
         <input_file_ref idref="fl-f8"/>
      </object_component>
      <object_component id="oc-33d">
         <name>.text:wcslen</name>
         <load_address>0x4eb8</load_address>
         <run_address>0x4eb8</run_address>
         <size>0x12</size>
         <input_file_ref idref="fl-f9"/>
      </object_component>
      <object_component id="oc-1cb">
         <name>.text:IntMasterEnable</name>
         <load_address>0x4eca</load_address>
         <run_address>0x4eca</run_address>
         <size>0x10</size>
         <input_file_ref idref="fl-fc"/>
      </object_component>
      <object_component id="oc-172">
         <name>.text:lcd_clear</name>
         <load_address>0x4eda</load_address>
         <run_address>0x4eda</run_address>
         <size>0x10</size>
         <input_file_ref idref="fl-b"/>
      </object_component>
      <object_component id="oc-1b">
         <name>.text:decompress:none:__TI_decompress_none</name>
         <load_address>0x4eea</load_address>
         <run_address>0x4eea</run_address>
         <size>0xe</size>
         <input_file_ref idref="fl-e1"/>
      </object_component>
      <object_component id="oc-2ac">
         <name>.text:CPUcpsie</name>
         <load_address>0x4ef8</load_address>
         <run_address>0x4ef8</run_address>
         <size>0xc</size>
         <input_file_ref idref="fl-fd"/>
      </object_component>
      <object_component id="oc-2a">
         <name>.text</name>
         <load_address>0x4f04</load_address>
         <run_address>0x4f04</run_address>
         <size>0xc</size>
         <input_file_ref idref="fl-e"/>
      </object_component>
      <object_component id="oc-1f5">
         <name>.text:__aeabi_errno_addr</name>
         <load_address>0x4f10</load_address>
         <run_address>0x4f10</run_address>
         <size>0x8</size>
         <input_file_ref idref="fl-e7"/>
      </object_component>
      <object_component id="oc-298">
         <name>.text:malloc</name>
         <load_address>0x4f18</load_address>
         <run_address>0x4f18</run_address>
         <size>0x8</size>
         <input_file_ref idref="fl-e3"/>
      </object_component>
      <object_component id="oc-9c">
         <name>.text:_system_pre_init</name>
         <load_address>0x4f20</load_address>
         <run_address>0x4f20</run_address>
         <size>0x4</size>
         <input_file_ref idref="fl-ee"/>
      </object_component>
      <object_component id="oc-127">
         <name>.text:abort:abort</name>
         <load_address>0x4f24</load_address>
         <run_address>0x4f24</run_address>
         <size>0x4</size>
         <input_file_ref idref="fl-f0"/>
      </object_component>
      <object_component id="oc-38c">
         <name>.const:.string:_ctypes_</name>
         <load_address>0x4f28</load_address>
         <run_address>0x4f28</run_address>
         <size>0x101</size>
         <input_file_ref idref="fl-f5"/>
      </object_component>
      <object_component id="oc-18b">
         <name>.const:.string:lineAddress$1</name>
         <load_address>0x5029</load_address>
         <run_address>0x5029</run_address>
         <size>0x4</size>
         <input_file_ref idref="fl-b"/>
      </object_component>
      <object_component id="oc-1fb">
         <name>.const:$O1$$</name>
         <load_address>0x5030</load_address>
         <run_address>0x5030</run_address>
         <size>0x30</size>
         <input_file_ref idref="fl-d2"/>
      </object_component>
      <object_component id="oc-1de">
         <name>.const:.string:$P$T0$3</name>
         <load_address>0x5060</load_address>
         <run_address>0x5060</run_address>
         <size>0xf</size>
         <input_file_ref idref="fl-d"/>
      </object_component>
      <object_component id="oc-18c">
         <name>.const:.string:lineAddresses$2</name>
         <load_address>0x506f</load_address>
         <run_address>0x506f</run_address>
         <size>0x4</size>
         <input_file_ref idref="fl-b"/>
      </object_component>
      <object_component id="oc-444">
         <name>.cinit..data.load</name>
         <load_address>0x5078</load_address>
         <run_address>0x5078</run_address>
         <size>0x20</size>
      </object_component>
      <object_component id="oc-441">
         <name>__TI_handler_table</name>
         <load_address>0x5098</load_address>
         <run_address>0x5098</run_address>
         <size>0xc</size>
      </object_component>
      <object_component id="oc-445">
         <name>.cinit..bss.load</name>
         <load_address>0x50a8</load_address>
         <run_address>0x50a8</run_address>
         <size>0x8</size>
      </object_component>
      <object_component id="oc-443">
         <name>.cinit..vtable.load</name>
         <load_address>0x50b0</load_address>
         <run_address>0x50b0</run_address>
         <size>0x8</size>
      </object_component>
      <object_component id="oc-442">
         <name>__TI_cinit_table</name>
         <load_address>0x50b8</load_address>
         <run_address>0x50b8</run_address>
         <size>0x18</size>
      </object_component>
      <object_component id="oc-247">
         <name>.vtable</name>
         <uninitialized>true</uninitialized>
         <run_address>0x20000000</run_address>
         <size>0x26c</size>
         <input_file_ref idref="fl-fc"/>
      </object_component>
      <object_component id="oc-16d">
         <name>.data</name>
         <load_address>0x20002378</load_address>
         <run_address>0x20002378</run_address>
         <size>0x1</size>
         <input_file_ref idref="fl-2"/>
      </object_component>
      <object_component id="oc-1d1">
         <name>.data</name>
         <load_address>0x20002330</load_address>
         <run_address>0x20002330</run_address>
         <size>0x20</size>
         <input_file_ref idref="fl-d"/>
      </object_component>
      <object_component id="oc-1e9">
         <name>.data</name>
         <load_address>0x20002350</load_address>
         <run_address>0x20002350</run_address>
         <size>0xc</size>
         <input_file_ref idref="fl-f"/>
      </object_component>
      <object_component id="oc-1a7">
         <name>.data</name>
         <load_address>0x2000236c</load_address>
         <run_address>0x2000236c</run_address>
         <size>0x4</size>
         <input_file_ref idref="fl-17"/>
      </object_component>
      <object_component id="oc-1b4">
         <name>.data</name>
         <load_address>0x20002370</load_address>
         <run_address>0x20002370</run_address>
         <size>0x4</size>
         <input_file_ref idref="fl-1b"/>
      </object_component>
      <object_component id="oc-367">
         <name>.data:$O1$$</name>
         <load_address>0x20002364</load_address>
         <run_address>0x20002364</run_address>
         <size>0x8</size>
         <input_file_ref idref="fl-e3"/>
      </object_component>
      <object_component id="oc-2c1">
         <name>.data</name>
         <load_address>0x20002374</load_address>
         <run_address>0x20002374</run_address>
         <size>0x4</size>
         <input_file_ref idref="fl-e7"/>
      </object_component>
      <object_component id="oc-22b">
         <name>.data:$O1$$</name>
         <load_address>0x2000235c</load_address>
         <run_address>0x2000235c</run_address>
         <size>0x8</size>
         <input_file_ref idref="fl-f1"/>
      </object_component>
      <object_component id="oc-18d">
         <name>.bss:lastbuffer$3</name>
         <uninitialized>true</uninitialized>
         <run_address>0x20002270</run_address>
         <size>0x54</size>
         <input_file_ref idref="fl-b"/>
      </object_component>
      <object_component id="oc-1e1">
         <name>.bss:firmware$2</name>
         <uninitialized>true</uninitialized>
         <run_address>0x200022f8</run_address>
         <size>0x18</size>
         <input_file_ref idref="fl-d"/>
      </object_component>
      <object_component id="oc-170">
         <name>.common:_timeout_ticks</name>
         <uninitialized>true</uninitialized>
         <run_address>0x20002310</run_address>
         <size>0x4</size>
      </object_component>
      <object_component id="oc-11b">
         <name>.common:right_calibration_value</name>
         <uninitialized>true</uninitialized>
         <run_address>0x20002324</run_address>
         <size>0x4</size>
      </object_component>
      <object_component id="oc-120">
         <name>.common:left_calibration_value</name>
         <uninitialized>true</uninitialized>
         <run_address>0x2000231c</run_address>
         <size>0x4</size>
      </object_component>
      <object_component id="oc-284">
         <name>.common:isr_int_value</name>
         <uninitialized>true</uninitialized>
         <run_address>0x20002318</run_address>
         <size>0x4</size>
      </object_component>
      <object_component id="oc-280">
         <name>.common:risingEdge</name>
         <uninitialized>true</uninitialized>
         <run_address>0x20002328</run_address>
         <size>0x4</size>
      </object_component>
      <object_component id="oc-281">
         <name>.common:fallingEdge</name>
         <uninitialized>true</uninitialized>
         <run_address>0x20002314</run_address>
         <size>0x4</size>
      </object_component>
      <object_component id="oc-282">
         <name>.common:pulseLength</name>
         <uninitialized>true</uninitialized>
         <run_address>0x20002320</run_address>
         <size>0x4</size>
      </object_component>
      <object_component id="oc-27d">
         <name>.common:isRisingEdge</name>
         <uninitialized>true</uninitialized>
         <run_address>0x2000232c</run_address>
         <size>0x1</size>
      </object_component>
      <object_component id="oc-1b1">
         <name>.common:isr_char_buffer</name>
         <uninitialized>true</uninitialized>
         <run_address>0x200022c4</run_address>
         <size>0x34</size>
      </object_component>
      <object_component id="oc-24">
         <name>.sysmem</name>
         <uninitialized>true</uninitialized>
         <run_address>0x20001270</run_address>
         <size>0x10</size>
         <input_file_ref idref="fl-e3"/>
      </object_component>
      <object_component id="oc-448">
         <name>.sysmem</name>
         <uninitialized>true</uninitialized>
         <run_address>0x20001270</run_address>
         <size>0x0</size>
      </object_component>
      <object_component id="oc-27">
         <name>.stack</name>
         <uninitialized>true</uninitialized>
         <run_address>0x20000270</run_address>
         <size>0x4</size>
         <input_file_ref idref="fl-e6"/>
      </object_component>
      <object_component id="oc-447">
         <name>.stack</name>
         <uninitialized>true</uninitialized>
         <run_address>0x20000270</run_address>
         <size>0x0</size>
      </object_component>
      <object_component id="oc-c5">
         <name>.debug_info</name>
         <load_address>0x0</load_address>
         <run_address>0x0</run_address>
         <size>0x2b2</size>
         <input_file_ref idref="fl-2"/>
      </object_component>
      <object_component id="oc-16e">
         <name>.debug_info</name>
         <load_address>0x2b2</load_address>
         <run_address>0x2b2</run_address>
         <size>0xc0</size>
         <input_file_ref idref="fl-2"/>
      </object_component>
      <object_component id="oc-db">
         <name>.debug_info</name>
         <load_address>0x372</load_address>
         <run_address>0x372</run_address>
         <size>0x508</size>
         <input_file_ref idref="fl-2"/>
      </object_component>
      <object_component id="oc-77">
         <name>.debug_info</name>
         <load_address>0x87a</load_address>
         <run_address>0x87a</run_address>
         <size>0x26b</size>
         <input_file_ref idref="fl-2"/>
      </object_component>
      <object_component id="oc-39">
         <name>.debug_info</name>
         <load_address>0xae5</load_address>
         <run_address>0xae5</run_address>
         <size>0x84</size>
         <input_file_ref idref="fl-2"/>
      </object_component>
      <object_component id="oc-c0">
         <name>.debug_info</name>
         <load_address>0xb69</load_address>
         <run_address>0xb69</run_address>
         <size>0x2a4</size>
         <input_file_ref idref="fl-2"/>
      </object_component>
      <object_component id="oc-7c">
         <name>.debug_info</name>
         <load_address>0xe0d</load_address>
         <run_address>0xe0d</run_address>
         <size>0xbb</size>
         <input_file_ref idref="fl-2"/>
      </object_component>
      <object_component id="oc-ec">
         <name>.debug_info</name>
         <load_address>0xec8</load_address>
         <run_address>0xec8</run_address>
         <size>0x150</size>
         <input_file_ref idref="fl-3"/>
      </object_component>
      <object_component id="oc-11c">
         <name>.debug_info</name>
         <load_address>0x1018</load_address>
         <run_address>0x1018</run_address>
         <size>0x4c5</size>
         <input_file_ref idref="fl-a"/>
      </object_component>
      <object_component id="oc-a3">
         <name>.debug_info</name>
         <load_address>0x14dd</load_address>
         <run_address>0x14dd</run_address>
         <size>0x3c7</size>
         <input_file_ref idref="fl-a"/>
      </object_component>
      <object_component id="oc-21b">
         <name>.debug_info</name>
         <load_address>0x18a4</load_address>
         <run_address>0x18a4</run_address>
         <size>0x5aa</size>
         <input_file_ref idref="fl-a"/>
      </object_component>
      <object_component id="oc-122">
         <name>.debug_info</name>
         <load_address>0x1e4e</load_address>
         <run_address>0x1e4e</run_address>
         <size>0x9d</size>
         <input_file_ref idref="fl-a"/>
      </object_component>
      <object_component id="oc-277">
         <name>.debug_info</name>
         <load_address>0x1eeb</load_address>
         <run_address>0x1eeb</run_address>
         <size>0xcc</size>
         <input_file_ref idref="fl-a"/>
      </object_component>
      <object_component id="oc-190">
         <name>.debug_info</name>
         <load_address>0x1fb7</load_address>
         <run_address>0x1fb7</run_address>
         <size>0x2c</size>
         <input_file_ref idref="fl-a"/>
      </object_component>
      <object_component id="oc-220">
         <name>.debug_info</name>
         <load_address>0x1fe3</load_address>
         <run_address>0x1fe3</run_address>
         <size>0x35</size>
         <input_file_ref idref="fl-a"/>
      </object_component>
      <object_component id="oc-18f">
         <name>.debug_info</name>
         <load_address>0x2018</load_address>
         <run_address>0x2018</run_address>
         <size>0x380</size>
         <input_file_ref idref="fl-b"/>
      </object_component>
      <object_component id="oc-173">
         <name>.debug_info</name>
         <load_address>0x2398</load_address>
         <run_address>0x2398</run_address>
         <size>0x115</size>
         <input_file_ref idref="fl-b"/>
      </object_component>
      <object_component id="oc-e0">
         <name>.debug_info</name>
         <load_address>0x24ad</load_address>
         <run_address>0x24ad</run_address>
         <size>0x8a1</size>
         <input_file_ref idref="fl-b"/>
      </object_component>
      <object_component id="oc-1e3">
         <name>.debug_info</name>
         <load_address>0x2d4e</load_address>
         <run_address>0x2d4e</run_address>
         <size>0x3fd</size>
         <input_file_ref idref="fl-d"/>
      </object_component>
      <object_component id="oc-1d2">
         <name>.debug_info</name>
         <load_address>0x314b</load_address>
         <run_address>0x314b</run_address>
         <size>0x112</size>
         <input_file_ref idref="fl-d"/>
      </object_component>
      <object_component id="oc-1df">
         <name>.debug_info</name>
         <load_address>0x325d</load_address>
         <run_address>0x325d</run_address>
         <size>0xc7</size>
         <input_file_ref idref="fl-d"/>
      </object_component>
      <object_component id="oc-1c5">
         <name>.debug_info</name>
         <load_address>0x3324</load_address>
         <run_address>0x3324</run_address>
         <size>0x13f</size>
         <input_file_ref idref="fl-d"/>
      </object_component>
      <object_component id="oc-f6">
         <name>.debug_info</name>
         <load_address>0x3463</load_address>
         <run_address>0x3463</run_address>
         <size>0x1989</size>
         <input_file_ref idref="fl-d"/>
      </object_component>
      <object_component id="oc-1e4">
         <name>.debug_info</name>
         <load_address>0x4dec</load_address>
         <run_address>0x4dec</run_address>
         <size>0x8b</size>
         <input_file_ref idref="fl-d"/>
      </object_component>
      <object_component id="oc-32">
         <name>.debug_info</name>
         <load_address>0x4e77</load_address>
         <run_address>0x4e77</run_address>
         <size>0x29c</size>
         <input_file_ref idref="fl-e"/>
      </object_component>
      <object_component id="oc-13">
         <name>.debug_info</name>
         <load_address>0x5113</load_address>
         <run_address>0x5113</run_address>
         <size>0xdb</size>
         <input_file_ref idref="fl-e"/>
      </object_component>
      <object_component id="oc-2c">
         <name>.debug_info</name>
         <load_address>0x51ee</load_address>
         <run_address>0x51ee</run_address>
         <size>0x257</size>
         <input_file_ref idref="fl-e"/>
      </object_component>
      <object_component id="oc-1ed">
         <name>.debug_info</name>
         <load_address>0x5445</load_address>
         <run_address>0x5445</run_address>
         <size>0x2fa</size>
         <input_file_ref idref="fl-f"/>
      </object_component>
      <object_component id="oc-1ea">
         <name>.debug_info</name>
         <load_address>0x573f</load_address>
         <run_address>0x573f</run_address>
         <size>0x144</size>
         <input_file_ref idref="fl-f"/>
      </object_component>
      <object_component id="oc-fe">
         <name>.debug_info</name>
         <load_address>0x5883</load_address>
         <run_address>0x5883</run_address>
         <size>0x3aa</size>
         <input_file_ref idref="fl-f"/>
      </object_component>
      <object_component id="oc-11e">
         <name>.debug_info</name>
         <load_address>0x5c2d</load_address>
         <run_address>0x5c2d</run_address>
         <size>0x485</size>
         <input_file_ref idref="fl-17"/>
      </object_component>
      <object_component id="oc-1a8">
         <name>.debug_info</name>
         <load_address>0x60b2</load_address>
         <run_address>0x60b2</run_address>
         <size>0x114</size>
         <input_file_ref idref="fl-17"/>
      </object_component>
      <object_component id="oc-e4">
         <name>.debug_info</name>
         <load_address>0x61c6</load_address>
         <run_address>0x61c6</run_address>
         <size>0x4ce</size>
         <input_file_ref idref="fl-17"/>
      </object_component>
      <object_component id="oc-1ab">
         <name>.debug_info</name>
         <load_address>0x6694</load_address>
         <run_address>0x6694</run_address>
         <size>0x9d</size>
         <input_file_ref idref="fl-17"/>
      </object_component>
      <object_component id="oc-285">
         <name>.debug_info</name>
         <load_address>0x6731</load_address>
         <run_address>0x6731</run_address>
         <size>0x2b7</size>
         <input_file_ref idref="fl-18"/>
      </object_component>
      <object_component id="oc-1a2">
         <name>.debug_info</name>
         <load_address>0x69e8</load_address>
         <run_address>0x69e8</run_address>
         <size>0x266</size>
         <input_file_ref idref="fl-18"/>
      </object_component>
      <object_component id="oc-27e">
         <name>.debug_info</name>
         <load_address>0x6c4e</load_address>
         <run_address>0x6c4e</run_address>
         <size>0x3ba</size>
         <input_file_ref idref="fl-19"/>
      </object_component>
      <object_component id="oc-19e">
         <name>.debug_info</name>
         <load_address>0x7008</load_address>
         <run_address>0x7008</run_address>
         <size>0x270</size>
         <input_file_ref idref="fl-19"/>
      </object_component>
      <object_component id="oc-196">
         <name>.debug_info</name>
         <load_address>0x7278</load_address>
         <run_address>0x7278</run_address>
         <size>0x296</size>
         <input_file_ref idref="fl-1a"/>
      </object_component>
      <object_component id="oc-1b2">
         <name>.debug_info</name>
         <load_address>0x750e</load_address>
         <run_address>0x750e</run_address>
         <size>0x32b</size>
         <input_file_ref idref="fl-1b"/>
      </object_component>
      <object_component id="oc-1b5">
         <name>.debug_info</name>
         <load_address>0x7839</load_address>
         <run_address>0x7839</run_address>
         <size>0xee</size>
         <input_file_ref idref="fl-1b"/>
      </object_component>
      <object_component id="oc-f0">
         <name>.debug_info</name>
         <load_address>0x7927</load_address>
         <run_address>0x7927</run_address>
         <size>0x608</size>
         <input_file_ref idref="fl-1b"/>
      </object_component>
      <object_component id="oc-291">
         <name>.debug_info</name>
         <load_address>0x7f2f</load_address>
         <run_address>0x7f2f</run_address>
         <size>0x26b</size>
         <input_file_ref idref="fl-1b"/>
      </object_component>
      <object_component id="oc-35b">
         <name>.debug_info</name>
         <load_address>0x819a</load_address>
         <run_address>0x819a</run_address>
         <size>0x297</size>
         <input_file_ref idref="fl-1b"/>
      </object_component>
      <object_component id="oc-28c">
         <name>.debug_info</name>
         <load_address>0x8431</load_address>
         <run_address>0x8431</run_address>
         <size>0xbb</size>
         <input_file_ref idref="fl-1b"/>
      </object_component>
      <object_component id="oc-2d7">
         <name>.debug_info</name>
         <load_address>0x84ec</load_address>
         <run_address>0x84ec</run_address>
         <size>0x46</size>
         <input_file_ref idref="fl-d1"/>
      </object_component>
      <object_component id="oc-20f">
         <name>.debug_info</name>
         <load_address>0x8532</load_address>
         <run_address>0x8532</run_address>
         <size>0x39</size>
         <input_file_ref idref="fl-d1"/>
      </object_component>
      <object_component id="oc-214">
         <name>.debug_info</name>
         <load_address>0x856b</load_address>
         <run_address>0x856b</run_address>
         <size>0x35e</size>
         <input_file_ref idref="fl-d2"/>
      </object_component>
      <object_component id="oc-1fc">
         <name>.debug_info</name>
         <load_address>0x88c9</load_address>
         <run_address>0x88c9</run_address>
         <size>0x128</size>
         <input_file_ref idref="fl-d2"/>
      </object_component>
      <object_component id="oc-108">
         <name>.debug_info</name>
         <load_address>0x89f1</load_address>
         <run_address>0x89f1</run_address>
         <size>0xbf2</size>
         <input_file_ref idref="fl-d2"/>
      </object_component>
      <object_component id="oc-2c0">
         <name>.debug_info</name>
         <load_address>0x95e3</load_address>
         <run_address>0x95e3</run_address>
         <size>0x2c5</size>
         <input_file_ref idref="fl-d3"/>
      </object_component>
      <object_component id="oc-1f2">
         <name>.debug_info</name>
         <load_address>0x98a8</load_address>
         <run_address>0x98a8</run_address>
         <size>0x24e</size>
         <input_file_ref idref="fl-d3"/>
      </object_component>
      <object_component id="oc-2d1">
         <name>.debug_info</name>
         <load_address>0x9af6</load_address>
         <run_address>0x9af6</run_address>
         <size>0x2f8</size>
         <input_file_ref idref="fl-d5"/>
      </object_component>
      <object_component id="oc-20a">
         <name>.debug_info</name>
         <load_address>0x9dee</load_address>
         <run_address>0x9dee</run_address>
         <size>0x225</size>
         <input_file_ref idref="fl-d5"/>
      </object_component>
      <object_component id="oc-376">
         <name>.debug_info</name>
         <load_address>0xa013</load_address>
         <run_address>0xa013</run_address>
         <size>0x39</size>
         <input_file_ref idref="fl-d5"/>
      </object_component>
      <object_component id="oc-2d2">
         <name>.debug_info</name>
         <load_address>0xa04c</load_address>
         <run_address>0xa04c</run_address>
         <size>0x2c</size>
         <input_file_ref idref="fl-d5"/>
      </object_component>
      <object_component id="oc-267">
         <name>.debug_info</name>
         <load_address>0xa078</load_address>
         <run_address>0xa078</run_address>
         <size>0x2c</size>
         <input_file_ref idref="fl-d6"/>
      </object_component>
      <object_component id="oc-266">
         <name>.debug_info</name>
         <load_address>0xa0a4</load_address>
         <run_address>0xa0a4</run_address>
         <size>0x340</size>
         <input_file_ref idref="fl-d7"/>
      </object_component>
      <object_component id="oc-17d">
         <name>.debug_info</name>
         <load_address>0xa3e4</load_address>
         <run_address>0xa3e4</run_address>
         <size>0x208</size>
         <input_file_ref idref="fl-d7"/>
      </object_component>
      <object_component id="oc-25d">
         <name>.debug_info</name>
         <load_address>0xa5ec</load_address>
         <run_address>0xa5ec</run_address>
         <size>0x1c6</size>
         <input_file_ref idref="fl-d7"/>
      </object_component>
      <object_component id="oc-262">
         <name>.debug_info</name>
         <load_address>0xa7b2</load_address>
         <run_address>0xa7b2</run_address>
         <size>0x179</size>
         <input_file_ref idref="fl-d7"/>
      </object_component>
      <object_component id="oc-26c">
         <name>.debug_info</name>
         <load_address>0xa92b</load_address>
         <run_address>0xa92b</run_address>
         <size>0x69</size>
         <input_file_ref idref="fl-d7"/>
      </object_component>
      <object_component id="oc-1db">
         <name>.debug_info</name>
         <load_address>0xa994</load_address>
         <run_address>0xa994</run_address>
         <size>0x14c</size>
         <input_file_ref idref="fl-d8"/>
      </object_component>
      <object_component id="oc-200">
         <name>.debug_info</name>
         <load_address>0xaae0</load_address>
         <run_address>0xaae0</run_address>
         <size>0x128</size>
         <input_file_ref idref="fl-d9"/>
      </object_component>
      <object_component id="oc-206">
         <name>.debug_info</name>
         <load_address>0xac08</load_address>
         <run_address>0xac08</run_address>
         <size>0x12a</size>
         <input_file_ref idref="fl-d9"/>
      </object_component>
      <object_component id="oc-1d5">
         <name>.debug_info</name>
         <load_address>0xad32</load_address>
         <run_address>0xad32</run_address>
         <size>0x13a</size>
         <input_file_ref idref="fl-da"/>
      </object_component>
      <object_component id="oc-10d">
         <name>.debug_info</name>
         <load_address>0xae6c</load_address>
         <run_address>0xae6c</run_address>
         <size>0x13a</size>
         <input_file_ref idref="fl-db"/>
      </object_component>
      <object_component id="oc-112">
         <name>.debug_info</name>
         <load_address>0xafa6</load_address>
         <run_address>0xafa6</run_address>
         <size>0x13e</size>
         <input_file_ref idref="fl-dc"/>
      </object_component>
      <object_component id="oc-117">
         <name>.debug_info</name>
         <load_address>0xb0e4</load_address>
         <run_address>0xb0e4</run_address>
         <size>0x12c</size>
         <input_file_ref idref="fl-dd"/>
      </object_component>
      <object_component id="oc-103">
         <name>.debug_info</name>
         <load_address>0xb210</load_address>
         <run_address>0xb210</run_address>
         <size>0x12c</size>
         <input_file_ref idref="fl-de"/>
      </object_component>
      <object_component id="oc-40">
         <name>.debug_info</name>
         <load_address>0xb33c</load_address>
         <run_address>0xb33c</run_address>
         <size>0x119</size>
         <input_file_ref idref="fl-df"/>
      </object_component>
      <object_component id="oc-95">
         <name>.debug_info</name>
         <load_address>0xb455</load_address>
         <run_address>0xb455</run_address>
         <size>0x2d4</size>
         <input_file_ref idref="fl-e0"/>
      </object_component>
      <object_component id="oc-4c">
         <name>.debug_info</name>
         <load_address>0xb729</load_address>
         <run_address>0xb729</run_address>
         <size>0x1d2</size>
         <input_file_ref idref="fl-e0"/>
      </object_component>
      <object_component id="oc-90">
         <name>.debug_info</name>
         <load_address>0xb8fb</load_address>
         <run_address>0xb8fb</run_address>
         <size>0x46</size>
         <input_file_ref idref="fl-e0"/>
      </object_component>
      <object_component id="oc-ce">
         <name>.debug_info</name>
         <load_address>0xb941</load_address>
         <run_address>0xb941</run_address>
         <size>0x2c</size>
         <input_file_ref idref="fl-e0"/>
      </object_component>
      <object_component id="oc-49">
         <name>.debug_info</name>
         <load_address>0xb96d</load_address>
         <run_address>0xb96d</run_address>
         <size>0x2a8</size>
         <input_file_ref idref="fl-e1"/>
      </object_component>
      <object_component id="oc-1e">
         <name>.debug_info</name>
         <load_address>0xbc15</load_address>
         <run_address>0xbc15</run_address>
         <size>0x1ea</size>
         <input_file_ref idref="fl-e1"/>
      </object_component>
      <object_component id="oc-44">
         <name>.debug_info</name>
         <load_address>0xbdff</load_address>
         <run_address>0xbdff</run_address>
         <size>0x46</size>
         <input_file_ref idref="fl-e1"/>
      </object_component>
      <object_component id="oc-88">
         <name>.debug_info</name>
         <load_address>0xbe45</load_address>
         <run_address>0xbe45</run_address>
         <size>0x2c</size>
         <input_file_ref idref="fl-e1"/>
      </object_component>
      <object_component id="oc-86">
         <name>.debug_info</name>
         <load_address>0xbe71</load_address>
         <run_address>0xbe71</run_address>
         <size>0x29e</size>
         <input_file_ref idref="fl-e2"/>
      </object_component>
      <object_component id="oc-17">
         <name>.debug_info</name>
         <load_address>0xc10f</load_address>
         <run_address>0xc10f</run_address>
         <size>0x250</size>
         <input_file_ref idref="fl-e2"/>
      </object_component>
      <object_component id="oc-34">
         <name>.debug_info</name>
         <load_address>0xc35f</load_address>
         <run_address>0xc35f</run_address>
         <size>0x60</size>
         <input_file_ref idref="fl-e2"/>
      </object_component>
      <object_component id="oc-c7">
         <name>.debug_info</name>
         <load_address>0xc3bf</load_address>
         <run_address>0xc3bf</run_address>
         <size>0x46</size>
         <input_file_ref idref="fl-e2"/>
      </object_component>
      <object_component id="oc-81">
         <name>.debug_info</name>
         <load_address>0xc405</load_address>
         <run_address>0xc405</run_address>
         <size>0x39</size>
         <input_file_ref idref="fl-e2"/>
      </object_component>
      <object_component id="oc-70">
         <name>.debug_info</name>
         <load_address>0xc43e</load_address>
         <run_address>0xc43e</run_address>
         <size>0x3b2</size>
         <input_file_ref idref="fl-e3"/>
      </object_component>
      <object_component id="oc-25">
         <name>.debug_info</name>
         <load_address>0xc7f0</load_address>
         <run_address>0xc7f0</run_address>
         <size>0x10c</size>
         <input_file_ref idref="fl-e3"/>
      </object_component>
      <object_component id="oc-368">
         <name>.debug_info</name>
         <load_address>0xc8fc</load_address>
         <run_address>0xc8fc</run_address>
         <size>0x13f</size>
         <input_file_ref idref="fl-e3"/>
      </object_component>
      <object_component id="oc-29b">
         <name>.debug_info</name>
         <load_address>0xca3b</load_address>
         <run_address>0xca3b</run_address>
         <size>0x168</size>
         <input_file_ref idref="fl-e3"/>
      </object_component>
      <object_component id="oc-2a1">
         <name>.debug_info</name>
         <load_address>0xcba3</load_address>
         <run_address>0xcba3</run_address>
         <size>0x18e</size>
         <input_file_ref idref="fl-e3"/>
      </object_component>
      <object_component id="oc-2a8">
         <name>.debug_info</name>
         <load_address>0xcd31</load_address>
         <run_address>0xcd31</run_address>
         <size>0x19f</size>
         <input_file_ref idref="fl-e3"/>
      </object_component>
      <object_component id="oc-1c0">
         <name>.debug_info</name>
         <load_address>0xced0</load_address>
         <run_address>0xced0</run_address>
         <size>0x203</size>
         <input_file_ref idref="fl-e3"/>
      </object_component>
      <object_component id="oc-3e1">
         <name>.debug_info</name>
         <load_address>0xd0d3</load_address>
         <run_address>0xd0d3</run_address>
         <size>0x1db</size>
         <input_file_ref idref="fl-e3"/>
      </object_component>
      <object_component id="oc-1ba">
         <name>.debug_info</name>
         <load_address>0xd2ae</load_address>
         <run_address>0xd2ae</run_address>
         <size>0x1a5</size>
         <input_file_ref idref="fl-e3"/>
      </object_component>
      <object_component id="oc-363">
         <name>.debug_info</name>
         <load_address>0xd453</load_address>
         <run_address>0xd453</run_address>
         <size>0x299</size>
         <input_file_ref idref="fl-e3"/>
      </object_component>
      <object_component id="oc-bb">
         <name>.debug_info</name>
         <load_address>0xd6ec</load_address>
         <run_address>0xd6ec</run_address>
         <size>0xb2</size>
         <input_file_ref idref="fl-e3"/>
      </object_component>
      <object_component id="oc-b6">
         <name>.debug_info</name>
         <load_address>0xd79e</load_address>
         <run_address>0xd79e</run_address>
         <size>0x2c</size>
         <input_file_ref idref="fl-e3"/>
      </object_component>
      <object_component id="oc-272">
         <name>.debug_info</name>
         <load_address>0xd7ca</load_address>
         <run_address>0xd7ca</run_address>
         <size>0x28a</size>
         <input_file_ref idref="fl-e4"/>
      </object_component>
      <object_component id="oc-181">
         <name>.debug_info</name>
         <load_address>0xda54</load_address>
         <run_address>0xda54</run_address>
         <size>0x273</size>
         <input_file_ref idref="fl-e4"/>
      </object_component>
      <object_component id="oc-274">
         <name>.debug_info</name>
         <load_address>0xdcc7</load_address>
         <run_address>0xdcc7</run_address>
         <size>0x2a4</size>
         <input_file_ref idref="fl-e5"/>
      </object_component>
      <object_component id="oc-186">
         <name>.debug_info</name>
         <load_address>0xdf6b</load_address>
         <run_address>0xdf6b</run_address>
         <size>0x24d</size>
         <input_file_ref idref="fl-e5"/>
      </object_component>
      <object_component id="oc-28">
         <name>.debug_info</name>
         <load_address>0xe1b8</load_address>
         <run_address>0xe1b8</run_address>
         <size>0x10b</size>
         <input_file_ref idref="fl-e6"/>
      </object_component>
      <object_component id="oc-5d">
         <name>.debug_info</name>
         <load_address>0xe2c3</load_address>
         <run_address>0xe2c3</run_address>
         <size>0x1a9</size>
         <input_file_ref idref="fl-e6"/>
      </object_component>
      <object_component id="oc-2c5">
         <name>.debug_info</name>
         <load_address>0xe46c</load_address>
         <run_address>0xe46c</run_address>
         <size>0x289</size>
         <input_file_ref idref="fl-e7"/>
      </object_component>
      <object_component id="oc-2c2">
         <name>.debug_info</name>
         <load_address>0xe6f5</load_address>
         <run_address>0xe6f5</run_address>
         <size>0x10e</size>
         <input_file_ref idref="fl-e7"/>
      </object_component>
      <object_component id="oc-1f8">
         <name>.debug_info</name>
         <load_address>0xe803</load_address>
         <run_address>0xe803</run_address>
         <size>0x14e</size>
         <input_file_ref idref="fl-e7"/>
      </object_component>
      <object_component id="oc-2cd">
         <name>.debug_info</name>
         <load_address>0xe951</load_address>
         <run_address>0xe951</run_address>
         <size>0x161</size>
         <input_file_ref idref="fl-e8"/>
      </object_component>
      <object_component id="oc-344">
         <name>.debug_info</name>
         <load_address>0xeab2</load_address>
         <run_address>0xeab2</run_address>
         <size>0x590</size>
         <input_file_ref idref="fl-e9"/>
      </object_component>
      <object_component id="oc-31b">
         <name>.debug_info</name>
         <load_address>0xf042</load_address>
         <run_address>0xf042</run_address>
         <size>0x21e</size>
         <input_file_ref idref="fl-e9"/>
      </object_component>
      <object_component id="oc-3a4">
         <name>.debug_info</name>
         <load_address>0xf260</load_address>
         <run_address>0xf260</run_address>
         <size>0x1b3</size>
         <input_file_ref idref="fl-e9"/>
      </object_component>
      <object_component id="oc-3a9">
         <name>.debug_info</name>
         <load_address>0xf413</load_address>
         <run_address>0xf413</run_address>
         <size>0x21b</size>
         <input_file_ref idref="fl-e9"/>
      </object_component>
      <object_component id="oc-320">
         <name>.debug_info</name>
         <load_address>0xf62e</load_address>
         <run_address>0xf62e</run_address>
         <size>0x3c0</size>
         <input_file_ref idref="fl-e9"/>
      </object_component>
      <object_component id="oc-3b1">
         <name>.debug_info</name>
         <load_address>0xf9ee</load_address>
         <run_address>0xf9ee</run_address>
         <size>0x30a</size>
         <input_file_ref idref="fl-e9"/>
      </object_component>
      <object_component id="oc-3b7">
         <name>.debug_info</name>
         <load_address>0xfcf8</load_address>
         <run_address>0xfcf8</run_address>
         <size>0x215</size>
         <input_file_ref idref="fl-e9"/>
      </object_component>
      <object_component id="oc-326">
         <name>.debug_info</name>
         <load_address>0xff0d</load_address>
         <run_address>0xff0d</run_address>
         <size>0x215</size>
         <input_file_ref idref="fl-e9"/>
      </object_component>
      <object_component id="oc-32c">
         <name>.debug_info</name>
         <load_address>0x10122</load_address>
         <run_address>0x10122</run_address>
         <size>0x304</size>
         <input_file_ref idref="fl-e9"/>
      </object_component>
      <object_component id="oc-333">
         <name>.debug_info</name>
         <load_address>0x10426</load_address>
         <run_address>0x10426</run_address>
         <size>0x4b5</size>
         <input_file_ref idref="fl-e9"/>
      </object_component>
      <object_component id="oc-254">
         <name>.debug_info</name>
         <load_address>0x108db</load_address>
         <run_address>0x108db</run_address>
         <size>0x5f4</size>
         <input_file_ref idref="fl-e9"/>
      </object_component>
      <object_component id="oc-345">
         <name>.debug_info</name>
         <load_address>0x10ecf</load_address>
         <run_address>0x10ecf</run_address>
         <size>0x86</size>
         <input_file_ref idref="fl-e9"/>
      </object_component>
      <object_component id="oc-3d5">
         <name>.debug_info</name>
         <load_address>0x10f55</load_address>
         <run_address>0x10f55</run_address>
         <size>0x39</size>
         <input_file_ref idref="fl-e9"/>
      </object_component>
      <object_component id="oc-409">
         <name>.debug_info</name>
         <load_address>0x10f8e</load_address>
         <run_address>0x10f8e</run_address>
         <size>0xb6</size>
         <input_file_ref idref="fl-e9"/>
      </object_component>
      <object_component id="oc-3da">
         <name>.debug_info</name>
         <load_address>0x11044</load_address>
         <run_address>0x11044</run_address>
         <size>0x46</size>
         <input_file_ref idref="fl-e9"/>
      </object_component>
      <object_component id="oc-34a">
         <name>.debug_info</name>
         <load_address>0x1108a</load_address>
         <run_address>0x1108a</run_address>
         <size>0x46</size>
         <input_file_ref idref="fl-e9"/>
      </object_component>
      <object_component id="oc-399">
         <name>.debug_info</name>
         <load_address>0x110d0</load_address>
         <run_address>0x110d0</run_address>
         <size>0x12e</size>
         <input_file_ref idref="fl-ea"/>
      </object_component>
      <object_component id="oc-98">
         <name>.debug_info</name>
         <load_address>0x111fe</load_address>
         <run_address>0x111fe</run_address>
         <size>0x147</size>
         <input_file_ref idref="fl-eb"/>
      </object_component>
      <object_component id="oc-392">
         <name>.debug_info</name>
         <load_address>0x11345</load_address>
         <run_address>0x11345</run_address>
         <size>0x134</size>
         <input_file_ref idref="fl-ec"/>
      </object_component>
      <object_component id="oc-232">
         <name>.debug_info</name>
         <load_address>0x11479</load_address>
         <run_address>0x11479</run_address>
         <size>0x4b3</size>
         <input_file_ref idref="fl-ed"/>
      </object_component>
      <object_component id="oc-134">
         <name>.debug_info</name>
         <load_address>0x1192c</load_address>
         <run_address>0x1192c</run_address>
         <size>0x1a6</size>
         <input_file_ref idref="fl-ed"/>
      </object_component>
      <object_component id="oc-2ee">
         <name>.debug_info</name>
         <load_address>0x11ad2</load_address>
         <run_address>0x11ad2</run_address>
         <size>0x39</size>
         <input_file_ref idref="fl-ed"/>
      </object_component>
      <object_component id="oc-37e">
         <name>.debug_info</name>
         <load_address>0x11b0b</load_address>
         <run_address>0x11b0b</run_address>
         <size>0x39</size>
         <input_file_ref idref="fl-ed"/>
      </object_component>
      <object_component id="oc-2f3">
         <name>.debug_info</name>
         <load_address>0x11b44</load_address>
         <run_address>0x11b44</run_address>
         <size>0x39</size>
         <input_file_ref idref="fl-ed"/>
      </object_component>
      <object_component id="oc-2f8">
         <name>.debug_info</name>
         <load_address>0x11b7d</load_address>
         <run_address>0x11b7d</run_address>
         <size>0xcd</size>
         <input_file_ref idref="fl-ed"/>
      </object_component>
      <object_component id="oc-a0">
         <name>.debug_info</name>
         <load_address>0x11c4a</load_address>
         <run_address>0x11c4a</run_address>
         <size>0x153</size>
         <input_file_ref idref="fl-ee"/>
      </object_component>
      <object_component id="oc-128">
         <name>.debug_info</name>
         <load_address>0x11d9d</load_address>
         <run_address>0x11d9d</run_address>
         <size>0x122</size>
         <input_file_ref idref="fl-f0"/>
      </object_component>
      <object_component id="oc-2e8">
         <name>.debug_info</name>
         <load_address>0x11ebf</load_address>
         <run_address>0x11ebf</run_address>
         <size>0x2c9</size>
         <input_file_ref idref="fl-f1"/>
      </object_component>
      <object_component id="oc-22c">
         <name>.debug_info</name>
         <load_address>0x12188</load_address>
         <run_address>0x12188</run_address>
         <size>0x11e</size>
         <input_file_ref idref="fl-f1"/>
      </object_component>
      <object_component id="oc-2e1">
         <name>.debug_info</name>
         <load_address>0x122a6</load_address>
         <run_address>0x122a6</run_address>
         <size>0x12e</size>
         <input_file_ref idref="fl-f1"/>
      </object_component>
      <object_component id="oc-3f7">
         <name>.debug_info</name>
         <load_address>0x123d4</load_address>
         <run_address>0x123d4</run_address>
         <size>0x29c</size>
         <input_file_ref idref="fl-f2"/>
      </object_component>
      <object_component id="oc-3a0">
         <name>.debug_info</name>
         <load_address>0x12670</load_address>
         <run_address>0x12670</run_address>
         <size>0x1da</size>
         <input_file_ref idref="fl-f2"/>
      </object_component>
      <object_component id="oc-390">
         <name>.debug_info</name>
         <load_address>0x1284a</load_address>
         <run_address>0x1284a</run_address>
         <size>0x2b9</size>
         <input_file_ref idref="fl-f4"/>
      </object_component>
      <object_component id="oc-315">
         <name>.debug_info</name>
         <load_address>0x12b03</load_address>
         <run_address>0x12b03</run_address>
         <size>0x17c</size>
         <input_file_ref idref="fl-f4"/>
      </object_component>
      <object_component id="oc-3ec">
         <name>.debug_info</name>
         <load_address>0x12c7f</load_address>
         <run_address>0x12c7f</run_address>
         <size>0xf9</size>
         <input_file_ref idref="fl-f5"/>
      </object_component>
[...]
         <value>0x84b</value>
         <object_component_ref idref="oc-f5"/>
      </symbol>
      <symbol id="sm-205">
         <name>oi_init</name>
         <value>0x2b1</value>
         <object_component_ref idref="oc-f5"/>
      </symbol>
      <symbol id="sm-206">
         <name>oi_update</name>
         <value>0x2d9</value>
         <object_component_ref idref="oc-f5"/>
      </symbol>
      <symbol id="sm-207">
         <name>oi_uartInit</name>
         <value>0x98d</value>
         <object_component_ref idref="oc-f5"/>
      </symbol>
      <symbol id="sm-223">
         <name>ResetISR</name>
         <value>0x4f05</value>
         <object_component_ref idref="oc-2a"/>
      </symbol>
      <symbol id="sm-224">
         <name>g_pfnVectors</name>
         <value>0x0</value>
         <object_component_ref idref="oc-12"/>
      </symbol>
      <symbol id="sm-263">
         <name>UART1_Handler</name>
         <value>0x30c7</value>
         <object_component_ref idref="oc-fb"/>
      </symbol>
      <symbol id="sm-264">
         <name>stop_command</name>
         <value>0x20002351</value>
         <object_component_ref idref="oc-1e9"/>
      </symbol>
      <symbol id="sm-265">
         <name>uart_sendChar</name>
         <value>0x3073</value>
         <object_component_ref idref="oc-fb"/>
      </symbol>
      <symbol id="sm-266">
         <name>stop_flag</name>
         <value>0x20002358</value>
         <object_component_ref idref="oc-1e9"/>
      </symbol>
      <symbol id="sm-267">
         <name>uart_interrupt_init</name>
         <value>0x2f95</value>
         <object_component_ref idref="oc-fb"/>
      </symbol>
      <symbol id="sm-268">
         <name>start_flag</name>
         <value>0x20002354</value>
         <object_component_ref idref="oc-1e9"/>
      </symbol>
      <symbol id="sm-269">
         <name>start_command</name>
         <value>0x20002350</value>
         <object_component_ref idref="oc-1e9"/>
      </symbol>
      <symbol id="sm-26a">
         <name>uart_receive</name>
         <value>0x308f</value>
         <object_component_ref idref="oc-fb"/>
      </symbol>
      <symbol id="sm-26b">
         <name>uart_sendStr</name>
         <value>0x30a3</value>
         <object_component_ref idref="oc-fb"/>
      </symbol>
      <symbol id="sm-2a7">
         <name>cyBOT_SERVO_cal</name>
         <value>0x2bc5</value>
         <object_component_ref idref="oc-e3"/>
      </symbol>
      <symbol id="sm-2a8">
         <name>cyBOT_Scan</name>
         <value>0x2b53</value>
         <object_component_ref idref="oc-e3"/>
      </symbol>
      <symbol id="sm-2a9">
         <name>cyBOT_scan_features</name>
         <value>0x2000236c</value>
         <object_component_ref idref="oc-1a7"/>
      </symbol>
      <symbol id="sm-2aa">
         <name>cyBOT_scan_version</name>
         <value>0x2aed</value>
         <object_component_ref idref="oc-e3"/>
      </symbol>
      <symbol id="sm-2ab">
         <name>cyBOT_init_Scan</name>
         <value>0x2afb</value>
         <object_component_ref idref="oc-e3"/>
      </symbol>
      <symbol id="sm-2d2">
         <name>isr_int_value</name>
         <value>0x20002318</value>
      </symbol>
      <symbol id="sm-2d3">
         <name>ir_enableInterrupt</name>
         <value>0x3f37</value>
         <object_component_ref idref="oc-1a1"/>
      </symbol>
      <symbol id="sm-2d4">
         <name>ir_getDistance</name>
         <value>0x3f19</value>
         <object_component_ref idref="oc-1a1"/>
      </symbol>
      <symbol id="sm-2d5">
         <name>ir_init</name>
         <value>0x3e89</value>
         <object_component_ref idref="oc-1a1"/>
      </symbol>
      <symbol id="sm-2d6">
         <name>ADC0SS0_Handler</name>
         <value>0x3f21</value>
         <object_component_ref idref="oc-1a1"/>
      </symbol>
      <symbol id="sm-2d7">
         <name>ir_getValue</name>
         <value>0x3ef1</value>
         <object_component_ref idref="oc-1a1"/>
      </symbol>
      <symbol id="sm-306">
         <name>risingEdge</name>
         <value>0x20002328</value>
      </symbol>
      <symbol id="sm-307">
         <name>fallingEdge</name>
         <value>0x20002314</value>
      </symbol>
      <symbol id="sm-308">
         <name>pulseLength</name>
         <value>0x20002320</value>
      </symbol>
      <symbol id="sm-309">
         <name>isRisingEdge</name>
         <value>0x2000232c</value>
      </symbol>
      <symbol id="sm-30a">
         <name>TIMER3B_Handler</name>
         <value>0x327d</value>
         <object_component_ref idref="oc-19b"/>
      </symbol>
      <symbol id="sm-30b">
         <name>ping_init</name>
         <value>0x318d</value>
         <object_component_ref idref="oc-19b"/>
      </symbol>
      <symbol id="sm-30c">
         <name>ping_getDistance</name>
         <value>0x32cf</value>
         <object_component_ref idref="oc-19b"/>
      </symbol>
      <symbol id="sm-30d">
         <name>ping_trigger</name>
         <value>0x3213</value>
         <object_component_ref idref="oc-19b"/>
      </symbol>
      <symbol id="sm-32f">
         <name>servo_move</name>
         <value>0x3791</value>
         <object_component_ref idref="oc-195"/>
      </symbol>
      <symbol id="sm-330">
         <name>servo_init</name>
         <value>0x3701</value>
         <object_component_ref idref="oc-195"/>
      </symbol>
      <symbol id="sm-331">
         <name>servo_stop</name>
         <value>0x3785</value>
         <object_component_ref idref="oc-195"/>
      </symbol>
      <symbol id="sm-332">
         <name>servo_setPWM</name>
         <value>0x37f1</value>
         <object_component_ref idref="oc-195"/>
      </symbol>
      <symbol id="sm-376">
         <name>isr_char_buffer</name>
         <value>0x200022c4</value>
      </symbol>
      <symbol id="sm-377">
         <name>cyBot_uart_init_clean</name>
         <value>0x268b</value>
         <object_component_ref idref="oc-ef"/>
      </symbol>
      <symbol id="sm-378">
         <name>cyBot_sendByte</name>
         <value>0x25d5</value>
         <object_component_ref idref="oc-ef"/>
      </symbol>
      <symbol id="sm-379">
         <name>cyBot_uart_sendStr</name>
         <value>0x25e1</value>
         <object_component_ref idref="oc-ef"/>
      </symbol>
      <symbol id="sm-37a">
         <name>cyBot_getByte_blocking</name>
         <value>0x2813</value>
         <object_component_ref idref="oc-ef"/>
      </symbol>
      <symbol id="sm-37b">
         <name>cyBot_getByte_nonblocking</name>
         <value>0x27f3</value>
         <object_component_ref idref="oc-ef"/>
      </symbol>
      <symbol id="sm-37c">
         <name>isr_counter</name>
         <value>0x20002370</value>
         <object_component_ref idref="oc-1b4"/>
      </symbol>
      <symbol id="sm-37d">
         <name>cyBot_uart_sendBuffer</name>
         <value>0x25fb</value>
         <object_component_ref idref="oc-ef"/>
      </symbol>
      <symbol id="sm-37e">
         <name>cyBot_uart_init_PHJ_first_half</name>
         <value>0x26e3</value>
         <object_component_ref idref="oc-ef"/>
      </symbol>
      <symbol id="sm-37f">
         <name>cyBot_uart_init_last_half</name>
         <value>0x2613</value>
         <object_component_ref idref="oc-ef"/>
      </symbol>
      <symbol id="sm-380">
         <name>cyBot_uart_flush</name>
         <value>0x27d9</value>
         <object_component_ref idref="oc-ef"/>
      </symbol>
      <symbol id="sm-381">
         <name>cyBot_UART1_Handler</name>
         <value>0x2821</value>
         <object_component_ref idref="oc-ef"/>
      </symbol>
      <symbol id="sm-382">
         <name>cyBot_uart_init</name>
         <value>0x2743</value>
         <object_component_ref idref="oc-ef"/>
      </symbol>
      <symbol id="sm-419">
         <name>pow</name>
         <value>0x18dd</value>
         <object_component_ref idref="oc-106"/>
      </symbol>
      <symbol id="sm-41a">
         <name>powl</name>
         <value>0x18dd</value>
         <object_component_ref idref="oc-106"/>
      </symbol>
      <symbol id="sm-43c">
         <name>sqrtl</name>
         <value>0x3859</value>
         <object_component_ref idref="oc-1ef"/>
      </symbol>
      <symbol id="sm-43d">
         <name>sqrt</name>
         <value>0x3859</value>
         <object_component_ref idref="oc-1ef"/>
      </symbol>
      <symbol id="sm-465">
         <name>scalbn</name>
         <value>0x3fa1</value>
         <object_component_ref idref="oc-208"/>
      </symbol>
      <symbol id="sm-466">
         <name>scalbnl</name>
         <value>0x3fa1</value>
         <object_component_ref idref="oc-208"/>
      </symbol>
      <symbol id="sm-467">
         <name>ldexpl</name>
         <value>0x3fa1</value>
         <object_component_ref idref="oc-208"/>
      </symbol>
      <symbol id="sm-468">
         <name>ldexp</name>
         <value>0x3fa1</value>
         <object_component_ref idref="oc-208"/>
      </symbol>
      <symbol id="sm-498">
         <name>vsnprintf</name>
         <value>0x4be5</value>
         <object_component_ref idref="oc-179"/>
      </symbol>
      <symbol id="sm-4af">
         <name>__aeabi_dsub</name>
         <value>0x3549</value>
         <object_component_ref idref="oc-1d9"/>
      </symbol>
      <symbol id="sm-4b0">
         <name>__aeabi_dadd</name>
         <value>0x3553</value>
         <object_component_ref idref="oc-1d9"/>
      </symbol>
      <symbol id="sm-4d2">
         <name>__aeabi_cdcmpeq</name>
         <value>0x4671</value>
         <object_component_ref idref="oc-1fe"/>
      </symbol>
      <symbol id="sm-4d3">
         <name>__aeabi_cdcmple</name>
         <value>0x4671</value>
         <object_component_ref idref="oc-1fe"/>
      </symbol>
      <symbol id="sm-4d4">
         <name>__aeabi_cdrcmple</name>
         <value>0x46f7</value>
         <object_component_ref idref="oc-203"/>
      </symbol>
      <symbol id="sm-4e8">
         <name>__aeabi_ddiv</name>
         <value>0x3c2d</value>
         <object_component_ref idref="oc-1d4"/>
      </symbol>
      <symbol id="sm-4f3">
         <name>__aeabi_dmul</name>
         <value>0x42ad</value>
         <object_component_ref idref="oc-10c"/>
      </symbol>
      <symbol id="sm-4ff">
         <name>__aeabi_d2f</name>
         <value>0x48d7</value>
         <object_component_ref idref="oc-111"/>
      </symbol>
      <symbol id="sm-50a">
         <name>__aeabi_f2d</name>
         <value>0x4c9d</value>
         <object_component_ref idref="oc-116"/>
      </symbol>
      <symbol id="sm-514">
         <name>__aeabi_i2d</name>
         <value>0x4d6d</value>
         <object_component_ref idref="oc-101"/>
      </symbol>
      <symbol id="sm-52f">
         <name>memcpy</name>
         <value>0x453f</value>
         <object_component_ref idref="oc-3e"/>
      </symbol>
      <symbol id="sm-530">
         <name>__aeabi_memcpy</name>
         <value>0x453f</value>
         <object_component_ref idref="oc-3e"/>
      </symbol>
      <symbol id="sm-531">
         <name>__aeabi_memcpy8</name>
         <value>0x453f</value>
         <object_component_ref idref="oc-3e"/>
      </symbol>
      <symbol id="sm-532">
         <name>__aeabi_memcpy4</name>
         <value>0x453f</value>
         <object_component_ref idref="oc-3e"/>
      </symbol>
      <symbol id="sm-54b">
         <name>__TI_zero_init_nomemset</name>
         <value>0x4dc5</value>
         <object_component_ref idref="oc-4a"/>
      </symbol>
      <symbol id="sm-562">
         <name>__TI_decompress_none</name>
         <value>0x4eeb</value>
         <object_component_ref idref="oc-1b"/>
      </symbol>
      <symbol id="sm-585">
         <name>__TI_decompress_lzss</name>
         <value>0x4945</value>
         <object_component_ref idref="oc-15"/>
      </symbol>
      <symbol id="sm-61a">
         <name>_sys_memory</name>
         <value>0x20001270</value>
         <object_component_ref idref="oc-24"/>
      </symbol>
      <symbol id="sm-61b">
         <name>free</name>
         <value>0x43a9</value>
         <object_component_ref idref="oc-1be"/>
      </symbol>
      <symbol id="sm-61c">
         <name>memalign</name>
         <value>0x40b1</value>
         <object_component_ref idref="oc-360"/>
      </symbol>
      <symbol id="sm-61d">
         <name>calloc</name>
         <value>0x4c65</value>
         <object_component_ref idref="oc-1b8"/>
      </symbol>
      <symbol id="sm-61e">
         <name>malloc</name>
         <value>0x4f19</value>
         <object_component_ref idref="oc-298"/>
      </symbol>
      <symbol id="sm-61f">
         <name>aligned_alloc</name>
         <value>0x40b1</value>
         <object_component_ref idref="oc-360"/>
      </symbol>
      <symbol id="sm-62e">
         <name>strcmp</name>
         <value>0x4e63</value>
         <object_component_ref idref="oc-17f"/>
      </symbol>
      <symbol id="sm-63c">
         <name>strcpy</name>
         <value>0x4e91</value>
         <object_component_ref idref="oc-185"/>
      </symbol>
      <symbol id="sm-64f">
         <name>__stack</name>
         <value>0x20000270</value>
         <object_component_ref idref="oc-27"/>
      </symbol>
      <symbol id="sm-650">
         <name>_c_int00_noargs</name>
         <value>0x4d09</value>
         <object_component_ref idref="oc-5c"/>
      </symbol>
      <symbol id="sm-666">
         <name>__aeabi_errno_addr</name>
         <value>0x4f11</value>
         <object_component_ref idref="oc-1f5"/>
      </symbol>
      <symbol id="sm-667">
         <name>errno</name>
         <value>0x20002374</value>
         <object_component_ref idref="oc-2c1"/>
      </symbol>
      <symbol id="sm-671">
         <name>copysign</name>
         <value>0x4e19</value>
         <object_component_ref idref="oc-2ca"/>
      </symbol>
      <symbol id="sm-672">
         <name>copysignl</name>
         <value>0x4e19</value>
         <object_component_ref idref="oc-2ca"/>
      </symbol>
      <symbol id="sm-7d7">
         <name>__TI_printfi</name>
         <value>0xe8d</value>
         <object_component_ref idref="oc-253"/>
      </symbol>
      <symbol id="sm-7e1">
         <name>__aeabi_d2iz</name>
         <value>0x4b59</value>
         <object_component_ref idref="oc-397"/>
      </symbol>
      <symbol id="sm-7f0">
         <name>__aeabi_memset</name>
         <value>0x477f</value>
         <object_component_ref idref="oc-96"/>
      </symbol>
      <symbol id="sm-7f1">
         <name>memset</name>
         <value>0x4785</value>
         <object_component_ref idref="oc-96"/>
      </symbol>
      <symbol id="sm-7f2">
         <name>__aeabi_memset8</name>
         <value>0x477f</value>
         <object_component_ref idref="oc-96"/>
      </symbol>
      <symbol id="sm-7f3">
         <name>__aeabi_memset4</name>
         <value>0x477f</value>
         <object_component_ref idref="oc-96"/>
      </symbol>
      <symbol id="sm-7f4">
         <name>__aeabi_memclr8</name>
         <value>0x477d</value>
         <object_component_ref idref="oc-96"/>
      </symbol>
      <symbol id="sm-7f5">
         <name>__aeabi_memclr4</name>
         <value>0x477d</value>
         <object_component_ref idref="oc-96"/>
      </symbol>
      <symbol id="sm-7f6">
         <name>__aeabi_memclr</name>
         <value>0x477d</value>
         <object_component_ref idref="oc-96"/>
      </symbol>
      <symbol id="sm-803">
         <name>__aeabi_uldivmod</name>
         <value>0x45db</value>
         <object_component_ref idref="oc-391"/>
      </symbol>
      <symbol id="sm-82b">
         <name>__TI_auto_init_nobinit_nopinit</name>
         <value>0x4ba1</value>
         <object_component_ref idref="oc-133"/>
      </symbol>
      <symbol id="sm-835">
         <name>_system_pre_init</name>
         <value>0x4f21</value>
         <object_component_ref idref="oc-9c"/>
      </symbol>
      <symbol id="sm-841">
         <name>C$$EXIT</name>
         <value>0x4f25</value>
         <object_component_ref idref="oc-127"/>
      </symbol>
      <symbol id="sm-842">
         <name>abort</name>
         <value>0x4f25</value>
         <object_component_ref idref="oc-127"/>
      </symbol>
      <symbol id="sm-857">
         <name>_nop</name>
         <value>0x18db</value>
         <object_component_ref idref="oc-2e0"/>
      </symbol>
      <symbol id="sm-858">
         <name>_lock</name>
         <value>0x2000235c</value>
         <object_component_ref idref="oc-22b"/>
      </symbol>
      <symbol id="sm-859">
         <name>_unlock</name>
         <value>0x20002360</value>
         <object_component_ref idref="oc-22b"/>
      </symbol>
      <symbol id="sm-868">
         <name>__TI_ltoa</name>
         <value>0x4a67</value>
         <object_component_ref idref="oc-39c"/>
      </symbol>
      <symbol id="sm-87f">
         <name>atoi</name>
         <value>0x4b0d</value>
         <object_component_ref idref="oc-313"/>
      </symbol>
      <symbol id="sm-88a">
         <name>_ctypes_</name>
         <value>0x4f28</value>
         <object_component_ref idref="oc-38c"/>
      </symbol>
      <symbol id="sm-89a">
         <name>memccpy</name>
         <value>0x4dfd</value>
         <object_component_ref idref="oc-337"/>
      </symbol>
      <symbol id="sm-8aa">
         <name>strchr</name>
         <value>0x4e7b</value>
         <object_component_ref idref="oc-3c3"/>
      </symbol>
      <symbol id="sm-8b8">
         <name>strlen</name>
         <value>0x4ea5</value>
         <object_component_ref idref="oc-30d"/>
      </symbol>
      <symbol id="sm-8d1">
         <name>wcslen</name>
         <value>0x4eb9</value>
         <object_component_ref idref="oc-33d"/>
      </symbol>
      <symbol id="sm-8e7">
         <name>frexpl</name>
         <value>0x49ad</value>
         <object_component_ref idref="oc-3bd"/>
      </symbol>
      <symbol id="sm-8e8">
         <name>frexp</name>
         <value>0x49ad</value>
         <object_component_ref idref="oc-3bd"/>
      </symbol>
      <symbol id="sm-8f2">
         <name>__aeabi_idiv0</name>
         <value>0x36ff</value>
         <object_component_ref idref="oc-3ef"/>
      </symbol>
      <symbol id="sm-8f3">
         <name>__aeabi_ldiv0</name>
         <value>0x36ff</value>
         <object_component_ref idref="oc-3ef"/>
      </symbol>
      <symbol id="sm-922">
         <name>IntRegister</name>
         <value>0x4cd5</value>
         <object_component_ref idref="oc-167"/>
      </symbol>
      <symbol id="sm-923">
         <name>g_pfnRAMVectors</name>
         <value>0x20000000</value>
         <object_component_ref idref="oc-247"/>
      </symbol>
      <symbol id="sm-924">
         <name>IntMasterEnable</name>
         <value>0x4ecb</value>
         <object_component_ref idref="oc-1cb"/>
      </symbol>
      <symbol id="sm-92e">
         <name>CPUcpsie</name>
         <value>0x4ef9</value>
         <object_component_ref idref="oc-2ac"/>
      </symbol>
      <symbol id="sm-92f">
         <name>__TI_static_base__</name>
         <value>0x0</value>
      </symbol>
      <symbol id="sm-932">
         <name>__mpu_init</name>
         <value>0x0</value>
      </symbol>
      <symbol id="sm-933">
         <name>_system_post_cinit</name>
         <value>0x0</value>
      </symbol>
   </symbol_table>
   <title>Link successful</title>
</link_info>
